make[1]: Entering directory '/media/gwind/windcode/openwrt-ssd20x/18.06'
make[2]: Entering directory '/media/gwind/windcode/openwrt-ssd20x/18.06'
make[3]: Entering directory '/media/gwind/windcode/openwrt-ssd20x/18.06/target/linux'
make[4]: Entering directory '/media/gwind/windcode/openwrt-ssd20x/18.06/target/linux/sstar'
rm -rf /media/gwind/windcode/openwrt-ssd20x/18.06/build_dir/target-arm-linux-gnueabihf_glibc/linux-sstar_ssd20x
mkdir -p /media/gwind/windcode/openwrt-ssd20x/18.06/build_dir/target-arm-linux-gnueabihf_glibc/linux-sstar_ssd20x
mkdir -p /media/gwind/windcode/openwrt-ssd20x/18.06/build_dir/target-arm-linux-gnueabihf_glibc/linux-sstar_ssd20x
if [ -d /media/gwind/windcode/openwrt-ssd20x/18.06/build_dir/target-arm-linux-gnueabihf_glibc/linux-sstar_ssd20x/linux-4.9.84 ]; then rmdir /media/gwind/windcode/openwrt-ssd20x/18.06/build_dir/target-arm-linux-gnueabihf_glibc/linux-sstar_ssd20x/linux-4.9.84; fi
ln -s "/media/gwind/windcode/openwrt-ssd20x/18.06/../sigmastar/kernel/4.9.84" /media/gwind/windcode/openwrt-ssd20x/18.06/build_dir/target-arm-linux-gnueabihf_glibc/linux-sstar_ssd20x/linux-4.9.84
touch /media/gwind/windcode/openwrt-ssd20x/18.06/build_dir/target-arm-linux-gnueabihf_glibc/linux-sstar_ssd20x/linux-4.9.84/.prepared_3fcbdb8e18520e718dadfabe5529bbb2
rm -f /media/gwind/windcode/openwrt-ssd20x/18.06/build_dir/target-arm-linux-gnueabihf_glibc/linux-sstar_ssd20x/linux-4.9.84/localversion
/media/gwind/windcode/openwrt-ssd20x/18.06/scripts/kconfig.pl  + + /media/gwind/windcode/openwrt-ssd20x/18.06/target/linux/generic/config-4.9 /media/gwind/windcode/openwrt-ssd20x/18.06/target/linux/sstar/ssd20x/config-4.9 /media/gwind/windcode/openwrt-ssd20x/18.06/target/linux/sstar/ssd20x/WT2022/config-4.9 > /media/gwind/windcode/openwrt-ssd20x/18.06/build_dir/target-arm-linux-gnueabihf_glibc/linux-sstar_ssd20x/linux-4.9.84/.config.target
awk '/^(#[[:space:]]+)?CONFIG_KERNEL/{sub("CONFIG_KERNEL_","CONFIG_");print}' /media/gwind/windcode/openwrt-ssd20x/18.06/.config >> /media/gwind/windcode/openwrt-ssd20x/18.06/build_dir/target-arm-linux-gnueabihf_glibc/linux-sstar_ssd20x/linux-4.9.84/.config.target
echo "# CONFIG_KALLSYMS_EXTRA_PASS is not set" >> /media/gwind/windcode/openwrt-ssd20x/18.06/build_dir/target-arm-linux-gnueabihf_glibc/linux-sstar_ssd20x/linux-4.9.84/.config.target
echo "CONFIG_KALLSYMS_UNCOMPRESSED=y" >> /media/gwind/windcode/openwrt-ssd20x/18.06/build_dir/target-arm-linux-gnueabihf_glibc/linux-sstar_ssd20x/linux-4.9.84/.config.target
/media/gwind/windcode/openwrt-ssd20x/18.06/scripts/package-metadata.pl kconfig /media/gwind/windcode/openwrt-ssd20x/18.06/tmp/.packageinfo /media/gwind/windcode/openwrt-ssd20x/18.06/.config 4.9 > /media/gwind/windcode/openwrt-ssd20x/18.06/build_dir/target-arm-linux-gnueabihf_glibc/linux-sstar_ssd20x/linux-4.9.84/.config.override
/media/gwind/windcode/openwrt-ssd20x/18.06/scripts/kconfig.pl 'm+' '+' /media/gwind/windcode/openwrt-ssd20x/18.06/build_dir/target-arm-linux-gnueabihf_glibc/linux-sstar_ssd20x/linux-4.9.84/.config.target /dev/null /media/gwind/windcode/openwrt-ssd20x/18.06/build_dir/target-arm-linux-gnueabihf_glibc/linux-sstar_ssd20x/linux-4.9.84/.config.override > /media/gwind/windcode/openwrt-ssd20x/18.06/build_dir/target-arm-linux-gnueabihf_glibc/linux-sstar_ssd20x/linux-4.9.84/.config.set
mv /media/gwind/windcode/openwrt-ssd20x/18.06/build_dir/target-arm-linux-gnueabihf_glibc/linux-sstar_ssd20x/linux-4.9.84/.config.set /media/gwind/windcode/openwrt-ssd20x/18.06/build_dir/target-arm-linux-gnueabihf_glibc/linux-sstar_ssd20x/linux-4.9.84/.config.old
grep -v INITRAMFS /media/gwind/windcode/openwrt-ssd20x/18.06/build_dir/target-arm-linux-gnueabihf_glibc/linux-sstar_ssd20x/linux-4.9.84/.config.old > /media/gwind/windcode/openwrt-ssd20x/18.06/build_dir/target-arm-linux-gnueabihf_glibc/linux-sstar_ssd20x/linux-4.9.84/.config.set
echo 'CONFIG_INITRAMFS_SOURCE=""' >> /media/gwind/windcode/openwrt-ssd20x/18.06/build_dir/target-arm-linux-gnueabihf_glibc/linux-sstar_ssd20x/linux-4.9.84/.config.set
echo '# CONFIG_INITRAMFS_FORCE is not set' >> /media/gwind/windcode/openwrt-ssd20x/18.06/build_dir/target-arm-linux-gnueabihf_glibc/linux-sstar_ssd20x/linux-4.9.84/.config.set
rm -rf /media/gwind/windcode/openwrt-ssd20x/18.06/build_dir/target-arm-linux-gnueabihf_glibc/linux-sstar_ssd20x/modules
cmp -s /media/gwind/windcode/openwrt-ssd20x/18.06/build_dir/target-arm-linux-gnueabihf_glibc/linux-sstar_ssd20x/linux-4.9.84/.config.set /media/gwind/windcode/openwrt-ssd20x/18.06/build_dir/target-arm-linux-gnueabihf_glibc/linux-sstar_ssd20x/linux-4.9.84/.config.prev || { cp /media/gwind/windcode/openwrt-ssd20x/18.06/build_dir/target-arm-linux-gnueabihf_glibc/linux-sstar_ssd20x/linux-4.9.84/.config.set /media/gwind/windcode/openwrt-ssd20x/18.06/build_dir/target-arm-linux-gnueabihf_glibc/linux-sstar_ssd20x/linux-4.9.84/.config; cp /media/gwind/windcode/openwrt-ssd20x/18.06/build_dir/target-arm-linux-gnueabihf_glibc/linux-sstar_ssd20x/linux-4.9.84/.config.set /media/gwind/windcode/openwrt-ssd20x/18.06/build_dir/target-arm-linux-gnueabihf_glibc/linux-sstar_ssd20x/linux-4.9.84/.config.prev; }
export MAKEFLAGS= ; [ -d /media/gwind/windcode/openwrt-ssd20x/18.06/build_dir/target-arm-linux-gnueabihf_glibc/linux-sstar_ssd20x/linux-4.9.84/user_headers ] || make -C /media/gwind/windcode/openwrt-ssd20x/18.06/build_dir/target-arm-linux-gnueabihf_glibc/linux-sstar_ssd20x/linux-4.9.84 HOSTCFLAGS="-O2 -I/media/gwind/windcode/openwrt-ssd20x/18.06/staging_dir/host/include  -Wall -Wmissing-prototypes -Wstrict-prototypes" CROSS_COMPILE="arm-linux-gnueabihf-" ARCH="arm" KBUILD_HAVE_NLS=no KBUILD_BUILD_USER="" KBUILD_BUILD_HOST="" KBUILD_BUILD_TIMESTAMP="Fri Mar 12 04:21:20 2021" KBUILD_BUILD_VERSION="0" HOST_LOADLIBES="-L/media/gwind/windcode/openwrt-ssd20x/18.06/staging_dir/host/lib" CONFIG_SHELL="bash" V=''  cmd_syscalls= CC="arm-linux-gnueabihf-gcc" INSTALL_HDR_PATH=/media/gwind/windcode/openwrt-ssd20x/18.06/build_dir/target-arm-linux-gnueabihf_glibc/linux-sstar_ssd20x/linux-4.9.84/user_headers headers_install
grep '=[ym]' /media/gwind/windcode/openwrt-ssd20x/18.06/build_dir/target-arm-linux-gnueabihf_glibc/linux-sstar_ssd20x/linux-4.9.84/.config.set | LC_ALL=C sort | mkhash md5 > /media/gwind/windcode/openwrt-ssd20x/18.06/build_dir/target-arm-linux-gnueabihf_glibc/linux-sstar_ssd20x/linux-4.9.84/.vermagic
touch /media/gwind/windcode/openwrt-ssd20x/18.06/build_dir/target-arm-linux-gnueabihf_glibc/linux-sstar_ssd20x/linux-4.9.84/.configured
rm -f /media/gwind/windcode/openwrt-ssd20x/18.06/build_dir/target-arm-linux-gnueabihf_glibc/linux-sstar_ssd20x/linux-4.9.84/vmlinux /media/gwind/windcode/openwrt-ssd20x/18.06/build_dir/target-arm-linux-gnueabihf_glibc/linux-sstar_ssd20x/linux-4.9.84/System.map
make -C /media/gwind/windcode/openwrt-ssd20x/18.06/build_dir/target-arm-linux-gnueabihf_glibc/linux-sstar_ssd20x/linux-4.9.84 HOSTCFLAGS="-O2 -I/media/gwind/windcode/openwrt-ssd20x/18.06/staging_dir/host/include  -Wall -Wmissing-prototypes -Wstrict-prototypes" CROSS_COMPILE="arm-linux-gnueabihf-" ARCH="arm" KBUILD_HAVE_NLS=no KBUILD_BUILD_USER="" KBUILD_BUILD_HOST="" KBUILD_BUILD_TIMESTAMP="Fri Mar 12 04:21:20 2021" KBUILD_BUILD_VERSION="0" HOST_LOADLIBES="-L/media/gwind/windcode/openwrt-ssd20x/18.06/staging_dir/host/lib" CONFIG_SHELL="bash" V=''  cmd_syscalls= CC="arm-linux-gnueabihf-gcc" modules
make[5]: Entering directory '/media/gwind/windcode/openwrt-ssd20x/sigmastar/kernel/4.9.84'
  CHK     include/config/kernel.release
  GCC version: 8.2.1
  MVXV
  changelist gada1129
  BRANCHID   main 
  MS_PLATFORM_ID: I2M
  CHK     include/generated/uapi/linux/version.h
  CHK     include/generated/utsrelease.h
  CHK     include/generated/bounds.h
  CHK     include/generated/timeconst.h
  CHK     include/generated/asm-offsets.h
  CALL    scripts/checksyscalls.sh
  Building modules, stage 2.
  MODPOST 81 modules


  Packing modules to '/media/gwind/windcode/openwrt-ssd20x/sigmastar/kernel/4.9.84/modules'


make[5]: Leaving directory '/media/gwind/windcode/openwrt-ssd20x/sigmastar/kernel/4.9.84'
touch /media/gwind/windcode/openwrt-ssd20x/18.06/build_dir/target-arm-linux-gnueabihf_glibc/linux-sstar_ssd20x/linux-4.9.84/.modules
make -C image compile TARGET_BUILD=
make[5]: Entering directory '/media/gwind/windcode/openwrt-ssd20x/18.06/target/linux/sstar/image'
make[5]: Nothing to be done for 'compile'.
make[5]: Leaving directory '/media/gwind/windcode/openwrt-ssd20x/18.06/target/linux/sstar/image'
make[4]: Leaving directory '/media/gwind/windcode/openwrt-ssd20x/18.06/target/linux/sstar'
make[3]: Leaving directory '/media/gwind/windcode/openwrt-ssd20x/18.06/target/linux'
make[2]: Leaving directory '/media/gwind/windcode/openwrt-ssd20x/18.06'
export MAKEFLAGS= ;make -w -r diffconfig
make[2]: Entering directory '/media/gwind/windcode/openwrt-ssd20x/18.06'
make[2]: Leaving directory '/media/gwind/windcode/openwrt-ssd20x/18.06'
make[2]: Entering directory '/media/gwind/windcode/openwrt-ssd20x/18.06'
rm -rf /media/gwind/windcode/openwrt-ssd20x/18.06/staging_dir/target-arm-linux-gnueabihf_glibc/root-sstar
make[2]: Leaving directory '/media/gwind/windcode/openwrt-ssd20x/18.06'
make[2]: Entering directory '/media/gwind/windcode/openwrt-ssd20x/18.06'
make[3]: Entering directory '/media/gwind/windcode/openwrt-ssd20x/18.06/package/libs/libjson-c'
make[3]: Leaving directory '/media/gwind/windcode/openwrt-ssd20x/18.06/package/libs/libjson-c'
make[3]: Entering directory '/media/gwind/windcode/openwrt-ssd20x/18.06/package/libs/libubox'
make[3]: Leaving directory '/media/gwind/windcode/openwrt-ssd20x/18.06/package/libs/libubox'
make[3]: Entering directory '/media/gwind/windcode/openwrt-ssd20x/18.06/package/system/opkg'
make[3]: Leaving directory '/media/gwind/windcode/openwrt-ssd20x/18.06/package/system/opkg'
make[3]: Entering directory '/media/gwind/windcode/openwrt-ssd20x/18.06/package/libs/toolchain'
mkdir -p /media/gwind/windcode/openwrt-ssd20x/18.06/staging_dir/target-arm-linux-gnueabihf_glibc/root-sstar/stamp
SHELL= flock /media/gwind/windcode/openwrt-ssd20x/18.06/tmp/.root-copy.flock -c 'cp -fpR /media/gwind/windcode/openwrt-ssd20x/18.06/build_dir/target-arm-linux-gnueabihf_glibc/toolchain/.pkgdir/libc/. /media/gwind/windcode/openwrt-ssd20x/18.06/staging_dir/target-arm-linux-gnueabihf_glibc/root-sstar/'
touch /media/gwind/windcode/openwrt-ssd20x/18.06/staging_dir/target-arm-linux-gnueabihf_glibc/root-sstar/stamp/.libc_installed
echo "libc" >> /media/gwind/windcode/openwrt-ssd20x/18.06/staging_dir/target-arm-linux-gnueabihf_glibc/pkginfo/toolchain.default.install
mkdir -p /media/gwind/windcode/openwrt-ssd20x/18.06/staging_dir/target-arm-linux-gnueabihf_glibc/root-sstar/stamp
SHELL= flock /media/gwind/windcode/openwrt-ssd20x/18.06/tmp/.root-copy.flock -c 'cp -fpR /media/gwind/windcode/openwrt-ssd20x/18.06/build_dir/target-arm-linux-gnueabihf_glibc/toolchain/.pkgdir/libgcc/. /media/gwind/windcode/openwrt-ssd20x/18.06/staging_dir/target-arm-linux-gnueabihf_glibc/root-sstar/'
touch /media/gwind/windcode/openwrt-ssd20x/18.06/staging_dir/target-arm-linux-gnueabihf_glibc/root-sstar/stamp/.libgcc_installed
echo "libgcc" >> /media/gwind/windcode/openwrt-ssd20x/18.06/staging_dir/target-arm-linux-gnueabihf_glibc/pkginfo/toolchain.default.install
mkdir -p /media/gwind/windcode/openwrt-ssd20x/18.06/staging_dir/target-arm-linux-gnueabihf_glibc/root-sstar/stamp
SHELL= flock /media/gwind/windcode/openwrt-ssd20x/18.06/tmp/.root-copy.flock -c 'cp -fpR /media/gwind/windcode/openwrt-ssd20x/18.06/build_dir/target-arm-linux-gnueabihf_glibc/toolchain/.pkgdir/libssp/. /media/gwind/windcode/openwrt-ssd20x/18.06/staging_dir/target-arm-linux-gnueabihf_glibc/root-sstar/'
touch /media/gwind/windcode/openwrt-ssd20x/18.06/staging_dir/target-arm-linux-gnueabihf_glibc/root-sstar/stamp/.libssp_installed
echo "libssp" >> /media/gwind/windcode/openwrt-ssd20x/18.06/staging_dir/target-arm-linux-gnueabihf_glibc/pkginfo/toolchain.default.install
mkdir -p /media/gwind/windcode/openwrt-ssd20x/18.06/staging_dir/target-arm-linux-gnueabihf_glibc/root-sstar/stamp
SHELL= flock /media/gwind/windcode/openwrt-ssd20x/18.06/tmp/.root-copy.flock -c 'cp -fpR /media/gwind/windcode/openwrt-ssd20x/18.06/build_dir/target-arm-linux-gnueabihf_glibc/toolchain/.pkgdir/libstdcpp/. /media/gwind/windcode/openwrt-ssd20x/18.06/staging_dir/target-arm-linux-gnueabihf_glibc/root-sstar/'
touch /media/gwind/windcode/openwrt-ssd20x/18.06/staging_dir/target-arm-linux-gnueabihf_glibc/root-sstar/stamp/.libstdcpp_installed
echo "libstdcpp" >> /media/gwind/windcode/openwrt-ssd20x/18.06/staging_dir/target-arm-linux-gnueabihf_glibc/pkginfo/toolchain.default.install
mkdir -p /media/gwind/windcode/openwrt-ssd20x/18.06/staging_dir/target-arm-linux-gnueabihf_glibc/root-sstar/stamp
SHELL= flock /media/gwind/windcode/openwrt-ssd20x/18.06/tmp/.root-copy.flock -c 'cp -fpR /media/gwind/windcode/openwrt-ssd20x/18.06/build_dir/target-arm-linux-gnueabihf_glibc/toolchain/.pkgdir/libpthread/. /media/gwind/windcode/openwrt-ssd20x/18.06/staging_dir/target-arm-linux-gnueabihf_glibc/root-sstar/'
touch /media/gwind/windcode/openwrt-ssd20x/18.06/staging_dir/target-arm-linux-gnueabihf_glibc/root-sstar/stamp/.libpthread_installed
echo "libpthread" >> /media/gwind/windcode/openwrt-ssd20x/18.06/staging_dir/target-arm-linux-gnueabihf_glibc/pkginfo/toolchain.default.install
mkdir -p /media/gwind/windcode/openwrt-ssd20x/18.06/staging_dir/target-arm-linux-gnueabihf_glibc/root-sstar/stamp
SHELL= flock /media/gwind/windcode/openwrt-ssd20x/18.06/tmp/.root-copy.flock -c 'cp -fpR /media/gwind/windcode/openwrt-ssd20x/18.06/build_dir/target-arm-linux-gnueabihf_glibc/toolchain/.pkgdir/librt/. /media/gwind/windcode/openwrt-ssd20x/18.06/staging_dir/target-arm-linux-gnueabihf_glibc/root-sstar/'
touch /media/gwind/windcode/openwrt-ssd20x/18.06/staging_dir/target-arm-linux-gnueabihf_glibc/root-sstar/stamp/.librt_installed
echo "librt" >> /media/gwind/windcode/openwrt-ssd20x/18.06/staging_dir/target-arm-linux-gnueabihf_glibc/pkginfo/toolchain.default.install
make[3]: Leaving directory '/media/gwind/windcode/openwrt-ssd20x/18.06/package/libs/toolchain'
make[3]: Entering directory '/media/gwind/windcode/openwrt-ssd20x/18.06/package/libs/libnl-tiny'
mkdir -p /media/gwind/windcode/openwrt-ssd20x/18.06/staging_dir/target-arm-linux-gnueabihf_glibc/root-sstar/stamp
SHELL= flock /media/gwind/windcode/openwrt-ssd20x/18.06/tmp/.root-copy.flock -c 'cp -fpR /media/gwind/windcode/openwrt-ssd20x/18.06/build_dir/target-arm-linux-gnueabihf_glibc/libnl-tiny-0.1/.pkgdir/libnl-tiny/. /media/gwind/windcode/openwrt-ssd20x/18.06/staging_dir/target-arm-linux-gnueabihf_glibc/root-sstar/'
touch /media/gwind/windcode/openwrt-ssd20x/18.06/staging_dir/target-arm-linux-gnueabihf_glibc/root-sstar/stamp/.libnl-tiny_installed
echo "libnl-tiny" >> /media/gwind/windcode/openwrt-ssd20x/18.06/staging_dir/target-arm-linux-gnueabihf_glibc/pkginfo/libnl-tiny.default.install
make[3]: Leaving directory '/media/gwind/windcode/openwrt-ssd20x/18.06/package/libs/libnl-tiny'
make[3]: Entering directory '/media/gwind/windcode/openwrt-ssd20x/18.06/package/libs/libjson-c'
mkdir -p /media/gwind/windcode/openwrt-ssd20x/18.06/staging_dir/target-arm-linux-gnueabihf_glibc/root-sstar/stamp
SHELL= flock /media/gwind/windcode/openwrt-ssd20x/18.06/tmp/.root-copy.flock -c 'cp -fpR /media/gwind/windcode/openwrt-ssd20x/18.06/build_dir/target-arm-linux-gnueabihf_glibc/json-c-0.12.1/.pkgdir/libjson-c/. /media/gwind/windcode/openwrt-ssd20x/18.06/staging_dir/target-arm-linux-gnueabihf_glibc/root-sstar/'
touch /media/gwind/windcode/openwrt-ssd20x/18.06/staging_dir/target-arm-linux-gnueabihf_glibc/root-sstar/stamp/.libjson-c_installed
echo "libjson-c" >> /media/gwind/windcode/openwrt-ssd20x/18.06/staging_dir/target-arm-linux-gnueabihf_glibc/pkginfo/libjson-c.default.install
make[3]: Leaving directory '/media/gwind/windcode/openwrt-ssd20x/18.06/package/libs/libjson-c'
make[3]: Entering directory '/media/gwind/windcode/openwrt-ssd20x/18.06/package/utils/lua'
make[3]: Leaving directory '/media/gwind/windcode/openwrt-ssd20x/18.06/package/utils/lua'
make[3]: Entering directory '/media/gwind/windcode/openwrt-ssd20x/18.06/package/utils/lua'
mkdir -p /media/gwind/windcode/openwrt-ssd20x/18.06/staging_dir/target-arm-linux-gnueabihf_glibc/root-sstar/stamp
SHELL= flock /media/gwind/windcode/openwrt-ssd20x/18.06/tmp/.root-copy.flock -c 'cp -fpR /media/gwind/windcode/openwrt-ssd20x/18.06/build_dir/target-arm-linux-gnueabihf_glibc/lua-5.1.5/.pkgdir/liblua/. /media/gwind/windcode/openwrt-ssd20x/18.06/staging_dir/target-arm-linux-gnueabihf_glibc/root-sstar/'
touch /media/gwind/windcode/openwrt-ssd20x/18.06/staging_dir/target-arm-linux-gnueabihf_glibc/root-sstar/stamp/.liblua_installed
echo "liblua" >> /media/gwind/windcode/openwrt-ssd20x/18.06/staging_dir/target-arm-linux-gnueabihf_glibc/pkginfo/lua.default.install
mkdir -p /media/gwind/windcode/openwrt-ssd20x/18.06/staging_dir/target-arm-linux-gnueabihf_glibc/root-sstar/stamp
SHELL= flock /media/gwind/windcode/openwrt-ssd20x/18.06/tmp/.root-copy.flock -c 'cp -fpR /media/gwind/windcode/openwrt-ssd20x/18.06/build_dir/target-arm-linux-gnueabihf_glibc/lua-5.1.5/.pkgdir/lua/. /media/gwind/windcode/openwrt-ssd20x/18.06/staging_dir/target-arm-linux-gnueabihf_glibc/root-sstar/'
touch /media/gwind/windcode/openwrt-ssd20x/18.06/staging_dir/target-arm-linux-gnueabihf_glibc/root-sstar/stamp/.lua_installed
echo "lua" >> /media/gwind/windcode/openwrt-ssd20x/18.06/staging_dir/target-arm-linux-gnueabihf_glibc/pkginfo/lua.default.install
make[3]: Leaving directory '/media/gwind/windcode/openwrt-ssd20x/18.06/package/utils/lua'
make[3]: Entering directory '/media/gwind/windcode/openwrt-ssd20x/18.06/package/libs/libubox'
mkdir -p /media/gwind/windcode/openwrt-ssd20x/18.06/staging_dir/target-arm-linux-gnueabihf_glibc/root-sstar/stamp
echo '2018-07-25-c83a84af' | cmp -s - /media/gwind/windcode/openwrt-ssd20x/18.06/staging_dir/target-arm-linux-gnueabihf_glibc/pkginfo/libubox.version || echo '2018-07-25-c83a84af' > /media/gwind/windcode/openwrt-ssd20x/18.06/staging_dir/target-arm-linux-gnueabihf_glibc/pkginfo/libubox.version
SHELL= flock /media/gwind/windcode/openwrt-ssd20x/18.06/tmp/.root-copy.flock -c 'cp -fpR /media/gwind/windcode/openwrt-ssd20x/18.06/build_dir/target-arm-linux-gnueabihf_glibc/libubox-2018-07-25-c83a84af/.pkgdir/libubox/. /media/gwind/windcode/openwrt-ssd20x/18.06/staging_dir/target-arm-linux-gnueabihf_glibc/root-sstar/'
touch /media/gwind/windcode/openwrt-ssd20x/18.06/staging_dir/target-arm-linux-gnueabihf_glibc/root-sstar/stamp/.libubox_installed
echo "libubox" >> /media/gwind/windcode/openwrt-ssd20x/18.06/staging_dir/target-arm-linux-gnueabihf_glibc/pkginfo/libubox.default.install
mkdir -p /media/gwind/windcode/openwrt-ssd20x/18.06/staging_dir/target-arm-linux-gnueabihf_glibc/root-sstar/stamp
SHELL= flock /media/gwind/windcode/openwrt-ssd20x/18.06/tmp/.root-copy.flock -c 'cp -fpR /media/gwind/windcode/openwrt-ssd20x/18.06/build_dir/target-arm-linux-gnueabihf_glibc/libubox-2018-07-25-c83a84af/.pkgdir/libblobmsg-json/. /media/gwind/windcode/openwrt-ssd20x/18.06/staging_dir/target-arm-linux-gnueabihf_glibc/root-sstar/'
touch /media/gwind/windcode/openwrt-ssd20x/18.06/staging_dir/target-arm-linux-gnueabihf_glibc/root-sstar/stamp/.libblobmsg-json_installed
echo "libblobmsg-json" >> /media/gwind/windcode/openwrt-ssd20x/18.06/staging_dir/target-arm-linux-gnueabihf_glibc/pkginfo/libubox.default.install
mkdir -p /media/gwind/windcode/openwrt-ssd20x/18.06/staging_dir/target-arm-linux-gnueabihf_glibc/root-sstar/stamp
SHELL= flock /media/gwind/windcode/openwrt-ssd20x/18.06/tmp/.root-copy.flock -c 'cp -fpR /media/gwind/windcode/openwrt-ssd20x/18.06/build_dir/target-arm-linux-gnueabihf_glibc/libubox-2018-07-25-c83a84af/.pkgdir/jshn/. /media/gwind/windcode/openwrt-ssd20x/18.06/staging_dir/target-arm-linux-gnueabihf_glibc/root-sstar/'
touch /media/gwind/windcode/openwrt-ssd20x/18.06/staging_dir/target-arm-linux-gnueabihf_glibc/root-sstar/stamp/.jshn_installed
echo "jshn" >> /media/gwind/windcode/openwrt-ssd20x/18.06/staging_dir/target-arm-linux-gnueabihf_glibc/pkginfo/libubox.default.install
mkdir -p /media/gwind/windcode/openwrt-ssd20x/18.06/staging_dir/target-arm-linux-gnueabihf_glibc/root-sstar/stamp
SHELL= flock /media/gwind/windcode/openwrt-ssd20x/18.06/tmp/.root-copy.flock -c 'cp -fpR /media/gwind/windcode/openwrt-ssd20x/18.06/build_dir/target-arm-linux-gnueabihf_glibc/libubox-2018-07-25-c83a84af/.pkgdir/libjson-script/. /media/gwind/windcode/openwrt-ssd20x/18.06/staging_dir/target-arm-linux-gnueabihf_glibc/root-sstar/'
touch /media/gwind/windcode/openwrt-ssd20x/18.06/staging_dir/target-arm-linux-gnueabihf_glibc/root-sstar/stamp/.libjson-script_installed
echo "libjson-script" >> /media/gwind/windcode/openwrt-ssd20x/18.06/staging_dir/target-arm-linux-gnueabihf_glibc/pkginfo/libubox.default.install
make[3]: Leaving directory '/media/gwind/windcode/openwrt-ssd20x/18.06/package/libs/libubox'
make[3]: Entering directory '/media/gwind/windcode/openwrt-ssd20x/18.06/package/system/ubus'
mkdir -p /media/gwind/windcode/openwrt-ssd20x/18.06/staging_dir/target-arm-linux-gnueabihf_glibc/root-sstar/stamp
echo '2018-10-06-221ce7e7' | cmp -s - /media/gwind/windcode/openwrt-ssd20x/18.06/staging_dir/target-arm-linux-gnueabihf_glibc/pkginfo/libubus.version || echo '2018-10-06-221ce7e7' > /media/gwind/windcode/openwrt-ssd20x/18.06/staging_dir/target-arm-linux-gnueabihf_glibc/pkginfo/libubus.version
SHELL= flock /media/gwind/windcode/openwrt-ssd20x/18.06/tmp/.root-copy.flock -c 'cp -fpR /media/gwind/windcode/openwrt-ssd20x/18.06/build_dir/target-arm-linux-gnueabihf_glibc/ubus-2018-10-06-221ce7e7/.pkgdir/libubus/. /media/gwind/windcode/openwrt-ssd20x/18.06/staging_dir/target-arm-linux-gnueabihf_glibc/root-sstar/'
touch /media/gwind/windcode/openwrt-ssd20x/18.06/staging_dir/target-arm-linux-gnueabihf_glibc/root-sstar/stamp/.libubus_installed
echo "libubus" >> /media/gwind/windcode/openwrt-ssd20x/18.06/staging_dir/target-arm-linux-gnueabihf_glibc/pkginfo/ubus.default.install
mkdir -p /media/gwind/windcode/openwrt-ssd20x/18.06/staging_dir/target-arm-linux-gnueabihf_glibc/root-sstar/stamp
SHELL= flock /media/gwind/windcode/openwrt-ssd20x/18.06/tmp/.root-copy.flock -c 'cp -fpR /media/gwind/windcode/openwrt-ssd20x/18.06/build_dir/target-arm-linux-gnueabihf_glibc/ubus-2018-10-06-221ce7e7/.pkgdir/libubus-lua/. /media/gwind/windcode/openwrt-ssd20x/18.06/staging_dir/target-arm-linux-gnueabihf_glibc/root-sstar/'
touch /media/gwind/windcode/openwrt-ssd20x/18.06/staging_dir/target-arm-linux-gnueabihf_glibc/root-sstar/stamp/.libubus-lua_installed
echo "libubus-lua" >> /media/gwind/windcode/openwrt-ssd20x/18.06/staging_dir/target-arm-linux-gnueabihf_glibc/pkginfo/ubus.default.install
mkdir -p /media/gwind/windcode/openwrt-ssd20x/18.06/staging_dir/target-arm-linux-gnueabihf_glibc/root-sstar/stamp
SHELL= flock /media/gwind/windcode/openwrt-ssd20x/18.06/tmp/.root-copy.flock -c 'cp -fpR /media/gwind/windcode/openwrt-ssd20x/18.06/build_dir/target-arm-linux-gnueabihf_glibc/ubus-2018-10-06-221ce7e7/.pkgdir/ubus/. /media/gwind/windcode/openwrt-ssd20x/18.06/staging_dir/target-arm-linux-gnueabihf_glibc/root-sstar/'
touch /media/gwind/windcode/openwrt-ssd20x/18.06/staging_dir/target-arm-linux-gnueabihf_glibc/root-sstar/stamp/.ubus_installed
echo "ubus" >> /media/gwind/windcode/openwrt-ssd20x/18.06/staging_dir/target-arm-linux-gnueabihf_glibc/pkginfo/ubus.default.install
mkdir -p /media/gwind/windcode/openwrt-ssd20x/18.06/staging_dir/target-arm-linux-gnueabihf_glibc/root-sstar/stamp
SHELL= flock /media/gwind/windcode/openwrt-ssd20x/18.06/tmp/.root-copy.flock -c 'cp -fpR /media/gwind/windcode/openwrt-ssd20x/18.06/build_dir/target-arm-linux-gnueabihf_glibc/ubus-2018-10-06-221ce7e7/.pkgdir/ubusd/. /media/gwind/windcode/openwrt-ssd20x/18.06/staging_dir/target-arm-linux-gnueabihf_glibc/root-sstar/'
touch /media/gwind/windcode/openwrt-ssd20x/18.06/staging_dir/target-arm-linux-gnueabihf_glibc/root-sstar/stamp/.ubusd_installed
echo "ubusd" >> /media/gwind/windcode/openwrt-ssd20x/18.06/staging_dir/target-arm-linux-gnueabihf_glibc/pkginfo/ubus.default.install
make[3]: Leaving directory '/media/gwind/windcode/openwrt-ssd20x/18.06/package/system/ubus'
make[3]: Entering directory '/media/gwind/windcode/openwrt-ssd20x/18.06/package/system/uci'
mkdir -p /media/gwind/windcode/openwrt-ssd20x/18.06/staging_dir/target-arm-linux-gnueabihf_glibc/root-sstar/stamp
SHELL= flock /media/gwind/windcode/openwrt-ssd20x/18.06/tmp/.root-copy.flock -c 'cp -fpR /media/gwind/windcode/openwrt-ssd20x/18.06/build_dir/target-arm-linux-gnueabihf_glibc/uci-2019-05-17-f199b961/.pkgdir/uci/. /media/gwind/windcode/openwrt-ssd20x/18.06/staging_dir/target-arm-linux-gnueabihf_glibc/root-sstar/'
touch /media/gwind/windcode/openwrt-ssd20x/18.06/staging_dir/target-arm-linux-gnueabihf_glibc/root-sstar/stamp/.uci_installed
echo "uci" >> /media/gwind/windcode/openwrt-ssd20x/18.06/staging_dir/target-arm-linux-gnueabihf_glibc/pkginfo/uci.default.install
mkdir -p /media/gwind/windcode/openwrt-ssd20x/18.06/staging_dir/target-arm-linux-gnueabihf_glibc/root-sstar/stamp
SHELL= flock /media/gwind/windcode/openwrt-ssd20x/18.06/tmp/.root-copy.flock -c 'cp -fpR /media/gwind/windcode/openwrt-ssd20x/18.06/build_dir/target-arm-linux-gnueabihf_glibc/uci-2019-05-17-f199b961/.pkgdir/libuci/. /media/gwind/windcode/openwrt-ssd20x/18.06/staging_dir/target-arm-linux-gnueabihf_glibc/root-sstar/'
touch /media/gwind/windcode/openwrt-ssd20x/18.06/staging_dir/target-arm-linux-gnueabihf_glibc/root-sstar/stamp/.libuci_installed
echo "libuci" >> /media/gwind/windcode/openwrt-ssd20x/18.06/staging_dir/target-arm-linux-gnueabihf_glibc/pkginfo/uci.default.install
mkdir -p /media/gwind/windcode/openwrt-ssd20x/18.06/staging_dir/target-arm-linux-gnueabihf_glibc/root-sstar/stamp
SHELL= flock /media/gwind/windcode/openwrt-ssd20x/18.06/tmp/.root-copy.flock -c 'cp -fpR /media/gwind/windcode/openwrt-ssd20x/18.06/build_dir/target-arm-linux-gnueabihf_glibc/uci-2019-05-17-f199b961/.pkgdir/libuci-lua/. /media/gwind/windcode/openwrt-ssd20x/18.06/staging_dir/target-arm-linux-gnueabihf_glibc/root-sstar/'
touch /media/gwind/windcode/openwrt-ssd20x/18.06/staging_dir/target-arm-linux-gnueabihf_glibc/root-sstar/stamp/.libuci-lua_installed
echo "libuci-lua" >> /media/gwind/windcode/openwrt-ssd20x/18.06/staging_dir/target-arm-linux-gnueabihf_glibc/pkginfo/uci.default.install
make[3]: Leaving directory '/media/gwind/windcode/openwrt-ssd20x/18.06/package/system/uci'
make[3]: Entering directory '/media/gwind/windcode/openwrt-ssd20x/18.06/package/network/config/netifd'
mkdir -p /media/gwind/windcode/openwrt-ssd20x/18.06/staging_dir/target-arm-linux-gnueabihf_glibc/root-sstar/stamp
SHELL= flock /media/gwind/windcode/openwrt-ssd20x/18.06/tmp/.root-copy.flock -c 'cp -fpR /media/gwind/windcode/openwrt-ssd20x/18.06/build_dir/target-arm-linux-gnueabihf_glibc/netifd-2019-01-31-a2aba5c7/.pkgdir/netifd/. /media/gwind/windcode/openwrt-ssd20x/18.06/staging_dir/target-arm-linux-gnueabihf_glibc/root-sstar/'
touch /media/gwind/windcode/openwrt-ssd20x/18.06/staging_dir/target-arm-linux-gnueabihf_glibc/root-sstar/stamp/.netifd_installed
echo "netifd" >> /media/gwind/windcode/openwrt-ssd20x/18.06/staging_dir/target-arm-linux-gnueabihf_glibc/pkginfo/netifd.default.install
make[3]: Leaving directory '/media/gwind/windcode/openwrt-ssd20x/18.06/package/network/config/netifd'
make[3]: Entering directory '/media/gwind/windcode/openwrt-ssd20x/18.06/package/firmware/linux-firmware'
make[3]: Nothing to be done for 'compile'.
make[3]: Leaving directory '/media/gwind/windcode/openwrt-ssd20x/18.06/package/firmware/linux-firmware'
make[3]: Entering directory '/media/gwind/windcode/openwrt-ssd20x/18.06/package/firmware/prism54-firmware'
make[3]: Nothing to be done for 'compile'.
make[3]: Leaving directory '/media/gwind/windcode/openwrt-ssd20x/18.06/package/firmware/prism54-firmware'
make[3]: Entering directory '/media/gwind/windcode/openwrt-ssd20x/18.06/package/network/utils/iw'
mkdir -p /media/gwind/windcode/openwrt-ssd20x/18.06/staging_dir/target-arm-linux-gnueabihf_glibc/root-sstar/stamp
SHELL= flock /media/gwind/windcode/openwrt-ssd20x/18.06/tmp/.root-copy.flock -c 'cp -fpR /media/gwind/windcode/openwrt-ssd20x/18.06/build_dir/target-arm-linux-gnueabihf_glibc/iw-tiny/iw-4.14/.pkgdir/iw/. /media/gwind/windcode/openwrt-ssd20x/18.06/staging_dir/target-arm-linux-gnueabihf_glibc/root-sstar/'
touch /media/gwind/windcode/openwrt-ssd20x/18.06/staging_dir/target-arm-linux-gnueabihf_glibc/root-sstar/stamp/.iw_installed
echo "iw" >> /media/gwind/windcode/openwrt-ssd20x/18.06/staging_dir/target-arm-linux-gnueabihf_glibc/pkginfo/iw.tiny.install
make[3]: Leaving directory '/media/gwind/windcode/openwrt-ssd20x/18.06/package/network/utils/iw'
make[3]: Entering directory '/media/gwind/windcode/openwrt-ssd20x/18.06/package/kernel/linux'
rm -f /media/gwind/windcode/openwrt-ssd20x/18.06/build_dir/target-arm-linux-gnueabihf_glibc/linux-sstar_ssd20x/packages/.configured_*
rm -f /media/gwind/windcode/openwrt-ssd20x/18.06/staging_dir/target-arm-linux-gnueabihf_glibc/stamp/.linux_installed
( if [ -f /media/gwind/windcode/openwrt-ssd20x/18.06/staging_dir/target-arm-linux-gnueabihf_glibc/packages/linux.list ]; then /media/gwind/windcode/openwrt-ssd20x/18.06/scripts/clean-package.sh "/media/gwind/windcode/openwrt-ssd20x/18.06/staging_dir/target-arm-linux-gnueabihf_glibc/packages/linux.list" "/media/gwind/windcode/openwrt-ssd20x/18.06/staging_dir/target-arm-linux-gnueabihf_glibc"; fi; )



touch /media/gwind/windcode/openwrt-ssd20x/18.06/build_dir/target-arm-linux-gnueabihf_glibc/linux-sstar_ssd20x/packages/.configured_68b329da9893e34099c7d8ad5cb9c940
rm -f /media/gwind/windcode/openwrt-ssd20x/18.06/build_dir/target-arm-linux-gnueabihf_glibc/linux-sstar_ssd20x/packages/.built_fb033a3565b0a6f834203769e2c8fb41
touch /media/gwind/windcode/openwrt-ssd20x/18.06/build_dir/target-arm-linux-gnueabihf_glibc/linux-sstar_ssd20x/packages/.built_fb033a3565b0a6f834203769e2c8fb41_check





touch /media/gwind/windcode/openwrt-ssd20x/18.06/build_dir/target-arm-linux-gnueabihf_glibc/linux-sstar_ssd20x/packages/.built_fb033a3565b0a6f834203769e2c8fb41
rm -rf /media/gwind/windcode/openwrt-ssd20x/18.06/build_dir/target-arm-linux-gnueabihf_glibc/linux-sstar_ssd20x/packages/.pkgdir/kernel.installed /media/gwind/windcode/openwrt-ssd20x/18.06/build_dir/target-arm-linux-gnueabihf_glibc/linux-sstar_ssd20x/packages/.pkgdir/kernel
mkdir -p /media/gwind/windcode/openwrt-ssd20x/18.06/build_dir/target-arm-linux-gnueabihf_glibc/linux-sstar_ssd20x/packages/.pkgdir/kernel
# nothing to do

touch /media/gwind/windcode/openwrt-ssd20x/18.06/build_dir/target-arm-linux-gnueabihf_glibc/linux-sstar_ssd20x/packages/.pkgdir/kernel.installed
mkdir -p /media/gwind/windcode/openwrt-ssd20x/18.06/staging_dir/target-arm-linux-gnueabihf_glibc/root-sstar/stamp

SHELL= flock /media/gwind/windcode/openwrt-ssd20x/18.06/tmp/.root-copy.flock -c 'cp -fpR /media/gwind/windcode/openwrt-ssd20x/18.06/build_dir/target-arm-linux-gnueabihf_glibc/linux-sstar_ssd20x/packages/.pkgdir/kernel/. /media/gwind/windcode/openwrt-ssd20x/18.06/staging_dir/target-arm-linux-gnueabihf_glibc/root-sstar/'
touch /media/gwind/windcode/openwrt-ssd20x/18.06/staging_dir/target-arm-linux-gnueabihf_glibc/root-sstar/stamp/.kernel_installed
Packaged contents of /media/gwind/windcode/openwrt-ssd20x/18.06/build_dir/target-arm-linux-gnueabihf_glibc/linux-sstar_ssd20x/packages/ipkg-arm_cortex-a7_neon/kernel into /media/gwind/windcode/openwrt-ssd20x/18.06/bin/targets/sstar/ssd20x/packages/kernel_4.9.84-1-5188d31184bc778a05bf91d77317c58a_arm_cortex-a7_neon.ipk
NOTICE: module '/media/gwind/windcode/openwrt-ssd20x/18.06/build_dir/target-arm-linux-gnueabihf_glibc/linux-sstar_ssd20x/linux-4.9.84/fs/nls/nls_base.ko' is built-in.
Packaged contents of /media/gwind/windcode/openwrt-ssd20x/18.06/build_dir/target-arm-linux-gnueabihf_glibc/linux-sstar_ssd20x/packages/ipkg-arm_cortex-a7_neon/kmod-nls-base into /media/gwind/windcode/openwrt-ssd20x/18.06/bin/targets/sstar/ssd20x/packages/kmod-nls-base_4.9.84-1_arm_cortex-a7_neon.ipk
NOTICE: module '/media/gwind/windcode/openwrt-ssd20x/18.06/build_dir/target-arm-linux-gnueabihf_glibc/linux-sstar_ssd20x/linux-4.9.84/fs/nls/nls_cp437.ko' is built-in.
Packaged contents of /media/gwind/windcode/openwrt-ssd20x/18.06/build_dir/target-arm-linux-gnueabihf_glibc/linux-sstar_ssd20x/packages/ipkg-arm_cortex-a7_neon/kmod-nls-cp437 into /media/gwind/windcode/openwrt-ssd20x/18.06/bin/targets/sstar/ssd20x/packages/kmod-nls-cp437_4.9.84-1_arm_cortex-a7_neon.ipk
NOTICE: module '/media/gwind/windcode/openwrt-ssd20x/18.06/build_dir/target-arm-linux-gnueabihf_glibc/linux-sstar_ssd20x/linux-4.9.84/fs/nls/nls_iso8859-1.ko' is built-in.
Packaged contents of /media/gwind/windcode/openwrt-ssd20x/18.06/build_dir/target-arm-linux-gnueabihf_glibc/linux-sstar_ssd20x/packages/ipkg-arm_cortex-a7_neon/kmod-nls-iso8859-1 into /media/gwind/windcode/openwrt-ssd20x/18.06/bin/targets/sstar/ssd20x/packages/kmod-nls-iso8859-1_4.9.84-1_arm_cortex-a7_neon.ipk
rstrip.sh: /media/gwind/windcode/openwrt-ssd20x/18.06/build_dir/target-arm-linux-gnueabihf_glibc/linux-sstar_ssd20x/packages/ipkg-arm_cortex-a7_neon/kmod-nls-utf8/lib/modules/4.9.84/nls_utf8.ko: relocatable
Packaged contents of /media/gwind/windcode/openwrt-ssd20x/18.06/build_dir/target-arm-linux-gnueabihf_glibc/linux-sstar_ssd20x/packages/ipkg-arm_cortex-a7_neon/kmod-nls-utf8 into /media/gwind/windcode/openwrt-ssd20x/18.06/bin/targets/sstar/ssd20x/packages/kmod-nls-utf8_4.9.84-1_arm_cortex-a7_neon.ipk
rstrip.sh: /media/gwind/windcode/openwrt-ssd20x/18.06/build_dir/target-arm-linux-gnueabihf_glibc/linux-sstar_ssd20x/packages/ipkg-arm_cortex-a7_neon/kmod-fs-vfat/lib/modules/4.9.84/vfat.ko: relocatable
rstrip.sh: /media/gwind/windcode/openwrt-ssd20x/18.06/build_dir/target-arm-linux-gnueabihf_glibc/linux-sstar_ssd20x/packages/ipkg-arm_cortex-a7_neon/kmod-fs-vfat/lib/modules/4.9.84/fat.ko: relocatable
Packaged contents of /media/gwind/windcode/openwrt-ssd20x/18.06/build_dir/target-arm-linux-gnueabihf_glibc/linux-sstar_ssd20x/packages/ipkg-arm_cortex-a7_neon/kmod-fs-vfat into /media/gwind/windcode/openwrt-ssd20x/18.06/bin/targets/sstar/ssd20x/packages/kmod-fs-vfat_4.9.84-1_arm_cortex-a7_neon.ipk
rstrip.sh: /media/gwind/windcode/openwrt-ssd20x/18.06/build_dir/target-arm-linux-gnueabihf_glibc/linux-sstar_ssd20x/packages/ipkg-arm_cortex-a7_neon/kmod-lib-crc-ccitt/lib/modules/4.9.84/crc-ccitt.ko: relocatable
Packaged contents of /media/gwind/windcode/openwrt-ssd20x/18.06/build_dir/target-arm-linux-gnueabihf_glibc/linux-sstar_ssd20x/packages/ipkg-arm_cortex-a7_neon/kmod-lib-crc-ccitt into /media/gwind/windcode/openwrt-ssd20x/18.06/bin/targets/sstar/ssd20x/packages/kmod-lib-crc-ccitt_4.9.84-1_arm_cortex-a7_neon.ipk
NOTICE: module '/media/gwind/windcode/openwrt-ssd20x/18.06/build_dir/target-arm-linux-gnueabihf_glibc/linux-sstar_ssd20x/linux-4.9.84/crypto/lzo.ko' is built-in.
NOTICE: module '/media/gwind/windcode/openwrt-ssd20x/18.06/build_dir/target-arm-linux-gnueabihf_glibc/linux-sstar_ssd20x/linux-4.9.84/lib/lzo/lzo_compress.ko' is built-in.
NOTICE: module '/media/gwind/windcode/openwrt-ssd20x/18.06/build_dir/target-arm-linux-gnueabihf_glibc/linux-sstar_ssd20x/linux-4.9.84/lib/lzo/lzo_decompress.ko' is built-in.
Packaged contents of /media/gwind/windcode/openwrt-ssd20x/18.06/build_dir/target-arm-linux-gnueabihf_glibc/linux-sstar_ssd20x/packages/ipkg-arm_cortex-a7_neon/kmod-lib-lzo into /media/gwind/windcode/openwrt-ssd20x/18.06/bin/targets/sstar/ssd20x/packages/kmod-lib-lzo_4.9.84-1_arm_cortex-a7_neon.ipk
rstrip.sh: /media/gwind/windcode/openwrt-ssd20x/18.06/build_dir/target-arm-linux-gnueabihf_glibc/linux-sstar_ssd20x/packages/ipkg-arm_cortex-a7_neon/kmod-lib-lz4/lib/modules/4.9.84/lz4_decompress.ko: relocatable
rstrip.sh: /media/gwind/windcode/openwrt-ssd20x/18.06/build_dir/target-arm-linux-gnueabihf_glibc/linux-sstar_ssd20x/packages/ipkg-arm_cortex-a7_neon/kmod-lib-lz4/lib/modules/4.9.84/lz4.ko: relocatable
rstrip.sh: /media/gwind/windcode/openwrt-ssd20x/18.06/build_dir/target-arm-linux-gnueabihf_glibc/linux-sstar_ssd20x/packages/ipkg-arm_cortex-a7_neon/kmod-lib-lz4/lib/modules/4.9.84/lz4_compress.ko: relocatable
Packaged contents of /media/gwind/windcode/openwrt-ssd20x/18.06/build_dir/target-arm-linux-gnueabihf_glibc/linux-sstar_ssd20x/packages/ipkg-arm_cortex-a7_neon/kmod-lib-lz4 into /media/gwind/windcode/openwrt-ssd20x/18.06/bin/targets/sstar/ssd20x/packages/kmod-lib-lz4_4.9.84-1_arm_cortex-a7_neon.ipk
rstrip.sh: /media/gwind/windcode/openwrt-ssd20x/18.06/build_dir/target-arm-linux-gnueabihf_glibc/linux-sstar_ssd20x/packages/ipkg-arm_cortex-a7_neon/kmod-libphy/lib/modules/4.9.84/libphy.ko: relocatable
Packaged contents of /media/gwind/windcode/openwrt-ssd20x/18.06/build_dir/target-arm-linux-gnueabihf_glibc/linux-sstar_ssd20x/packages/ipkg-arm_cortex-a7_neon/kmod-libphy into /media/gwind/windcode/openwrt-ssd20x/18.06/bin/targets/sstar/ssd20x/packages/kmod-libphy_4.9.84-1_arm_cortex-a7_neon.ipk
rstrip.sh: /media/gwind/windcode/openwrt-ssd20x/18.06/build_dir/target-arm-linux-gnueabihf_glibc/linux-sstar_ssd20x/packages/ipkg-arm_cortex-a7_neon/kmod-of-mdio/lib/modules/4.9.84/fixed_phy.ko: relocatable
rstrip.sh: /media/gwind/windcode/openwrt-ssd20x/18.06/build_dir/target-arm-linux-gnueabihf_glibc/linux-sstar_ssd20x/packages/ipkg-arm_cortex-a7_neon/kmod-of-mdio/lib/modules/4.9.84/of_mdio.ko: relocatable
Packaged contents of /media/gwind/windcode/openwrt-ssd20x/18.06/build_dir/target-arm-linux-gnueabihf_glibc/linux-sstar_ssd20x/packages/ipkg-arm_cortex-a7_neon/kmod-of-mdio into /media/gwind/windcode/openwrt-ssd20x/18.06/bin/targets/sstar/ssd20x/packages/kmod-of-mdio_4.9.84-1_arm_cortex-a7_neon.ipk
rstrip.sh: /media/gwind/windcode/openwrt-ssd20x/18.06/build_dir/target-arm-linux-gnueabihf_glibc/linux-sstar_ssd20x/packages/ipkg-arm_cortex-a7_neon/kmod-nf-reject/lib/modules/4.9.84/nf_reject_ipv4.ko: relocatable
Packaged contents of /media/gwind/windcode/openwrt-ssd20x/18.06/build_dir/target-arm-linux-gnueabihf_glibc/linux-sstar_ssd20x/packages/ipkg-arm_cortex-a7_neon/kmod-nf-reject into /media/gwind/windcode/openwrt-ssd20x/18.06/bin/targets/sstar/ssd20x/packages/kmod-nf-reject_4.9.84-1_arm_cortex-a7_neon.ipk
rstrip.sh: /media/gwind/windcode/openwrt-ssd20x/18.06/build_dir/target-arm-linux-gnueabihf_glibc/linux-sstar_ssd20x/packages/ipkg-arm_cortex-a7_neon/kmod-nf-ipt/lib/modules/4.9.84/ip_tables.ko: relocatable
rstrip.sh: /media/gwind/windcode/openwrt-ssd20x/18.06/build_dir/target-arm-linux-gnueabihf_glibc/linux-sstar_ssd20x/packages/ipkg-arm_cortex-a7_neon/kmod-nf-ipt/lib/modules/4.9.84/x_tables.ko: relocatable
Packaged contents of /media/gwind/windcode/openwrt-ssd20x/18.06/build_dir/target-arm-linux-gnueabihf_glibc/linux-sstar_ssd20x/packages/ipkg-arm_cortex-a7_neon/kmod-nf-ipt into /media/gwind/windcode/openwrt-ssd20x/18.06/bin/targets/sstar/ssd20x/packages/kmod-nf-ipt_4.9.84-1_arm_cortex-a7_neon.ipk
rstrip.sh: /media/gwind/windcode/openwrt-ssd20x/18.06/build_dir/target-arm-linux-gnueabihf_glibc/linux-sstar_ssd20x/packages/ipkg-arm_cortex-a7_neon/kmod-ipt-core/lib/modules/4.9.84/xt_LOG.ko: relocatable
rstrip.sh: /media/gwind/windcode/openwrt-ssd20x/18.06/build_dir/target-arm-linux-gnueabihf_glibc/linux-sstar_ssd20x/packages/ipkg-arm_cortex-a7_neon/kmod-ipt-core/lib/modules/4.9.84/iptable_mangle.ko: relocatable
rstrip.sh: /media/gwind/windcode/openwrt-ssd20x/18.06/build_dir/target-arm-linux-gnueabihf_glibc/linux-sstar_ssd20x/packages/ipkg-arm_cortex-a7_neon/kmod-ipt-core/lib/modules/4.9.84/xt_tcpudp.ko: relocatable
rstrip.sh: /media/gwind/windcode/openwrt-ssd20x/18.06/build_dir/target-arm-linux-gnueabihf_glibc/linux-sstar_ssd20x/packages/ipkg-arm_cortex-a7_neon/kmod-ipt-core/lib/modules/4.9.84/nf_log_ipv4.ko: relocatable
rstrip.sh: /media/gwind/windcode/openwrt-ssd20x/18.06/build_dir/target-arm-linux-gnueabihf_glibc/linux-sstar_ssd20x/packages/ipkg-arm_cortex-a7_neon/kmod-ipt-core/lib/modules/4.9.84/xt_TCPMSS.ko: relocatable
rstrip.sh: /media/gwind/windcode/openwrt-ssd20x/18.06/build_dir/target-arm-linux-gnueabihf_glibc/linux-sstar_ssd20x/packages/ipkg-arm_cortex-a7_neon/kmod-ipt-core/lib/modules/4.9.84/xt_multiport.ko: relocatable
rstrip.sh: /media/gwind/windcode/openwrt-ssd20x/18.06/build_dir/target-arm-linux-gnueabihf_glibc/linux-sstar_ssd20x/packages/ipkg-arm_cortex-a7_neon/kmod-ipt-core/lib/modules/4.9.84/xt_mac.ko: relocatable
rstrip.sh: /media/gwind/windcode/openwrt-ssd20x/18.06/build_dir/target-arm-linux-gnueabihf_glibc/linux-sstar_ssd20x/packages/ipkg-arm_cortex-a7_neon/kmod-ipt-core/lib/modules/4.9.84/iptable_filter.ko: relocatable
rstrip.sh: /media/gwind/windcode/openwrt-ssd20x/18.06/build_dir/target-arm-linux-gnueabihf_glibc/linux-sstar_ssd20x/packages/ipkg-arm_cortex-a7_neon/kmod-ipt-core/lib/modules/4.9.84/xt_limit.ko: relocatable
rstrip.sh: /media/gwind/windcode/openwrt-ssd20x/18.06/build_dir/target-arm-linux-gnueabihf_glibc/linux-sstar_ssd20x/packages/ipkg-arm_cortex-a7_neon/kmod-ipt-core/lib/modules/4.9.84/xt_mark.ko: relocatable
rstrip.sh: /media/gwind/windcode/openwrt-ssd20x/18.06/build_dir/target-arm-linux-gnueabihf_glibc/linux-sstar_ssd20x/packages/ipkg-arm_cortex-a7_neon/kmod-ipt-core/lib/modules/4.9.84/xt_comment.ko: relocatable
rstrip.sh: /media/gwind/windcode/openwrt-ssd20x/18.06/build_dir/target-arm-linux-gnueabihf_glibc/linux-sstar_ssd20x/packages/ipkg-arm_cortex-a7_neon/kmod-ipt-core/lib/modules/4.9.84/nf_log_common.ko: relocatable
rstrip.sh: /media/gwind/windcode/openwrt-ssd20x/18.06/build_dir/target-arm-linux-gnueabihf_glibc/linux-sstar_ssd20x/packages/ipkg-arm_cortex-a7_neon/kmod-ipt-core/lib/modules/4.9.84/xt_time.ko: relocatable
rstrip.sh: /media/gwind/windcode/openwrt-ssd20x/18.06/build_dir/target-arm-linux-gnueabihf_glibc/linux-sstar_ssd20x/packages/ipkg-arm_cortex-a7_neon/kmod-ipt-core/lib/modules/4.9.84/ipt_REJECT.ko: relocatable
Packaged contents of /media/gwind/windcode/openwrt-ssd20x/18.06/build_dir/target-arm-linux-gnueabihf_glibc/linux-sstar_ssd20x/packages/ipkg-arm_cortex-a7_neon/kmod-ipt-core into /media/gwind/windcode/openwrt-ssd20x/18.06/bin/targets/sstar/ssd20x/packages/kmod-ipt-core_4.9.84-1_arm_cortex-a7_neon.ipk
rstrip.sh: /media/gwind/windcode/openwrt-ssd20x/18.06/build_dir/target-arm-linux-gnueabihf_glibc/linux-sstar_ssd20x/packages/ipkg-arm_cortex-a7_neon/kmod-nf-conntrack/lib/modules/4.9.84/nf_defrag_ipv4.ko: relocatable
rstrip.sh: /media/gwind/windcode/openwrt-ssd20x/18.06/build_dir/target-arm-linux-gnueabihf_glibc/linux-sstar_ssd20x/packages/ipkg-arm_cortex-a7_neon/kmod-nf-conntrack/lib/modules/4.9.84/nf_conntrack_ipv4.ko: relocatable
rstrip.sh: /media/gwind/windcode/openwrt-ssd20x/18.06/build_dir/target-arm-linux-gnueabihf_glibc/linux-sstar_ssd20x/packages/ipkg-arm_cortex-a7_neon/kmod-nf-conntrack/lib/modules/4.9.84/nf_conntrack.ko: relocatable
Packaged contents of /media/gwind/windcode/openwrt-ssd20x/18.06/build_dir/target-arm-linux-gnueabihf_glibc/linux-sstar_ssd20x/packages/ipkg-arm_cortex-a7_neon/kmod-nf-conntrack into /media/gwind/windcode/openwrt-ssd20x/18.06/bin/targets/sstar/ssd20x/packages/kmod-nf-conntrack_4.9.84-1_arm_cortex-a7_neon.ipk
rstrip.sh: /media/gwind/windcode/openwrt-ssd20x/18.06/build_dir/target-arm-linux-gnueabihf_glibc/linux-sstar_ssd20x/packages/ipkg-arm_cortex-a7_neon/kmod-nf-conntrack6/lib/modules/4.9.84/nf_conntrack_ipv6.ko: relocatable
rstrip.sh: /media/gwind/windcode/openwrt-ssd20x/18.06/build_dir/target-arm-linux-gnueabihf_glibc/linux-sstar_ssd20x/packages/ipkg-arm_cortex-a7_neon/kmod-nf-conntrack6/lib/modules/4.9.84/nf_defrag_ipv6.ko: relocatable
Packaged contents of /media/gwind/windcode/openwrt-ssd20x/18.06/build_dir/target-arm-linux-gnueabihf_glibc/linux-sstar_ssd20x/packages/ipkg-arm_cortex-a7_neon/kmod-nf-conntrack6 into /media/gwind/windcode/openwrt-ssd20x/18.06/bin/targets/sstar/ssd20x/packages/kmod-nf-conntrack6_4.9.84-1_arm_cortex-a7_neon.ipk
rstrip.sh: /media/gwind/windcode/openwrt-ssd20x/18.06/build_dir/target-arm-linux-gnueabihf_glibc/linux-sstar_ssd20x/packages/ipkg-arm_cortex-a7_neon/kmod-nf-nat/lib/modules/4.9.84/nf_nat.ko: relocatable
rstrip.sh: /media/gwind/windcode/openwrt-ssd20x/18.06/build_dir/target-arm-linux-gnueabihf_glibc/linux-sstar_ssd20x/packages/ipkg-arm_cortex-a7_neon/kmod-nf-nat/lib/modules/4.9.84/nf_nat_masquerade_ipv4.ko: relocatable
rstrip.sh: /media/gwind/windcode/openwrt-ssd20x/18.06/build_dir/target-arm-linux-gnueabihf_glibc/linux-sstar_ssd20x/packages/ipkg-arm_cortex-a7_neon/kmod-nf-nat/lib/modules/4.9.84/nf_nat_ipv4.ko: relocatable
rstrip.sh: /media/gwind/windcode/openwrt-ssd20x/18.06/build_dir/target-arm-linux-gnueabihf_glibc/linux-sstar_ssd20x/packages/ipkg-arm_cortex-a7_neon/kmod-nf-nat/lib/modules/4.9.84/nf_nat_redirect.ko: relocatable
Packaged contents of /media/gwind/windcode/openwrt-ssd20x/18.06/build_dir/target-arm-linux-gnueabihf_glibc/linux-sstar_ssd20x/packages/ipkg-arm_cortex-a7_neon/kmod-nf-nat into /media/gwind/windcode/openwrt-ssd20x/18.06/bin/targets/sstar/ssd20x/packages/kmod-nf-nat_4.9.84-1_arm_cortex-a7_neon.ipk
rstrip.sh: /media/gwind/windcode/openwrt-ssd20x/18.06/build_dir/target-arm-linux-gnueabihf_glibc/linux-sstar_ssd20x/packages/ipkg-arm_cortex-a7_neon/kmod-ipt-conntrack/lib/modules/4.9.84/xt_conntrack.ko: relocatable
rstrip.sh: /media/gwind/windcode/openwrt-ssd20x/18.06/build_dir/target-arm-linux-gnueabihf_glibc/linux-sstar_ssd20x/packages/ipkg-arm_cortex-a7_neon/kmod-ipt-conntrack/lib/modules/4.9.84/xt_state.ko: relocatable
Packaged contents of /media/gwind/windcode/openwrt-ssd20x/18.06/build_dir/target-arm-linux-gnueabihf_glibc/linux-sstar_ssd20x/packages/ipkg-arm_cortex-a7_neon/kmod-ipt-conntrack into /media/gwind/windcode/openwrt-ssd20x/18.06/bin/targets/sstar/ssd20x/packages/kmod-ipt-conntrack_4.9.84-1_arm_cortex-a7_neon.ipk
rstrip.sh: /media/gwind/windcode/openwrt-ssd20x/18.06/build_dir/target-arm-linux-gnueabihf_glibc/linux-sstar_ssd20x/packages/ipkg-arm_cortex-a7_neon/kmod-ipt-nat/lib/modules/4.9.84/ipt_MASQUERADE.ko: relocatable
rstrip.sh: /media/gwind/windcode/openwrt-ssd20x/18.06/build_dir/target-arm-linux-gnueabihf_glibc/linux-sstar_ssd20x/packages/ipkg-arm_cortex-a7_neon/kmod-ipt-nat/lib/modules/4.9.84/xt_nat.ko: relocatable
rstrip.sh: /media/gwind/windcode/openwrt-ssd20x/18.06/build_dir/target-arm-linux-gnueabihf_glibc/linux-sstar_ssd20x/packages/ipkg-arm_cortex-a7_neon/kmod-ipt-nat/lib/modules/4.9.84/xt_REDIRECT.ko: relocatable
rstrip.sh: /media/gwind/windcode/openwrt-ssd20x/18.06/build_dir/target-arm-linux-gnueabihf_glibc/linux-sstar_ssd20x/packages/ipkg-arm_cortex-a7_neon/kmod-ipt-nat/lib/modules/4.9.84/iptable_nat.ko: relocatable
Packaged contents of /media/gwind/windcode/openwrt-ssd20x/18.06/build_dir/target-arm-linux-gnueabihf_glibc/linux-sstar_ssd20x/packages/ipkg-arm_cortex-a7_neon/kmod-ipt-nat into /media/gwind/windcode/openwrt-ssd20x/18.06/bin/targets/sstar/ssd20x/packages/kmod-ipt-nat_4.9.84-1_arm_cortex-a7_neon.ipk
rstrip.sh: /media/gwind/windcode/openwrt-ssd20x/18.06/build_dir/target-arm-linux-gnueabihf_glibc/linux-sstar_ssd20x/packages/ipkg-arm_cortex-a7_neon/kmod-slhc/lib/modules/4.9.84/slhc.ko: relocatable
Packaged contents of /media/gwind/windcode/openwrt-ssd20x/18.06/build_dir/target-arm-linux-gnueabihf_glibc/linux-sstar_ssd20x/packages/ipkg-arm_cortex-a7_neon/kmod-slhc into /media/gwind/windcode/openwrt-ssd20x/18.06/bin/targets/sstar/ssd20x/packages/kmod-slhc_4.9.84-1_arm_cortex-a7_neon.ipk
rstrip.sh: /media/gwind/windcode/openwrt-ssd20x/18.06/build_dir/target-arm-linux-gnueabihf_glibc/linux-sstar_ssd20x/packages/ipkg-arm_cortex-a7_neon/kmod-ppp/lib/modules/4.9.84/ppp_async.ko: relocatable
rstrip.sh: /media/gwind/windcode/openwrt-ssd20x/18.06/build_dir/target-arm-linux-gnueabihf_glibc/linux-sstar_ssd20x/packages/ipkg-arm_cortex-a7_neon/kmod-ppp/lib/modules/4.9.84/ppp_generic.ko: relocatable
Packaged contents of /media/gwind/windcode/openwrt-ssd20x/18.06/build_dir/target-arm-linux-gnueabihf_glibc/linux-sstar_ssd20x/packages/ipkg-arm_cortex-a7_neon/kmod-ppp into /media/gwind/windcode/openwrt-ssd20x/18.06/bin/targets/sstar/ssd20x/packages/kmod-ppp_4.9.84-1_arm_cortex-a7_neon.ipk
rstrip.sh: /media/gwind/windcode/openwrt-ssd20x/18.06/build_dir/target-arm-linux-gnueabihf_glibc/linux-sstar_ssd20x/packages/ipkg-arm_cortex-a7_neon/kmod-mmc/lib/modules/4.9.84/mmc_core.ko: relocatable
rstrip.sh: /media/gwind/windcode/openwrt-ssd20x/18.06/build_dir/target-arm-linux-gnueabihf_glibc/linux-sstar_ssd20x/packages/ipkg-arm_cortex-a7_neon/kmod-mmc/lib/modules/4.9.84/mmc_block.ko: relocatable
Packaged contents of /media/gwind/windcode/openwrt-ssd20x/18.06/build_dir/target-arm-linux-gnueabihf_glibc/linux-sstar_ssd20x/packages/ipkg-arm_cortex-a7_neon/kmod-mmc into /media/gwind/windcode/openwrt-ssd20x/18.06/bin/targets/sstar/ssd20x/packages/kmod-mmc_4.9.84-1_arm_cortex-a7_neon.ipk
rstrip.sh: /media/gwind/windcode/openwrt-ssd20x/18.06/build_dir/target-arm-linux-gnueabihf_glibc/linux-sstar_ssd20x/packages/ipkg-arm_cortex-a7_neon/kmod-zram/lib/modules/4.9.84/zsmalloc.ko: relocatable
rstrip.sh: /media/gwind/windcode/openwrt-ssd20x/18.06/build_dir/target-arm-linux-gnueabihf_glibc/linux-sstar_ssd20x/packages/ipkg-arm_cortex-a7_neon/kmod-zram/lib/modules/4.9.84/zram.ko: relocatable
Packaged contents of /media/gwind/windcode/openwrt-ssd20x/18.06/build_dir/target-arm-linux-gnueabihf_glibc/linux-sstar_ssd20x/packages/ipkg-arm_cortex-a7_neon/kmod-zram into /media/gwind/windcode/openwrt-ssd20x/18.06/bin/targets/sstar/ssd20x/packages/kmod-zram_4.9.84-1_arm_cortex-a7_neon.ipk
NOTICE: module '/media/gwind/windcode/openwrt-ssd20x/18.06/build_dir/target-arm-linux-gnueabihf_glibc/linux-sstar_ssd20x/linux-4.9.84/drivers/usb/core/usbcore.ko' is built-in.
NOTICE: module '/media/gwind/windcode/openwrt-ssd20x/18.06/build_dir/target-arm-linux-gnueabihf_glibc/linux-sstar_ssd20x/linux-4.9.84/drivers/usb/common/usb-common.ko' is built-in.
Packaged contents of /media/gwind/windcode/openwrt-ssd20x/18.06/build_dir/target-arm-linux-gnueabihf_glibc/linux-sstar_ssd20x/packages/ipkg-arm_cortex-a7_neon/kmod-usb-core into /media/gwind/windcode/openwrt-ssd20x/18.06/bin/targets/sstar/ssd20x/packages/kmod-usb-core_4.9.84-1_arm_cortex-a7_neon.ipk
rstrip.sh: /media/gwind/windcode/openwrt-ssd20x/18.06/build_dir/target-arm-linux-gnueabihf_glibc/linux-sstar_ssd20x/packages/ipkg-arm_cortex-a7_neon/kmod-usb-serial/lib/modules/4.9.84/usbserial.ko: relocatable
Packaged contents of /media/gwind/windcode/openwrt-ssd20x/18.06/build_dir/target-arm-linux-gnueabihf_glibc/linux-sstar_ssd20x/packages/ipkg-arm_cortex-a7_neon/kmod-usb-serial into /media/gwind/windcode/openwrt-ssd20x/18.06/bin/targets/sstar/ssd20x/packages/kmod-usb-serial_4.9.84-1_arm_cortex-a7_neon.ipk
rstrip.sh: /media/gwind/windcode/openwrt-ssd20x/18.06/build_dir/target-arm-linux-gnueabihf_glibc/linux-sstar_ssd20x/packages/ipkg-arm_cortex-a7_neon/kmod-usb-serial-wwan/lib/modules/4.9.84/usb_wwan.ko: relocatable
Packaged contents of /media/gwind/windcode/openwrt-ssd20x/18.06/build_dir/target-arm-linux-gnueabihf_glibc/linux-sstar_ssd20x/packages/ipkg-arm_cortex-a7_neon/kmod-usb-serial-wwan into /media/gwind/windcode/openwrt-ssd20x/18.06/bin/targets/sstar/ssd20x/packages/kmod-usb-serial-wwan_4.9.84-1_arm_cortex-a7_neon.ipk
rstrip.sh: /media/gwind/windcode/openwrt-ssd20x/18.06/build_dir/target-arm-linux-gnueabihf_glibc/linux-sstar_ssd20x/packages/ipkg-arm_cortex-a7_neon/kmod-usb-serial-option/lib/modules/4.9.84/option.ko: relocatable
Packaged contents of /media/gwind/windcode/openwrt-ssd20x/18.06/build_dir/target-arm-linux-gnueabihf_glibc/linux-sstar_ssd20x/packages/ipkg-arm_cortex-a7_neon/kmod-usb-serial-option into /media/gwind/windcode/openwrt-ssd20x/18.06/bin/targets/sstar/ssd20x/packages/kmod-usb-serial-option_4.9.84-1_arm_cortex-a7_neon.ipk
rstrip.sh: /media/gwind/windcode/openwrt-ssd20x/18.06/build_dir/target-arm-linux-gnueabihf_glibc/linux-sstar_ssd20x/packages/ipkg-arm_cortex-a7_neon/kmod-cfg80211-linux/lib/modules/4.9.84/cfg80211.ko: relocatable
Packaged contents of /media/gwind/windcode/openwrt-ssd20x/18.06/build_dir/target-arm-linux-gnueabihf_glibc/linux-sstar_ssd20x/packages/ipkg-arm_cortex-a7_neon/kmod-cfg80211-linux into /media/gwind/windcode/openwrt-ssd20x/18.06/bin/targets/sstar/ssd20x/packages/kmod-cfg80211-linux_4.9.84-1_arm_cortex-a7_neon.ipk
NOTICE: module '/media/gwind/windcode/openwrt-ssd20x/18.06/build_dir/target-arm-linux-gnueabihf_glibc/linux-sstar_ssd20x/linux-4.9.84/drivers/usb/host/ehci-hcd.ko' is built-in.
Packaged contents of /media/gwind/windcode/openwrt-ssd20x/18.06/build_dir/target-arm-linux-gnueabihf_glibc/linux-sstar_ssd20x/packages/ipkg-arm_cortex-a7_neon/kmod-usb-sstar into /media/gwind/windcode/openwrt-ssd20x/18.06/bin/targets/sstar/ssd20x/packages/kmod-usb-sstar_4.9.84-1_arm_cortex-a7_neon.ipk
rstrip.sh: /media/gwind/windcode/openwrt-ssd20x/18.06/build_dir/target-arm-linux-gnueabihf_glibc/linux-sstar_ssd20x/packages/ipkg-arm_cortex-a7_neon/kmod-mmc-sstar/lib/modules/4.9.84/kdrv_sdmmc.ko: relocatable
Packaged contents of /media/gwind/windcode/openwrt-ssd20x/18.06/build_dir/target-arm-linux-gnueabihf_glibc/linux-sstar_ssd20x/packages/ipkg-arm_cortex-a7_neon/kmod-mmc-sstar into /media/gwind/windcode/openwrt-ssd20x/18.06/bin/targets/sstar/ssd20x/packages/kmod-mmc-sstar_4.9.84-1_arm_cortex-a7_neon.ipk
rstrip.sh: /media/gwind/windcode/openwrt-ssd20x/18.06/build_dir/target-arm-linux-gnueabihf_glibc/linux-sstar_ssd20x/packages/ipkg-arm_cortex-a7_neon/kmod-emac-sstar/lib/modules/4.9.84/sstar_100_phy.ko: relocatable
rstrip.sh: /media/gwind/windcode/openwrt-ssd20x/18.06/build_dir/target-arm-linux-gnueabihf_glibc/linux-sstar_ssd20x/packages/ipkg-arm_cortex-a7_neon/kmod-emac-sstar/lib/modules/4.9.84/kdrv_emac.ko: relocatable
Packaged contents of /media/gwind/windcode/openwrt-ssd20x/18.06/build_dir/target-arm-linux-gnueabihf_glibc/linux-sstar_ssd20x/packages/ipkg-arm_cortex-a7_neon/kmod-emac-sstar into /media/gwind/windcode/openwrt-ssd20x/18.06/bin/targets/sstar/ssd20x/packages/kmod-emac-sstar_4.9.84-1_arm_cortex-a7_neon.ipk
echo "kernel" >> /media/gwind/windcode/openwrt-ssd20x/18.06/staging_dir/target-arm-linux-gnueabihf_glibc/pkginfo/linux.default.install
rm -rf /media/gwind/windcode/openwrt-ssd20x/18.06/build_dir/target-arm-linux-gnueabihf_glibc/linux-sstar_ssd20x/packages/.pkgdir/kmod-fs-vfat.installed /media/gwind/windcode/openwrt-ssd20x/18.06/build_dir/target-arm-linux-gnueabihf_glibc/linux-sstar_ssd20x/packages/.pkgdir/kmod-fs-vfat
mkdir -p /media/gwind/windcode/openwrt-ssd20x/18.06/build_dir/target-arm-linux-gnueabihf_glibc/linux-sstar_ssd20x/packages/.pkgdir/kmod-fs-vfat
for mod in /media/gwind/windcode/openwrt-ssd20x/18.06/build_dir/target-arm-linux-gnueabihf_glibc/linux-sstar_ssd20x/linux-4.9.84/fs/fat/fat.ko /media/gwind/windcode/openwrt-ssd20x/18.06/build_dir/target-arm-linux-gnueabihf_glibc/linux-sstar_ssd20x/linux-4.9.84/fs/fat/vfat.ko; do if grep -q "${mod##/media/gwind/windcode/openwrt-ssd20x/18.06/build_dir/target-arm-linux-gnueabihf_glibc/linux-sstar_ssd20x/linux-4.9.84/}" "/media/gwind/windcode/openwrt-ssd20x/18.06/build_dir/target-arm-linux-gnueabihf_glibc/linux-sstar_ssd20x/linux-4.9.84/modules.builtin"; then echo "NOTICE: module '$mod' is built-in."; elif [ -e $mod ]; then mkdir -p /media/gwind/windcode/openwrt-ssd20x/18.06/build_dir/target-arm-linux-gnueabihf_glibc/linux-sstar_ssd20x/packages/.pkgdir/kmod-fs-vfat/lib/modules/4.9.84 ; cp -fpR -L $mod /media/gwind/windcode/openwrt-ssd20x/18.06/build_dir/target-arm-linux-gnueabihf_glibc/linux-sstar_ssd20x/packages/.pkgdir/kmod-fs-vfat/lib/modules/4.9.84/ ; else echo "ERROR: module '$mod' is missing." >&2; exit 1; fi; done;
mkdir -p /media/gwind/windcode/openwrt-ssd20x/18.06/build_dir/target-arm-linux-gnueabihf_glibc/linux-sstar_ssd20x/packages/.pkgdir/kmod-fs-vfat/etc/modules.d; ( echo "fat";   echo "vfat"; ) > /media/gwind/windcode/openwrt-ssd20x/18.06/build_dir/target-arm-linux-gnueabihf_glibc/linux-sstar_ssd20x/packages/.pkgdir/kmod-fs-vfat/etc/modules.d/30-fs-vfat; 


touch /media/gwind/windcode/openwrt-ssd20x/18.06/build_dir/target-arm-linux-gnueabihf_glibc/linux-sstar_ssd20x/packages/.pkgdir/kmod-fs-vfat.installed
rm -rf /media/gwind/windcode/openwrt-ssd20x/18.06/build_dir/target-arm-linux-gnueabihf_glibc/linux-sstar_ssd20x/packages/.pkgdir/kmod-lib-crc-ccitt.installed /media/gwind/windcode/openwrt-ssd20x/18.06/build_dir/target-arm-linux-gnueabihf_glibc/linux-sstar_ssd20x/packages/.pkgdir/kmod-lib-crc-ccitt
mkdir -p /media/gwind/windcode/openwrt-ssd20x/18.06/build_dir/target-arm-linux-gnueabihf_glibc/linux-sstar_ssd20x/packages/.pkgdir/kmod-lib-crc-ccitt
for mod in /media/gwind/windcode/openwrt-ssd20x/18.06/build_dir/target-arm-linux-gnueabihf_glibc/linux-sstar_ssd20x/linux-4.9.84/lib/crc-ccitt.ko; do if grep -q "${mod##/media/gwind/windcode/openwrt-ssd20x/18.06/build_dir/target-arm-linux-gnueabihf_glibc/linux-sstar_ssd20x/linux-4.9.84/}" "/media/gwind/windcode/openwrt-ssd20x/18.06/build_dir/target-arm-linux-gnueabihf_glibc/linux-sstar_ssd20x/linux-4.9.84/modules.builtin"; then echo "NOTICE: module '$mod' is built-in."; elif [ -e $mod ]; then mkdir -p /media/gwind/windcode/openwrt-ssd20x/18.06/build_dir/target-arm-linux-gnueabihf_glibc/linux-sstar_ssd20x/packages/.pkgdir/kmod-lib-crc-ccitt/lib/modules/4.9.84 ; cp -fpR -L $mod /media/gwind/windcode/openwrt-ssd20x/18.06/build_dir/target-arm-linux-gnueabihf_glibc/linux-sstar_ssd20x/packages/.pkgdir/kmod-lib-crc-ccitt/lib/modules/4.9.84/ ; else echo "ERROR: module '$mod' is missing." >&2; exit 1; fi; done;
mkdir -p /media/gwind/windcode/openwrt-ssd20x/18.06/build_dir/target-arm-linux-gnueabihf_glibc/linux-sstar_ssd20x/packages/.pkgdir/kmod-lib-crc-ccitt/etc/modules.d; ( echo "crc-ccitt"; ) > /media/gwind/windcode/openwrt-ssd20x/18.06/build_dir/target-arm-linux-gnueabihf_glibc/linux-sstar_ssd20x/packages/.pkgdir/kmod-lib-crc-ccitt/etc/modules.d/lib-crc-ccitt; 


touch /media/gwind/windcode/openwrt-ssd20x/18.06/build_dir/target-arm-linux-gnueabihf_glibc/linux-sstar_ssd20x/packages/.pkgdir/kmod-lib-crc-ccitt.installed
rm -rf /media/gwind/windcode/openwrt-ssd20x/18.06/build_dir/target-arm-linux-gnueabihf_glibc/linux-sstar_ssd20x/packages/.pkgdir/kmod-lib-lzo.installed /media/gwind/windcode/openwrt-ssd20x/18.06/build_dir/target-arm-linux-gnueabihf_glibc/linux-sstar_ssd20x/packages/.pkgdir/kmod-lib-lzo
mkdir -p /media/gwind/windcode/openwrt-ssd20x/18.06/build_dir/target-arm-linux-gnueabihf_glibc/linux-sstar_ssd20x/packages/.pkgdir/kmod-lib-lzo
for mod in /media/gwind/windcode/openwrt-ssd20x/18.06/build_dir/target-arm-linux-gnueabihf_glibc/linux-sstar_ssd20x/linux-4.9.84/crypto/lzo.ko /media/gwind/windcode/openwrt-ssd20x/18.06/build_dir/target-arm-linux-gnueabihf_glibc/linux-sstar_ssd20x/linux-4.9.84/lib/lzo/lzo_compress.ko /media/gwind/windcode/openwrt-ssd20x/18.06/build_dir/target-arm-linux-gnueabihf_glibc/linux-sstar_ssd20x/linux-4.9.84/lib/lzo/lzo_decompress.ko; do if grep -q "${mod##/media/gwind/windcode/openwrt-ssd20x/18.06/build_dir/target-arm-linux-gnueabihf_glibc/linux-sstar_ssd20x/linux-4.9.84/}" "/media/gwind/windcode/openwrt-ssd20x/18.06/build_dir/target-arm-linux-gnueabihf_glibc/linux-sstar_ssd20x/linux-4.9.84/modules.builtin"; then echo "NOTICE: module '$mod' is built-in."; elif [ -e $mod ]; then mkdir -p /media/gwind/windcode/openwrt-ssd20x/18.06/build_dir/target-arm-linux-gnueabihf_glibc/linux-sstar_ssd20x/packages/.pkgdir/kmod-lib-lzo/lib/modules/4.9.84 ; cp -fpR -L $mod /media/gwind/windcode/openwrt-ssd20x/18.06/build_dir/target-arm-linux-gnueabihf_glibc/linux-sstar_ssd20x/packages/.pkgdir/kmod-lib-lzo/lib/modules/4.9.84/ ; else echo "ERROR: module '$mod' is missing." >&2; exit 1; fi; done;
mkdir -p /media/gwind/windcode/openwrt-ssd20x/18.06/build_dir/target-arm-linux-gnueabihf_glibc/linux-sstar_ssd20x/packages/.pkgdir/kmod-lib-lzo/etc/modules.d; ( echo "lzo";   echo "lzo_compress";   echo "lzo_decompress"; ) > /media/gwind/windcode/openwrt-ssd20x/18.06/build_dir/target-arm-linux-gnueabihf_glibc/linux-sstar_ssd20x/packages/.pkgdir/kmod-lib-lzo/etc/modules.d/lib-lzo; 


touch /media/gwind/windcode/openwrt-ssd20x/18.06/build_dir/target-arm-linux-gnueabihf_glibc/linux-sstar_ssd20x/packages/.pkgdir/kmod-lib-lzo.installed
NOTICE: module '/media/gwind/windcode/openwrt-ssd20x/18.06/build_dir/target-arm-linux-gnueabihf_glibc/linux-sstar_ssd20x/linux-4.9.84/crypto/lzo.ko' is built-in.
NOTICE: module '/media/gwind/windcode/openwrt-ssd20x/18.06/build_dir/target-arm-linux-gnueabihf_glibc/linux-sstar_ssd20x/linux-4.9.84/lib/lzo/lzo_compress.ko' is built-in.
NOTICE: module '/media/gwind/windcode/openwrt-ssd20x/18.06/build_dir/target-arm-linux-gnueabihf_glibc/linux-sstar_ssd20x/linux-4.9.84/lib/lzo/lzo_decompress.ko' is built-in.
rm -rf /media/gwind/windcode/openwrt-ssd20x/18.06/build_dir/target-arm-linux-gnueabihf_glibc/linux-sstar_ssd20x/packages/.pkgdir/kmod-lib-lz4.installed /media/gwind/windcode/openwrt-ssd20x/18.06/build_dir/target-arm-linux-gnueabihf_glibc/linux-sstar_ssd20x/packages/.pkgdir/kmod-lib-lz4
mkdir -p /media/gwind/windcode/openwrt-ssd20x/18.06/build_dir/target-arm-linux-gnueabihf_glibc/linux-sstar_ssd20x/packages/.pkgdir/kmod-lib-lz4
for mod in /media/gwind/windcode/openwrt-ssd20x/18.06/build_dir/target-arm-linux-gnueabihf_glibc/linux-sstar_ssd20x/linux-4.9.84/crypto/lz4.ko /media/gwind/windcode/openwrt-ssd20x/18.06/build_dir/target-arm-linux-gnueabihf_glibc/linux-sstar_ssd20x/linux-4.9.84/lib/lz4/lz4_compress.ko /media/gwind/windcode/openwrt-ssd20x/18.06/build_dir/target-arm-linux-gnueabihf_glibc/linux-sstar_ssd20x/linux-4.9.84/lib/lz4/lz4_decompress.ko; do if grep -q "${mod##/media/gwind/windcode/openwrt-ssd20x/18.06/build_dir/target-arm-linux-gnueabihf_glibc/linux-sstar_ssd20x/linux-4.9.84/}" "/media/gwind/windcode/openwrt-ssd20x/18.06/build_dir/target-arm-linux-gnueabihf_glibc/linux-sstar_ssd20x/linux-4.9.84/modules.builtin"; then echo "NOTICE: module '$mod' is built-in."; elif [ -e $mod ]; then mkdir -p /media/gwind/windcode/openwrt-ssd20x/18.06/build_dir/target-arm-linux-gnueabihf_glibc/linux-sstar_ssd20x/packages/.pkgdir/kmod-lib-lz4/lib/modules/4.9.84 ; cp -fpR -L $mod /media/gwind/windcode/openwrt-ssd20x/18.06/build_dir/target-arm-linux-gnueabihf_glibc/linux-sstar_ssd20x/packages/.pkgdir/kmod-lib-lz4/lib/modules/4.9.84/ ; else echo "ERROR: module '$mod' is missing." >&2; exit 1; fi; done;
mkdir -p /media/gwind/windcode/openwrt-ssd20x/18.06/build_dir/target-arm-linux-gnueabihf_glibc/linux-sstar_ssd20x/packages/.pkgdir/kmod-lib-lz4/etc/modules.d; ( echo "lz4";   echo "lz4_compress";   echo "lz4_decompress"; ) > /media/gwind/windcode/openwrt-ssd20x/18.06/build_dir/target-arm-linux-gnueabihf_glibc/linux-sstar_ssd20x/packages/.pkgdir/kmod-lib-lz4/etc/modules.d/lib-lz4; 


touch /media/gwind/windcode/openwrt-ssd20x/18.06/build_dir/target-arm-linux-gnueabihf_glibc/linux-sstar_ssd20x/packages/.pkgdir/kmod-lib-lz4.installed
rm -rf /media/gwind/windcode/openwrt-ssd20x/18.06/build_dir/target-arm-linux-gnueabihf_glibc/linux-sstar_ssd20x/packages/.pkgdir/kmod-libphy.installed /media/gwind/windcode/openwrt-ssd20x/18.06/build_dir/target-arm-linux-gnueabihf_glibc/linux-sstar_ssd20x/packages/.pkgdir/kmod-libphy
mkdir -p /media/gwind/windcode/openwrt-ssd20x/18.06/build_dir/target-arm-linux-gnueabihf_glibc/linux-sstar_ssd20x/packages/.pkgdir/kmod-libphy
for mod in /media/gwind/windcode/openwrt-ssd20x/18.06/build_dir/target-arm-linux-gnueabihf_glibc/linux-sstar_ssd20x/linux-4.9.84/drivers/net/phy/libphy.ko; do if grep -q "${mod##/media/gwind/windcode/openwrt-ssd20x/18.06/build_dir/target-arm-linux-gnueabihf_glibc/linux-sstar_ssd20x/linux-4.9.84/}" "/media/gwind/windcode/openwrt-ssd20x/18.06/build_dir/target-arm-linux-gnueabihf_glibc/linux-sstar_ssd20x/linux-4.9.84/modules.builtin"; then echo "NOTICE: module '$mod' is built-in."; elif [ -e $mod ]; then mkdir -p /media/gwind/windcode/openwrt-ssd20x/18.06/build_dir/target-arm-linux-gnueabihf_glibc/linux-sstar_ssd20x/packages/.pkgdir/kmod-libphy/lib/modules/4.9.84 ; cp -fpR -L $mod /media/gwind/windcode/openwrt-ssd20x/18.06/build_dir/target-arm-linux-gnueabihf_glibc/linux-sstar_ssd20x/packages/.pkgdir/kmod-libphy/lib/modules/4.9.84/ ; else echo "ERROR: module '$mod' is missing." >&2; exit 1; fi; done;
mkdir -p /media/gwind/windcode/openwrt-ssd20x/18.06/build_dir/target-arm-linux-gnueabihf_glibc/linux-sstar_ssd20x/packages/.pkgdir/kmod-libphy/etc/modules.d; ( echo "libphy"; ) > /media/gwind/windcode/openwrt-ssd20x/18.06/build_dir/target-arm-linux-gnueabihf_glibc/linux-sstar_ssd20x/packages/.pkgdir/kmod-libphy/etc/modules.d/15-libphy;  mkdir -p /media/gwind/windcode/openwrt-ssd20x/18.06/build_dir/target-arm-linux-gnueabihf_glibc/linux-sstar_ssd20x/packages/.pkgdir/kmod-libphy/etc/modules-boot.d; ln -sf ../modules.d/15-libphy /media/gwind/windcode/openwrt-ssd20x/18.06/build_dir/target-arm-linux-gnueabihf_glibc/linux-sstar_ssd20x/packages/.pkgdir/kmod-libphy/etc/modules-boot.d/;


touch /media/gwind/windcode/openwrt-ssd20x/18.06/build_dir/target-arm-linux-gnueabihf_glibc/linux-sstar_ssd20x/packages/.pkgdir/kmod-libphy.installed
rm -rf /media/gwind/windcode/openwrt-ssd20x/18.06/build_dir/target-arm-linux-gnueabihf_glibc/linux-sstar_ssd20x/packages/.pkgdir/kmod-of-mdio.installed /media/gwind/windcode/openwrt-ssd20x/18.06/build_dir/target-arm-linux-gnueabihf_glibc/linux-sstar_ssd20x/packages/.pkgdir/kmod-of-mdio
mkdir -p /media/gwind/windcode/openwrt-ssd20x/18.06/build_dir/target-arm-linux-gnueabihf_glibc/linux-sstar_ssd20x/packages/.pkgdir/kmod-of-mdio
for mod in /media/gwind/windcode/openwrt-ssd20x/18.06/build_dir/target-arm-linux-gnueabihf_glibc/linux-sstar_ssd20x/linux-4.9.84/drivers/net/phy/fixed_phy.ko /media/gwind/windcode/openwrt-ssd20x/18.06/build_dir/target-arm-linux-gnueabihf_glibc/linux-sstar_ssd20x/linux-4.9.84/drivers/of/of_mdio.ko; do if grep -q "${mod##/media/gwind/windcode/openwrt-ssd20x/18.06/build_dir/target-arm-linux-gnueabihf_glibc/linux-sstar_ssd20x/linux-4.9.84/}" "/media/gwind/windcode/openwrt-ssd20x/18.06/build_dir/target-arm-linux-gnueabihf_glibc/linux-sstar_ssd20x/linux-4.9.84/modules.builtin"; then echo "NOTICE: module '$mod' is built-in."; elif [ -e $mod ]; then mkdir -p /media/gwind/windcode/openwrt-ssd20x/18.06/build_dir/target-arm-linux-gnueabihf_glibc/linux-sstar_ssd20x/packages/.pkgdir/kmod-of-mdio/lib/modules/4.9.84 ; cp -fpR -L $mod /media/gwind/windcode/openwrt-ssd20x/18.06/build_dir/target-arm-linux-gnueabihf_glibc/linux-sstar_ssd20x/packages/.pkgdir/kmod-of-mdio/lib/modules/4.9.84/ ; else echo "ERROR: module '$mod' is missing." >&2; exit 1; fi; done;
mkdir -p /media/gwind/windcode/openwrt-ssd20x/18.06/build_dir/target-arm-linux-gnueabihf_glibc/linux-sstar_ssd20x/packages/.pkgdir/kmod-of-mdio/etc/modules.d; ( echo "of_mdio"; ) > /media/gwind/windcode/openwrt-ssd20x/18.06/build_dir/target-arm-linux-gnueabihf_glibc/linux-sstar_ssd20x/packages/.pkgdir/kmod-of-mdio/etc/modules.d/41-of-mdio; 


touch /media/gwind/windcode/openwrt-ssd20x/18.06/build_dir/target-arm-linux-gnueabihf_glibc/linux-sstar_ssd20x/packages/.pkgdir/kmod-of-mdio.installed
rm -rf /media/gwind/windcode/openwrt-ssd20x/18.06/build_dir/target-arm-linux-gnueabihf_glibc/linux-sstar_ssd20x/packages/.pkgdir/kmod-nf-reject.installed /media/gwind/windcode/openwrt-ssd20x/18.06/build_dir/target-arm-linux-gnueabihf_glibc/linux-sstar_ssd20x/packages/.pkgdir/kmod-nf-reject
mkdir -p /media/gwind/windcode/openwrt-ssd20x/18.06/build_dir/target-arm-linux-gnueabihf_glibc/linux-sstar_ssd20x/packages/.pkgdir/kmod-nf-reject
for mod in /media/gwind/windcode/openwrt-ssd20x/18.06/build_dir/target-arm-linux-gnueabihf_glibc/linux-sstar_ssd20x/linux-4.9.84/net/ipv4/netfilter/nf_reject_ipv4.ko; do if grep -q "${mod##/media/gwind/windcode/openwrt-ssd20x/18.06/build_dir/target-arm-linux-gnueabihf_glibc/linux-sstar_ssd20x/linux-4.9.84/}" "/media/gwind/windcode/openwrt-ssd20x/18.06/build_dir/target-arm-linux-gnueabihf_glibc/linux-sstar_ssd20x/linux-4.9.84/modules.builtin"; then echo "NOTICE: module '$mod' is built-in."; elif [ -e $mod ]; then mkdir -p /media/gwind/windcode/openwrt-ssd20x/18.06/build_dir/target-arm-linux-gnueabihf_glibc/linux-sstar_ssd20x/packages/.pkgdir/kmod-nf-reject/lib/modules/4.9.84 ; cp -fpR -L $mod /media/gwind/windcode/openwrt-ssd20x/18.06/build_dir/target-arm-linux-gnueabihf_glibc/linux-sstar_ssd20x/packages/.pkgdir/kmod-nf-reject/lib/modules/4.9.84/ ; else echo "ERROR: module '$mod' is missing." >&2; exit 1; fi; done;
mkdir -p /media/gwind/windcode/openwrt-ssd20x/18.06/build_dir/target-arm-linux-gnueabihf_glibc/linux-sstar_ssd20x/packages/.pkgdir/kmod-nf-reject/etc/modules.d; ( echo "nf_reject_ipv4"; ) > /media/gwind/windcode/openwrt-ssd20x/18.06/build_dir/target-arm-linux-gnueabihf_glibc/linux-sstar_ssd20x/packages/.pkgdir/kmod-nf-reject/etc/modules.d/nf-reject; 


touch /media/gwind/windcode/openwrt-ssd20x/18.06/build_dir/target-arm-linux-gnueabihf_glibc/linux-sstar_ssd20x/packages/.pkgdir/kmod-nf-reject.installed
rm -rf /media/gwind/windcode/openwrt-ssd20x/18.06/build_dir/target-arm-linux-gnueabihf_glibc/linux-sstar_ssd20x/packages/.pkgdir/kmod-nf-ipt.installed /media/gwind/windcode/openwrt-ssd20x/18.06/build_dir/target-arm-linux-gnueabihf_glibc/linux-sstar_ssd20x/packages/.pkgdir/kmod-nf-ipt
mkdir -p /media/gwind/windcode/openwrt-ssd20x/18.06/build_dir/target-arm-linux-gnueabihf_glibc/linux-sstar_ssd20x/packages/.pkgdir/kmod-nf-ipt
for mod in /media/gwind/windcode/openwrt-ssd20x/18.06/build_dir/target-arm-linux-gnueabihf_glibc/linux-sstar_ssd20x/linux-4.9.84/net/ipv4/netfilter/ip_tables.ko /media/gwind/windcode/openwrt-ssd20x/18.06/build_dir/target-arm-linux-gnueabihf_glibc/linux-sstar_ssd20x/linux-4.9.84/net/netfilter/x_tables.ko; do if grep -q "${mod##/media/gwind/windcode/openwrt-ssd20x/18.06/build_dir/target-arm-linux-gnueabihf_glibc/linux-sstar_ssd20x/linux-4.9.84/}" "/media/gwind/windcode/openwrt-ssd20x/18.06/build_dir/target-arm-linux-gnueabihf_glibc/linux-sstar_ssd20x/linux-4.9.84/modules.builtin"; then echo "NOTICE: module '$mod' is built-in."; elif [ -e $mod ]; then mkdir -p /media/gwind/windcode/openwrt-ssd20x/18.06/build_dir/target-arm-linux-gnueabihf_glibc/linux-sstar_ssd20x/packages/.pkgdir/kmod-nf-ipt/lib/modules/4.9.84 ; cp -fpR -L $mod /media/gwind/windcode/openwrt-ssd20x/18.06/build_dir/target-arm-linux-gnueabihf_glibc/linux-sstar_ssd20x/packages/.pkgdir/kmod-nf-ipt/lib/modules/4.9.84/ ; else echo "ERROR: module '$mod' is missing." >&2; exit 1; fi; done;
mkdir -p /media/gwind/windcode/openwrt-ssd20x/18.06/build_dir/target-arm-linux-gnueabihf_glibc/linux-sstar_ssd20x/packages/.pkgdir/kmod-nf-ipt/etc/modules.d; ( echo "ip_tables";   echo "x_tables"; ) > /media/gwind/windcode/openwrt-ssd20x/18.06/build_dir/target-arm-linux-gnueabihf_glibc/linux-sstar_ssd20x/packages/.pkgdir/kmod-nf-ipt/etc/modules.d/nf-ipt; 


touch /media/gwind/windcode/openwrt-ssd20x/18.06/build_dir/target-arm-linux-gnueabihf_glibc/linux-sstar_ssd20x/packages/.pkgdir/kmod-nf-ipt.installed
rm -rf /media/gwind/windcode/openwrt-ssd20x/18.06/build_dir/target-arm-linux-gnueabihf_glibc/linux-sstar_ssd20x/packages/.pkgdir/kmod-ipt-core.installed /media/gwind/windcode/openwrt-ssd20x/18.06/build_dir/target-arm-linux-gnueabihf_glibc/linux-sstar_ssd20x/packages/.pkgdir/kmod-ipt-core
mkdir -p /media/gwind/windcode/openwrt-ssd20x/18.06/build_dir/target-arm-linux-gnueabihf_glibc/linux-sstar_ssd20x/packages/.pkgdir/kmod-ipt-core
for mod in /media/gwind/windcode/openwrt-ssd20x/18.06/build_dir/target-arm-linux-gnueabihf_glibc/linux-sstar_ssd20x/linux-4.9.84/net/netfilter/xt_tcpudp.ko /media/gwind/windcode/openwrt-ssd20x/18.06/build_dir/target-arm-linux-gnueabihf_glibc/linux-sstar_ssd20x/linux-4.9.84/net/ipv4/netfilter/iptable_filter.ko /media/gwind/windcode/openwrt-ssd20x/18.06/build_dir/target-arm-linux-gnueabihf_glibc/linux-sstar_ssd20x/linux-4.9.84/net/ipv4/netfilter/iptable_mangle.ko /media/gwind/windcode/openwrt-ssd20x/18.06/build_dir/target-arm-linux-gnueabihf_glibc/linux-sstar_ssd20x/linux-4.9.84/net/netfilter/xt_limit.ko /media/gwind/windcode/openwrt-ssd20x/18.06/build_dir/target-arm-linux-gnueabihf_glibc/linux-sstar_ssd20x/linux-4.9.84/net/netfilter/xt_mac.ko /media/gwind/windcode/openwrt-ssd20x/18.06/build_dir/target-arm-linux-gnueabihf_glibc/linux-sstar_ssd20x/linux-4.9.84/net/netfilter/xt_multiport.ko /media/gwind/windcode/openwrt-ssd20x/18.06/build_dir/target-arm-linux-gnueabihf_glibc/linux-sstar_ssd20x/linux-4.9.84/net/netfilter/xt_comment.ko /media/gwind/windcode/openwrt-ssd20x/18.06/build_dir/target-arm-linux-gnueabihf_glibc/linux-sstar_ssd20x/linux-4.9.84/net/netfilter/xt_LOG.ko /media/gwind/windcode/openwrt-ssd20x/18.06/build_dir/target-arm-linux-gnueabihf_glibc/linux-sstar_ssd20x/linux-4.9.84/net/netfilter/nf_log_common.ko /media/gwind/windcode/openwrt-ssd20x/18.06/build_dir/target-arm-linux-gnueabihf_glibc/linux-sstar_ssd20x/linux-4.9.84/net/ipv4/netfilter/nf_log_ipv4.ko /media/gwind/windcode/openwrt-ssd20x/18.06/build_dir/target-arm-linux-gnueabihf_glibc/linux-sstar_ssd20x/linux-4.9.84/net/netfilter/xt_TCPMSS.ko /media/gwind/windcode/openwrt-ssd20x/18.06/build_dir/target-arm-linux-gnueabihf_glibc/linux-sstar_ssd20x/linux-4.9.84/net/ipv4/netfilter/ipt_REJECT.ko /media/gwind/windcode/openwrt-ssd20x/18.06/build_dir/target-arm-linux-gnueabihf_glibc/linux-sstar_ssd20x/linux-4.9.84/net/netfilter/xt_time.ko /media/gwind/windcode/openwrt-ssd20x/18.06/build_dir/target-arm-linux-gnueabihf_glibc/linux-sstar_ssd20x/linux-4.9.84/net/netfilter/xt_mark.ko; do if grep -q "${mod##/media/gwind/windcode/openwrt-ssd20x/18.06/build_dir/target-arm-linux-gnueabihf_glibc/linux-sstar_ssd20x/linux-4.9.84/}" "/media/gwind/windcode/openwrt-ssd20x/18.06/build_dir/target-arm-linux-gnueabihf_glibc/linux-sstar_ssd20x/linux-4.9.84/modules.builtin"; then echo "NOTICE: module '$mod' is built-in."; elif [ -e $mod ]; then mkdir -p /media/gwind/windcode/openwrt-ssd20x/18.06/build_dir/target-arm-linux-gnueabihf_glibc/linux-sstar_ssd20x/packages/.pkgdir/kmod-ipt-core/lib/modules/4.9.84 ; cp -fpR -L $mod /media/gwind/windcode/openwrt-ssd20x/18.06/build_dir/target-arm-linux-gnueabihf_glibc/linux-sstar_ssd20x/packages/.pkgdir/kmod-ipt-core/lib/modules/4.9.84/ ; else echo "ERROR: module '$mod' is missing." >&2; exit 1; fi; done;
mkdir -p /media/gwind/windcode/openwrt-ssd20x/18.06/build_dir/target-arm-linux-gnueabihf_glibc/linux-sstar_ssd20x/packages/.pkgdir/kmod-ipt-core/etc/modules.d; ( echo "xt_tcpudp";   echo "iptable_filter";   echo "iptable_mangle";   echo "xt_limit";   echo "xt_mac";   echo "xt_multiport";   echo "xt_comment";   echo "xt_LOG";   echo "nf_log_common";   echo "nf_log_ipv4";   echo "xt_TCPMSS";   echo "ipt_REJECT";   echo "xt_time";   echo "xt_mark"; ) > /media/gwind/windcode/openwrt-ssd20x/18.06/build_dir/target-arm-linux-gnueabihf_glibc/linux-sstar_ssd20x/packages/.pkgdir/kmod-ipt-core/etc/modules.d/ipt-core; 


touch /media/gwind/windcode/openwrt-ssd20x/18.06/build_dir/target-arm-linux-gnueabihf_glibc/linux-sstar_ssd20x/packages/.pkgdir/kmod-ipt-core.installed
rm -rf /media/gwind/windcode/openwrt-ssd20x/18.06/build_dir/target-arm-linux-gnueabihf_glibc/linux-sstar_ssd20x/packages/.pkgdir/kmod-nf-conntrack.installed /media/gwind/windcode/openwrt-ssd20x/18.06/build_dir/target-arm-linux-gnueabihf_glibc/linux-sstar_ssd20x/packages/.pkgdir/kmod-nf-conntrack
mkdir -p /media/gwind/windcode/openwrt-ssd20x/18.06/build_dir/target-arm-linux-gnueabihf_glibc/linux-sstar_ssd20x/packages/.pkgdir/kmod-nf-conntrack
for mod in /media/gwind/windcode/openwrt-ssd20x/18.06/build_dir/target-arm-linux-gnueabihf_glibc/linux-sstar_ssd20x/linux-4.9.84/net/netfilter/nf_conntrack.ko /media/gwind/windcode/openwrt-ssd20x/18.06/build_dir/target-arm-linux-gnueabihf_glibc/linux-sstar_ssd20x/linux-4.9.84/net/ipv4/netfilter/nf_defrag_ipv4.ko /media/gwind/windcode/openwrt-ssd20x/18.06/build_dir/target-arm-linux-gnueabihf_glibc/linux-sstar_ssd20x/linux-4.9.84/net/ipv4/netfilter/nf_conntrack_ipv4.ko; do if grep -q "${mod##/media/gwind/windcode/openwrt-ssd20x/18.06/build_dir/target-arm-linux-gnueabihf_glibc/linux-sstar_ssd20x/linux-4.9.84/}" "/media/gwind/windcode/openwrt-ssd20x/18.06/build_dir/target-arm-linux-gnueabihf_glibc/linux-sstar_ssd20x/linux-4.9.84/modules.builtin"; then echo "NOTICE: module '$mod' is built-in."; elif [ -e $mod ]; then mkdir -p /media/gwind/windcode/openwrt-ssd20x/18.06/build_dir/target-arm-linux-gnueabihf_glibc/linux-sstar_ssd20x/packages/.pkgdir/kmod-nf-conntrack/lib/modules/4.9.84 ; cp -fpR -L $mod /media/gwind/windcode/openwrt-ssd20x/18.06/build_dir/target-arm-linux-gnueabihf_glibc/linux-sstar_ssd20x/packages/.pkgdir/kmod-nf-conntrack/lib/modules/4.9.84/ ; else echo "ERROR: module '$mod' is missing." >&2; exit 1; fi; done;
mkdir -p /media/gwind/windcode/openwrt-ssd20x/18.06/build_dir/target-arm-linux-gnueabihf_glibc/linux-sstar_ssd20x/packages/.pkgdir/kmod-nf-conntrack/etc/modules.d; ( echo "nf_conntrack";   echo "nf_defrag_ipv4";   echo "nf_conntrack_ipv4"; ) > /media/gwind/windcode/openwrt-ssd20x/18.06/build_dir/target-arm-linux-gnueabihf_glibc/linux-sstar_ssd20x/packages/.pkgdir/kmod-nf-conntrack/etc/modules.d/nf-conntrack; 
install -d -m0755 /media/gwind/windcode/openwrt-ssd20x/18.06/build_dir/target-arm-linux-gnueabihf_glibc/linux-sstar_ssd20x/packages/.pkgdir/kmod-nf-conntrack/etc/sysctl.d
install -m0644 ./files/sysctl-nf-conntrack.conf /media/gwind/windcode/openwrt-ssd20x/18.06/build_dir/target-arm-linux-gnueabihf_glibc/linux-sstar_ssd20x/packages/.pkgdir/kmod-nf-conntrack/etc/sysctl.d/11-nf-conntrack.conf

touch /media/gwind/windcode/openwrt-ssd20x/18.06/build_dir/target-arm-linux-gnueabihf_glibc/linux-sstar_ssd20x/packages/.pkgdir/kmod-nf-conntrack.installed
rm -rf /media/gwind/windcode/openwrt-ssd20x/18.06/build_dir/target-arm-linux-gnueabihf_glibc/linux-sstar_ssd20x/packages/.pkgdir/kmod-nf-conntrack6.installed /media/gwind/windcode/openwrt-ssd20x/18.06/build_dir/target-arm-linux-gnueabihf_glibc/linux-sstar_ssd20x/packages/.pkgdir/kmod-nf-conntrack6
mkdir -p /media/gwind/windcode/openwrt-ssd20x/18.06/build_dir/target-arm-linux-gnueabihf_glibc/linux-sstar_ssd20x/packages/.pkgdir/kmod-nf-conntrack6
for mod in /media/gwind/windcode/openwrt-ssd20x/18.06/build_dir/target-arm-linux-gnueabihf_glibc/linux-sstar_ssd20x/linux-4.9.84/net/ipv6/netfilter/nf_defrag_ipv6.ko /media/gwind/windcode/openwrt-ssd20x/18.06/build_dir/target-arm-linux-gnueabihf_glibc/linux-sstar_ssd20x/linux-4.9.84/net/ipv6/netfilter/nf_conntrack_ipv6.ko; do if grep -q "${mod##/media/gwind/windcode/openwrt-ssd20x/18.06/build_dir/target-arm-linux-gnueabihf_glibc/linux-sstar_ssd20x/linux-4.9.84/}" "/media/gwind/windcode/openwrt-ssd20x/18.06/build_dir/target-arm-linux-gnueabihf_glibc/linux-sstar_ssd20x/linux-4.9.84/modules.builtin"; then echo "NOTICE: module '$mod' is built-in."; elif [ -e $mod ]; then mkdir -p /media/gwind/windcode/openwrt-ssd20x/18.06/build_dir/target-arm-linux-gnueabihf_glibc/linux-sstar_ssd20x/packages/.pkgdir/kmod-nf-conntrack6/lib/modules/4.9.84 ; cp -fpR -L $mod /media/gwind/windcode/openwrt-ssd20x/18.06/build_dir/target-arm-linux-gnueabihf_glibc/linux-sstar_ssd20x/packages/.pkgdir/kmod-nf-conntrack6/lib/modules/4.9.84/ ; else echo "ERROR: module '$mod' is missing." >&2; exit 1; fi; done;
mkdir -p /media/gwind/windcode/openwrt-ssd20x/18.06/build_dir/target-arm-linux-gnueabihf_glibc/linux-sstar_ssd20x/packages/.pkgdir/kmod-nf-conntrack6/etc/modules.d; ( echo "nf_defrag_ipv6";   echo "nf_conntrack_ipv6"; ) > /media/gwind/windcode/openwrt-ssd20x/18.06/build_dir/target-arm-linux-gnueabihf_glibc/linux-sstar_ssd20x/packages/.pkgdir/kmod-nf-conntrack6/etc/modules.d/nf-conntrack6; 


touch /media/gwind/windcode/openwrt-ssd20x/18.06/build_dir/target-arm-linux-gnueabihf_glibc/linux-sstar_ssd20x/packages/.pkgdir/kmod-nf-conntrack6.installed
rm -rf /media/gwind/windcode/openwrt-ssd20x/18.06/build_dir/target-arm-linux-gnueabihf_glibc/linux-sstar_ssd20x/packages/.pkgdir/kmod-nf-nat.installed /media/gwind/windcode/openwrt-ssd20x/18.06/build_dir/target-arm-linux-gnueabihf_glibc/linux-sstar_ssd20x/packages/.pkgdir/kmod-nf-nat
mkdir -p /media/gwind/windcode/openwrt-ssd20x/18.06/build_dir/target-arm-linux-gnueabihf_glibc/linux-sstar_ssd20x/packages/.pkgdir/kmod-nf-nat
for mod in /media/gwind/windcode/openwrt-ssd20x/18.06/build_dir/target-arm-linux-gnueabihf_glibc/linux-sstar_ssd20x/linux-4.9.84/net/netfilter/nf_nat.ko /media/gwind/windcode/openwrt-ssd20x/18.06/build_dir/target-arm-linux-gnueabihf_glibc/linux-sstar_ssd20x/linux-4.9.84/net/netfilter/nf_nat_redirect.ko /media/gwind/windcode/openwrt-ssd20x/18.06/build_dir/target-arm-linux-gnueabihf_glibc/linux-sstar_ssd20x/linux-4.9.84/net/ipv4/netfilter/nf_nat_ipv4.ko /media/gwind/windcode/openwrt-ssd20x/18.06/build_dir/target-arm-linux-gnueabihf_glibc/linux-sstar_ssd20x/linux-4.9.84/net/ipv4/netfilter/nf_nat_masquerade_ipv4.ko; do if grep -q "${mod##/media/gwind/windcode/openwrt-ssd20x/18.06/build_dir/target-arm-linux-gnueabihf_glibc/linux-sstar_ssd20x/linux-4.9.84/}" "/media/gwind/windcode/openwrt-ssd20x/18.06/build_dir/target-arm-linux-gnueabihf_glibc/linux-sstar_ssd20x/linux-4.9.84/modules.builtin"; then echo "NOTICE: module '$mod' is built-in."; elif [ -e $mod ]; then mkdir -p /media/gwind/windcode/openwrt-ssd20x/18.06/build_dir/target-arm-linux-gnueabihf_glibc/linux-sstar_ssd20x/packages/.pkgdir/kmod-nf-nat/lib/modules/4.9.84 ; cp -fpR -L $mod /media/gwind/windcode/openwrt-ssd20x/18.06/build_dir/target-arm-linux-gnueabihf_glibc/linux-sstar_ssd20x/packages/.pkgdir/kmod-nf-nat/lib/modules/4.9.84/ ; else echo "ERROR: module '$mod' is missing." >&2; exit 1; fi; done;
mkdir -p /media/gwind/windcode/openwrt-ssd20x/18.06/build_dir/target-arm-linux-gnueabihf_glibc/linux-sstar_ssd20x/packages/.pkgdir/kmod-nf-nat/etc/modules.d; ( echo "nf_nat";   echo "nf_nat_redirect";   echo "nf_nat_ipv4";   echo "nf_nat_masquerade_ipv4"; ) > /media/gwind/windcode/openwrt-ssd20x/18.06/build_dir/target-arm-linux-gnueabihf_glibc/linux-sstar_ssd20x/packages/.pkgdir/kmod-nf-nat/etc/modules.d/nf-nat; 


touch /media/gwind/windcode/openwrt-ssd20x/18.06/build_dir/target-arm-linux-gnueabihf_glibc/linux-sstar_ssd20x/packages/.pkgdir/kmod-nf-nat.installed
rm -rf /media/gwind/windcode/openwrt-ssd20x/18.06/build_dir/target-arm-linux-gnueabihf_glibc/linux-sstar_ssd20x/packages/.pkgdir/kmod-ipt-conntrack.installed /media/gwind/windcode/openwrt-ssd20x/18.06/build_dir/target-arm-linux-gnueabihf_glibc/linux-sstar_ssd20x/packages/.pkgdir/kmod-ipt-conntrack
mkdir -p /media/gwind/windcode/openwrt-ssd20x/18.06/build_dir/target-arm-linux-gnueabihf_glibc/linux-sstar_ssd20x/packages/.pkgdir/kmod-ipt-conntrack
for mod in /media/gwind/windcode/openwrt-ssd20x/18.06/build_dir/target-arm-linux-gnueabihf_glibc/linux-sstar_ssd20x/linux-4.9.84/net/netfilter/xt_state.ko /media/gwind/windcode/openwrt-ssd20x/18.06/build_dir/target-arm-linux-gnueabihf_glibc/linux-sstar_ssd20x/linux-4.9.84/net/netfilter/xt_conntrack.ko; do if grep -q "${mod##/media/gwind/windcode/openwrt-ssd20x/18.06/build_dir/target-arm-linux-gnueabihf_glibc/linux-sstar_ssd20x/linux-4.9.84/}" "/media/gwind/windcode/openwrt-ssd20x/18.06/build_dir/target-arm-linux-gnueabihf_glibc/linux-sstar_ssd20x/linux-4.9.84/modules.builtin"; then echo "NOTICE: module '$mod' is built-in."; elif [ -e $mod ]; then mkdir -p /media/gwind/windcode/openwrt-ssd20x/18.06/build_dir/target-arm-linux-gnueabihf_glibc/linux-sstar_ssd20x/packages/.pkgdir/kmod-ipt-conntrack/lib/modules/4.9.84 ; cp -fpR -L $mod /media/gwind/windcode/openwrt-ssd20x/18.06/build_dir/target-arm-linux-gnueabihf_glibc/linux-sstar_ssd20x/packages/.pkgdir/kmod-ipt-conntrack/lib/modules/4.9.84/ ; else echo "ERROR: module '$mod' is missing." >&2; exit 1; fi; done;
mkdir -p /media/gwind/windcode/openwrt-ssd20x/18.06/build_dir/target-arm-linux-gnueabihf_glibc/linux-sstar_ssd20x/packages/.pkgdir/kmod-ipt-conntrack/etc/modules.d; ( echo "xt_state";   echo "xt_conntrack"; ) > /media/gwind/windcode/openwrt-ssd20x/18.06/build_dir/target-arm-linux-gnueabihf_glibc/linux-sstar_ssd20x/packages/.pkgdir/kmod-ipt-conntrack/etc/modules.d/ipt-conntrack; 


touch /media/gwind/windcode/openwrt-ssd20x/18.06/build_dir/target-arm-linux-gnueabihf_glibc/linux-sstar_ssd20x/packages/.pkgdir/kmod-ipt-conntrack.installed
rm -rf /media/gwind/windcode/openwrt-ssd20x/18.06/build_dir/target-arm-linux-gnueabihf_glibc/linux-sstar_ssd20x/packages/.pkgdir/kmod-ipt-nat.installed /media/gwind/windcode/openwrt-ssd20x/18.06/build_dir/target-arm-linux-gnueabihf_glibc/linux-sstar_ssd20x/packages/.pkgdir/kmod-ipt-nat
mkdir -p /media/gwind/windcode/openwrt-ssd20x/18.06/build_dir/target-arm-linux-gnueabihf_glibc/linux-sstar_ssd20x/packages/.pkgdir/kmod-ipt-nat
for mod in /media/gwind/windcode/openwrt-ssd20x/18.06/build_dir/target-arm-linux-gnueabihf_glibc/linux-sstar_ssd20x/linux-4.9.84/net/netfilter/xt_nat.ko /media/gwind/windcode/openwrt-ssd20x/18.06/build_dir/target-arm-linux-gnueabihf_glibc/linux-sstar_ssd20x/linux-4.9.84/net/ipv4/netfilter/iptable_nat.ko /media/gwind/windcode/openwrt-ssd20x/18.06/build_dir/target-arm-linux-gnueabihf_glibc/linux-sstar_ssd20x/linux-4.9.84/net/ipv4/netfilter/ipt_MASQUERADE.ko /media/gwind/windcode/openwrt-ssd20x/18.06/build_dir/target-arm-linux-gnueabihf_glibc/linux-sstar_ssd20x/linux-4.9.84/net/netfilter/xt_REDIRECT.ko; do if grep -q "${mod##/media/gwind/windcode/openwrt-ssd20x/18.06/build_dir/target-arm-linux-gnueabihf_glibc/linux-sstar_ssd20x/linux-4.9.84/}" "/media/gwind/windcode/openwrt-ssd20x/18.06/build_dir/target-arm-linux-gnueabihf_glibc/linux-sstar_ssd20x/linux-4.9.84/modules.builtin"; then echo "NOTICE: module '$mod' is built-in."; elif [ -e $mod ]; then mkdir -p /media/gwind/windcode/openwrt-ssd20x/18.06/build_dir/target-arm-linux-gnueabihf_glibc/linux-sstar_ssd20x/packages/.pkgdir/kmod-ipt-nat/lib/modules/4.9.84 ; cp -fpR -L $mod /media/gwind/windcode/openwrt-ssd20x/18.06/build_dir/target-arm-linux-gnueabihf_glibc/linux-sstar_ssd20x/packages/.pkgdir/kmod-ipt-nat/lib/modules/4.9.84/ ; else echo "ERROR: module '$mod' is missing." >&2; exit 1; fi; done;
mkdir -p /media/gwind/windcode/openwrt-ssd20x/18.06/build_dir/target-arm-linux-gnueabihf_glibc/linux-sstar_ssd20x/packages/.pkgdir/kmod-ipt-nat/etc/modules.d; ( echo "xt_nat";   echo "iptable_nat";   echo "ipt_MASQUERADE";   echo "xt_REDIRECT"; ) > /media/gwind/windcode/openwrt-ssd20x/18.06/build_dir/target-arm-linux-gnueabihf_glibc/linux-sstar_ssd20x/packages/.pkgdir/kmod-ipt-nat/etc/modules.d/ipt-nat; 


touch /media/gwind/windcode/openwrt-ssd20x/18.06/build_dir/target-arm-linux-gnueabihf_glibc/linux-sstar_ssd20x/packages/.pkgdir/kmod-ipt-nat.installed
rm -rf /media/gwind/windcode/openwrt-ssd20x/18.06/build_dir/target-arm-linux-gnueabihf_glibc/linux-sstar_ssd20x/packages/.pkgdir/kmod-slhc.installed /media/gwind/windcode/openwrt-ssd20x/18.06/build_dir/target-arm-linux-gnueabihf_glibc/linux-sstar_ssd20x/packages/.pkgdir/kmod-slhc
mkdir -p /media/gwind/windcode/openwrt-ssd20x/18.06/build_dir/target-arm-linux-gnueabihf_glibc/linux-sstar_ssd20x/packages/.pkgdir/kmod-slhc
for mod in /media/gwind/windcode/openwrt-ssd20x/18.06/build_dir/target-arm-linux-gnueabihf_glibc/linux-sstar_ssd20x/linux-4.9.84/drivers/net/slip/slhc.ko; do if grep -q "${mod##/media/gwind/windcode/openwrt-ssd20x/18.06/build_dir/target-arm-linux-gnueabihf_glibc/linux-sstar_ssd20x/linux-4.9.84/}" "/media/gwind/windcode/openwrt-ssd20x/18.06/build_dir/target-arm-linux-gnueabihf_glibc/linux-sstar_ssd20x/linux-4.9.84/modules.builtin"; then echo "NOTICE: module '$mod' is built-in."; elif [ -e $mod ]; then mkdir -p /media/gwind/windcode/openwrt-ssd20x/18.06/build_dir/target-arm-linux-gnueabihf_glibc/linux-sstar_ssd20x/packages/.pkgdir/kmod-slhc/lib/modules/4.9.84 ; cp -fpR -L $mod /media/gwind/windcode/openwrt-ssd20x/18.06/build_dir/target-arm-linux-gnueabihf_glibc/linux-sstar_ssd20x/packages/.pkgdir/kmod-slhc/lib/modules/4.9.84/ ; else echo "ERROR: module '$mod' is missing." >&2; exit 1; fi; done;



touch /media/gwind/windcode/openwrt-ssd20x/18.06/build_dir/target-arm-linux-gnueabihf_glibc/linux-sstar_ssd20x/packages/.pkgdir/kmod-slhc.installed
rm -rf /media/gwind/windcode/openwrt-ssd20x/18.06/build_dir/target-arm-linux-gnueabihf_glibc/linux-sstar_ssd20x/packages/.pkgdir/kmod-ppp.installed /media/gwind/windcode/openwrt-ssd20x/18.06/build_dir/target-arm-linux-gnueabihf_glibc/linux-sstar_ssd20x/packages/.pkgdir/kmod-ppp
mkdir -p /media/gwind/windcode/openwrt-ssd20x/18.06/build_dir/target-arm-linux-gnueabihf_glibc/linux-sstar_ssd20x/packages/.pkgdir/kmod-ppp
for mod in /media/gwind/windcode/openwrt-ssd20x/18.06/build_dir/target-arm-linux-gnueabihf_glibc/linux-sstar_ssd20x/linux-4.9.84/drivers/net/ppp/ppp_async.ko /media/gwind/windcode/openwrt-ssd20x/18.06/build_dir/target-arm-linux-gnueabihf_glibc/linux-sstar_ssd20x/linux-4.9.84/drivers/net/ppp/ppp_generic.ko; do if grep -q "${mod##/media/gwind/windcode/openwrt-ssd20x/18.06/build_dir/target-arm-linux-gnueabihf_glibc/linux-sstar_ssd20x/linux-4.9.84/}" "/media/gwind/windcode/openwrt-ssd20x/18.06/build_dir/target-arm-linux-gnueabihf_glibc/linux-sstar_ssd20x/linux-4.9.84/modules.builtin"; then echo "NOTICE: module '$mod' is built-in."; elif [ -e $mod ]; then mkdir -p /media/gwind/windcode/openwrt-ssd20x/18.06/build_dir/target-arm-linux-gnueabihf_glibc/linux-sstar_ssd20x/packages/.pkgdir/kmod-ppp/lib/modules/4.9.84 ; cp -fpR -L $mod /media/gwind/windcode/openwrt-ssd20x/18.06/build_dir/target-arm-linux-gnueabihf_glibc/linux-sstar_ssd20x/packages/.pkgdir/kmod-ppp/lib/modules/4.9.84/ ; else echo "ERROR: module '$mod' is missing." >&2; exit 1; fi; done;
mkdir -p /media/gwind/windcode/openwrt-ssd20x/18.06/build_dir/target-arm-linux-gnueabihf_glibc/linux-sstar_ssd20x/packages/.pkgdir/kmod-ppp/etc/modules.d; ( echo "ppp_async"; ) > /media/gwind/windcode/openwrt-ssd20x/18.06/build_dir/target-arm-linux-gnueabihf_glibc/linux-sstar_ssd20x/packages/.pkgdir/kmod-ppp/etc/modules.d/ppp; 


touch /media/gwind/windcode/openwrt-ssd20x/18.06/build_dir/target-arm-linux-gnueabihf_glibc/linux-sstar_ssd20x/packages/.pkgdir/kmod-ppp.installed
rm -rf /media/gwind/windcode/openwrt-ssd20x/18.06/build_dir/target-arm-linux-gnueabihf_glibc/linux-sstar_ssd20x/packages/.pkgdir/kmod-nls-base.installed /media/gwind/windcode/openwrt-ssd20x/18.06/build_dir/target-arm-linux-gnueabihf_glibc/linux-sstar_ssd20x/packages/.pkgdir/kmod-nls-base
mkdir -p /media/gwind/windcode/openwrt-ssd20x/18.06/build_dir/target-arm-linux-gnueabihf_glibc/linux-sstar_ssd20x/packages/.pkgdir/kmod-nls-base
for mod in /media/gwind/windcode/openwrt-ssd20x/18.06/build_dir/target-arm-linux-gnueabihf_glibc/linux-sstar_ssd20x/linux-4.9.84/fs/nls/nls_base.ko; do if grep -q "${mod##/media/gwind/windcode/openwrt-ssd20x/18.06/build_dir/target-arm-linux-gnueabihf_glibc/linux-sstar_ssd20x/linux-4.9.84/}" "/media/gwind/windcode/openwrt-ssd20x/18.06/build_dir/target-arm-linux-gnueabihf_glibc/linux-sstar_ssd20x/linux-4.9.84/modules.builtin"; then echo "NOTICE: module '$mod' is built-in."; elif [ -e $mod ]; then mkdir -p /media/gwind/windcode/openwrt-ssd20x/18.06/build_dir/target-arm-linux-gnueabihf_glibc/linux-sstar_ssd20x/packages/.pkgdir/kmod-nls-base/lib/modules/4.9.84 ; cp -fpR -L $mod /media/gwind/windcode/openwrt-ssd20x/18.06/build_dir/target-arm-linux-gnueabihf_glibc/linux-sstar_ssd20x/packages/.pkgdir/kmod-nls-base/lib/modules/4.9.84/ ; else echo "ERROR: module '$mod' is missing." >&2; exit 1; fi; done;



touch /media/gwind/windcode/openwrt-ssd20x/18.06/build_dir/target-arm-linux-gnueabihf_glibc/linux-sstar_ssd20x/packages/.pkgdir/kmod-nls-base.installed
NOTICE: module '/media/gwind/windcode/openwrt-ssd20x/18.06/build_dir/target-arm-linux-gnueabihf_glibc/linux-sstar_ssd20x/linux-4.9.84/fs/nls/nls_base.ko' is built-in.
rm -rf /media/gwind/windcode/openwrt-ssd20x/18.06/build_dir/target-arm-linux-gnueabihf_glibc/linux-sstar_ssd20x/packages/.pkgdir/kmod-nls-cp437.installed /media/gwind/windcode/openwrt-ssd20x/18.06/build_dir/target-arm-linux-gnueabihf_glibc/linux-sstar_ssd20x/packages/.pkgdir/kmod-nls-cp437
mkdir -p /media/gwind/windcode/openwrt-ssd20x/18.06/build_dir/target-arm-linux-gnueabihf_glibc/linux-sstar_ssd20x/packages/.pkgdir/kmod-nls-cp437
for mod in /media/gwind/windcode/openwrt-ssd20x/18.06/build_dir/target-arm-linux-gnueabihf_glibc/linux-sstar_ssd20x/linux-4.9.84/fs/nls/nls_cp437.ko; do if grep -q "${mod##/media/gwind/windcode/openwrt-ssd20x/18.06/build_dir/target-arm-linux-gnueabihf_glibc/linux-sstar_ssd20x/linux-4.9.84/}" "/media/gwind/windcode/openwrt-ssd20x/18.06/build_dir/target-arm-linux-gnueabihf_glibc/linux-sstar_ssd20x/linux-4.9.84/modules.builtin"; then echo "NOTICE: module '$mod' is built-in."; elif [ -e $mod ]; then mkdir -p /media/gwind/windcode/openwrt-ssd20x/18.06/build_dir/target-arm-linux-gnueabihf_glibc/linux-sstar_ssd20x/packages/.pkgdir/kmod-nls-cp437/lib/modules/4.9.84 ; cp -fpR -L $mod /media/gwind/windcode/openwrt-ssd20x/18.06/build_dir/target-arm-linux-gnueabihf_glibc/linux-sstar_ssd20x/packages/.pkgdir/kmod-nls-cp437/lib/modules/4.9.84/ ; else echo "ERROR: module '$mod' is missing." >&2; exit 1; fi; done;
mkdir -p /media/gwind/windcode/openwrt-ssd20x/18.06/build_dir/target-arm-linux-gnueabihf_glibc/linux-sstar_ssd20x/packages/.pkgdir/kmod-nls-cp437/etc/modules.d; ( echo "nls_cp437"; ) > /media/gwind/windcode/openwrt-ssd20x/18.06/build_dir/target-arm-linux-gnueabihf_glibc/linux-sstar_ssd20x/packages/.pkgdir/kmod-nls-cp437/etc/modules.d/25-nls-cp437; 


touch /media/gwind/windcode/openwrt-ssd20x/18.06/build_dir/target-arm-linux-gnueabihf_glibc/linux-sstar_ssd20x/packages/.pkgdir/kmod-nls-cp437.installed
NOTICE: module '/media/gwind/windcode/openwrt-ssd20x/18.06/build_dir/target-arm-linux-gnueabihf_glibc/linux-sstar_ssd20x/linux-4.9.84/fs/nls/nls_cp437.ko' is built-in.
rm -rf /media/gwind/windcode/openwrt-ssd20x/18.06/build_dir/target-arm-linux-gnueabihf_glibc/linux-sstar_ssd20x/packages/.pkgdir/kmod-nls-iso8859-1.installed /media/gwind/windcode/openwrt-ssd20x/18.06/build_dir/target-arm-linux-gnueabihf_glibc/linux-sstar_ssd20x/packages/.pkgdir/kmod-nls-iso8859-1
mkdir -p /media/gwind/windcode/openwrt-ssd20x/18.06/build_dir/target-arm-linux-gnueabihf_glibc/linux-sstar_ssd20x/packages/.pkgdir/kmod-nls-iso8859-1
for mod in /media/gwind/windcode/openwrt-ssd20x/18.06/build_dir/target-arm-linux-gnueabihf_glibc/linux-sstar_ssd20x/linux-4.9.84/fs/nls/nls_iso8859-1.ko; do if grep -q "${mod##/media/gwind/windcode/openwrt-ssd20x/18.06/build_dir/target-arm-linux-gnueabihf_glibc/linux-sstar_ssd20x/linux-4.9.84/}" "/media/gwind/windcode/openwrt-ssd20x/18.06/build_dir/target-arm-linux-gnueabihf_glibc/linux-sstar_ssd20x/linux-4.9.84/modules.builtin"; then echo "NOTICE: module '$mod' is built-in."; elif [ -e $mod ]; then mkdir -p /media/gwind/windcode/openwrt-ssd20x/18.06/build_dir/target-arm-linux-gnueabihf_glibc/linux-sstar_ssd20x/packages/.pkgdir/kmod-nls-iso8859-1/lib/modules/4.9.84 ; cp -fpR -L $mod /media/gwind/windcode/openwrt-ssd20x/18.06/build_dir/target-arm-linux-gnueabihf_glibc/linux-sstar_ssd20x/packages/.pkgdir/kmod-nls-iso8859-1/lib/modules/4.9.84/ ; else echo "ERROR: module '$mod' is missing." >&2; exit 1; fi; done;
mkdir -p /media/gwind/windcode/openwrt-ssd20x/18.06/build_dir/target-arm-linux-gnueabihf_glibc/linux-sstar_ssd20x/packages/.pkgdir/kmod-nls-iso8859-1/etc/modules.d; ( echo "nls_iso8859-1"; ) > /media/gwind/windcode/openwrt-ssd20x/18.06/build_dir/target-arm-linux-gnueabihf_glibc/linux-sstar_ssd20x/packages/.pkgdir/kmod-nls-iso8859-1/etc/modules.d/25-nls-iso8859-1; 


touch /media/gwind/windcode/openwrt-ssd20x/18.06/build_dir/target-arm-linux-gnueabihf_glibc/linux-sstar_ssd20x/packages/.pkgdir/kmod-nls-iso8859-1.installed
NOTICE: module '/media/gwind/windcode/openwrt-ssd20x/18.06/build_dir/target-arm-linux-gnueabihf_glibc/linux-sstar_ssd20x/linux-4.9.84/fs/nls/nls_iso8859-1.ko' is built-in.
rm -rf /media/gwind/windcode/openwrt-ssd20x/18.06/build_dir/target-arm-linux-gnueabihf_glibc/linux-sstar_ssd20x/packages/.pkgdir/kmod-nls-utf8.installed /media/gwind/windcode/openwrt-ssd20x/18.06/build_dir/target-arm-linux-gnueabihf_glibc/linux-sstar_ssd20x/packages/.pkgdir/kmod-nls-utf8
mkdir -p /media/gwind/windcode/openwrt-ssd20x/18.06/build_dir/target-arm-linux-gnueabihf_glibc/linux-sstar_ssd20x/packages/.pkgdir/kmod-nls-utf8
for mod in /media/gwind/windcode/openwrt-ssd20x/18.06/build_dir/target-arm-linux-gnueabihf_glibc/linux-sstar_ssd20x/linux-4.9.84/fs/nls/nls_utf8.ko; do if grep -q "${mod##/media/gwind/windcode/openwrt-ssd20x/18.06/build_dir/target-arm-linux-gnueabihf_glibc/linux-sstar_ssd20x/linux-4.9.84/}" "/media/gwind/windcode/openwrt-ssd20x/18.06/build_dir/target-arm-linux-gnueabihf_glibc/linux-sstar_ssd20x/linux-4.9.84/modules.builtin"; then echo "NOTICE: module '$mod' is built-in."; elif [ -e $mod ]; then mkdir -p /media/gwind/windcode/openwrt-ssd20x/18.06/build_dir/target-arm-linux-gnueabihf_glibc/linux-sstar_ssd20x/packages/.pkgdir/kmod-nls-utf8/lib/modules/4.9.84 ; cp -fpR -L $mod /media/gwind/windcode/openwrt-ssd20x/18.06/build_dir/target-arm-linux-gnueabihf_glibc/linux-sstar_ssd20x/packages/.pkgdir/kmod-nls-utf8/lib/modules/4.9.84/ ; else echo "ERROR: module '$mod' is missing." >&2; exit 1; fi; done;
mkdir -p /media/gwind/windcode/openwrt-ssd20x/18.06/build_dir/target-arm-linux-gnueabihf_glibc/linux-sstar_ssd20x/packages/.pkgdir/kmod-nls-utf8/etc/modules.d; ( echo "nls_utf8"; ) > /media/gwind/windcode/openwrt-ssd20x/18.06/build_dir/target-arm-linux-gnueabihf_glibc/linux-sstar_ssd20x/packages/.pkgdir/kmod-nls-utf8/etc/modules.d/25-nls-utf8; 


touch /media/gwind/windcode/openwrt-ssd20x/18.06/build_dir/target-arm-linux-gnueabihf_glibc/linux-sstar_ssd20x/packages/.pkgdir/kmod-nls-utf8.installed
rm -rf /media/gwind/windcode/openwrt-ssd20x/18.06/build_dir/target-arm-linux-gnueabihf_glibc/linux-sstar_ssd20x/packages/.pkgdir/kmod-mmc.installed /media/gwind/windcode/openwrt-ssd20x/18.06/build_dir/target-arm-linux-gnueabihf_glibc/linux-sstar_ssd20x/packages/.pkgdir/kmod-mmc
mkdir -p /media/gwind/windcode/openwrt-ssd20x/18.06/build_dir/target-arm-linux-gnueabihf_glibc/linux-sstar_ssd20x/packages/.pkgdir/kmod-mmc
for mod in /media/gwind/windcode/openwrt-ssd20x/18.06/build_dir/target-arm-linux-gnueabihf_glibc/linux-sstar_ssd20x/linux-4.9.84/drivers/mmc/core/mmc_core.ko /media/gwind/windcode/openwrt-ssd20x/18.06/build_dir/target-arm-linux-gnueabihf_glibc/linux-sstar_ssd20x/linux-4.9.84/drivers/mmc/card/mmc_block.ko; do if grep -q "${mod##/media/gwind/windcode/openwrt-ssd20x/18.06/build_dir/target-arm-linux-gnueabihf_glibc/linux-sstar_ssd20x/linux-4.9.84/}" "/media/gwind/windcode/openwrt-ssd20x/18.06/build_dir/target-arm-linux-gnueabihf_glibc/linux-sstar_ssd20x/linux-4.9.84/modules.builtin"; then echo "NOTICE: module '$mod' is built-in."; elif [ -e $mod ]; then mkdir -p /media/gwind/windcode/openwrt-ssd20x/18.06/build_dir/target-arm-linux-gnueabihf_glibc/linux-sstar_ssd20x/packages/.pkgdir/kmod-mmc/lib/modules/4.9.84 ; cp -fpR -L $mod /media/gwind/windcode/openwrt-ssd20x/18.06/build_dir/target-arm-linux-gnueabihf_glibc/linux-sstar_ssd20x/packages/.pkgdir/kmod-mmc/lib/modules/4.9.84/ ; else echo "ERROR: module '$mod' is missing." >&2; exit 1; fi; done;
mkdir -p /media/gwind/windcode/openwrt-ssd20x/18.06/build_dir/target-arm-linux-gnueabihf_glibc/linux-sstar_ssd20x/packages/.pkgdir/kmod-mmc/etc/modules.d; ( echo "mmc_core";   echo "mmc_block"; ) > /media/gwind/windcode/openwrt-ssd20x/18.06/build_dir/target-arm-linux-gnueabihf_glibc/linux-sstar_ssd20x/packages/.pkgdir/kmod-mmc/etc/modules.d/mmc;  mkdir -p /media/gwind/windcode/openwrt-ssd20x/18.06/build_dir/target-arm-linux-gnueabihf_glibc/linux-sstar_ssd20x/packages/.pkgdir/kmod-mmc/etc/modules-boot.d; ln -sf ../modules.d/mmc /media/gwind/windcode/openwrt-ssd20x/18.06/build_dir/target-arm-linux-gnueabihf_glibc/linux-sstar_ssd20x/packages/.pkgdir/kmod-mmc/etc/modules-boot.d/;


touch /media/gwind/windcode/openwrt-ssd20x/18.06/build_dir/target-arm-linux-gnueabihf_glibc/linux-sstar_ssd20x/packages/.pkgdir/kmod-mmc.installed
rm -rf /media/gwind/windcode/openwrt-ssd20x/18.06/build_dir/target-arm-linux-gnueabihf_glibc/linux-sstar_ssd20x/packages/.pkgdir/kmod-zram.installed /media/gwind/windcode/openwrt-ssd20x/18.06/build_dir/target-arm-linux-gnueabihf_glibc/linux-sstar_ssd20x/packages/.pkgdir/kmod-zram
mkdir -p /media/gwind/windcode/openwrt-ssd20x/18.06/build_dir/target-arm-linux-gnueabihf_glibc/linux-sstar_ssd20x/packages/.pkgdir/kmod-zram
for mod in /media/gwind/windcode/openwrt-ssd20x/18.06/build_dir/target-arm-linux-gnueabihf_glibc/linux-sstar_ssd20x/linux-4.9.84/mm/zsmalloc.ko /media/gwind/windcode/openwrt-ssd20x/18.06/build_dir/target-arm-linux-gnueabihf_glibc/linux-sstar_ssd20x/linux-4.9.84/drivers/block/zram/zram.ko; do if grep -q "${mod##/media/gwind/windcode/openwrt-ssd20x/18.06/build_dir/target-arm-linux-gnueabihf_glibc/linux-sstar_ssd20x/linux-4.9.84/}" "/media/gwind/windcode/openwrt-ssd20x/18.06/build_dir/target-arm-linux-gnueabihf_glibc/linux-sstar_ssd20x/linux-4.9.84/modules.builtin"; then echo "NOTICE: module '$mod' is built-in."; elif [ -e $mod ]; then mkdir -p /media/gwind/windcode/openwrt-ssd20x/18.06/build_dir/target-arm-linux-gnueabihf_glibc/linux-sstar_ssd20x/packages/.pkgdir/kmod-zram/lib/modules/4.9.84 ; cp -fpR -L $mod /media/gwind/windcode/openwrt-ssd20x/18.06/build_dir/target-arm-linux-gnueabihf_glibc/linux-sstar_ssd20x/packages/.pkgdir/kmod-zram/lib/modules/4.9.84/ ; else echo "ERROR: module '$mod' is missing." >&2; exit 1; fi; done;
mkdir -p /media/gwind/windcode/openwrt-ssd20x/18.06/build_dir/target-arm-linux-gnueabihf_glibc/linux-sstar_ssd20x/packages/.pkgdir/kmod-zram/etc/modules.d; ( echo "zsmalloc";   echo "zram"; ) > /media/gwind/windcode/openwrt-ssd20x/18.06/build_dir/target-arm-linux-gnueabihf_glibc/linux-sstar_ssd20x/packages/.pkgdir/kmod-zram/etc/modules.d/20-zram; 


touch /media/gwind/windcode/openwrt-ssd20x/18.06/build_dir/target-arm-linux-gnueabihf_glibc/linux-sstar_ssd20x/packages/.pkgdir/kmod-zram.installed
rm -rf /media/gwind/windcode/openwrt-ssd20x/18.06/build_dir/target-arm-linux-gnueabihf_glibc/linux-sstar_ssd20x/packages/.pkgdir/kmod-usb-core.installed /media/gwind/windcode/openwrt-ssd20x/18.06/build_dir/target-arm-linux-gnueabihf_glibc/linux-sstar_ssd20x/packages/.pkgdir/kmod-usb-core
mkdir -p /media/gwind/windcode/openwrt-ssd20x/18.06/build_dir/target-arm-linux-gnueabihf_glibc/linux-sstar_ssd20x/packages/.pkgdir/kmod-usb-core
for mod in /media/gwind/windcode/openwrt-ssd20x/18.06/build_dir/target-arm-linux-gnueabihf_glibc/linux-sstar_ssd20x/linux-4.9.84/drivers/usb/core/usbcore.ko /media/gwind/windcode/openwrt-ssd20x/18.06/build_dir/target-arm-linux-gnueabihf_glibc/linux-sstar_ssd20x/linux-4.9.84/drivers/usb/common/usb-common.ko; do if grep -q "${mod##/media/gwind/windcode/openwrt-ssd20x/18.06/build_dir/target-arm-linux-gnueabihf_glibc/linux-sstar_ssd20x/linux-4.9.84/}" "/media/gwind/windcode/openwrt-ssd20x/18.06/build_dir/target-arm-linux-gnueabihf_glibc/linux-sstar_ssd20x/linux-4.9.84/modules.builtin"; then echo "NOTICE: module '$mod' is built-in."; elif [ -e $mod ]; then mkdir -p /media/gwind/windcode/openwrt-ssd20x/18.06/build_dir/target-arm-linux-gnueabihf_glibc/linux-sstar_ssd20x/packages/.pkgdir/kmod-usb-core/lib/modules/4.9.84 ; cp -fpR -L $mod /media/gwind/windcode/openwrt-ssd20x/18.06/build_dir/target-arm-linux-gnueabihf_glibc/linux-sstar_ssd20x/packages/.pkgdir/kmod-usb-core/lib/modules/4.9.84/ ; else echo "ERROR: module '$mod' is missing." >&2; exit 1; fi; done;
mkdir -p /media/gwind/windcode/openwrt-ssd20x/18.06/build_dir/target-arm-linux-gnueabihf_glibc/linux-sstar_ssd20x/packages/.pkgdir/kmod-usb-core/etc/modules.d; ( echo "usb-common";   echo "usbcore"; ) > /media/gwind/windcode/openwrt-ssd20x/18.06/build_dir/target-arm-linux-gnueabihf_glibc/linux-sstar_ssd20x/packages/.pkgdir/kmod-usb-core/etc/modules.d/20-usb-core;  mkdir -p /media/gwind/windcode/openwrt-ssd20x/18.06/build_dir/target-arm-linux-gnueabihf_glibc/linux-sstar_ssd20x/packages/.pkgdir/kmod-usb-core/etc/modules-boot.d; ln -sf ../modules.d/20-usb-core /media/gwind/windcode/openwrt-ssd20x/18.06/build_dir/target-arm-linux-gnueabihf_glibc/linux-sstar_ssd20x/packages/.pkgdir/kmod-usb-core/etc/modules-boot.d/;


touch /media/gwind/windcode/openwrt-ssd20x/18.06/build_dir/target-arm-linux-gnueabihf_glibc/linux-sstar_ssd20x/packages/.pkgdir/kmod-usb-core.installed
NOTICE: module '/media/gwind/windcode/openwrt-ssd20x/18.06/build_dir/target-arm-linux-gnueabihf_glibc/linux-sstar_ssd20x/linux-4.9.84/drivers/usb/core/usbcore.ko' is built-in.
NOTICE: module '/media/gwind/windcode/openwrt-ssd20x/18.06/build_dir/target-arm-linux-gnueabihf_glibc/linux-sstar_ssd20x/linux-4.9.84/drivers/usb/common/usb-common.ko' is built-in.
rm -rf /media/gwind/windcode/openwrt-ssd20x/18.06/build_dir/target-arm-linux-gnueabihf_glibc/linux-sstar_ssd20x/packages/.pkgdir/kmod-usb-serial.installed /media/gwind/windcode/openwrt-ssd20x/18.06/build_dir/target-arm-linux-gnueabihf_glibc/linux-sstar_ssd20x/packages/.pkgdir/kmod-usb-serial
mkdir -p /media/gwind/windcode/openwrt-ssd20x/18.06/build_dir/target-arm-linux-gnueabihf_glibc/linux-sstar_ssd20x/packages/.pkgdir/kmod-usb-serial
for mod in /media/gwind/windcode/openwrt-ssd20x/18.06/build_dir/target-arm-linux-gnueabihf_glibc/linux-sstar_ssd20x/linux-4.9.84/drivers/usb/serial/usbserial.ko; do if grep -q "${mod##/media/gwind/windcode/openwrt-ssd20x/18.06/build_dir/target-arm-linux-gnueabihf_glibc/linux-sstar_ssd20x/linux-4.9.84/}" "/media/gwind/windcode/openwrt-ssd20x/18.06/build_dir/target-arm-linux-gnueabihf_glibc/linux-sstar_ssd20x/linux-4.9.84/modules.builtin"; then echo "NOTICE: module '$mod' is built-in."; elif [ -e $mod ]; then mkdir -p /media/gwind/windcode/openwrt-ssd20x/18.06/build_dir/target-arm-linux-gnueabihf_glibc/linux-sstar_ssd20x/packages/.pkgdir/kmod-usb-serial/lib/modules/4.9.84 ; cp -fpR -L $mod /media/gwind/windcode/openwrt-ssd20x/18.06/build_dir/target-arm-linux-gnueabihf_glibc/linux-sstar_ssd20x/packages/.pkgdir/kmod-usb-serial/lib/modules/4.9.84/ ; else echo "ERROR: module '$mod' is missing." >&2; exit 1; fi; done;
mkdir -p /media/gwind/windcode/openwrt-ssd20x/18.06/build_dir/target-arm-linux-gnueabihf_glibc/linux-sstar_ssd20x/packages/.pkgdir/kmod-usb-serial/etc/modules.d; ( echo "usbserial"; ) > /media/gwind/windcode/openwrt-ssd20x/18.06/build_dir/target-arm-linux-gnueabihf_glibc/linux-sstar_ssd20x/packages/.pkgdir/kmod-usb-serial/etc/modules.d/usb-serial; 


touch /media/gwind/windcode/openwrt-ssd20x/18.06/build_dir/target-arm-linux-gnueabihf_glibc/linux-sstar_ssd20x/packages/.pkgdir/kmod-usb-serial.installed
rm -rf /media/gwind/windcode/openwrt-ssd20x/18.06/build_dir/target-arm-linux-gnueabihf_glibc/linux-sstar_ssd20x/packages/.pkgdir/kmod-usb-serial-wwan.installed /media/gwind/windcode/openwrt-ssd20x/18.06/build_dir/target-arm-linux-gnueabihf_glibc/linux-sstar_ssd20x/packages/.pkgdir/kmod-usb-serial-wwan
mkdir -p /media/gwind/windcode/openwrt-ssd20x/18.06/build_dir/target-arm-linux-gnueabihf_glibc/linux-sstar_ssd20x/packages/.pkgdir/kmod-usb-serial-wwan
for mod in /media/gwind/windcode/openwrt-ssd20x/18.06/build_dir/target-arm-linux-gnueabihf_glibc/linux-sstar_ssd20x/linux-4.9.84/drivers/usb/serial/usb_wwan.ko; do if grep -q "${mod##/media/gwind/windcode/openwrt-ssd20x/18.06/build_dir/target-arm-linux-gnueabihf_glibc/linux-sstar_ssd20x/linux-4.9.84/}" "/media/gwind/windcode/openwrt-ssd20x/18.06/build_dir/target-arm-linux-gnueabihf_glibc/linux-sstar_ssd20x/linux-4.9.84/modules.builtin"; then echo "NOTICE: module '$mod' is built-in."; elif [ -e $mod ]; then mkdir -p /media/gwind/windcode/openwrt-ssd20x/18.06/build_dir/target-arm-linux-gnueabihf_glibc/linux-sstar_ssd20x/packages/.pkgdir/kmod-usb-serial-wwan/lib/modules/4.9.84 ; cp -fpR -L $mod /media/gwind/windcode/openwrt-ssd20x/18.06/build_dir/target-arm-linux-gnueabihf_glibc/linux-sstar_ssd20x/packages/.pkgdir/kmod-usb-serial-wwan/lib/modules/4.9.84/ ; else echo "ERROR: module '$mod' is missing." >&2; exit 1; fi; done;
mkdir -p /media/gwind/windcode/openwrt-ssd20x/18.06/build_dir/target-arm-linux-gnueabihf_glibc/linux-sstar_ssd20x/packages/.pkgdir/kmod-usb-serial-wwan/etc/modules.d; ( echo "usb_wwan"; ) > /media/gwind/windcode/openwrt-ssd20x/18.06/build_dir/target-arm-linux-gnueabihf_glibc/linux-sstar_ssd20x/packages/.pkgdir/kmod-usb-serial-wwan/etc/modules.d/usb-serial-wwan; 


touch /media/gwind/windcode/openwrt-ssd20x/18.06/build_dir/target-arm-linux-gnueabihf_glibc/linux-sstar_ssd20x/packages/.pkgdir/kmod-usb-serial-wwan.installed
rm -rf /media/gwind/windcode/openwrt-ssd20x/18.06/build_dir/target-arm-linux-gnueabihf_glibc/linux-sstar_ssd20x/packages/.pkgdir/kmod-usb-serial-option.installed /media/gwind/windcode/openwrt-ssd20x/18.06/build_dir/target-arm-linux-gnueabihf_glibc/linux-sstar_ssd20x/packages/.pkgdir/kmod-usb-serial-option
mkdir -p /media/gwind/windcode/openwrt-ssd20x/18.06/build_dir/target-arm-linux-gnueabihf_glibc/linux-sstar_ssd20x/packages/.pkgdir/kmod-usb-serial-option
for mod in /media/gwind/windcode/openwrt-ssd20x/18.06/build_dir/target-arm-linux-gnueabihf_glibc/linux-sstar_ssd20x/linux-4.9.84/drivers/usb/serial/option.ko; do if grep -q "${mod##/media/gwind/windcode/openwrt-ssd20x/18.06/build_dir/target-arm-linux-gnueabihf_glibc/linux-sstar_ssd20x/linux-4.9.84/}" "/media/gwind/windcode/openwrt-ssd20x/18.06/build_dir/target-arm-linux-gnueabihf_glibc/linux-sstar_ssd20x/linux-4.9.84/modules.builtin"; then echo "NOTICE: module '$mod' is built-in."; elif [ -e $mod ]; then mkdir -p /media/gwind/windcode/openwrt-ssd20x/18.06/build_dir/target-arm-linux-gnueabihf_glibc/linux-sstar_ssd20x/packages/.pkgdir/kmod-usb-serial-option/lib/modules/4.9.84 ; cp -fpR -L $mod /media/gwind/windcode/openwrt-ssd20x/18.06/build_dir/target-arm-linux-gnueabihf_glibc/linux-sstar_ssd20x/packages/.pkgdir/kmod-usb-serial-option/lib/modules/4.9.84/ ; else echo "ERROR: module '$mod' is missing." >&2; exit 1; fi; done;
mkdir -p /media/gwind/windcode/openwrt-ssd20x/18.06/build_dir/target-arm-linux-gnueabihf_glibc/linux-sstar_ssd20x/packages/.pkgdir/kmod-usb-serial-option/etc/modules.d; ( echo "option"; ) > /media/gwind/windcode/openwrt-ssd20x/18.06/build_dir/target-arm-linux-gnueabihf_glibc/linux-sstar_ssd20x/packages/.pkgdir/kmod-usb-serial-option/etc/modules.d/usb-serial-option; 


touch /media/gwind/windcode/openwrt-ssd20x/18.06/build_dir/target-arm-linux-gnueabihf_glibc/linux-sstar_ssd20x/packages/.pkgdir/kmod-usb-serial-option.installed
rm -rf /media/gwind/windcode/openwrt-ssd20x/18.06/build_dir/target-arm-linux-gnueabihf_glibc/linux-sstar_ssd20x/packages/.pkgdir/kmod-cfg80211-linux.installed /media/gwind/windcode/openwrt-ssd20x/18.06/build_dir/target-arm-linux-gnueabihf_glibc/linux-sstar_ssd20x/packages/.pkgdir/kmod-cfg80211-linux
mkdir -p /media/gwind/windcode/openwrt-ssd20x/18.06/build_dir/target-arm-linux-gnueabihf_glibc/linux-sstar_ssd20x/packages/.pkgdir/kmod-cfg80211-linux
for mod in /media/gwind/windcode/openwrt-ssd20x/18.06/build_dir/target-arm-linux-gnueabihf_glibc/linux-sstar_ssd20x/linux-4.9.84/net/wireless/cfg80211.ko; do if grep -q "${mod##/media/gwind/windcode/openwrt-ssd20x/18.06/build_dir/target-arm-linux-gnueabihf_glibc/linux-sstar_ssd20x/linux-4.9.84/}" "/media/gwind/windcode/openwrt-ssd20x/18.06/build_dir/target-arm-linux-gnueabihf_glibc/linux-sstar_ssd20x/linux-4.9.84/modules.builtin"; then echo "NOTICE: module '$mod' is built-in."; elif [ -e $mod ]; then mkdir -p /media/gwind/windcode/openwrt-ssd20x/18.06/build_dir/target-arm-linux-gnueabihf_glibc/linux-sstar_ssd20x/packages/.pkgdir/kmod-cfg80211-linux/lib/modules/4.9.84 ; cp -fpR -L $mod /media/gwind/windcode/openwrt-ssd20x/18.06/build_dir/target-arm-linux-gnueabihf_glibc/linux-sstar_ssd20x/packages/.pkgdir/kmod-cfg80211-linux/lib/modules/4.9.84/ ; else echo "ERROR: module '$mod' is missing." >&2; exit 1; fi; done;
mkdir -p /media/gwind/windcode/openwrt-ssd20x/18.06/build_dir/target-arm-linux-gnueabihf_glibc/linux-sstar_ssd20x/packages/.pkgdir/kmod-cfg80211-linux/etc/modules.d; ( echo "cfg80211"; ) > /media/gwind/windcode/openwrt-ssd20x/18.06/build_dir/target-arm-linux-gnueabihf_glibc/linux-sstar_ssd20x/packages/.pkgdir/kmod-cfg80211-linux/etc/modules.d/30-cfg80211-linux; 


touch /media/gwind/windcode/openwrt-ssd20x/18.06/build_dir/target-arm-linux-gnueabihf_glibc/linux-sstar_ssd20x/packages/.pkgdir/kmod-cfg80211-linux.installed
rm -rf /media/gwind/windcode/openwrt-ssd20x/18.06/build_dir/target-arm-linux-gnueabihf_glibc/linux-sstar_ssd20x/packages/.pkgdir/kmod-usb-sstar.installed /media/gwind/windcode/openwrt-ssd20x/18.06/build_dir/target-arm-linux-gnueabihf_glibc/linux-sstar_ssd20x/packages/.pkgdir/kmod-usb-sstar
mkdir -p /media/gwind/windcode/openwrt-ssd20x/18.06/build_dir/target-arm-linux-gnueabihf_glibc/linux-sstar_ssd20x/packages/.pkgdir/kmod-usb-sstar
for mod in /media/gwind/windcode/openwrt-ssd20x/18.06/build_dir/target-arm-linux-gnueabihf_glibc/linux-sstar_ssd20x/linux-4.9.84/drivers/usb/host/ehci-hcd.ko; do if grep -q "${mod##/media/gwind/windcode/openwrt-ssd20x/18.06/build_dir/target-arm-linux-gnueabihf_glibc/linux-sstar_ssd20x/linux-4.9.84/}" "/media/gwind/windcode/openwrt-ssd20x/18.06/build_dir/target-arm-linux-gnueabihf_glibc/linux-sstar_ssd20x/linux-4.9.84/modules.builtin"; then echo "NOTICE: module '$mod' is built-in."; elif [ -e $mod ]; then mkdir -p /media/gwind/windcode/openwrt-ssd20x/18.06/build_dir/target-arm-linux-gnueabihf_glibc/linux-sstar_ssd20x/packages/.pkgdir/kmod-usb-sstar/lib/modules/4.9.84 ; cp -fpR -L $mod /media/gwind/windcode/openwrt-ssd20x/18.06/build_dir/target-arm-linux-gnueabihf_glibc/linux-sstar_ssd20x/packages/.pkgdir/kmod-usb-sstar/lib/modules/4.9.84/ ; else echo "ERROR: module '$mod' is missing." >&2; exit 1; fi; done;
mkdir -p /media/gwind/windcode/openwrt-ssd20x/18.06/build_dir/target-arm-linux-gnueabihf_glibc/linux-sstar_ssd20x/packages/.pkgdir/kmod-usb-sstar/etc/modules.d; ( echo "ehci-hcd"; ) > /media/gwind/windcode/openwrt-ssd20x/18.06/build_dir/target-arm-linux-gnueabihf_glibc/linux-sstar_ssd20x/packages/.pkgdir/kmod-usb-sstar/etc/modules.d/35-usb-sstar; 


touch /media/gwind/windcode/openwrt-ssd20x/18.06/build_dir/target-arm-linux-gnueabihf_glibc/linux-sstar_ssd20x/packages/.pkgdir/kmod-usb-sstar.installed
NOTICE: module '/media/gwind/windcode/openwrt-ssd20x/18.06/build_dir/target-arm-linux-gnueabihf_glibc/linux-sstar_ssd20x/linux-4.9.84/drivers/usb/host/ehci-hcd.ko' is built-in.
rm -rf /media/gwind/windcode/openwrt-ssd20x/18.06/build_dir/target-arm-linux-gnueabihf_glibc/linux-sstar_ssd20x/packages/.pkgdir/kmod-mmc-sstar.installed /media/gwind/windcode/openwrt-ssd20x/18.06/build_dir/target-arm-linux-gnueabihf_glibc/linux-sstar_ssd20x/packages/.pkgdir/kmod-mmc-sstar
mkdir -p /media/gwind/windcode/openwrt-ssd20x/18.06/build_dir/target-arm-linux-gnueabihf_glibc/linux-sstar_ssd20x/packages/.pkgdir/kmod-mmc-sstar
for mod in /media/gwind/windcode/openwrt-ssd20x/18.06/build_dir/target-arm-linux-gnueabihf_glibc/linux-sstar_ssd20x/linux-4.9.84/drivers/sstar/sdmmc/kdrv_sdmmc.ko; do if grep -q "${mod##/media/gwind/windcode/openwrt-ssd20x/18.06/build_dir/target-arm-linux-gnueabihf_glibc/linux-sstar_ssd20x/linux-4.9.84/}" "/media/gwind/windcode/openwrt-ssd20x/18.06/build_dir/target-arm-linux-gnueabihf_glibc/linux-sstar_ssd20x/linux-4.9.84/modules.builtin"; then echo "NOTICE: module '$mod' is built-in."; elif [ -e $mod ]; then mkdir -p /media/gwind/windcode/openwrt-ssd20x/18.06/build_dir/target-arm-linux-gnueabihf_glibc/linux-sstar_ssd20x/packages/.pkgdir/kmod-mmc-sstar/lib/modules/4.9.84 ; cp -fpR -L $mod /media/gwind/windcode/openwrt-ssd20x/18.06/build_dir/target-arm-linux-gnueabihf_glibc/linux-sstar_ssd20x/packages/.pkgdir/kmod-mmc-sstar/lib/modules/4.9.84/ ; else echo "ERROR: module '$mod' is missing." >&2; exit 1; fi; done;
mkdir -p /media/gwind/windcode/openwrt-ssd20x/18.06/build_dir/target-arm-linux-gnueabihf_glibc/linux-sstar_ssd20x/packages/.pkgdir/kmod-mmc-sstar/etc/modules.d; ( echo "kdrv_sdmmc"; ) > /media/gwind/windcode/openwrt-ssd20x/18.06/build_dir/target-arm-linux-gnueabihf_glibc/linux-sstar_ssd20x/packages/.pkgdir/kmod-mmc-sstar/etc/modules.d/mmc-sstar; 


touch /media/gwind/windcode/openwrt-ssd20x/18.06/build_dir/target-arm-linux-gnueabihf_glibc/linux-sstar_ssd20x/packages/.pkgdir/kmod-mmc-sstar.installed
rm -rf /media/gwind/windcode/openwrt-ssd20x/18.06/build_dir/target-arm-linux-gnueabihf_glibc/linux-sstar_ssd20x/packages/.pkgdir/kmod-emac-sstar.installed /media/gwind/windcode/openwrt-ssd20x/18.06/build_dir/target-arm-linux-gnueabihf_glibc/linux-sstar_ssd20x/packages/.pkgdir/kmod-emac-sstar
mkdir -p /media/gwind/windcode/openwrt-ssd20x/18.06/build_dir/target-arm-linux-gnueabihf_glibc/linux-sstar_ssd20x/packages/.pkgdir/kmod-emac-sstar
for mod in /media/gwind/windcode/openwrt-ssd20x/18.06/build_dir/target-arm-linux-gnueabihf_glibc/linux-sstar_ssd20x/linux-4.9.84/drivers/sstar/netphy/sstar_100_phy.ko /media/gwind/windcode/openwrt-ssd20x/18.06/build_dir/target-arm-linux-gnueabihf_glibc/linux-sstar_ssd20x/linux-4.9.84/drivers/sstar/emac/kdrv_emac.ko; do if grep -q "${mod##/media/gwind/windcode/openwrt-ssd20x/18.06/build_dir/target-arm-linux-gnueabihf_glibc/linux-sstar_ssd20x/linux-4.9.84/}" "/media/gwind/windcode/openwrt-ssd20x/18.06/build_dir/target-arm-linux-gnueabihf_glibc/linux-sstar_ssd20x/linux-4.9.84/modules.builtin"; then echo "NOTICE: module '$mod' is built-in."; elif [ -e $mod ]; then mkdir -p /media/gwind/windcode/openwrt-ssd20x/18.06/build_dir/target-arm-linux-gnueabihf_glibc/linux-sstar_ssd20x/packages/.pkgdir/kmod-emac-sstar/lib/modules/4.9.84 ; cp -fpR -L $mod /media/gwind/windcode/openwrt-ssd20x/18.06/build_dir/target-arm-linux-gnueabihf_glibc/linux-sstar_ssd20x/packages/.pkgdir/kmod-emac-sstar/lib/modules/4.9.84/ ; else echo "ERROR: module '$mod' is missing." >&2; exit 1; fi; done;
mkdir -p /media/gwind/windcode/openwrt-ssd20x/18.06/build_dir/target-arm-linux-gnueabihf_glibc/linux-sstar_ssd20x/packages/.pkgdir/kmod-emac-sstar/etc/modules.d; ( echo "sstar_100_phy";   echo "kdrv_emac"; ) > /media/gwind/windcode/openwrt-ssd20x/18.06/build_dir/target-arm-linux-gnueabihf_glibc/linux-sstar_ssd20x/packages/.pkgdir/kmod-emac-sstar/etc/modules.d/emac-sstar; 


touch /media/gwind/windcode/openwrt-ssd20x/18.06/build_dir/target-arm-linux-gnueabihf_glibc/linux-sstar_ssd20x/packages/.pkgdir/kmod-emac-sstar.installed
mkdir -p /media/gwind/windcode/openwrt-ssd20x/18.06/staging_dir/target-arm-linux-gnueabihf_glibc/root-sstar/stamp

SHELL= flock /media/gwind/windcode/openwrt-ssd20x/18.06/tmp/.root-copy.flock -c 'cp -fpR /media/gwind/windcode/openwrt-ssd20x/18.06/build_dir/target-arm-linux-gnueabihf_glibc/linux-sstar_ssd20x/packages/.pkgdir/kmod-fs-vfat/. /media/gwind/windcode/openwrt-ssd20x/18.06/staging_dir/target-arm-linux-gnueabihf_glibc/root-sstar/'
touch /media/gwind/windcode/openwrt-ssd20x/18.06/staging_dir/target-arm-linux-gnueabihf_glibc/root-sstar/stamp/.kmod-fs-vfat_installed
echo "kmod-fs-vfat" >> /media/gwind/windcode/openwrt-ssd20x/18.06/staging_dir/target-arm-linux-gnueabihf_glibc/pkginfo/linux.default.install
mkdir -p /media/gwind/windcode/openwrt-ssd20x/18.06/staging_dir/target-arm-linux-gnueabihf_glibc/root-sstar/stamp

SHELL= flock /media/gwind/windcode/openwrt-ssd20x/18.06/tmp/.root-copy.flock -c 'cp -fpR /media/gwind/windcode/openwrt-ssd20x/18.06/build_dir/target-arm-linux-gnueabihf_glibc/linux-sstar_ssd20x/packages/.pkgdir/kmod-lib-crc-ccitt/. /media/gwind/windcode/openwrt-ssd20x/18.06/staging_dir/target-arm-linux-gnueabihf_glibc/root-sstar/'
touch /media/gwind/windcode/openwrt-ssd20x/18.06/staging_dir/target-arm-linux-gnueabihf_glibc/root-sstar/stamp/.kmod-lib-crc-ccitt_installed
echo "kmod-lib-crc-ccitt" >> /media/gwind/windcode/openwrt-ssd20x/18.06/staging_dir/target-arm-linux-gnueabihf_glibc/pkginfo/linux.default.install
mkdir -p /media/gwind/windcode/openwrt-ssd20x/18.06/staging_dir/target-arm-linux-gnueabihf_glibc/root-sstar/stamp

SHELL= flock /media/gwind/windcode/openwrt-ssd20x/18.06/tmp/.root-copy.flock -c 'cp -fpR /media/gwind/windcode/openwrt-ssd20x/18.06/build_dir/target-arm-linux-gnueabihf_glibc/linux-sstar_ssd20x/packages/.pkgdir/kmod-lib-lzo/. /media/gwind/windcode/openwrt-ssd20x/18.06/staging_dir/target-arm-linux-gnueabihf_glibc/root-sstar/'
touch /media/gwind/windcode/openwrt-ssd20x/18.06/staging_dir/target-arm-linux-gnueabihf_glibc/root-sstar/stamp/.kmod-lib-lzo_installed
echo "kmod-lib-lzo" >> /media/gwind/windcode/openwrt-ssd20x/18.06/staging_dir/target-arm-linux-gnueabihf_glibc/pkginfo/linux.default.install
mkdir -p /media/gwind/windcode/openwrt-ssd20x/18.06/staging_dir/target-arm-linux-gnueabihf_glibc/root-sstar/stamp

SHELL= flock /media/gwind/windcode/openwrt-ssd20x/18.06/tmp/.root-copy.flock -c 'cp -fpR /media/gwind/windcode/openwrt-ssd20x/18.06/build_dir/target-arm-linux-gnueabihf_glibc/linux-sstar_ssd20x/packages/.pkgdir/kmod-lib-lz4/. /media/gwind/windcode/openwrt-ssd20x/18.06/staging_dir/target-arm-linux-gnueabihf_glibc/root-sstar/'
touch /media/gwind/windcode/openwrt-ssd20x/18.06/staging_dir/target-arm-linux-gnueabihf_glibc/root-sstar/stamp/.kmod-lib-lz4_installed
echo "kmod-lib-lz4" >> /media/gwind/windcode/openwrt-ssd20x/18.06/staging_dir/target-arm-linux-gnueabihf_glibc/pkginfo/linux.default.install
mkdir -p /media/gwind/windcode/openwrt-ssd20x/18.06/staging_dir/target-arm-linux-gnueabihf_glibc/root-sstar/stamp

SHELL= flock /media/gwind/windcode/openwrt-ssd20x/18.06/tmp/.root-copy.flock -c 'cp -fpR /media/gwind/windcode/openwrt-ssd20x/18.06/build_dir/target-arm-linux-gnueabihf_glibc/linux-sstar_ssd20x/packages/.pkgdir/kmod-libphy/. /media/gwind/windcode/openwrt-ssd20x/18.06/staging_dir/target-arm-linux-gnueabihf_glibc/root-sstar/'
touch /media/gwind/windcode/openwrt-ssd20x/18.06/staging_dir/target-arm-linux-gnueabihf_glibc/root-sstar/stamp/.kmod-libphy_installed
echo "kmod-libphy" >> /media/gwind/windcode/openwrt-ssd20x/18.06/staging_dir/target-arm-linux-gnueabihf_glibc/pkginfo/linux.default.install
mkdir -p /media/gwind/windcode/openwrt-ssd20x/18.06/staging_dir/target-arm-linux-gnueabihf_glibc/root-sstar/stamp

SHELL= flock /media/gwind/windcode/openwrt-ssd20x/18.06/tmp/.root-copy.flock -c 'cp -fpR /media/gwind/windcode/openwrt-ssd20x/18.06/build_dir/target-arm-linux-gnueabihf_glibc/linux-sstar_ssd20x/packages/.pkgdir/kmod-of-mdio/. /media/gwind/windcode/openwrt-ssd20x/18.06/staging_dir/target-arm-linux-gnueabihf_glibc/root-sstar/'
touch /media/gwind/windcode/openwrt-ssd20x/18.06/staging_dir/target-arm-linux-gnueabihf_glibc/root-sstar/stamp/.kmod-of-mdio_installed
echo "kmod-of-mdio" >> /media/gwind/windcode/openwrt-ssd20x/18.06/staging_dir/target-arm-linux-gnueabihf_glibc/pkginfo/linux.default.install
mkdir -p /media/gwind/windcode/openwrt-ssd20x/18.06/staging_dir/target-arm-linux-gnueabihf_glibc/root-sstar/stamp

SHELL= flock /media/gwind/windcode/openwrt-ssd20x/18.06/tmp/.root-copy.flock -c 'cp -fpR /media/gwind/windcode/openwrt-ssd20x/18.06/build_dir/target-arm-linux-gnueabihf_glibc/linux-sstar_ssd20x/packages/.pkgdir/kmod-nf-reject/. /media/gwind/windcode/openwrt-ssd20x/18.06/staging_dir/target-arm-linux-gnueabihf_glibc/root-sstar/'
touch /media/gwind/windcode/openwrt-ssd20x/18.06/staging_dir/target-arm-linux-gnueabihf_glibc/root-sstar/stamp/.kmod-nf-reject_installed
echo "kmod-nf-reject" >> /media/gwind/windcode/openwrt-ssd20x/18.06/staging_dir/target-arm-linux-gnueabihf_glibc/pkginfo/linux.default.install
mkdir -p /media/gwind/windcode/openwrt-ssd20x/18.06/staging_dir/target-arm-linux-gnueabihf_glibc/root-sstar/stamp

SHELL= flock /media/gwind/windcode/openwrt-ssd20x/18.06/tmp/.root-copy.flock -c 'cp -fpR /media/gwind/windcode/openwrt-ssd20x/18.06/build_dir/target-arm-linux-gnueabihf_glibc/linux-sstar_ssd20x/packages/.pkgdir/kmod-nf-ipt/. /media/gwind/windcode/openwrt-ssd20x/18.06/staging_dir/target-arm-linux-gnueabihf_glibc/root-sstar/'
touch /media/gwind/windcode/openwrt-ssd20x/18.06/staging_dir/target-arm-linux-gnueabihf_glibc/root-sstar/stamp/.kmod-nf-ipt_installed
echo "kmod-nf-ipt" >> /media/gwind/windcode/openwrt-ssd20x/18.06/staging_dir/target-arm-linux-gnueabihf_glibc/pkginfo/linux.default.install
mkdir -p /media/gwind/windcode/openwrt-ssd20x/18.06/staging_dir/target-arm-linux-gnueabihf_glibc/root-sstar/stamp

SHELL= flock /media/gwind/windcode/openwrt-ssd20x/18.06/tmp/.root-copy.flock -c 'cp -fpR /media/gwind/windcode/openwrt-ssd20x/18.06/build_dir/target-arm-linux-gnueabihf_glibc/linux-sstar_ssd20x/packages/.pkgdir/kmod-ipt-core/. /media/gwind/windcode/openwrt-ssd20x/18.06/staging_dir/target-arm-linux-gnueabihf_glibc/root-sstar/'
touch /media/gwind/windcode/openwrt-ssd20x/18.06/staging_dir/target-arm-linux-gnueabihf_glibc/root-sstar/stamp/.kmod-ipt-core_installed
echo "kmod-ipt-core" >> /media/gwind/windcode/openwrt-ssd20x/18.06/staging_dir/target-arm-linux-gnueabihf_glibc/pkginfo/linux.default.install
mkdir -p /media/gwind/windcode/openwrt-ssd20x/18.06/staging_dir/target-arm-linux-gnueabihf_glibc/root-sstar/stamp

SHELL= flock /media/gwind/windcode/openwrt-ssd20x/18.06/tmp/.root-copy.flock -c 'cp -fpR /media/gwind/windcode/openwrt-ssd20x/18.06/build_dir/target-arm-linux-gnueabihf_glibc/linux-sstar_ssd20x/packages/.pkgdir/kmod-nf-conntrack/. /media/gwind/windcode/openwrt-ssd20x/18.06/staging_dir/target-arm-linux-gnueabihf_glibc/root-sstar/'
touch /media/gwind/windcode/openwrt-ssd20x/18.06/staging_dir/target-arm-linux-gnueabihf_glibc/root-sstar/stamp/.kmod-nf-conntrack_installed
echo "kmod-nf-conntrack" >> /media/gwind/windcode/openwrt-ssd20x/18.06/staging_dir/target-arm-linux-gnueabihf_glibc/pkginfo/linux.default.install
mkdir -p /media/gwind/windcode/openwrt-ssd20x/18.06/staging_dir/target-arm-linux-gnueabihf_glibc/root-sstar/stamp

SHELL= flock /media/gwind/windcode/openwrt-ssd20x/18.06/tmp/.root-copy.flock -c 'cp -fpR /media/gwind/windcode/openwrt-ssd20x/18.06/build_dir/target-arm-linux-gnueabihf_glibc/linux-sstar_ssd20x/packages/.pkgdir/kmod-nf-conntrack6/. /media/gwind/windcode/openwrt-ssd20x/18.06/staging_dir/target-arm-linux-gnueabihf_glibc/root-sstar/'
touch /media/gwind/windcode/openwrt-ssd20x/18.06/staging_dir/target-arm-linux-gnueabihf_glibc/root-sstar/stamp/.kmod-nf-conntrack6_installed
echo "kmod-nf-conntrack6" >> /media/gwind/windcode/openwrt-ssd20x/18.06/staging_dir/target-arm-linux-gnueabihf_glibc/pkginfo/linux.default.install
mkdir -p /media/gwind/windcode/openwrt-ssd20x/18.06/staging_dir/target-arm-linux-gnueabihf_glibc/root-sstar/stamp

SHELL= flock /media/gwind/windcode/openwrt-ssd20x/18.06/tmp/.root-copy.flock -c 'cp -fpR /media/gwind/windcode/openwrt-ssd20x/18.06/build_dir/target-arm-linux-gnueabihf_glibc/linux-sstar_ssd20x/packages/.pkgdir/kmod-nf-nat/. /media/gwind/windcode/openwrt-ssd20x/18.06/staging_dir/target-arm-linux-gnueabihf_glibc/root-sstar/'
touch /media/gwind/windcode/openwrt-ssd20x/18.06/staging_dir/target-arm-linux-gnueabihf_glibc/root-sstar/stamp/.kmod-nf-nat_installed
echo "kmod-nf-nat" >> /media/gwind/windcode/openwrt-ssd20x/18.06/staging_dir/target-arm-linux-gnueabihf_glibc/pkginfo/linux.default.install
mkdir -p /media/gwind/windcode/openwrt-ssd20x/18.06/staging_dir/target-arm-linux-gnueabihf_glibc/root-sstar/stamp

SHELL= flock /media/gwind/windcode/openwrt-ssd20x/18.06/tmp/.root-copy.flock -c 'cp -fpR /media/gwind/windcode/openwrt-ssd20x/18.06/build_dir/target-arm-linux-gnueabihf_glibc/linux-sstar_ssd20x/packages/.pkgdir/kmod-ipt-conntrack/. /media/gwind/windcode/openwrt-ssd20x/18.06/staging_dir/target-arm-linux-gnueabihf_glibc/root-sstar/'
touch /media/gwind/windcode/openwrt-ssd20x/18.06/staging_dir/target-arm-linux-gnueabihf_glibc/root-sstar/stamp/.kmod-ipt-conntrack_installed
echo "kmod-ipt-conntrack" >> /media/gwind/windcode/openwrt-ssd20x/18.06/staging_dir/target-arm-linux-gnueabihf_glibc/pkginfo/linux.default.install
mkdir -p /media/gwind/windcode/openwrt-ssd20x/18.06/staging_dir/target-arm-linux-gnueabihf_glibc/root-sstar/stamp

SHELL= flock /media/gwind/windcode/openwrt-ssd20x/18.06/tmp/.root-copy.flock -c 'cp -fpR /media/gwind/windcode/openwrt-ssd20x/18.06/build_dir/target-arm-linux-gnueabihf_glibc/linux-sstar_ssd20x/packages/.pkgdir/kmod-ipt-nat/. /media/gwind/windcode/openwrt-ssd20x/18.06/staging_dir/target-arm-linux-gnueabihf_glibc/root-sstar/'
touch /media/gwind/windcode/openwrt-ssd20x/18.06/staging_dir/target-arm-linux-gnueabihf_glibc/root-sstar/stamp/.kmod-ipt-nat_installed
echo "kmod-ipt-nat" >> /media/gwind/windcode/openwrt-ssd20x/18.06/staging_dir/target-arm-linux-gnueabihf_glibc/pkginfo/linux.default.install
mkdir -p /media/gwind/windcode/openwrt-ssd20x/18.06/staging_dir/target-arm-linux-gnueabihf_glibc/root-sstar/stamp

SHELL= flock /media/gwind/windcode/openwrt-ssd20x/18.06/tmp/.root-copy.flock -c 'cp -fpR /media/gwind/windcode/openwrt-ssd20x/18.06/build_dir/target-arm-linux-gnueabihf_glibc/linux-sstar_ssd20x/packages/.pkgdir/kmod-slhc/. /media/gwind/windcode/openwrt-ssd20x/18.06/staging_dir/target-arm-linux-gnueabihf_glibc/root-sstar/'
touch /media/gwind/windcode/openwrt-ssd20x/18.06/staging_dir/target-arm-linux-gnueabihf_glibc/root-sstar/stamp/.kmod-slhc_installed
echo "kmod-slhc" >> /media/gwind/windcode/openwrt-ssd20x/18.06/staging_dir/target-arm-linux-gnueabihf_glibc/pkginfo/linux.default.install
mkdir -p /media/gwind/windcode/openwrt-ssd20x/18.06/staging_dir/target-arm-linux-gnueabihf_glibc/root-sstar/stamp

SHELL= flock /media/gwind/windcode/openwrt-ssd20x/18.06/tmp/.root-copy.flock -c 'cp -fpR /media/gwind/windcode/openwrt-ssd20x/18.06/build_dir/target-arm-linux-gnueabihf_glibc/linux-sstar_ssd20x/packages/.pkgdir/kmod-ppp/. /media/gwind/windcode/openwrt-ssd20x/18.06/staging_dir/target-arm-linux-gnueabihf_glibc/root-sstar/'
touch /media/gwind/windcode/openwrt-ssd20x/18.06/staging_dir/target-arm-linux-gnueabihf_glibc/root-sstar/stamp/.kmod-ppp_installed
echo "kmod-ppp" >> /media/gwind/windcode/openwrt-ssd20x/18.06/staging_dir/target-arm-linux-gnueabihf_glibc/pkginfo/linux.default.install
mkdir -p /media/gwind/windcode/openwrt-ssd20x/18.06/staging_dir/target-arm-linux-gnueabihf_glibc/root-sstar/stamp

SHELL= flock /media/gwind/windcode/openwrt-ssd20x/18.06/tmp/.root-copy.flock -c 'cp -fpR /media/gwind/windcode/openwrt-ssd20x/18.06/build_dir/target-arm-linux-gnueabihf_glibc/linux-sstar_ssd20x/packages/.pkgdir/kmod-nls-base/. /media/gwind/windcode/openwrt-ssd20x/18.06/staging_dir/target-arm-linux-gnueabihf_glibc/root-sstar/'
touch /media/gwind/windcode/openwrt-ssd20x/18.06/staging_dir/target-arm-linux-gnueabihf_glibc/root-sstar/stamp/.kmod-nls-base_installed
echo "kmod-nls-base" >> /media/gwind/windcode/openwrt-ssd20x/18.06/staging_dir/target-arm-linux-gnueabihf_glibc/pkginfo/linux.default.install
mkdir -p /media/gwind/windcode/openwrt-ssd20x/18.06/staging_dir/target-arm-linux-gnueabihf_glibc/root-sstar/stamp

SHELL= flock /media/gwind/windcode/openwrt-ssd20x/18.06/tmp/.root-copy.flock -c 'cp -fpR /media/gwind/windcode/openwrt-ssd20x/18.06/build_dir/target-arm-linux-gnueabihf_glibc/linux-sstar_ssd20x/packages/.pkgdir/kmod-nls-cp437/. /media/gwind/windcode/openwrt-ssd20x/18.06/staging_dir/target-arm-linux-gnueabihf_glibc/root-sstar/'
touch /media/gwind/windcode/openwrt-ssd20x/18.06/staging_dir/target-arm-linux-gnueabihf_glibc/root-sstar/stamp/.kmod-nls-cp437_installed
echo "kmod-nls-cp437" >> /media/gwind/windcode/openwrt-ssd20x/18.06/staging_dir/target-arm-linux-gnueabihf_glibc/pkginfo/linux.default.install
mkdir -p /media/gwind/windcode/openwrt-ssd20x/18.06/staging_dir/target-arm-linux-gnueabihf_glibc/root-sstar/stamp

SHELL= flock /media/gwind/windcode/openwrt-ssd20x/18.06/tmp/.root-copy.flock -c 'cp -fpR /media/gwind/windcode/openwrt-ssd20x/18.06/build_dir/target-arm-linux-gnueabihf_glibc/linux-sstar_ssd20x/packages/.pkgdir/kmod-nls-iso8859-1/. /media/gwind/windcode/openwrt-ssd20x/18.06/staging_dir/target-arm-linux-gnueabihf_glibc/root-sstar/'
touch /media/gwind/windcode/openwrt-ssd20x/18.06/staging_dir/target-arm-linux-gnueabihf_glibc/root-sstar/stamp/.kmod-nls-iso8859-1_installed
echo "kmod-nls-iso8859-1" >> /media/gwind/windcode/openwrt-ssd20x/18.06/staging_dir/target-arm-linux-gnueabihf_glibc/pkginfo/linux.default.install
mkdir -p /media/gwind/windcode/openwrt-ssd20x/18.06/staging_dir/target-arm-linux-gnueabihf_glibc/root-sstar/stamp

SHELL= flock /media/gwind/windcode/openwrt-ssd20x/18.06/tmp/.root-copy.flock -c 'cp -fpR /media/gwind/windcode/openwrt-ssd20x/18.06/build_dir/target-arm-linux-gnueabihf_glibc/linux-sstar_ssd20x/packages/.pkgdir/kmod-nls-utf8/. /media/gwind/windcode/openwrt-ssd20x/18.06/staging_dir/target-arm-linux-gnueabihf_glibc/root-sstar/'
touch /media/gwind/windcode/openwrt-ssd20x/18.06/staging_dir/target-arm-linux-gnueabihf_glibc/root-sstar/stamp/.kmod-nls-utf8_installed
echo "kmod-nls-utf8" >> /media/gwind/windcode/openwrt-ssd20x/18.06/staging_dir/target-arm-linux-gnueabihf_glibc/pkginfo/linux.default.install
mkdir -p /media/gwind/windcode/openwrt-ssd20x/18.06/staging_dir/target-arm-linux-gnueabihf_glibc/root-sstar/stamp

SHELL= flock /media/gwind/windcode/openwrt-ssd20x/18.06/tmp/.root-copy.flock -c 'cp -fpR /media/gwind/windcode/openwrt-ssd20x/18.06/build_dir/target-arm-linux-gnueabihf_glibc/linux-sstar_ssd20x/packages/.pkgdir/kmod-mmc/. /media/gwind/windcode/openwrt-ssd20x/18.06/staging_dir/target-arm-linux-gnueabihf_glibc/root-sstar/'
touch /media/gwind/windcode/openwrt-ssd20x/18.06/staging_dir/target-arm-linux-gnueabihf_glibc/root-sstar/stamp/.kmod-mmc_installed
echo "kmod-mmc" >> /media/gwind/windcode/openwrt-ssd20x/18.06/staging_dir/target-arm-linux-gnueabihf_glibc/pkginfo/linux.default.install
mkdir -p /media/gwind/windcode/openwrt-ssd20x/18.06/staging_dir/target-arm-linux-gnueabihf_glibc/root-sstar/stamp

SHELL= flock /media/gwind/windcode/openwrt-ssd20x/18.06/tmp/.root-copy.flock -c 'cp -fpR /media/gwind/windcode/openwrt-ssd20x/18.06/build_dir/target-arm-linux-gnueabihf_glibc/linux-sstar_ssd20x/packages/.pkgdir/kmod-zram/. /media/gwind/windcode/openwrt-ssd20x/18.06/staging_dir/target-arm-linux-gnueabihf_glibc/root-sstar/'
touch /media/gwind/windcode/openwrt-ssd20x/18.06/staging_dir/target-arm-linux-gnueabihf_glibc/root-sstar/stamp/.kmod-zram_installed
echo "kmod-zram" >> /media/gwind/windcode/openwrt-ssd20x/18.06/staging_dir/target-arm-linux-gnueabihf_glibc/pkginfo/linux.default.install
mkdir -p /media/gwind/windcode/openwrt-ssd20x/18.06/staging_dir/target-arm-linux-gnueabihf_glibc/root-sstar/stamp

SHELL= flock /media/gwind/windcode/openwrt-ssd20x/18.06/tmp/.root-copy.flock -c 'cp -fpR /media/gwind/windcode/openwrt-ssd20x/18.06/build_dir/target-arm-linux-gnueabihf_glibc/linux-sstar_ssd20x/packages/.pkgdir/kmod-usb-core/. /media/gwind/windcode/openwrt-ssd20x/18.06/staging_dir/target-arm-linux-gnueabihf_glibc/root-sstar/'
touch /media/gwind/windcode/openwrt-ssd20x/18.06/staging_dir/target-arm-linux-gnueabihf_glibc/root-sstar/stamp/.kmod-usb-core_installed
echo "kmod-usb-core" >> /media/gwind/windcode/openwrt-ssd20x/18.06/staging_dir/target-arm-linux-gnueabihf_glibc/pkginfo/linux.default.install
mkdir -p /media/gwind/windcode/openwrt-ssd20x/18.06/staging_dir/target-arm-linux-gnueabihf_glibc/root-sstar/stamp

SHELL= flock /media/gwind/windcode/openwrt-ssd20x/18.06/tmp/.root-copy.flock -c 'cp -fpR /media/gwind/windcode/openwrt-ssd20x/18.06/build_dir/target-arm-linux-gnueabihf_glibc/linux-sstar_ssd20x/packages/.pkgdir/kmod-usb-serial/. /media/gwind/windcode/openwrt-ssd20x/18.06/staging_dir/target-arm-linux-gnueabihf_glibc/root-sstar/'
touch /media/gwind/windcode/openwrt-ssd20x/18.06/staging_dir/target-arm-linux-gnueabihf_glibc/root-sstar/stamp/.kmod-usb-serial_installed
echo "kmod-usb-serial" >> /media/gwind/windcode/openwrt-ssd20x/18.06/staging_dir/target-arm-linux-gnueabihf_glibc/pkginfo/linux.default.install
mkdir -p /media/gwind/windcode/openwrt-ssd20x/18.06/staging_dir/target-arm-linux-gnueabihf_glibc/root-sstar/stamp

SHELL= flock /media/gwind/windcode/openwrt-ssd20x/18.06/tmp/.root-copy.flock -c 'cp -fpR /media/gwind/windcode/openwrt-ssd20x/18.06/build_dir/target-arm-linux-gnueabihf_glibc/linux-sstar_ssd20x/packages/.pkgdir/kmod-usb-serial-wwan/. /media/gwind/windcode/openwrt-ssd20x/18.06/staging_dir/target-arm-linux-gnueabihf_glibc/root-sstar/'
touch /media/gwind/windcode/openwrt-ssd20x/18.06/staging_dir/target-arm-linux-gnueabihf_glibc/root-sstar/stamp/.kmod-usb-serial-wwan_installed
echo "kmod-usb-serial-wwan" >> /media/gwind/windcode/openwrt-ssd20x/18.06/staging_dir/target-arm-linux-gnueabihf_glibc/pkginfo/linux.default.install
mkdir -p /media/gwind/windcode/openwrt-ssd20x/18.06/staging_dir/target-arm-linux-gnueabihf_glibc/root-sstar/stamp

SHELL= flock /media/gwind/windcode/openwrt-ssd20x/18.06/tmp/.root-copy.flock -c 'cp -fpR /media/gwind/windcode/openwrt-ssd20x/18.06/build_dir/target-arm-linux-gnueabihf_glibc/linux-sstar_ssd20x/packages/.pkgdir/kmod-usb-serial-option/. /media/gwind/windcode/openwrt-ssd20x/18.06/staging_dir/target-arm-linux-gnueabihf_glibc/root-sstar/'
touch /media/gwind/windcode/openwrt-ssd20x/18.06/staging_dir/target-arm-linux-gnueabihf_glibc/root-sstar/stamp/.kmod-usb-serial-option_installed
echo "kmod-usb-serial-option" >> /media/gwind/windcode/openwrt-ssd20x/18.06/staging_dir/target-arm-linux-gnueabihf_glibc/pkginfo/linux.default.install
mkdir -p /media/gwind/windcode/openwrt-ssd20x/18.06/staging_dir/target-arm-linux-gnueabihf_glibc/root-sstar/stamp

SHELL= flock /media/gwind/windcode/openwrt-ssd20x/18.06/tmp/.root-copy.flock -c 'cp -fpR /media/gwind/windcode/openwrt-ssd20x/18.06/build_dir/target-arm-linux-gnueabihf_glibc/linux-sstar_ssd20x/packages/.pkgdir/kmod-cfg80211-linux/. /media/gwind/windcode/openwrt-ssd20x/18.06/staging_dir/target-arm-linux-gnueabihf_glibc/root-sstar/'
touch /media/gwind/windcode/openwrt-ssd20x/18.06/staging_dir/target-arm-linux-gnueabihf_glibc/root-sstar/stamp/.kmod-cfg80211-linux_installed
echo "kmod-cfg80211-linux" >> /media/gwind/windcode/openwrt-ssd20x/18.06/staging_dir/target-arm-linux-gnueabihf_glibc/pkginfo/linux.default.install
mkdir -p /media/gwind/windcode/openwrt-ssd20x/18.06/staging_dir/target-arm-linux-gnueabihf_glibc/root-sstar/stamp

SHELL= flock /media/gwind/windcode/openwrt-ssd20x/18.06/tmp/.root-copy.flock -c 'cp -fpR /media/gwind/windcode/openwrt-ssd20x/18.06/build_dir/target-arm-linux-gnueabihf_glibc/linux-sstar_ssd20x/packages/.pkgdir/kmod-usb-sstar/. /media/gwind/windcode/openwrt-ssd20x/18.06/staging_dir/target-arm-linux-gnueabihf_glibc/root-sstar/'
touch /media/gwind/windcode/openwrt-ssd20x/18.06/staging_dir/target-arm-linux-gnueabihf_glibc/root-sstar/stamp/.kmod-usb-sstar_installed
echo "kmod-usb-sstar" >> /media/gwind/windcode/openwrt-ssd20x/18.06/staging_dir/target-arm-linux-gnueabihf_glibc/pkginfo/linux.default.install
mkdir -p /media/gwind/windcode/openwrt-ssd20x/18.06/staging_dir/target-arm-linux-gnueabihf_glibc/root-sstar/stamp

SHELL= flock /media/gwind/windcode/openwrt-ssd20x/18.06/tmp/.root-copy.flock -c 'cp -fpR /media/gwind/windcode/openwrt-ssd20x/18.06/build_dir/target-arm-linux-gnueabihf_glibc/linux-sstar_ssd20x/packages/.pkgdir/kmod-mmc-sstar/. /media/gwind/windcode/openwrt-ssd20x/18.06/staging_dir/target-arm-linux-gnueabihf_glibc/root-sstar/'
touch /media/gwind/windcode/openwrt-ssd20x/18.06/staging_dir/target-arm-linux-gnueabihf_glibc/root-sstar/stamp/.kmod-mmc-sstar_installed
echo "kmod-mmc-sstar" >> /media/gwind/windcode/openwrt-ssd20x/18.06/staging_dir/target-arm-linux-gnueabihf_glibc/pkginfo/linux.default.install
mkdir -p /media/gwind/windcode/openwrt-ssd20x/18.06/staging_dir/target-arm-linux-gnueabihf_glibc/root-sstar/stamp

SHELL= flock /media/gwind/windcode/openwrt-ssd20x/18.06/tmp/.root-copy.flock -c 'cp -fpR /media/gwind/windcode/openwrt-ssd20x/18.06/build_dir/target-arm-linux-gnueabihf_glibc/linux-sstar_ssd20x/packages/.pkgdir/kmod-emac-sstar/. /media/gwind/windcode/openwrt-ssd20x/18.06/staging_dir/target-arm-linux-gnueabihf_glibc/root-sstar/'
touch /media/gwind/windcode/openwrt-ssd20x/18.06/staging_dir/target-arm-linux-gnueabihf_glibc/root-sstar/stamp/.kmod-emac-sstar_installed
echo "kmod-emac-sstar" >> /media/gwind/windcode/openwrt-ssd20x/18.06/staging_dir/target-arm-linux-gnueabihf_glibc/pkginfo/linux.default.install
make[3]: Leaving directory '/media/gwind/windcode/openwrt-ssd20x/18.06/package/kernel/linux'
make[3]: Entering directory '/media/gwind/windcode/openwrt-ssd20x/18.06/package/system/ubox'
mkdir -p /media/gwind/windcode/openwrt-ssd20x/18.06/staging_dir/target-arm-linux-gnueabihf_glibc/root-sstar/stamp
SHELL= flock /media/gwind/windcode/openwrt-ssd20x/18.06/tmp/.root-copy.flock -c 'cp -fpR /media/gwind/windcode/openwrt-ssd20x/18.06/build_dir/target-arm-linux-gnueabihf_glibc/ubox-2018-02-14-128bc35f/.pkgdir/ubox/. /media/gwind/windcode/openwrt-ssd20x/18.06/staging_dir/target-arm-linux-gnueabihf_glibc/root-sstar/'
touch /media/gwind/windcode/openwrt-ssd20x/18.06/staging_dir/target-arm-linux-gnueabihf_glibc/root-sstar/stamp/.ubox_installed
echo "ubox" >> /media/gwind/windcode/openwrt-ssd20x/18.06/staging_dir/target-arm-linux-gnueabihf_glibc/pkginfo/ubox.default.install
mkdir -p /media/gwind/windcode/openwrt-ssd20x/18.06/staging_dir/target-arm-linux-gnueabihf_glibc/root-sstar/stamp
SHELL= flock /media/gwind/windcode/openwrt-ssd20x/18.06/tmp/.root-copy.flock -c 'cp -fpR /media/gwind/windcode/openwrt-ssd20x/18.06/build_dir/target-arm-linux-gnueabihf_glibc/ubox-2018-02-14-128bc35f/.pkgdir/logd/. /media/gwind/windcode/openwrt-ssd20x/18.06/staging_dir/target-arm-linux-gnueabihf_glibc/root-sstar/'
touch /media/gwind/windcode/openwrt-ssd20x/18.06/staging_dir/target-arm-linux-gnueabihf_glibc/root-sstar/stamp/.logd_installed
echo "logd" >> /media/gwind/windcode/openwrt-ssd20x/18.06/staging_dir/target-arm-linux-gnueabihf_glibc/pkginfo/ubox.default.install
make[3]: Leaving directory '/media/gwind/windcode/openwrt-ssd20x/18.06/package/system/ubox'
make[3]: Entering directory '/media/gwind/windcode/openwrt-ssd20x/18.06/package/libs/ncurses'
make[3]: Leaving directory '/media/gwind/windcode/openwrt-ssd20x/18.06/package/libs/ncurses'
make[3]: Entering directory '/media/gwind/windcode/openwrt-ssd20x/18.06/package/libs/zlib'
mkdir -p /media/gwind/windcode/openwrt-ssd20x/18.06/staging_dir/target-arm-linux-gnueabihf_glibc/root-sstar/stamp
SHELL= flock /media/gwind/windcode/openwrt-ssd20x/18.06/tmp/.root-copy.flock -c 'cp -fpR /media/gwind/windcode/openwrt-ssd20x/18.06/build_dir/target-arm-linux-gnueabihf_glibc/zlib-1.2.11/.pkgdir/zlib/. /media/gwind/windcode/openwrt-ssd20x/18.06/staging_dir/target-arm-linux-gnueabihf_glibc/root-sstar/'
touch /media/gwind/windcode/openwrt-ssd20x/18.06/staging_dir/target-arm-linux-gnueabihf_glibc/root-sstar/stamp/.zlib_installed
echo "zlib" >> /media/gwind/windcode/openwrt-ssd20x/18.06/staging_dir/target-arm-linux-gnueabihf_glibc/pkginfo/zlib.default.install
make[3]: Leaving directory '/media/gwind/windcode/openwrt-ssd20x/18.06/package/libs/zlib'
make[3]: Entering directory '/media/gwind/windcode/openwrt-ssd20x/18.06/package/libs/ncurses'
mkdir -p /media/gwind/windcode/openwrt-ssd20x/18.06/staging_dir/target-arm-linux-gnueabihf_glibc/root-sstar/stamp
SHELL= flock /media/gwind/windcode/openwrt-ssd20x/18.06/tmp/.root-copy.flock -c 'cp -fpR /media/gwind/windcode/openwrt-ssd20x/18.06/build_dir/target-arm-linux-gnueabihf_glibc/ncurses-6.1/.pkgdir/terminfo/. /media/gwind/windcode/openwrt-ssd20x/18.06/staging_dir/target-arm-linux-gnueabihf_glibc/root-sstar/'
touch /media/gwind/windcode/openwrt-ssd20x/18.06/staging_dir/target-arm-linux-gnueabihf_glibc/root-sstar/stamp/.terminfo_installed
echo "terminfo" >> /media/gwind/windcode/openwrt-ssd20x/18.06/staging_dir/target-arm-linux-gnueabihf_glibc/pkginfo/ncurses.default.install
mkdir -p /media/gwind/windcode/openwrt-ssd20x/18.06/staging_dir/target-arm-linux-gnueabihf_glibc/root-sstar/stamp
echo '6.1' | cmp -s - /media/gwind/windcode/openwrt-ssd20x/18.06/staging_dir/target-arm-linux-gnueabihf_glibc/pkginfo/libncurses.version || echo '6.1' > /media/gwind/windcode/openwrt-ssd20x/18.06/staging_dir/target-arm-linux-gnueabihf_glibc/pkginfo/libncurses.version
SHELL= flock /media/gwind/windcode/openwrt-ssd20x/18.06/tmp/.root-copy.flock -c 'cp -fpR /media/gwind/windcode/openwrt-ssd20x/18.06/build_dir/target-arm-linux-gnueabihf_glibc/ncurses-6.1/.pkgdir/libncurses/. /media/gwind/windcode/openwrt-ssd20x/18.06/staging_dir/target-arm-linux-gnueabihf_glibc/root-sstar/'
touch /media/gwind/windcode/openwrt-ssd20x/18.06/staging_dir/target-arm-linux-gnueabihf_glibc/root-sstar/stamp/.libncurses_installed
echo "libncurses" >> /media/gwind/windcode/openwrt-ssd20x/18.06/staging_dir/target-arm-linux-gnueabihf_glibc/pkginfo/ncurses.default.install
make[3]: Leaving directory '/media/gwind/windcode/openwrt-ssd20x/18.06/package/libs/ncurses'
make[3]: Entering directory '/media/gwind/windcode/openwrt-ssd20x/18.06/package/utils/util-linux'
mkdir -p /media/gwind/windcode/openwrt-ssd20x/18.06/staging_dir/target-arm-linux-gnueabihf_glibc/root-sstar/stamp
SHELL= flock /media/gwind/windcode/openwrt-ssd20x/18.06/tmp/.root-copy.flock -c 'cp -fpR /media/gwind/windcode/openwrt-ssd20x/18.06/build_dir/target-arm-linux-gnueabihf_glibc/util-linux-2.32/.pkgdir/flock/. /media/gwind/windcode/openwrt-ssd20x/18.06/staging_dir/target-arm-linux-gnueabihf_glibc/root-sstar/'
touch /media/gwind/windcode/openwrt-ssd20x/18.06/staging_dir/target-arm-linux-gnueabihf_glibc/root-sstar/stamp/.flock_installed
echo "flock" >> /media/gwind/windcode/openwrt-ssd20x/18.06/staging_dir/target-arm-linux-gnueabihf_glibc/pkginfo/util-linux.default.install
make[3]: Leaving directory '/media/gwind/windcode/openwrt-ssd20x/18.06/package/utils/util-linux'
make[3]: Entering directory '/media/gwind/windcode/openwrt-ssd20x/18.06/package/libs/lzo'
make[3]: Leaving directory '/media/gwind/windcode/openwrt-ssd20x/18.06/package/libs/lzo'
make[3]: Entering directory '/media/gwind/windcode/openwrt-ssd20x/18.06/package/utils/mtd-utils'
mkdir -p /media/gwind/windcode/openwrt-ssd20x/18.06/staging_dir/target-arm-linux-gnueabihf_glibc/root-sstar/stamp
SHELL= flock /media/gwind/windcode/openwrt-ssd20x/18.06/tmp/.root-copy.flock -c 'cp -fpR /media/gwind/windcode/openwrt-ssd20x/18.06/build_dir/target-arm-linux-gnueabihf_glibc/mtd-utils-2.0.2/.pkgdir/ubi-utils/. /media/gwind/windcode/openwrt-ssd20x/18.06/staging_dir/target-arm-linux-gnueabihf_glibc/root-sstar/'
touch /media/gwind/windcode/openwrt-ssd20x/18.06/staging_dir/target-arm-linux-gnueabihf_glibc/root-sstar/stamp/.ubi-utils_installed
echo "ubi-utils" >> /media/gwind/windcode/openwrt-ssd20x/18.06/staging_dir/target-arm-linux-gnueabihf_glibc/pkginfo/mtd-utils.default.install
make[3]: Leaving directory '/media/gwind/windcode/openwrt-ssd20x/18.06/package/utils/mtd-utils'
make[3]: Entering directory '/media/gwind/windcode/openwrt-ssd20x/18.06/package/system/fstools'
mkdir -p /media/gwind/windcode/openwrt-ssd20x/18.06/staging_dir/target-arm-linux-gnueabihf_glibc/root-sstar/stamp
SHELL= flock /media/gwind/windcode/openwrt-ssd20x/18.06/tmp/.root-copy.flock -c 'cp -fpR /media/gwind/windcode/openwrt-ssd20x/18.06/build_dir/target-arm-linux-gnueabihf_glibc/fstools-2019-03-28-ff1ded63/.pkgdir/fstools/. /media/gwind/windcode/openwrt-ssd20x/18.06/staging_dir/target-arm-linux-gnueabihf_glibc/root-sstar/'
touch /media/gwind/windcode/openwrt-ssd20x/18.06/staging_dir/target-arm-linux-gnueabihf_glibc/root-sstar/stamp/.fstools_installed
echo "fstools" >> /media/gwind/windcode/openwrt-ssd20x/18.06/staging_dir/target-arm-linux-gnueabihf_glibc/pkginfo/fstools.default.install
mkdir -p /media/gwind/windcode/openwrt-ssd20x/18.06/staging_dir/target-arm-linux-gnueabihf_glibc/root-sstar/stamp
SHELL= flock /media/gwind/windcode/openwrt-ssd20x/18.06/tmp/.root-copy.flock -c 'cp -fpR /media/gwind/windcode/openwrt-ssd20x/18.06/build_dir/target-arm-linux-gnueabihf_glibc/fstools-2019-03-28-ff1ded63/.pkgdir/block-mount/. /media/gwind/windcode/openwrt-ssd20x/18.06/staging_dir/target-arm-linux-gnueabihf_glibc/root-sstar/'
touch /media/gwind/windcode/openwrt-ssd20x/18.06/staging_dir/target-arm-linux-gnueabihf_glibc/root-sstar/stamp/.block-mount_installed
echo "block-mount" >> /media/gwind/windcode/openwrt-ssd20x/18.06/staging_dir/target-arm-linux-gnueabihf_glibc/pkginfo/fstools.default.install
make[3]: Leaving directory '/media/gwind/windcode/openwrt-ssd20x/18.06/package/system/fstools'
make[3]: Entering directory '/media/gwind/windcode/openwrt-ssd20x/18.06/package/system/fwtool'
make[3]: Leaving directory '/media/gwind/windcode/openwrt-ssd20x/18.06/package/system/fwtool'
make[3]: Entering directory '/media/gwind/windcode/openwrt-ssd20x/18.06/package/system/fwtool'
mkdir -p /media/gwind/windcode/openwrt-ssd20x/18.06/staging_dir/target-arm-linux-gnueabihf_glibc/root-sstar/stamp
SHELL= flock /media/gwind/windcode/openwrt-ssd20x/18.06/tmp/.root-copy.flock -c 'cp -fpR /media/gwind/windcode/openwrt-ssd20x/18.06/build_dir/target-arm-linux-gnueabihf_glibc/fwtool/.pkgdir/fwtool/. /media/gwind/windcode/openwrt-ssd20x/18.06/staging_dir/target-arm-linux-gnueabihf_glibc/root-sstar/'
touch /media/gwind/windcode/openwrt-ssd20x/18.06/staging_dir/target-arm-linux-gnueabihf_glibc/root-sstar/stamp/.fwtool_installed
echo "fwtool" >> /media/gwind/windcode/openwrt-ssd20x/18.06/staging_dir/target-arm-linux-gnueabihf_glibc/pkginfo/fwtool.default.install
make[3]: Leaving directory '/media/gwind/windcode/openwrt-ssd20x/18.06/package/system/fwtool'
make[3]: Entering directory '/media/gwind/windcode/openwrt-ssd20x/18.06/package/system/procd'
mkdir -p /media/gwind/windcode/openwrt-ssd20x/18.06/staging_dir/target-arm-linux-gnueabihf_glibc/root-sstar/stamp
SHELL= flock /media/gwind/windcode/openwrt-ssd20x/18.06/tmp/.root-copy.flock -c 'cp -fpR /media/gwind/windcode/openwrt-ssd20x/18.06/build_dir/target-arm-linux-gnueabihf_glibc/procd-2018-03-28-dfb68f85/.pkgdir/procd/. /media/gwind/windcode/openwrt-ssd20x/18.06/staging_dir/target-arm-linux-gnueabihf_glibc/root-sstar/'
touch /media/gwind/windcode/openwrt-ssd20x/18.06/staging_dir/target-arm-linux-gnueabihf_glibc/root-sstar/stamp/.procd_installed
echo "procd" >> /media/gwind/windcode/openwrt-ssd20x/18.06/staging_dir/target-arm-linux-gnueabihf_glibc/pkginfo/procd.default.install
make[3]: Leaving directory '/media/gwind/windcode/openwrt-ssd20x/18.06/package/system/procd'
make[3]: Entering directory '/media/gwind/windcode/openwrt-ssd20x/18.06/package/system/usign'
make[3]: Leaving directory '/media/gwind/windcode/openwrt-ssd20x/18.06/package/system/usign'
make[3]: Entering directory '/media/gwind/windcode/openwrt-ssd20x/18.06/package/utils/jsonfilter'
mkdir -p /media/gwind/windcode/openwrt-ssd20x/18.06/staging_dir/target-arm-linux-gnueabihf_glibc/root-sstar/stamp
SHELL= flock /media/gwind/windcode/openwrt-ssd20x/18.06/tmp/.root-copy.flock -c 'cp -fpR /media/gwind/windcode/openwrt-ssd20x/18.06/build_dir/target-arm-linux-gnueabihf_glibc/jsonfilter-2018-02-04-c7e938d6/.pkgdir/jsonfilter/. /media/gwind/windcode/openwrt-ssd20x/18.06/staging_dir/target-arm-linux-gnueabihf_glibc/root-sstar/'
touch /media/gwind/windcode/openwrt-ssd20x/18.06/staging_dir/target-arm-linux-gnueabihf_glibc/root-sstar/stamp/.jsonfilter_installed
echo "jsonfilter" >> /media/gwind/windcode/openwrt-ssd20x/18.06/staging_dir/target-arm-linux-gnueabihf_glibc/pkginfo/jsonfilter.default.install
make[3]: Leaving directory '/media/gwind/windcode/openwrt-ssd20x/18.06/package/utils/jsonfilter'
make[3]: Entering directory '/media/gwind/windcode/openwrt-ssd20x/18.06/package/system/openwrt-keyring'
mkdir -p /media/gwind/windcode/openwrt-ssd20x/18.06/staging_dir/target-arm-linux-gnueabihf_glibc/root-sstar/stamp
SHELL= flock /media/gwind/windcode/openwrt-ssd20x/18.06/tmp/.root-copy.flock -c 'cp -fpR /media/gwind/windcode/openwrt-ssd20x/18.06/build_dir/target-arm-linux-gnueabihf_glibc/openwrt-keyring-2018-05-18-103a32e9/.pkgdir/openwrt-keyring/. /media/gwind/windcode/openwrt-ssd20x/18.06/staging_dir/target-arm-linux-gnueabihf_glibc/root-sstar/'
touch /media/gwind/windcode/openwrt-ssd20x/18.06/staging_dir/target-arm-linux-gnueabihf_glibc/root-sstar/stamp/.openwrt-keyring_installed
echo "openwrt-keyring" >> /media/gwind/windcode/openwrt-ssd20x/18.06/staging_dir/target-arm-linux-gnueabihf_glibc/pkginfo/openwrt-keyring.default.install
make[3]: Leaving directory '/media/gwind/windcode/openwrt-ssd20x/18.06/package/system/openwrt-keyring'
make[3]: Entering directory '/media/gwind/windcode/openwrt-ssd20x/18.06/package/system/usign'
mkdir -p /media/gwind/windcode/openwrt-ssd20x/18.06/staging_dir/target-arm-linux-gnueabihf_glibc/root-sstar/stamp
SHELL= flock /media/gwind/windcode/openwrt-ssd20x/18.06/tmp/.root-copy.flock -c 'cp -fpR /media/gwind/windcode/openwrt-ssd20x/18.06/build_dir/target-arm-linux-gnueabihf_glibc/usign-2020-05-23-f1f65026/.pkgdir/usign/. /media/gwind/windcode/openwrt-ssd20x/18.06/staging_dir/target-arm-linux-gnueabihf_glibc/root-sstar/'
touch /media/gwind/windcode/openwrt-ssd20x/18.06/staging_dir/target-arm-linux-gnueabihf_glibc/root-sstar/stamp/.usign_installed
echo "usign" >> /media/gwind/windcode/openwrt-ssd20x/18.06/staging_dir/target-arm-linux-gnueabihf_glibc/pkginfo/usign.default.install
make[3]: Leaving directory '/media/gwind/windcode/openwrt-ssd20x/18.06/package/system/usign'
make[3]: Entering directory '/media/gwind/windcode/openwrt-ssd20x/18.06/package/base-files'
touch /media/gwind/windcode/openwrt-ssd20x/18.06/build_dir/target-arm-linux-gnueabihf_glibc/linux-sstar_ssd20x/base-files/.prepared_d94d2056f0374379cf6918649af1ed96_6664517399ebbbc92a37c5bb081b5c53_check
mkdir -p /media/gwind/windcode/openwrt-ssd20x/18.06/build_dir/target-arm-linux-gnueabihf_glibc/linux-sstar_ssd20x/base-files
touch /media/gwind/windcode/openwrt-ssd20x/18.06/build_dir/target-arm-linux-gnueabihf_glibc/linux-sstar_ssd20x/base-files/.prepared_d94d2056f0374379cf6918649af1ed96_6664517399ebbbc92a37c5bb081b5c53
rm -f /media/gwind/windcode/openwrt-ssd20x/18.06/build_dir/target-arm-linux-gnueabihf_glibc/linux-sstar_ssd20x/base-files/.configured_*
rm -f /media/gwind/windcode/openwrt-ssd20x/18.06/staging_dir/target-arm-linux-gnueabihf_glibc/stamp/.base-files_installed
[ -s /media/gwind/windcode/openwrt-ssd20x/18.06/key-build -a -s /media/gwind/windcode/openwrt-ssd20x/18.06/key-build.pub ] || /media/gwind/windcode/openwrt-ssd20x/18.06/staging_dir/host/bin/usign -G -s /media/gwind/windcode/openwrt-ssd20x/18.06/key-build -p /media/gwind/windcode/openwrt-ssd20x/18.06/key-build.pub -c "Local build key"
touch /media/gwind/windcode/openwrt-ssd20x/18.06/build_dir/target-arm-linux-gnueabihf_glibc/linux-sstar_ssd20x/base-files/.configured_fcfa7f51c562b2dd63aba853a07c58e2_8e081b74cf069e1e6800a5bbcbb282f0
rm -f /media/gwind/windcode/openwrt-ssd20x/18.06/build_dir/target-arm-linux-gnueabihf_glibc/linux-sstar_ssd20x/base-files/.built
touch /media/gwind/windcode/openwrt-ssd20x/18.06/build_dir/target-arm-linux-gnueabihf_glibc/linux-sstar_ssd20x/base-files/.built_check
touch /media/gwind/windcode/openwrt-ssd20x/18.06/build_dir/target-arm-linux-gnueabihf_glibc/linux-sstar_ssd20x/base-files/.built
rm -rf /media/gwind/windcode/openwrt-ssd20x/18.06/build_dir/target-arm-linux-gnueabihf_glibc/linux-sstar_ssd20x/base-files/.pkgdir/base-files.installed /media/gwind/windcode/openwrt-ssd20x/18.06/build_dir/target-arm-linux-gnueabihf_glibc/linux-sstar_ssd20x/base-files/.pkgdir/base-files
mkdir -p /media/gwind/windcode/openwrt-ssd20x/18.06/build_dir/target-arm-linux-gnueabihf_glibc/linux-sstar_ssd20x/base-files/.pkgdir/base-files
cp -fpR ./files/* /media/gwind/windcode/openwrt-ssd20x/18.06/build_dir/target-arm-linux-gnueabihf_glibc/linux-sstar_ssd20x/base-files/.pkgdir/base-files/
mkdir -p /media/gwind/windcode/openwrt-ssd20x/18.06/build_dir/target-arm-linux-gnueabihf_glibc/linux-sstar_ssd20x/base-files/.pkgdir/base-files/etc/opkg/keys
cp -fpR /media/gwind/windcode/openwrt-ssd20x/18.06/key-build.pub /media/gwind/windcode/openwrt-ssd20x/18.06/build_dir/target-arm-linux-gnueabihf_glibc/linux-sstar_ssd20x/base-files/.pkgdir/base-files/etc/opkg/keys/`/media/gwind/windcode/openwrt-ssd20x/18.06/staging_dir/host/bin/usign -F -p /media/gwind/windcode/openwrt-ssd20x/18.06/key-build.pub`
if [ -d /media/gwind/windcode/openwrt-ssd20x/18.06/target/linux/generic/base-files/. ]; then cp -fpR /media/gwind/windcode/openwrt-ssd20x/18.06/target/linux/generic/base-files/* /media/gwind/windcode/openwrt-ssd20x/18.06/build_dir/target-arm-linux-gnueabihf_glibc/linux-sstar_ssd20x/base-files/.pkgdir/base-files/; fi
if [ -d /media/gwind/windcode/openwrt-ssd20x/18.06/target/linux/sstar/base-files/. ]; then cp -fpR /media/gwind/windcode/openwrt-ssd20x/18.06/target/linux/sstar/base-files/* /media/gwind/windcode/openwrt-ssd20x/18.06/build_dir/target-arm-linux-gnueabihf_glibc/linux-sstar_ssd20x/base-files/.pkgdir/base-files/; fi
if [ -d /media/gwind/windcode/openwrt-ssd20x/18.06/target/linux/sstar/ssd20x/base-files/. ]; then cp -fpR /media/gwind/windcode/openwrt-ssd20x/18.06/target/linux/sstar/ssd20x/base-files/* /media/gwind/windcode/openwrt-ssd20x/18.06/build_dir/target-arm-linux-gnueabihf_glibc/linux-sstar_ssd20x/base-files/.pkgdir/base-files/; fi; 
/media/gwind/windcode/openwrt-ssd20x/18.06/staging_dir/host/bin/sed -i -e 's,%U,http://downloads.openwrt.org/releases/18.06-SNAPSHOT,g' -e 's,%V,18.06-SNAPSHOT,g' -e 's,%v,\L18.06-SNAPSHOT,g' -e 's,%C,1.0.0,g' -e 's,%c,\L1.0.0,g' -e 's,%D,OpenWrt,g' -e 's,%d,\LOpenWrt,g' -e 's,%R,1.0.0,g' -e 's,%T,sstar,g' -e 's,%S,sstar/ssd20x,g' -e 's,%A,arm_cortex-a7_neon,g' -e 's,%t,no-all glibc busybox,g' -e 's,%M,OpenWrt,g' -e 's,%m,http://openwrt.org/,g' -e 's,%b,http://bugs.openwrt.org/,g' -e 's,%u,http://openwrt.org/,g' -e 's,%s,http://forum.lede-project.org/,g' -e 's,%P,Generic,g' -e 's,%h,v0,g' /media/gwind/windcode/openwrt-ssd20x/18.06/build_dir/target-arm-linux-gnueabihf_glibc/linux-sstar_ssd20x/base-files/.pkgdir/base-files/etc/banner /media/gwind/windcode/openwrt-ssd20x/18.06/build_dir/target-arm-linux-gnueabihf_glibc/linux-sstar_ssd20x/base-files/.pkgdir/base-files/etc/openwrt_version /media/gwind/windcode/openwrt-ssd20x/18.06/build_dir/target-arm-linux-gnueabihf_glibc/linux-sstar_ssd20x/base-files/.pkgdir/base-files/usr/lib/os-release
/media/gwind/windcode/openwrt-ssd20x/18.06/staging_dir/host/bin/sed -i -e 's,%U,http://downloads.openwrt.org/releases/18.06-SNAPSHOT,g' -e 's,%V,18.06-SNAPSHOT,g' -e 's,%v,\L18.06-SNAPSHOT,g' -e 's,%C,1.0.0,g' -e 's,%c,\L1.0.0,g' -e 's,%D,OpenWrt,g' -e 's,%d,\LOpenWrt,g' -e 's,%R,1.0.0,g' -e 's,%T,sstar,g' -e 's,%S,sstar/ssd20x,g' -e 's,%A,arm_cortex-a7_neon,g' -e 's,%t,no-all glibc busybox,g' -e 's,%M,OpenWrt,g' -e 's,%m,http://openwrt.org/,g' -e 's,%b,http://bugs.openwrt.org/,g' -e 's,%u,http://openwrt.org/,g' -e 's,%s,http://forum.lede-project.org/,g' -e 's,%P,Generic,g' -e 's,%h,v0,g' /media/gwind/windcode/openwrt-ssd20x/18.06/build_dir/target-arm-linux-gnueabihf_glibc/linux-sstar_ssd20x/base-files/.pkgdir/base-files/etc/openwrt_release /media/gwind/windcode/openwrt-ssd20x/18.06/build_dir/target-arm-linux-gnueabihf_glibc/linux-sstar_ssd20x/base-files/.pkgdir/base-files/etc/device_info /media/gwind/windcode/openwrt-ssd20x/18.06/build_dir/target-arm-linux-gnueabihf_glibc/linux-sstar_ssd20x/base-files/.pkgdir/base-files/usr/lib/os-release
/media/gwind/windcode/openwrt-ssd20x/18.06/staging_dir/host/bin/sed -i -e "s#%PATH%#/usr/sbin:/usr/bin:/sbin:/bin#g" /media/gwind/windcode/openwrt-ssd20x/18.06/build_dir/target-arm-linux-gnueabihf_glibc/linux-sstar_ssd20x/base-files/.pkgdir/base-files/sbin/hotplug-call /media/gwind/windcode/openwrt-ssd20x/18.06/build_dir/target-arm-linux-gnueabihf_glibc/linux-sstar_ssd20x/base-files/.pkgdir/base-files/etc/preinit /media/gwind/windcode/openwrt-ssd20x/18.06/build_dir/target-arm-linux-gnueabihf_glibc/linux-sstar_ssd20x/base-files/.pkgdir/base-files/etc/profile
mkdir -p /media/gwind/windcode/openwrt-ssd20x/18.06/build_dir/target-arm-linux-gnueabihf_glibc/linux-sstar_ssd20x/base-files/.pkgdir/base-files/CONTROL
mkdir -p /media/gwind/windcode/openwrt-ssd20x/18.06/build_dir/target-arm-linux-gnueabihf_glibc/linux-sstar_ssd20x/base-files/.pkgdir/base-files/dev
mkdir -p /media/gwind/windcode/openwrt-ssd20x/18.06/build_dir/target-arm-linux-gnueabihf_glibc/linux-sstar_ssd20x/base-files/.pkgdir/base-files/etc/config
mkdir -p /media/gwind/windcode/openwrt-ssd20x/18.06/build_dir/target-arm-linux-gnueabihf_glibc/linux-sstar_ssd20x/base-files/.pkgdir/base-files/etc/crontabs
mkdir -p /media/gwind/windcode/openwrt-ssd20x/18.06/build_dir/target-arm-linux-gnueabihf_glibc/linux-sstar_ssd20x/base-files/.pkgdir/base-files/etc/rc.d
mkdir -p /media/gwind/windcode/openwrt-ssd20x/18.06/build_dir/target-arm-linux-gnueabihf_glibc/linux-sstar_ssd20x/base-files/.pkgdir/base-files/overlay
mkdir -p /media/gwind/windcode/openwrt-ssd20x/18.06/build_dir/target-arm-linux-gnueabihf_glibc/linux-sstar_ssd20x/base-files/.pkgdir/base-files/lib/firmware
mkdir -p /media/gwind/windcode/openwrt-ssd20x/18.06/build_dir/target-arm-linux-gnueabihf_glibc/linux-sstar_ssd20x/base-files/.pkgdir/base-files/mnt
mkdir -p /media/gwind/windcode/openwrt-ssd20x/18.06/build_dir/target-arm-linux-gnueabihf_glibc/linux-sstar_ssd20x/base-files/.pkgdir/base-files/proc
mkdir -p /media/gwind/windcode/openwrt-ssd20x/18.06/build_dir/target-arm-linux-gnueabihf_glibc/linux-sstar_ssd20x/base-files/.pkgdir/base-files/tmp
mkdir -p /media/gwind/windcode/openwrt-ssd20x/18.06/build_dir/target-arm-linux-gnueabihf_glibc/linux-sstar_ssd20x/base-files/.pkgdir/base-files/usr/lib
mkdir -p /media/gwind/windcode/openwrt-ssd20x/18.06/build_dir/target-arm-linux-gnueabihf_glibc/linux-sstar_ssd20x/base-files/.pkgdir/base-files/usr/bin
mkdir -p /media/gwind/windcode/openwrt-ssd20x/18.06/build_dir/target-arm-linux-gnueabihf_glibc/linux-sstar_ssd20x/base-files/.pkgdir/base-files/sys
mkdir -p /media/gwind/windcode/openwrt-ssd20x/18.06/build_dir/target-arm-linux-gnueabihf_glibc/linux-sstar_ssd20x/base-files/.pkgdir/base-files/www
mkdir -p /media/gwind/windcode/openwrt-ssd20x/18.06/build_dir/target-arm-linux-gnueabihf_glibc/linux-sstar_ssd20x/base-files/.pkgdir/base-files/root
ln -sf /proc/mounts /media/gwind/windcode/openwrt-ssd20x/18.06/build_dir/target-arm-linux-gnueabihf_glibc/linux-sstar_ssd20x/base-files/.pkgdir/base-files/etc/mtab
rm -f /media/gwind/windcode/openwrt-ssd20x/18.06/build_dir/target-arm-linux-gnueabihf_glibc/linux-sstar_ssd20x/base-files/.pkgdir/base-files/var
ln -sf tmp /media/gwind/windcode/openwrt-ssd20x/18.06/build_dir/target-arm-linux-gnueabihf_glibc/linux-sstar_ssd20x/base-files/.pkgdir/base-files/var
mkdir -p /media/gwind/windcode/openwrt-ssd20x/18.06/build_dir/target-arm-linux-gnueabihf_glibc/linux-sstar_ssd20x/base-files/.pkgdir/base-files/etc
ln -sf /tmp/resolv.conf /tmp/TZ /tmp/localtime /media/gwind/windcode/openwrt-ssd20x/18.06/build_dir/target-arm-linux-gnueabihf_glibc/linux-sstar_ssd20x/base-files/.pkgdir/base-files/etc/
chmod 0600 /media/gwind/windcode/openwrt-ssd20x/18.06/build_dir/target-arm-linux-gnueabihf_glibc/linux-sstar_ssd20x/base-files/.pkgdir/base-files/etc/shadow
chmod 1777 /media/gwind/windcode/openwrt-ssd20x/18.06/build_dir/target-arm-linux-gnueabihf_glibc/linux-sstar_ssd20x/base-files/.pkgdir/base-files/tmp
mkdir -p /media/gwind/windcode/openwrt-ssd20x/18.06/build_dir/target-arm-linux-gnueabihf_glibc/linux-sstar_ssd20x/base-files/.pkgdir/base-files/lib/preinit
echo 'pi_suppress_stderr="y"' >/media/gwind/windcode/openwrt-ssd20x/18.06/build_dir/target-arm-linux-gnueabihf_glibc/linux-sstar_ssd20x/base-files/.pkgdir/base-files/lib/preinit/00_preinit.conf
echo 'fs_failsafe_wait_timeout=2' >>/media/gwind/windcode/openwrt-ssd20x/18.06/build_dir/target-arm-linux-gnueabihf_glibc/linux-sstar_ssd20x/base-files/.pkgdir/base-files/lib/preinit/00_preinit.conf
echo 'pi_init_path="/usr/sbin:/usr/bin:/sbin:/bin"' >>/media/gwind/windcode/openwrt-ssd20x/18.06/build_dir/target-arm-linux-gnueabihf_glibc/linux-sstar_ssd20x/base-files/.pkgdir/base-files/lib/preinit/00_preinit.conf
echo 'pi_init_env=""' >>/media/gwind/windcode/openwrt-ssd20x/18.06/build_dir/target-arm-linux-gnueabihf_glibc/linux-sstar_ssd20x/base-files/.pkgdir/base-files/lib/preinit/00_preinit.conf
echo 'pi_init_cmd="/sbin/init"' >>/media/gwind/windcode/openwrt-ssd20x/18.06/build_dir/target-arm-linux-gnueabihf_glibc/linux-sstar_ssd20x/base-files/.pkgdir/base-files/lib/preinit/00_preinit.conf
echo 'pi_init_suppress_stderr="y"' >>/media/gwind/windcode/openwrt-ssd20x/18.06/build_dir/target-arm-linux-gnueabihf_glibc/linux-sstar_ssd20x/base-files/.pkgdir/base-files/lib/preinit/00_preinit.conf
echo 'pi_ifname=""' >>/media/gwind/windcode/openwrt-ssd20x/18.06/build_dir/target-arm-linux-gnueabihf_glibc/linux-sstar_ssd20x/base-files/.pkgdir/base-files/lib/preinit/00_preinit.conf
echo 'pi_ip="192.168.1.1"' >>/media/gwind/windcode/openwrt-ssd20x/18.06/build_dir/target-arm-linux-gnueabihf_glibc/linux-sstar_ssd20x/base-files/.pkgdir/base-files/lib/preinit/00_preinit.conf
echo 'pi_netmask="255.255.255.0"' >>/media/gwind/windcode/openwrt-ssd20x/18.06/build_dir/target-arm-linux-gnueabihf_glibc/linux-sstar_ssd20x/base-files/.pkgdir/base-files/lib/preinit/00_preinit.conf
echo 'pi_broadcast="192.168.1.255"' >>/media/gwind/windcode/openwrt-ssd20x/18.06/build_dir/target-arm-linux-gnueabihf_glibc/linux-sstar_ssd20x/base-files/.pkgdir/base-files/lib/preinit/00_preinit.conf
echo 'pi_preinit_net_messages=""' >>/media/gwind/windcode/openwrt-ssd20x/18.06/build_dir/target-arm-linux-gnueabihf_glibc/linux-sstar_ssd20x/base-files/.pkgdir/base-files/lib/preinit/00_preinit.conf
echo 'pi_preinit_no_failsafe_netmsg=""' >>/media/gwind/windcode/openwrt-ssd20x/18.06/build_dir/target-arm-linux-gnueabihf_glibc/linux-sstar_ssd20x/base-files/.pkgdir/base-files/lib/preinit/00_preinit.conf
echo 'pi_preinit_no_failsafe=""' >>/media/gwind/windcode/openwrt-ssd20x/18.06/build_dir/target-arm-linux-gnueabihf_glibc/linux-sstar_ssd20x/base-files/.pkgdir/base-files/lib/preinit/00_preinit.conf
for conffile in /media/gwind/windcode/openwrt-ssd20x/18.06/build_dir/target-arm-linux-gnueabihf_glibc/linux-sstar_ssd20x/base-files/.pkgdir/base-files/etc/config/*; do if [ -f "$conffile" ]; then grep "${conffile##/media/gwind/windcode/openwrt-ssd20x/18.06/build_dir/target-arm-linux-gnueabihf_glibc/linux-sstar_ssd20x/base-files/.pkgdir/base-files}" /media/gwind/windcode/openwrt-ssd20x/18.06/build_dir/target-arm-linux-gnueabihf_glibc/linux-sstar_ssd20x/base-files/.pkgdir/base-files/CONTROL/conffiles || echo "${conffile##/media/gwind/windcode/openwrt-ssd20x/18.06/build_dir/target-arm-linux-gnueabihf_glibc/linux-sstar_ssd20x/base-files/.pkgdir/base-files}" >> /media/gwind/windcode/openwrt-ssd20x/18.06/build_dir/target-arm-linux-gnueabihf_glibc/linux-sstar_ssd20x/base-files/.pkgdir/base-files/CONTROL/conffiles; fi done
mkdir -p /media/gwind/windcode/openwrt-ssd20x/18.06/build_dir/target-arm-linux-gnueabihf_glibc/linux-sstar_ssd20x/base-files/.pkgdir/base-files/etc/opkg; ( echo 'src/gz %d_core %U/targets/%S/packages'; echo 'src/gz %d_base %U/packages/%A/base'; echo 'src/gz %d_luci %U/packages/%A/luci'; echo 'src/gz %d_packages %U/packages/%A/packages'; echo 'src/gz %d_routing %U/packages/%A/routing'; echo 'src/gz %d_telephony %U/packages/%A/telephony'; ) >> /media/gwind/windcode/openwrt-ssd20x/18.06/build_dir/target-arm-linux-gnueabihf_glibc/linux-sstar_ssd20x/base-files/.pkgdir/base-files/etc/opkg/distfeeds.conf; /media/gwind/windcode/openwrt-ssd20x/18.06/staging_dir/host/bin/sed -i -e 's,%U,http://downloads.openwrt.org/releases/18.06-SNAPSHOT,g' -e 's,%V,18.06-SNAPSHOT,g' -e 's,%v,\L18.06-SNAPSHOT,g' -e 's,%C,1.0.0,g' -e 's,%c,\L1.0.0,g' -e 's,%D,OpenWrt,g' -e 's,%d,\LOpenWrt,g' -e 's,%R,1.0.0,g' -e 's,%T,sstar,g' -e 's,%S,sstar/ssd20x,g' -e 's,%A,arm_cortex-a7_neon,g' -e 's,%t,no-all glibc busybox,g' -e 's,%M,OpenWrt,g' -e 's,%m,http://openwrt.org/,g' -e 's,%b,http://bugs.openwrt.org/,g' -e 's,%u,http://openwrt.org/,g' -e 's,%s,http://forum.lede-project.org/,g' -e 's,%P,Generic,g' -e 's,%h,v0,g' /media/gwind/windcode/openwrt-ssd20x/18.06/build_dir/target-arm-linux-gnueabihf_glibc/linux-sstar_ssd20x/base-files/.pkgdir/base-files/etc/opkg/distfeeds.conf
touch /media/gwind/windcode/openwrt-ssd20x/18.06/build_dir/target-arm-linux-gnueabihf_glibc/linux-sstar_ssd20x/base-files/.pkgdir/base-files.installed
mkdir -p /media/gwind/windcode/openwrt-ssd20x/18.06/staging_dir/target-arm-linux-gnueabihf_glibc/root-sstar/stamp
SHELL= flock /media/gwind/windcode/openwrt-ssd20x/18.06/tmp/.root-copy.flock -c 'cp -fpR /media/gwind/windcode/openwrt-ssd20x/18.06/build_dir/target-arm-linux-gnueabihf_glibc/linux-sstar_ssd20x/base-files/.pkgdir/base-files/. /media/gwind/windcode/openwrt-ssd20x/18.06/staging_dir/target-arm-linux-gnueabihf_glibc/root-sstar/'
touch /media/gwind/windcode/openwrt-ssd20x/18.06/staging_dir/target-arm-linux-gnueabihf_glibc/root-sstar/stamp/.base-files_installed
mkdir -p /media/gwind/windcode/openwrt-ssd20x/18.06/bin/targets/sstar/ssd20x/packages /media/gwind/windcode/openwrt-ssd20x/18.06/build_dir/target-arm-linux-gnueabihf_glibc/linux-sstar_ssd20x/base-files/ipkg-arm_cortex-a7_neon/base-files/CONTROL /media/gwind/windcode/openwrt-ssd20x/18.06/staging_dir/target-arm-linux-gnueabihf_glibc/pkginfo
cp -fpR ./files/* /media/gwind/windcode/openwrt-ssd20x/18.06/build_dir/target-arm-linux-gnueabihf_glibc/linux-sstar_ssd20x/base-files/ipkg-arm_cortex-a7_neon/base-files/
mkdir -p /media/gwind/windcode/openwrt-ssd20x/18.06/build_dir/target-arm-linux-gnueabihf_glibc/linux-sstar_ssd20x/base-files/ipkg-arm_cortex-a7_neon/base-files/etc/opkg/keys
cp -fpR /media/gwind/windcode/openwrt-ssd20x/18.06/key-build.pub /media/gwind/windcode/openwrt-ssd20x/18.06/build_dir/target-arm-linux-gnueabihf_glibc/linux-sstar_ssd20x/base-files/ipkg-arm_cortex-a7_neon/base-files/etc/opkg/keys/`/media/gwind/windcode/openwrt-ssd20x/18.06/staging_dir/host/bin/usign -F -p /media/gwind/windcode/openwrt-ssd20x/18.06/key-build.pub`
if [ -d /media/gwind/windcode/openwrt-ssd20x/18.06/target/linux/generic/base-files/. ]; then cp -fpR /media/gwind/windcode/openwrt-ssd20x/18.06/target/linux/generic/base-files/* /media/gwind/windcode/openwrt-ssd20x/18.06/build_dir/target-arm-linux-gnueabihf_glibc/linux-sstar_ssd20x/base-files/ipkg-arm_cortex-a7_neon/base-files/; fi
if [ -d /media/gwind/windcode/openwrt-ssd20x/18.06/target/linux/sstar/base-files/. ]; then cp -fpR /media/gwind/windcode/openwrt-ssd20x/18.06/target/linux/sstar/base-files/* /media/gwind/windcode/openwrt-ssd20x/18.06/build_dir/target-arm-linux-gnueabihf_glibc/linux-sstar_ssd20x/base-files/ipkg-arm_cortex-a7_neon/base-files/; fi
if [ -d /media/gwind/windcode/openwrt-ssd20x/18.06/target/linux/sstar/ssd20x/base-files/. ]; then cp -fpR /media/gwind/windcode/openwrt-ssd20x/18.06/target/linux/sstar/ssd20x/base-files/* /media/gwind/windcode/openwrt-ssd20x/18.06/build_dir/target-arm-linux-gnueabihf_glibc/linux-sstar_ssd20x/base-files/ipkg-arm_cortex-a7_neon/base-files/; fi; 
/media/gwind/windcode/openwrt-ssd20x/18.06/staging_dir/host/bin/sed -i -e 's,%U,http://downloads.openwrt.org/releases/18.06-SNAPSHOT,g' -e 's,%V,18.06-SNAPSHOT,g' -e 's,%v,\L18.06-SNAPSHOT,g' -e 's,%C,1.0.0,g' -e 's,%c,\L1.0.0,g' -e 's,%D,OpenWrt,g' -e 's,%d,\LOpenWrt,g' -e 's,%R,1.0.0,g' -e 's,%T,sstar,g' -e 's,%S,sstar/ssd20x,g' -e 's,%A,arm_cortex-a7_neon,g' -e 's,%t,no-all glibc busybox,g' -e 's,%M,OpenWrt,g' -e 's,%m,http://openwrt.org/,g' -e 's,%b,http://bugs.openwrt.org/,g' -e 's,%u,http://openwrt.org/,g' -e 's,%s,http://forum.lede-project.org/,g' -e 's,%P,Generic,g' -e 's,%h,v0,g' /media/gwind/windcode/openwrt-ssd20x/18.06/build_dir/target-arm-linux-gnueabihf_glibc/linux-sstar_ssd20x/base-files/ipkg-arm_cortex-a7_neon/base-files/etc/banner /media/gwind/windcode/openwrt-ssd20x/18.06/build_dir/target-arm-linux-gnueabihf_glibc/linux-sstar_ssd20x/base-files/ipkg-arm_cortex-a7_neon/base-files/etc/openwrt_version /media/gwind/windcode/openwrt-ssd20x/18.06/build_dir/target-arm-linux-gnueabihf_glibc/linux-sstar_ssd20x/base-files/ipkg-arm_cortex-a7_neon/base-files/usr/lib/os-release
/media/gwind/windcode/openwrt-ssd20x/18.06/staging_dir/host/bin/sed -i -e 's,%U,http://downloads.openwrt.org/releases/18.06-SNAPSHOT,g' -e 's,%V,18.06-SNAPSHOT,g' -e 's,%v,\L18.06-SNAPSHOT,g' -e 's,%C,1.0.0,g' -e 's,%c,\L1.0.0,g' -e 's,%D,OpenWrt,g' -e 's,%d,\LOpenWrt,g' -e 's,%R,1.0.0,g' -e 's,%T,sstar,g' -e 's,%S,sstar/ssd20x,g' -e 's,%A,arm_cortex-a7_neon,g' -e 's,%t,no-all glibc busybox,g' -e 's,%M,OpenWrt,g' -e 's,%m,http://openwrt.org/,g' -e 's,%b,http://bugs.openwrt.org/,g' -e 's,%u,http://openwrt.org/,g' -e 's,%s,http://forum.lede-project.org/,g' -e 's,%P,Generic,g' -e 's,%h,v0,g' /media/gwind/windcode/openwrt-ssd20x/18.06/build_dir/target-arm-linux-gnueabihf_glibc/linux-sstar_ssd20x/base-files/ipkg-arm_cortex-a7_neon/base-files/etc/openwrt_release /media/gwind/windcode/openwrt-ssd20x/18.06/build_dir/target-arm-linux-gnueabihf_glibc/linux-sstar_ssd20x/base-files/ipkg-arm_cortex-a7_neon/base-files/etc/device_info /media/gwind/windcode/openwrt-ssd20x/18.06/build_dir/target-arm-linux-gnueabihf_glibc/linux-sstar_ssd20x/base-files/ipkg-arm_cortex-a7_neon/base-files/usr/lib/os-release
/media/gwind/windcode/openwrt-ssd20x/18.06/staging_dir/host/bin/sed -i -e "s#%PATH%#/usr/sbin:/usr/bin:/sbin:/bin#g" /media/gwind/windcode/openwrt-ssd20x/18.06/build_dir/target-arm-linux-gnueabihf_glibc/linux-sstar_ssd20x/base-files/ipkg-arm_cortex-a7_neon/base-files/sbin/hotplug-call /media/gwind/windcode/openwrt-ssd20x/18.06/build_dir/target-arm-linux-gnueabihf_glibc/linux-sstar_ssd20x/base-files/ipkg-arm_cortex-a7_neon/base-files/etc/preinit /media/gwind/windcode/openwrt-ssd20x/18.06/build_dir/target-arm-linux-gnueabihf_glibc/linux-sstar_ssd20x/base-files/ipkg-arm_cortex-a7_neon/base-files/etc/profile
mkdir -p /media/gwind/windcode/openwrt-ssd20x/18.06/build_dir/target-arm-linux-gnueabihf_glibc/linux-sstar_ssd20x/base-files/ipkg-arm_cortex-a7_neon/base-files/CONTROL
mkdir -p /media/gwind/windcode/openwrt-ssd20x/18.06/build_dir/target-arm-linux-gnueabihf_glibc/linux-sstar_ssd20x/base-files/ipkg-arm_cortex-a7_neon/base-files/dev
mkdir -p /media/gwind/windcode/openwrt-ssd20x/18.06/build_dir/target-arm-linux-gnueabihf_glibc/linux-sstar_ssd20x/base-files/ipkg-arm_cortex-a7_neon/base-files/etc/config
mkdir -p /media/gwind/windcode/openwrt-ssd20x/18.06/build_dir/target-arm-linux-gnueabihf_glibc/linux-sstar_ssd20x/base-files/ipkg-arm_cortex-a7_neon/base-files/etc/crontabs
mkdir -p /media/gwind/windcode/openwrt-ssd20x/18.06/build_dir/target-arm-linux-gnueabihf_glibc/linux-sstar_ssd20x/base-files/ipkg-arm_cortex-a7_neon/base-files/etc/rc.d
mkdir -p /media/gwind/windcode/openwrt-ssd20x/18.06/build_dir/target-arm-linux-gnueabihf_glibc/linux-sstar_ssd20x/base-files/ipkg-arm_cortex-a7_neon/base-files/overlay
mkdir -p /media/gwind/windcode/openwrt-ssd20x/18.06/build_dir/target-arm-linux-gnueabihf_glibc/linux-sstar_ssd20x/base-files/ipkg-arm_cortex-a7_neon/base-files/lib/firmware
mkdir -p /media/gwind/windcode/openwrt-ssd20x/18.06/build_dir/target-arm-linux-gnueabihf_glibc/linux-sstar_ssd20x/base-files/ipkg-arm_cortex-a7_neon/base-files/mnt
mkdir -p /media/gwind/windcode/openwrt-ssd20x/18.06/build_dir/target-arm-linux-gnueabihf_glibc/linux-sstar_ssd20x/base-files/ipkg-arm_cortex-a7_neon/base-files/proc
mkdir -p /media/gwind/windcode/openwrt-ssd20x/18.06/build_dir/target-arm-linux-gnueabihf_glibc/linux-sstar_ssd20x/base-files/ipkg-arm_cortex-a7_neon/base-files/tmp
mkdir -p /media/gwind/windcode/openwrt-ssd20x/18.06/build_dir/target-arm-linux-gnueabihf_glibc/linux-sstar_ssd20x/base-files/ipkg-arm_cortex-a7_neon/base-files/usr/lib
mkdir -p /media/gwind/windcode/openwrt-ssd20x/18.06/build_dir/target-arm-linux-gnueabihf_glibc/linux-sstar_ssd20x/base-files/ipkg-arm_cortex-a7_neon/base-files/usr/bin
mkdir -p /media/gwind/windcode/openwrt-ssd20x/18.06/build_dir/target-arm-linux-gnueabihf_glibc/linux-sstar_ssd20x/base-files/ipkg-arm_cortex-a7_neon/base-files/sys
mkdir -p /media/gwind/windcode/openwrt-ssd20x/18.06/build_dir/target-arm-linux-gnueabihf_glibc/linux-sstar_ssd20x/base-files/ipkg-arm_cortex-a7_neon/base-files/www
mkdir -p /media/gwind/windcode/openwrt-ssd20x/18.06/build_dir/target-arm-linux-gnueabihf_glibc/linux-sstar_ssd20x/base-files/ipkg-arm_cortex-a7_neon/base-files/root
ln -sf /proc/mounts /media/gwind/windcode/openwrt-ssd20x/18.06/build_dir/target-arm-linux-gnueabihf_glibc/linux-sstar_ssd20x/base-files/ipkg-arm_cortex-a7_neon/base-files/etc/mtab
rm -f /media/gwind/windcode/openwrt-ssd20x/18.06/build_dir/target-arm-linux-gnueabihf_glibc/linux-sstar_ssd20x/base-files/ipkg-arm_cortex-a7_neon/base-files/var
ln -sf tmp /media/gwind/windcode/openwrt-ssd20x/18.06/build_dir/target-arm-linux-gnueabihf_glibc/linux-sstar_ssd20x/base-files/ipkg-arm_cortex-a7_neon/base-files/var
mkdir -p /media/gwind/windcode/openwrt-ssd20x/18.06/build_dir/target-arm-linux-gnueabihf_glibc/linux-sstar_ssd20x/base-files/ipkg-arm_cortex-a7_neon/base-files/etc
ln -sf /tmp/resolv.conf /tmp/TZ /tmp/localtime /media/gwind/windcode/openwrt-ssd20x/18.06/build_dir/target-arm-linux-gnueabihf_glibc/linux-sstar_ssd20x/base-files/ipkg-arm_cortex-a7_neon/base-files/etc/
chmod 0600 /media/gwind/windcode/openwrt-ssd20x/18.06/build_dir/target-arm-linux-gnueabihf_glibc/linux-sstar_ssd20x/base-files/ipkg-arm_cortex-a7_neon/base-files/etc/shadow
chmod 1777 /media/gwind/windcode/openwrt-ssd20x/18.06/build_dir/target-arm-linux-gnueabihf_glibc/linux-sstar_ssd20x/base-files/ipkg-arm_cortex-a7_neon/base-files/tmp
mkdir -p /media/gwind/windcode/openwrt-ssd20x/18.06/build_dir/target-arm-linux-gnueabihf_glibc/linux-sstar_ssd20x/base-files/ipkg-arm_cortex-a7_neon/base-files/lib/preinit
echo 'pi_suppress_stderr="y"' >/media/gwind/windcode/openwrt-ssd20x/18.06/build_dir/target-arm-linux-gnueabihf_glibc/linux-sstar_ssd20x/base-files/ipkg-arm_cortex-a7_neon/base-files/lib/preinit/00_preinit.conf
echo 'fs_failsafe_wait_timeout=2' >>/media/gwind/windcode/openwrt-ssd20x/18.06/build_dir/target-arm-linux-gnueabihf_glibc/linux-sstar_ssd20x/base-files/ipkg-arm_cortex-a7_neon/base-files/lib/preinit/00_preinit.conf
echo 'pi_init_path="/usr/sbin:/usr/bin:/sbin:/bin"' >>/media/gwind/windcode/openwrt-ssd20x/18.06/build_dir/target-arm-linux-gnueabihf_glibc/linux-sstar_ssd20x/base-files/ipkg-arm_cortex-a7_neon/base-files/lib/preinit/00_preinit.conf
echo 'pi_init_env=""' >>/media/gwind/windcode/openwrt-ssd20x/18.06/build_dir/target-arm-linux-gnueabihf_glibc/linux-sstar_ssd20x/base-files/ipkg-arm_cortex-a7_neon/base-files/lib/preinit/00_preinit.conf
echo 'pi_init_cmd="/sbin/init"' >>/media/gwind/windcode/openwrt-ssd20x/18.06/build_dir/target-arm-linux-gnueabihf_glibc/linux-sstar_ssd20x/base-files/ipkg-arm_cortex-a7_neon/base-files/lib/preinit/00_preinit.conf
echo 'pi_init_suppress_stderr="y"' >>/media/gwind/windcode/openwrt-ssd20x/18.06/build_dir/target-arm-linux-gnueabihf_glibc/linux-sstar_ssd20x/base-files/ipkg-arm_cortex-a7_neon/base-files/lib/preinit/00_preinit.conf
echo 'pi_ifname=""' >>/media/gwind/windcode/openwrt-ssd20x/18.06/build_dir/target-arm-linux-gnueabihf_glibc/linux-sstar_ssd20x/base-files/ipkg-arm_cortex-a7_neon/base-files/lib/preinit/00_preinit.conf
echo 'pi_ip="192.168.1.1"' >>/media/gwind/windcode/openwrt-ssd20x/18.06/build_dir/target-arm-linux-gnueabihf_glibc/linux-sstar_ssd20x/base-files/ipkg-arm_cortex-a7_neon/base-files/lib/preinit/00_preinit.conf
echo 'pi_netmask="255.255.255.0"' >>/media/gwind/windcode/openwrt-ssd20x/18.06/build_dir/target-arm-linux-gnueabihf_glibc/linux-sstar_ssd20x/base-files/ipkg-arm_cortex-a7_neon/base-files/lib/preinit/00_preinit.conf
echo 'pi_broadcast="192.168.1.255"' >>/media/gwind/windcode/openwrt-ssd20x/18.06/build_dir/target-arm-linux-gnueabihf_glibc/linux-sstar_ssd20x/base-files/ipkg-arm_cortex-a7_neon/base-files/lib/preinit/00_preinit.conf
echo 'pi_preinit_net_messages=""' >>/media/gwind/windcode/openwrt-ssd20x/18.06/build_dir/target-arm-linux-gnueabihf_glibc/linux-sstar_ssd20x/base-files/ipkg-arm_cortex-a7_neon/base-files/lib/preinit/00_preinit.conf
echo 'pi_preinit_no_failsafe_netmsg=""' >>/media/gwind/windcode/openwrt-ssd20x/18.06/build_dir/target-arm-linux-gnueabihf_glibc/linux-sstar_ssd20x/base-files/ipkg-arm_cortex-a7_neon/base-files/lib/preinit/00_preinit.conf
echo 'pi_preinit_no_failsafe=""' >>/media/gwind/windcode/openwrt-ssd20x/18.06/build_dir/target-arm-linux-gnueabihf_glibc/linux-sstar_ssd20x/base-files/ipkg-arm_cortex-a7_neon/base-files/lib/preinit/00_preinit.conf
for conffile in /media/gwind/windcode/openwrt-ssd20x/18.06/build_dir/target-arm-linux-gnueabihf_glibc/linux-sstar_ssd20x/base-files/ipkg-arm_cortex-a7_neon/base-files/etc/config/*; do if [ -f "$conffile" ]; then grep "${conffile##/media/gwind/windcode/openwrt-ssd20x/18.06/build_dir/target-arm-linux-gnueabihf_glibc/linux-sstar_ssd20x/base-files/ipkg-arm_cortex-a7_neon/base-files}" /media/gwind/windcode/openwrt-ssd20x/18.06/build_dir/target-arm-linux-gnueabihf_glibc/linux-sstar_ssd20x/base-files/ipkg-arm_cortex-a7_neon/base-files/CONTROL/conffiles || echo "${conffile##/media/gwind/windcode/openwrt-ssd20x/18.06/build_dir/target-arm-linux-gnueabihf_glibc/linux-sstar_ssd20x/base-files/ipkg-arm_cortex-a7_neon/base-files}" >> /media/gwind/windcode/openwrt-ssd20x/18.06/build_dir/target-arm-linux-gnueabihf_glibc/linux-sstar_ssd20x/base-files/ipkg-arm_cortex-a7_neon/base-files/CONTROL/conffiles; fi done
mkdir -p /media/gwind/windcode/openwrt-ssd20x/18.06/build_dir/target-arm-linux-gnueabihf_glibc/linux-sstar_ssd20x/base-files/ipkg-arm_cortex-a7_neon/base-files/etc/opkg; ( echo 'src/gz %d_core %U/targets/%S/packages'; echo 'src/gz %d_base %U/packages/%A/base'; echo 'src/gz %d_luci %U/packages/%A/luci'; echo 'src/gz %d_packages %U/packages/%A/packages'; echo 'src/gz %d_routing %U/packages/%A/routing'; echo 'src/gz %d_telephony %U/packages/%A/telephony'; ) >> /media/gwind/windcode/openwrt-ssd20x/18.06/build_dir/target-arm-linux-gnueabihf_glibc/linux-sstar_ssd20x/base-files/ipkg-arm_cortex-a7_neon/base-files/etc/opkg/distfeeds.conf; /media/gwind/windcode/openwrt-ssd20x/18.06/staging_dir/host/bin/sed -i -e 's,%U,http://downloads.openwrt.org/releases/18.06-SNAPSHOT,g' -e 's,%V,18.06-SNAPSHOT,g' -e 's,%v,\L18.06-SNAPSHOT,g' -e 's,%C,1.0.0,g' -e 's,%c,\L1.0.0,g' -e 's,%D,OpenWrt,g' -e 's,%d,\LOpenWrt,g' -e 's,%R,1.0.0,g' -e 's,%T,sstar,g' -e 's,%S,sstar/ssd20x,g' -e 's,%A,arm_cortex-a7_neon,g' -e 's,%t,no-all glibc busybox,g' -e 's,%M,OpenWrt,g' -e 's,%m,http://openwrt.org/,g' -e 's,%b,http://bugs.openwrt.org/,g' -e 's,%u,http://openwrt.org/,g' -e 's,%s,http://forum.lede-project.org/,g' -e 's,%P,Generic,g' -e 's,%h,v0,g' /media/gwind/windcode/openwrt-ssd20x/18.06/build_dir/target-arm-linux-gnueabihf_glibc/linux-sstar_ssd20x/base-files/ipkg-arm_cortex-a7_neon/base-files/etc/opkg/distfeeds.conf
find /media/gwind/windcode/openwrt-ssd20x/18.06/build_dir/target-arm-linux-gnueabihf_glibc/linux-sstar_ssd20x/base-files/ipkg-arm_cortex-a7_neon/base-files -name 'CVS' -o -name '.svn' -o -name '.#*' -o -name '*~'| xargs -r rm -rf
export CROSS="arm-linux-gnueabihf-"  NO_RENAME=1 ; NM="arm-linux-gnueabihf-nm" STRIP="arm-linux-gnueabihf-strip --strip-all" STRIP_KMOD="/media/gwind/windcode/openwrt-ssd20x/18.06/scripts/strip-kmod.sh" PATCHELF="/media/gwind/windcode/openwrt-ssd20x/18.06/staging_dir/host/bin/patchelf" /media/gwind/windcode/openwrt-ssd20x/18.06/scripts/rstrip.sh /media/gwind/windcode/openwrt-ssd20x/18.06/build_dir/target-arm-linux-gnueabihf_glibc/linux-sstar_ssd20x/base-files/ipkg-arm_cortex-a7_neon/base-files
(cd /media/gwind/windcode/openwrt-ssd20x/18.06/build_dir/target-arm-linux-gnueabihf_glibc/linux-sstar_ssd20x/base-files/ipkg-arm_cortex-a7_neon/base-files/CONTROL; ( echo "$CONTROL"; printf "Description: "; echo "$DESCRIPTION" | sed -e 's,^[[:space:]]*, ,g'; ) > control; chmod 644 control; ( echo "#!/bin/sh"; echo "[ \"\${IPKG_NO_SCRIPT}\" = \"1\" ] && exit 0"; echo "[ -x "\${IPKG_INSTROOT}/lib/functions.sh" ] || exit 0"; echo ". \${IPKG_INSTROOT}/lib/functions.sh"; echo "default_postinst \$0 \$@"; ) > postinst; ( echo "#!/bin/sh"; echo "[ -x "\${IPKG_INSTROOT}/lib/functions.sh" ] || exit 0"; echo ". \${IPKG_INSTROOT}/lib/functions.sh"; echo "default_prerm \$0 \$@"; ) > prerm; chmod 0755 postinst prerm; echo "$V_Package_base_files_conffiles" > conffiles;  )
install -d -m0755 /media/gwind/windcode/openwrt-ssd20x/18.06/bin/targets/sstar/ssd20x/packages
/media/gwind/windcode/openwrt-ssd20x/18.06/scripts/ipkg-build -c -o 0 -g 0 /media/gwind/windcode/openwrt-ssd20x/18.06/build_dir/target-arm-linux-gnueabihf_glibc/linux-sstar_ssd20x/base-files/ipkg-arm_cortex-a7_neon/base-files /media/gwind/windcode/openwrt-ssd20x/18.06/bin/targets/sstar/ssd20x/packages
Packaged contents of /media/gwind/windcode/openwrt-ssd20x/18.06/build_dir/target-arm-linux-gnueabihf_glibc/linux-sstar_ssd20x/base-files/ipkg-arm_cortex-a7_neon/base-files into /media/gwind/windcode/openwrt-ssd20x/18.06/bin/targets/sstar/ssd20x/packages/base-files_194.3-1.0.0_arm_cortex-a7_neon.ipk
echo "base-files" >> /media/gwind/windcode/openwrt-ssd20x/18.06/staging_dir/target-arm-linux-gnueabihf_glibc/pkginfo/base-files.default.install
make[3]: Leaving directory '/media/gwind/windcode/openwrt-ssd20x/18.06/package/base-files'
make[3]: Entering directory '/media/gwind/windcode/openwrt-ssd20x/18.06/package/boot/uboot-envtools'
mkdir -p /media/gwind/windcode/openwrt-ssd20x/18.06/staging_dir/target-arm-linux-gnueabihf_glibc/root-sstar/stamp
SHELL= flock /media/gwind/windcode/openwrt-ssd20x/18.06/tmp/.root-copy.flock -c 'cp -fpR /media/gwind/windcode/openwrt-ssd20x/18.06/build_dir/target-arm-linux-gnueabihf_glibc/u-boot-2018.03/.pkgdir/uboot-envtools/. /media/gwind/windcode/openwrt-ssd20x/18.06/staging_dir/target-arm-linux-gnueabihf_glibc/root-sstar/'
touch /media/gwind/windcode/openwrt-ssd20x/18.06/staging_dir/target-arm-linux-gnueabihf_glibc/root-sstar/stamp/.uboot-envtools_installed
echo "uboot-envtools" >> /media/gwind/windcode/openwrt-ssd20x/18.06/staging_dir/target-arm-linux-gnueabihf_glibc/pkginfo/uboot-envtools.default.install
make[3]: Leaving directory '/media/gwind/windcode/openwrt-ssd20x/18.06/package/boot/uboot-envtools'
make[3]: Entering directory '/media/gwind/windcode/openwrt-ssd20x/18.06/package/libs/gettext'
make[3]: Leaving directory '/media/gwind/windcode/openwrt-ssd20x/18.06/package/libs/gettext'
make[3]: Entering directory '/media/gwind/windcode/openwrt-ssd20x/18.06/package/libs/libiconv'
make[3]: Leaving directory '/media/gwind/windcode/openwrt-ssd20x/18.06/package/libs/libiconv'
make[3]: Entering directory '/media/gwind/windcode/openwrt-ssd20x/18.06/package/devel/binutils'
mkdir -p /media/gwind/windcode/openwrt-ssd20x/18.06/staging_dir/target-arm-linux-gnueabihf_glibc/root-sstar/stamp
SHELL= flock /media/gwind/windcode/openwrt-ssd20x/18.06/tmp/.root-copy.flock -c 'cp -fpR /media/gwind/windcode/openwrt-ssd20x/18.06/build_dir/target-arm-linux-gnueabihf_glibc/binutils-2.27/.pkgdir/libbfd/. /media/gwind/windcode/openwrt-ssd20x/18.06/staging_dir/target-arm-linux-gnueabihf_glibc/root-sstar/'
touch /media/gwind/windcode/openwrt-ssd20x/18.06/staging_dir/target-arm-linux-gnueabihf_glibc/root-sstar/stamp/.libbfd_installed
echo "libbfd" >> /media/gwind/windcode/openwrt-ssd20x/18.06/staging_dir/target-arm-linux-gnueabihf_glibc/pkginfo/binutils.default.install
mkdir -p /media/gwind/windcode/openwrt-ssd20x/18.06/staging_dir/target-arm-linux-gnueabihf_glibc/root-sstar/stamp
SHELL= flock /media/gwind/windcode/openwrt-ssd20x/18.06/tmp/.root-copy.flock -c 'cp -fpR /media/gwind/windcode/openwrt-ssd20x/18.06/build_dir/target-arm-linux-gnueabihf_glibc/binutils-2.27/.pkgdir/libopcodes/. /media/gwind/windcode/openwrt-ssd20x/18.06/staging_dir/target-arm-linux-gnueabihf_glibc/root-sstar/'
touch /media/gwind/windcode/openwrt-ssd20x/18.06/staging_dir/target-arm-linux-gnueabihf_glibc/root-sstar/stamp/.libopcodes_installed
echo "libopcodes" >> /media/gwind/windcode/openwrt-ssd20x/18.06/staging_dir/target-arm-linux-gnueabihf_glibc/pkginfo/binutils.default.install
mkdir -p /media/gwind/windcode/openwrt-ssd20x/18.06/staging_dir/target-arm-linux-gnueabihf_glibc/root-sstar/stamp
SHELL= flock /media/gwind/windcode/openwrt-ssd20x/18.06/tmp/.root-copy.flock -c 'cp -fpR /media/gwind/windcode/openwrt-ssd20x/18.06/build_dir/target-arm-linux-gnueabihf_glibc/binutils-2.27/.pkgdir/objdump/. /media/gwind/windcode/openwrt-ssd20x/18.06/staging_dir/target-arm-linux-gnueabihf_glibc/root-sstar/'
touch /media/gwind/windcode/openwrt-ssd20x/18.06/staging_dir/target-arm-linux-gnueabihf_glibc/root-sstar/stamp/.objdump_installed
echo "objdump" >> /media/gwind/windcode/openwrt-ssd20x/18.06/staging_dir/target-arm-linux-gnueabihf_glibc/pkginfo/binutils.default.install
make[3]: Leaving directory '/media/gwind/windcode/openwrt-ssd20x/18.06/package/devel/binutils'
make[3]: Entering directory '/media/gwind/windcode/openwrt-ssd20x/18.06/package/devel/strace'
touch /media/gwind/windcode/openwrt-ssd20x/18.06/build_dir/target-arm-linux-gnueabihf_glibc/linux-sstar_ssd20x/strace-4.22/.prepared_94fbe0e9f13be3866bae52fc01afe941_6664517399ebbbc92a37c5bb081b5c53_check
. /media/gwind/windcode/openwrt-ssd20x/18.06/include/shell.sh; xzcat /media/gwind/windcode/openwrt-ssd20x/18.06/dl/strace-4.22.tar.xz | tar -C /media/gwind/windcode/openwrt-ssd20x/18.06/build_dir/target-arm-linux-gnueabihf_glibc/linux-sstar_ssd20x/strace-4.22/.. -xf - 
[ ! -d ./src/ ] || cp -fpR ./src/. /media/gwind/windcode/openwrt-ssd20x/18.06/build_dir/target-arm-linux-gnueabihf_glibc/linux-sstar_ssd20x/strace-4.22

Applying ./patches/100-workaround--pt-reg-collisions-ppc.patch using plaintext: 
patching file ptrace.h
Hunk #1 succeeded at 49 (offset 1 line).
touch /media/gwind/windcode/openwrt-ssd20x/18.06/build_dir/target-arm-linux-gnueabihf_glibc/linux-sstar_ssd20x/strace-4.22/.prepared_94fbe0e9f13be3866bae52fc01afe941_6664517399ebbbc92a37c5bb081b5c53
rm -f /media/gwind/windcode/openwrt-ssd20x/18.06/build_dir/target-arm-linux-gnueabihf_glibc/linux-sstar_ssd20x/strace-4.22/.configured_*
rm -f /media/gwind/windcode/openwrt-ssd20x/18.06/staging_dir/target-arm-linux-gnueabihf_glibc/stamp/.strace_installed
(cd /media/gwind/windcode/openwrt-ssd20x/18.06/build_dir/target-arm-linux-gnueabihf_glibc/linux-sstar_ssd20x/strace-4.22; rm -f aclocal.m4; if [ -f ./configure.ac ] || [ -f ./configure.in ]; then [ -d ./autom4te.cache ] && rm -rf autom4te.cache; [ -e ./config.rpath ] || ln -s /media/gwind/windcode/openwrt-ssd20x/18.06/scripts/config.rpath ./config.rpath; touch NEWS AUTHORS COPYING ABOUT-NLS ChangeLog; AUTOM4TE=/media/gwind/windcode/openwrt-ssd20x/18.06/staging_dir/host/bin/autom4te AUTOCONF=/media/gwind/windcode/openwrt-ssd20x/18.06/staging_dir/host/bin/autoconf AUTOMAKE=/media/gwind/windcode/openwrt-ssd20x/18.06/staging_dir/host/bin/automake ACLOCAL=/media/gwind/windcode/openwrt-ssd20x/18.06/staging_dir/host/bin/aclocal AUTOHEADER=/media/gwind/windcode/openwrt-ssd20x/18.06/staging_dir/host/bin/autoheader LIBTOOLIZE=/media/gwind/windcode/openwrt-ssd20x/18.06/staging_dir/host/bin/libtoolize LIBTOOL=/media/gwind/windcode/openwrt-ssd20x/18.06/staging_dir/host/bin/libtool M4=/media/gwind/windcode/openwrt-ssd20x/18.06/staging_dir/host/bin/m4 AUTOPOINT=true /media/gwind/windcode/openwrt-ssd20x/18.06/staging_dir/host/bin/autoreconf -v -f -i -s -B /media/gwind/windcode/openwrt-ssd20x/18.06/staging_dir/host/share/aclocal -I /media/gwind/windcode/openwrt-ssd20x/18.06/staging_dir/target-arm-linux-gnueabihf_glibc/host/share/aclocal -I /media/gwind/windcode/openwrt-ssd20x/18.06/staging_dir/hostpkg/share/aclocal -I /media/gwind/windcode/openwrt-ssd20x/18.06/staging_dir/target-arm-linux-gnueabihf_glibc/usr/share/aclocal -I m4 -I . . || true; fi; );
(cd /media/gwind/windcode/openwrt-ssd20x/18.06/build_dir/target-arm-linux-gnueabihf_glibc/linux-sstar_ssd20x/strace-4.22/./; if [ -x ./configure ]; then find /media/gwind/windcode/openwrt-ssd20x/18.06/build_dir/target-arm-linux-gnueabihf_glibc/linux-sstar_ssd20x/strace-4.22/ -name config.guess | xargs -r chmod u+w; find /media/gwind/windcode/openwrt-ssd20x/18.06/build_dir/target-arm-linux-gnueabihf_glibc/linux-sstar_ssd20x/strace-4.22/ -name config.guess | xargs -r -n1 cp --remove-destination /media/gwind/windcode/openwrt-ssd20x/18.06/scripts/config.guess; find /media/gwind/windcode/openwrt-ssd20x/18.06/build_dir/target-arm-linux-gnueabihf_glibc/linux-sstar_ssd20x/strace-4.22/ -name config.sub | xargs -r chmod u+w; find /media/gwind/windcode/openwrt-ssd20x/18.06/build_dir/target-arm-linux-gnueabihf_glibc/linux-sstar_ssd20x/strace-4.22/ -name config.sub | xargs -r -n1 cp --remove-destination /media/gwind/windcode/openwrt-ssd20x/18.06/scripts/config.sub; AR="arm-linux-gnueabihf-ar" AS="arm-linux-gnueabihf-gcc -c -Os -pipe -Wno-implicit-fallthrough -mfpu=neon -Wno-format-overflow -fno-caller-saves -fno-plt -mfloat-abi=hard  -D_FORTIFY_SOURCE=1 -Wl,-z,now -Wl,-z,relro" LD=arm-linux-gnueabihf-ld NM="arm-linux-gnueabihf-nm" CC="arm-linux-gnueabihf-gcc" GCC="arm-linux-gnueabihf-gcc" CXX="arm-linux-gnueabihf-g++" RANLIB="arm-linux-gnueabihf-ranlib" STRIP=arm-linux-gnueabihf-strip OBJCOPY=arm-linux-gnueabihf-objcopy OBJDUMP=arm-linux-gnueabihf-objdump SIZE=arm-linux-gnueabihf-size CFLAGS="-Os -pipe -Wno-implicit-fallthrough -mfpu=neon -Wno-format-overflow -fno-caller-saves -fno-plt -mfloat-abi=hard  -D_FORTIFY_SOURCE=1 -Wl,-z,now -Wl,-z,relro " CXXFLAGS="-Os -pipe -Wno-implicit-fallthrough -mfpu=neon -Wno-format-overflow -fno-caller-saves -fno-plt -mfloat-abi=hard  -D_FORTIFY_SOURCE=1 -Wl,-z,now -Wl,-z,relro " CPPFLAGS="-I/media/gwind/windcode/openwrt-ssd20x/18.06/staging_dir/target-arm-linux-gnueabihf_glibc/usr/include -I/media/gwind/windcode/openwrt-ssd20x/18.06/staging_dir/target-arm-linux-gnueabihf_glibc/include " LDFLAGS="-L/media/gwind/windcode/openwrt-ssd20x/18.06/staging_dir/target-arm-linux-gnueabihf_glibc/usr/lib -L/media/gwind/windcode/openwrt-ssd20x/18.06/staging_dir/target-arm-linux-gnueabihf_glibc/lib -L/opt/ssd20x/gcc-arm-8.2-2018.08-x86_64-arm-linux-gnueabihf/arm-linux-gnueabihf/libc/usr/lib -L/opt/ssd20x/gcc-arm-8.2-2018.08-x86_64-arm-linux-gnueabihf/arm-linux-gnueabihf/libc/lib -znow -zrelro "  LDFLAGS_FOR_BUILD="-L/media/gwind/windcode/openwrt-ssd20x/18.06/staging_dir/host/lib -L/media/gwind/windcode/openwrt-ssd20x/18.06/staging_dir/hostpkg/lib -L/media/gwind/windcode/openwrt-ssd20x/18.06/staging_dir/target-arm-linux-gnueabihf_glibc/host/lib" CPPFLAGS_FOR_BUILD="-I/media/gwind/windcode/openwrt-ssd20x/18.06/staging_dir/host/include -I/media/gwind/windcode/openwrt-ssd20x/18.06/staging_dir/hostpkg/include -I/media/gwind/windcode/openwrt-ssd20x/18.06/staging_dir/target-arm-linux-gnueabihf_glibc/host/include" CFLAGS_FOR_BUILD="-O2 -I/media/gwind/windcode/openwrt-ssd20x/18.06/staging_dir/host/include -I/media/gwind/windcode/openwrt-ssd20x/18.06/staging_dir/hostpkg/include -I/media/gwind/windcode/openwrt-ssd20x/18.06/staging_dir/target-arm-linux-gnueabihf_glibc/host/include -I/media/gwind/windcode/openwrt-ssd20x/18.06/build_dir/target-arm-linux-gnueabihf_glibc/linux-sstar_ssd20x/linux-4.9.84/user_headers/include" CC_FOR_BUILD=""  ./configure --target=arm-linux-gnueabihf --host=arm-linux-gnueabihf --build=x86_64-pc-linux-gnu --program-prefix="" --program-suffix="" --prefix=/usr --exec-prefix=/usr --bindir=/usr/bin --sbindir=/usr/sbin --libexecdir=/usr/lib --sysconfdir=/etc --datadir=/usr/share --localstatedir=/var --mandir=/usr/man --infodir=/usr/info --disable-nls  --with-libunwind=no ; fi; )
configure: loading site script /media/gwind/windcode/openwrt-ssd20x/18.06/include/site/arm
checking for a BSD-compatible install... /usr/bin/install -c
checking whether build environment is sane... yes
checking for arm-linux-gnueabihf-strip... arm-linux-gnueabihf-strip
checking for a thread-safe mkdir -p... /bin/mkdir -p
checking for gawk... gawk
checking whether make sets $(MAKE)... yes
checking whether make supports nested variables... yes
checking whether to enable maintainer-specific portions of Makefiles... no
checking build system type... x86_64-pc-linux-gnu
checking host system type... arm-unknown-linux-gnueabihf
checking for arm-linux-gnueabihf-gcc... arm-linux-gnueabihf-gcc
checking whether the C compiler works... yes
checking for C compiler default output file name... a.out
checking for suffix of executables... 
checking whether we are cross compiling... yes
checking for suffix of object files... o
checking whether we are using the GNU C compiler... yes
checking whether arm-linux-gnueabihf-gcc accepts -g... yes
checking for arm-linux-gnueabihf-gcc option to accept ISO C89... none needed
checking whether arm-linux-gnueabihf-gcc understands -c and -o together... yes
checking for style of include used by make... GNU
checking dependency style of arm-linux-gnueabihf-gcc... gcc3
checking for arm-linux-gnueabihf-gcc option to accept ISO C99... none needed
checking for arm-linux-gnueabihf-gcc option to accept ISO Standard C... (cached) none needed
checking how to run the C preprocessor... arm-linux-gnueabihf-gcc -E
checking whether arm-linux-gnueabihf-gcc handles -Werror -Wunknown-warning-option... no
checking whether arm-linux-gnueabihf-gcc handles -Wall... yes
checking whether arm-linux-gnueabihf-gcc handles -Wempty-body... yes
checking whether arm-linux-gnueabihf-gcc handles -Wformat-security... yes
checking whether arm-linux-gnueabihf-gcc handles -Wignored-qualifiers... yes
checking whether arm-linux-gnueabihf-gcc handles -Wimplicit-fallthrough=5... yes
checking whether arm-linux-gnueabihf-gcc handles -Winit-self... yes
checking whether arm-linux-gnueabihf-gcc handles -Wlogical-op... yes
checking whether arm-linux-gnueabihf-gcc handles -Wmissing-parameter-type... yes
checking whether arm-linux-gnueabihf-gcc handles -Wnested-externs... yes
checking whether arm-linux-gnueabihf-gcc handles -Wold-style-declaration... yes
checking whether arm-linux-gnueabihf-gcc handles -Wold-style-definition... yes
checking whether arm-linux-gnueabihf-gcc handles -Wsign-compare... yes
checking whether arm-linux-gnueabihf-gcc handles -Wtype-limits... yes
checking whether arm-linux-gnueabihf-gcc handles -Wwrite-strings... yes
configure: looking for a C compiler that generates native executables
checking for gcc... gcc
checking whether we are using the GNU C compiler... yes
checking whether gcc accepts -g... yes
checking for gcc option to accept ISO C89... none needed
checking whether gcc understands -c and -o together... yes
checking dependency style of gcc... gcc3
checking how to run the C preprocessor... gcc -E
checking whether gcc handles -Werror -Wunknown-warning-option... no
checking whether gcc handles -Wall... yes
checking whether gcc handles -Wempty-body... yes
checking whether gcc handles -Wformat-security... yes
checking whether gcc handles -Wignored-qualifiers... yes
checking whether gcc handles -Wimplicit-fallthrough=5... no
checking whether gcc handles -Winit-self... yes
checking whether gcc handles -Wlogical-op... yes
checking whether gcc handles -Wmissing-parameter-type... yes
checking whether gcc handles -Wnested-externs... yes
checking whether gcc handles -Wold-style-declaration... yes
checking whether gcc handles -Wold-style-definition... yes
checking whether gcc handles -Wsign-compare... yes
checking whether gcc handles -Wtype-limits... yes
checking whether gcc handles -Wwrite-strings... yes
checking for arm-linux-gnueabihf-ranlib... arm-linux-gnueabihf-ranlib
checking for grep that handles long lines and -e... /media/gwind/windcode/openwrt-ssd20x/18.06/staging_dir/host/bin/grep
checking for egrep... /media/gwind/windcode/openwrt-ssd20x/18.06/staging_dir/host/bin/grep -E
checking for ANSI C header files... yes
checking for sys/types.h... yes
checking for sys/stat.h... yes
checking for stdlib.h... yes
checking for string.h... yes
checking for memory.h... yes
checking for strings.h... yes
checking for inttypes.h... yes
checking for stdint.h... yes
checking for unistd.h... yes
checking minix/config.h usability... no
checking minix/config.h presence... no
checking for minix/config.h... no
checking whether it is safe to define __EXTENSIONS__... yes
checking for a sed that does not truncate output... /media/gwind/windcode/openwrt-ssd20x/18.06/staging_dir/host/bin/sed
checking whether to build with code coverage support... no
checking for supported architecture... arm
checking whether byte ordering is bigendian... (cached) no
checking for typeof syntax and keyword spelling... typeof
checking for uid_t in sys/types.h... yes
checking for accept4... yes
checking for be64toh... no
checking for fallocate... yes
checking for fanotify_mark... yes
checking for fopen64... yes
checking for fork... yes
checking for fputs_unlocked... yes
checking for fstatat... yes
checking for ftruncate... yes
checking for futimens... yes
checking for iconv_open... yes
checking for if_indextoname... yes
checking for open64... yes
checking for prctl... yes
checking for preadv... yes
checking for process_vm_readv... yes
checking for pwritev... yes
checking for readahead... yes
checking for signalfd... yes
checking for stpcpy... yes
checking for strerror... (cached) yes
checking for strndup... yes
checking for strsignal... yes
checking for sync_file_range... yes
checking for utimensat... yes
checking for sig_atomic_t... yes
checking for struct sigcontext... yes
checking for struct mmsghdr... yes
checking for __kernel_long_t... yes
checking for __kernel_ulong_t... yes
checking for struct stat64... yes
checking for struct __old_kernel_stat... yes
checking for struct user_desc... no
checking for struct stat.st_mtime_nsec... yes
checking for struct stat64.st_mtime_nsec... yes
checking for struct pt_all_user_regs... no
checking for struct ia64_fpreg... no
checking for struct ptrace_peeksiginfo_args... no
checking for struct flock... yes
checking for struct flock64... yes
checking for struct __kernel_flock... no
checking for struct __kernel_flock64... no
checking for struct crypto_report_aead... yes
checking for struct crypto_report_blkcipher... yes
checking for struct crypto_report_cipher... yes
checking for struct crypto_report_hash... yes
checking for struct crypto_report_rng... yes
checking for struct kcmp_epoll_slot... yes
checking for struct keyctl_kdf_params... yes
checking for struct timex.tai... yes
checking for struct utsname.domainname... yes
checking for siginfo_t.si_syscall... yes
checking for siginfo_t.si_timerid... yes
checking for siginfo_t.si_overrun... yes
checking for struct perf_event_attr.precise_ip... yes
checking for struct perf_event_attr.mmap_data... yes
checking for struct perf_event_attr.sample_id_all... yes
checking for struct perf_event_attr.exclude_host... yes
checking for struct perf_event_attr.exclude_guest... yes
checking for struct perf_event_attr.exclude_callchain_kernel... yes
checking for struct perf_event_attr.exclude_callchain_user... yes
checking for struct perf_event_attr.mmap2... yes
checking for struct perf_event_attr.comm_exec... yes
checking for struct perf_event_attr.use_clockid... yes
checking for struct perf_event_attr.context_switch... yes
checking for struct perf_event_attr.write_backward... yes
checking for struct perf_event_attr.namespaces... yes
checking for struct perf_event_attr.bp_type... yes
checking for struct perf_event_attr.config1... yes
checking for struct perf_event_attr.config2... yes
checking for struct perf_event_attr.branch_sample_type... yes
checking for struct perf_event_attr.sample_regs_user... yes
checking for struct perf_event_attr.sample_stack_user... yes
checking for struct perf_event_attr.sample_regs_intr... yes
checking for struct perf_event_attr.aux_watermark... yes
checking for struct perf_event_attr.sample_max_stack... yes
checking asm/cachectl.h usability... no
checking asm/cachectl.h presence... no
checking for asm/cachectl.h... no
checking asm/guarded_storage.h usability... no
checking asm/guarded_storage.h presence... no
checking for asm/guarded_storage.h... no
checking asm/sysmips.h usability... no
checking asm/sysmips.h presence... no
checking for asm/sysmips.h... no
checking bluetooth/bluetooth.h usability... no
checking bluetooth/bluetooth.h presence... no
checking for bluetooth/bluetooth.h... no
checking elf.h usability... yes
checking elf.h presence... yes
checking for elf.h... yes
checking iconv.h usability... yes
checking iconv.h presence... yes
checking for iconv.h... yes
checking for inttypes.h... (cached) yes
checking linux/bsg.h usability... yes
checking linux/bsg.h presence... yes
checking for linux/bsg.h... yes
checking linux/cryptouser.h usability... yes
checking linux/cryptouser.h presence... yes
checking for linux/cryptouser.h... yes
checking linux/dm-ioctl.h usability... yes
checking linux/dm-ioctl.h presence... yes
checking for linux/dm-ioctl.h... yes
checking linux/dqblk_xfs.h usability... yes
checking linux/dqblk_xfs.h presence... yes
checking for linux/dqblk_xfs.h... yes
checking linux/falloc.h usability... yes
checking linux/falloc.h presence... yes
checking for linux/falloc.h... yes
checking linux/fib_rules.h usability... yes
checking linux/fib_rules.h presence... yes
checking for linux/fib_rules.h... yes
checking linux/fiemap.h usability... yes
checking linux/fiemap.h presence... yes
checking for linux/fiemap.h... yes
checking linux/genetlink.h usability... yes
checking linux/genetlink.h presence... yes
checking for linux/genetlink.h... yes
checking linux/hiddev.h usability... yes
checking linux/hiddev.h presence... yes
checking for linux/hiddev.h... yes
checking linux/if_addr.h usability... yes
checking linux/if_addr.h presence... yes
checking for linux/if_addr.h... yes
checking linux/if_link.h usability... yes
checking linux/if_link.h presence... yes
checking for linux/if_link.h... yes
checking linux/ip_vs.h usability... yes
checking linux/ip_vs.h presence... yes
checking for linux/ip_vs.h... yes
checking linux/ipc.h usability... yes
checking linux/ipc.h presence... yes
checking for linux/ipc.h... yes
checking linux/kcmp.h usability... yes
checking linux/kcmp.h presence... yes
checking for linux/kcmp.h... yes
checking linux/kvm.h usability... yes
checking linux/kvm.h presence... yes
checking for linux/kvm.h... yes
checking linux/memfd.h usability... yes
checking linux/memfd.h presence... yes
checking for linux/memfd.h... yes
checking linux/mmtimer.h usability... yes
checking linux/mmtimer.h presence... yes
checking for linux/mmtimer.h... yes
checking linux/msg.h usability... yes
checking linux/msg.h presence... yes
checking for linux/msg.h... yes
checking linux/neighbour.h usability... yes
checking linux/neighbour.h presence... yes
checking for linux/neighbour.h... yes
checking linux/netfilter/ipset/ip_set.h usability... yes
checking linux/netfilter/ipset/ip_set.h presence... yes
checking for linux/netfilter/ipset/ip_set.h... yes
checking linux/netfilter/nf_tables.h usability... yes
checking linux/netfilter/nf_tables.h presence... yes
checking for linux/netfilter/nf_tables.h... yes
checking linux/netfilter/nf_tables_compat.h usability... yes
checking linux/netfilter/nf_tables_compat.h presence... yes
checking for linux/netfilter/nf_tables_compat.h... yes
checking linux/netfilter/nfnetlink.h usability... yes
checking linux/netfilter/nfnetlink.h presence... yes
checking for linux/netfilter/nfnetlink.h... yes
checking linux/netfilter/nfnetlink_acct.h usability... yes
checking linux/netfilter/nfnetlink_acct.h presence... yes
checking for linux/netfilter/nfnetlink_acct.h... yes
checking linux/netfilter/nfnetlink_conntrack.h usability... yes
checking linux/netfilter/nfnetlink_conntrack.h presence... yes
checking for linux/netfilter/nfnetlink_conntrack.h... yes
checking linux/netfilter/nfnetlink_cthelper.h usability... yes
checking linux/netfilter/nfnetlink_cthelper.h presence... yes
checking for linux/netfilter/nfnetlink_cthelper.h... yes
checking linux/netfilter/nfnetlink_cttimeout.h usability... yes
checking linux/netfilter/nfnetlink_cttimeout.h presence... yes
checking for linux/netfilter/nfnetlink_cttimeout.h... yes
checking linux/netfilter/nfnetlink_log.h usability... yes
checking linux/netfilter/nfnetlink_log.h presence... yes
checking for linux/netfilter/nfnetlink_log.h... yes
checking linux/netfilter/nfnetlink_queue.h usability... yes
checking linux/netfilter/nfnetlink_queue.h presence... yes
checking for linux/netfilter/nfnetlink_queue.h... yes
checking linux/nsfs.h usability... yes
checking linux/nsfs.h presence... yes
checking for linux/nsfs.h... yes
checking linux/perf_event.h usability... yes
checking linux/perf_event.h presence... yes
checking for linux/perf_event.h... yes
checking linux/quota.h usability... yes
checking linux/quota.h presence... yes
checking for linux/quota.h... yes
checking linux/seccomp.h usability... yes
checking linux/seccomp.h presence... yes
checking for linux/seccomp.h... yes
checking linux/securebits.h usability... yes
checking linux/securebits.h presence... yes
checking for linux/securebits.h... yes
checking linux/sem.h usability... yes
checking linux/sem.h presence... yes
checking for linux/sem.h... yes
checking linux/shm.h usability... yes
checking linux/shm.h presence... yes
checking for linux/shm.h... yes
checking linux/userfaultfd.h usability... yes
checking linux/userfaultfd.h presence... yes
checking for linux/userfaultfd.h... yes
checking linux/utsname.h usability... yes
checking linux/utsname.h presence... yes
checking for linux/utsname.h... yes
checking mqueue.h usability... yes
checking mqueue.h presence... yes
checking for mqueue.h... yes
checking for netinet/sctp.h... (cached) no
checking netipx/ipx.h usability... yes
checking netipx/ipx.h presence... yes
checking for netipx/ipx.h... yes
checking paths.h usability... yes
checking paths.h presence... yes
checking for paths.h... yes
checking scsi/sg.h usability... yes
checking scsi/sg.h presence... yes
checking for scsi/sg.h... yes
checking stropts.h usability... yes
checking stropts.h presence... yes
checking for stropts.h... yes
checking sys/conf.h usability... no
checking sys/conf.h presence... no
checking for sys/conf.h... no
checking sys/eventfd.h usability... yes
checking sys/eventfd.h presence... yes
checking for sys/eventfd.h... yes
checking sys/fanotify.h usability... yes
checking sys/fanotify.h presence... yes
checking for sys/fanotify.h... yes
checking sys/ipc.h usability... yes
checking sys/ipc.h presence... yes
checking for sys/ipc.h... yes
checking sys/msg.h usability... yes
checking sys/msg.h presence... yes
checking for sys/msg.h... yes
checking sys/quota.h usability... yes
checking sys/quota.h presence... yes
checking for sys/quota.h... yes
checking sys/sem.h usability... yes
checking sys/sem.h presence... yes
checking for sys/sem.h... yes
checking sys/shm.h usability... yes
checking sys/shm.h presence... yes
checking for sys/shm.h... yes
checking sys/signalfd.h usability... yes
checking sys/signalfd.h presence... yes
checking for sys/signalfd.h... yes
checking sys/xattr.h usability... yes
checking sys/xattr.h presence... yes
checking for sys/xattr.h... yes
checking ustat.h usability... no
checking ustat.h presence... no
checking for ustat.h... no
checking for asm/sigcontext.h... yes
checking for netinet/tcp.h... yes
checking for netinet/udp.h... yes
checking for linux/mqueue.h... yes
checking for linux/netfilter/xt_osf.h... yes
checking for linux/netfilter_arp/arp_tables.h... yes
checking for linux/netfilter_bridge/ebtables.h... yes
checking for linux/netfilter_ipv4/ip_tables.h... yes
checking for linux/netfilter_ipv6/ip6_tables.h... yes
checking linux/input.h usability... yes
checking linux/input.h presence... yes
checking for linux/input.h... yes
checking for struct input_absinfo.resolution... yes
checking linux/bpf.h usability... yes
checking linux/bpf.h presence... yes
checking for linux/bpf.h... yes
checking for struct bpf_insn... yes
checking for union bpf_attr.attach_bpf_fd... yes
checking for union bpf_attr.attach_flags... yes
checking for union bpf_attr.attach_type... yes
checking for union bpf_attr.bpf_fd... yes
checking for union bpf_attr.dummy... no
checking for union bpf_attr.file_flags... yes
checking for union bpf_attr.flags... yes
checking for union bpf_attr.inner_map_fd... yes
checking for union bpf_attr.insn_cnt... yes
checking for union bpf_attr.insns... yes
checking for union bpf_attr.kern_version... yes
checking for union bpf_attr.key... yes
checking for union bpf_attr.key_size... yes
checking for union bpf_attr.license... yes
checking for union bpf_attr.log_buf... yes
checking for union bpf_attr.log_level... yes
checking for union bpf_attr.log_size... yes
checking for union bpf_attr.map_fd... yes
checking for union bpf_attr.map_flags... yes
checking for union bpf_attr.map_id... yes
checking for union bpf_attr.map_type... yes
checking for union bpf_attr.max_entries... yes
checking for union bpf_attr.next_id... yes
checking for union bpf_attr.next_key... yes
checking for union bpf_attr.numa_node... yes
checking for union bpf_attr.open_flags... yes
checking for union bpf_attr.pathname... yes
checking for union bpf_attr.prog_flags... yes
checking for union bpf_attr.prog_id... yes
checking for union bpf_attr.prog_type... yes
checking for union bpf_attr.start_id... yes
checking for union bpf_attr.target_fd... yes
checking for union bpf_attr.value... yes
checking for union bpf_attr.value_size... yes
checking for union bpf_attr.test.data_in... yes
checking for union bpf_attr.test.data_out... yes
checking for union bpf_attr.test.data_size_in... yes
checking for union bpf_attr.test.data_size_out... yes
checking for union bpf_attr.test.duration... yes
checking for union bpf_attr.test.prog_fd... yes
checking for union bpf_attr.test.repeat... yes
checking for union bpf_attr.test.retval... yes
checking for union bpf_attr.info.bpf_fd... yes
checking for union bpf_attr.info.info... yes
checking for union bpf_attr.info.info_len... yes
checking for union bpf_attr.dummy... (cached) no
checking for struct br_mdb_entry... yes
checking for struct br_port_msg... yes
checking for struct br_mdb_entry.flags... yes
checking for struct br_mdb_entry.vid... yes
checking for struct dcbmsg... yes
checking for struct ifaddrlblmsg... yes
checking for struct netconfmsg... yes
checking for struct rta_mfc_stats... yes
checking for struct rtvia... yes
checking for struct ndt_stats.ndts_table_fulls... yes
checking for struct ndt_config... yes
checking for struct ndt_stats... yes
checking for struct ifla_bridge_id... yes
checking for struct ifla_port_vsi... yes
checking for struct rtnl_link_stats64... yes
checking for struct rtnl_link_stats.rx_nohandler... yes
checking for struct rtnl_link_stats64.rx_nohandler... yes
checking for struct gnet_stats_basic... yes
checking for struct gnet_stats_queue... yes
checking for struct gnet_stats_rate_est... yes
checking for struct gnet_stats_rate_est64... yes
checking for struct tc_sizespec... yes
checking for struct fib_rule_uid_range... yes
checking for struct statfs... yes
checking for struct statfs.f_frsize... yes
checking for struct statfs.f_flags... yes
checking for struct statfs.f_fsid.val... yes
checking for struct statfs.f_fsid.__val... no
checking for struct statfs64... yes
checking for struct statfs64.f_frsize... yes
checking for struct statfs64.f_flags... yes
checking for struct statfs64.f_fsid.val... yes
checking for struct statfs64.f_fsid.__val... no
checking for struct blk_user_trace_setup... yes
checking for struct mtd_write_req... yes
checking for struct ubi_attach_req.max_beb_per1024... yes
checking for struct ptp_sys_offset... yes
checking for struct kvm_regs... yes
checking for struct kvm_sregs... yes
checking for struct kvm_userspace_memory_region... yes
checking linux/btrfs.h usability... yes
checking linux/btrfs.h presence... yes
checking for linux/btrfs.h... yes
checking for struct btrfs_ioctl_feature_flags.compat_flags... yes
checking for struct btrfs_ioctl_fs_info_args.nodesize... yes
checking for struct btrfs_ioctl_defrag_range_args.start... yes
checking for struct btrfs_ioctl_search_args_v2.buf_size... yes
checking for struct btrfs_ioctl_logical_ino_args.flags... yes
checking whether BTRFS_COMPRESS_NONE is declared... no
checking whether BTRFS_COMPRESS_ZLIB is declared... no
checking whether BTRFS_COMPRESS_LZO is declared... no
checking whether sys_errlist is declared... yes
checking whether PTRACE_PEEKUSER is declared... yes
checking whether PTRACE_POKEUSER is declared... yes
checking whether P_PID is declared... yes
checking whether P_PPID is declared... no
checking whether P_PGID is declared... yes
checking whether P_SID is declared... no
checking whether P_CID is declared... no
checking whether P_UID is declared... no
checking whether P_GID is declared... no
checking whether P_ALL is declared... yes
checking whether P_LWPID is declared... no
checking whether LO_FLAGS_READ_ONLY is declared... yes
checking whether LO_FLAGS_USE_AOPS is declared... no
checking whether LO_FLAGS_AUTOCLEAR is declared... yes
checking whether LO_FLAGS_PARTSCAN is declared... yes
checking whether LO_FLAGS_DIRECT_IO is declared... yes
checking whether CTL_PROC is declared... yes
checking whether CTL_ARLAN is declared... yes
checking whether CTL_S390DBF is declared... yes
checking whether CTL_SUNRPC is declared... yes
checking whether CTL_PM is declared... yes
checking whether CTL_FRV is declared... yes
checking whether KERN_PRINTK_RATELIMIT is declared... yes
checking whether KERN_PRINTK_RATELIMIT_BURST is declared... yes
checking whether KERN_PTY is declared... yes
checking whether KERN_NGROUPS_MAX is declared... yes
checking whether KERN_SPARC_SCONS_PWROFF is declared... yes
checking whether KERN_HZ_TIMER is declared... yes
checking whether KERN_UNKNOWN_NMI_PANIC is declared... yes
checking whether KERN_BOOTLOADER_TYPE is declared... yes
checking whether KERN_RANDOMIZE is declared... yes
checking whether KERN_SETUID_DUMPABLE is declared... yes
checking whether KERN_SPIN_RETRY is declared... yes
checking whether KERN_ACPI_VIDEO_FLAGS is declared... yes
checking whether KERN_IA64_UNALIGNED is declared... yes
checking whether KERN_COMPAT_LOG is declared... yes
checking whether KERN_MAX_LOCK_DEPTH is declared... yes
checking whether KERN_NMI_WATCHDOG is declared... yes
checking whether KERN_PANIC_ON_NMI is declared... yes
checking whether NET_LLC is declared... yes
checking whether NET_NETFILTER is declared... yes
checking whether NET_DCCP is declared... yes
checking whether NET_IRDA is declared... yes
checking whether NET_CORE_DESTROY_DELAY is declared... no
checking whether NET_CORE_BUDGET is declared... yes
checking whether NET_CORE_AEVENT_ETIME is declared... yes
checking whether NET_CORE_AEVENT_RSEQTH is declared... yes
checking whether NET_CORE_WARNINGS is declared... yes
checking whether NET_IPV4_IGMP_MAX_MSF is declared... yes
checking whether NET_TCP_NO_METRICS_SAVE is declared... yes
checking whether NET_TCP_DEFAULT_WIN_SCALE is declared... yes
checking whether NET_TCP_MODERATE_RCVBUF is declared... yes
checking whether NET_TCP_TSO_WIN_DIVISOR is declared... yes
checking whether NET_TCP_BIC_BETA is declared... yes
checking whether NET_IPV4_ICMP_ERRORS_USE_INBOUND_IFADDR is declared... yes
checking whether NET_TCP_CONG_CONTROL is declared... yes
checking whether NET_TCP_ABC is declared... yes
checking whether NET_IPV4_IPFRAG_MAX_DIST is declared... yes
checking whether NET_TCP_MTU_PROBING is declared... yes
checking whether NET_TCP_BASE_MSS is declared... yes
checking whether NET_IPV4_TCP_WORKAROUND_SIGNED_WINDOWS is declared... yes
checking whether NET_TCP_DMA_COPYBREAK is declared... yes
checking whether NET_TCP_SLOW_START_AFTER_IDLE is declared... yes
checking whether NET_CIPSOV4_CACHE_ENABLE is declared... yes
checking whether NET_CIPSOV4_CACHE_BUCKET_SIZE is declared... yes
checking whether NET_CIPSOV4_RBM_OPTFMT is declared... yes
checking whether NET_CIPSOV4_RBM_STRICTVALID is declared... yes
checking whether NET_TCP_AVAIL_CONG_CONTROL is declared... yes
checking whether NET_TCP_ALLOWED_CONG_CONTROL is declared... yes
checking whether NET_TCP_MAX_SSTHRESH is declared... yes
checking whether NET_TCP_FRTO_RESPONSE is declared... yes
checking whether NET_IPV4_ROUTE_GC_MIN_INTERVAL_MS is declared... yes
checking whether NET_IPV4_CONF_FORCE_IGMP_VERSION is declared... yes
checking whether NET_IPV4_CONF_ARP_ANNOUNCE is declared... yes
checking whether NET_IPV4_CONF_ARP_IGNORE is declared... yes
checking whether NET_IPV4_CONF_PROMOTE_SECONDARIES is declared... yes
checking whether NET_IPV4_CONF_ARP_ACCEPT is declared... yes
checking whether NET_IPV4_CONF_ARP_NOTIFY is declared... yes
checking whether NET_IPV6_MLD_MAX_MSF is declared... yes
checking whether NET_IPV6_ROUTE_GC_MIN_INTERVAL_MS is declared... yes
checking whether VM_MAX_MAP_COUNT is declared... yes
checking whether VM_LAPTOP_MODE is declared... yes
checking whether VM_BLOCK_DUMP is declared... yes
checking whether VM_HUGETLB_GROUP is declared... yes
checking whether VM_VFS_CACHE_PRESSURE is declared... yes
checking whether VM_LEGACY_VA_LAYOUT is declared... yes
checking whether VM_SWAP_TOKEN_TIMEOUT is declared... yes
checking whether V4L2_FIELD_ANY is declared... yes
checking whether V4L2_FIELD_NONE is declared... yes
checking whether V4L2_FIELD_TOP is declared... yes
checking whether V4L2_FIELD_BOTTOM is declared... yes
checking whether V4L2_FIELD_INTERLACED is declared... yes
checking whether V4L2_FIELD_SEQ_TB is declared... yes
checking whether V4L2_FIELD_SEQ_BT is declared... yes
checking whether V4L2_FIELD_ALTERNATE is declared... yes
checking whether V4L2_FIELD_INTERLACED_TB is declared... yes
checking whether V4L2_FIELD_INTERLACED_BT is declared... yes
checking whether V4L2_BUF_TYPE_VIDEO_CAPTURE is declared... yes
checking whether V4L2_BUF_TYPE_VIDEO_CAPTURE_MPLANE is declared... yes
checking whether V4L2_BUF_TYPE_VIDEO_OUTPUT is declared... yes
checking whether V4L2_BUF_TYPE_VIDEO_OUTPUT_MPLANE is declared... yes
checking whether V4L2_BUF_TYPE_VIDEO_OVERLAY is declared... yes
checking whether V4L2_BUF_TYPE_VBI_CAPTURE is declared... yes
checking whether V4L2_BUF_TYPE_VBI_OUTPUT is declared... yes
checking whether V4L2_BUF_TYPE_SLICED_VBI_CAPTURE is declared... yes
checking whether V4L2_BUF_TYPE_SLICED_VBI_OUTPUT is declared... yes
checking whether V4L2_BUF_TYPE_VIDEO_OUTPUT_OVERLAY is declared... yes
checking whether V4L2_BUF_TYPE_SDR_CAPTURE is declared... yes
checking whether V4L2_BUF_TYPE_SDR_OUTPUT is declared... yes
checking whether V4L2_TUNER_RADIO is declared... yes
checking whether V4L2_TUNER_ANALOG_TV is declared... yes
checking whether V4L2_TUNER_DIGITAL_TV is declared... yes
checking whether V4L2_MEMORY_MMAP is declared... yes
checking whether V4L2_MEMORY_USERPTR is declared... yes
checking whether V4L2_MEMORY_OVERLAY is declared... yes
checking whether V4L2_MEMORY_DMABUF is declared... yes
checking whether V4L2_COLORSPACE_SMPTE170M is declared... yes
checking whether V4L2_COLORSPACE_SMPTE240M is declared... yes
checking whether V4L2_COLORSPACE_REC709 is declared... yes
checking whether V4L2_COLORSPACE_BT878 is declared... yes
checking whether V4L2_COLORSPACE_470_SYSTEM_M is declared... yes
checking whether V4L2_COLORSPACE_470_SYSTEM_BG is declared... yes
checking whether V4L2_COLORSPACE_JPEG is declared... yes
checking whether V4L2_COLORSPACE_SRGB is declared... yes
checking whether V4L2_PRIORITY_UNSET is declared... yes
checking whether V4L2_PRIORITY_BACKGROUND is declared... yes
checking whether V4L2_PRIORITY_INTERACTIVE is declared... yes
checking whether V4L2_PRIORITY_RECORD is declared... yes
checking whether V4L2_FRMSIZE_TYPE_DISCRETE is declared... yes
checking whether V4L2_FRMSIZE_TYPE_CONTINUOUS is declared... yes
checking whether V4L2_FRMSIZE_TYPE_STEPWISE is declared... yes
checking whether V4L2_FRMIVAL_TYPE_DISCRETE is declared... yes
checking whether V4L2_FRMIVAL_TYPE_CONTINUOUS is declared... yes
checking whether V4L2_FRMIVAL_TYPE_STEPWISE is declared... yes
checking whether V4L2_CTRL_TYPE_INTEGER is declared... yes
checking whether V4L2_CTRL_TYPE_BOOLEAN is declared... yes
checking whether V4L2_CTRL_TYPE_MENU is declared... yes
checking whether V4L2_CTRL_TYPE_BUTTON is declared... yes
checking whether V4L2_CTRL_TYPE_INTEGER64 is declared... yes
checking whether V4L2_CTRL_TYPE_CTRL_CLASS is declared... yes
checking whether V4L2_CTRL_TYPE_STRING is declared... yes
checking whether V4L2_CTRL_TYPE_BITMASK is declared... yes
checking whether V4L2_CTRL_TYPE_INTEGER_MENU is declared... yes
checking for struct v4l2_window.global_alpha... yes
checking for struct v4l2_sdr_format.buffersize... yes
checking for BLKGETSIZE64... yes
checking size of long... (cached) 4
checking size of long long... (cached) 8
checking size of off_t... (cached) 8
checking size of kernel_long_t... 4
checking size of struct i64_i32... 16
checking for SIGRTMIN... 32
checking for SA_RESTORER... 0x04000000
checking for __builtin_popcount... yes
checking for program_invocation_name... yes
checking for static_assert... yes
checking for dladdr in -ldl... yes
checking for library containing timer_create... -lrt
checking for library containing clock_gettime... none required
checking for library containing mq_open... -lrt
checking for perl... /media/gwind/windcode/openwrt-ssd20x/18.06/staging_dir/host/bin/perl
checking for arm-linux-gnueabihf-readelf... arm-linux-gnueabihf-readelf
checking whether to enable stack tracing support using libunwind... no
checking whether to enable demangling symbols in stack trace... no
checking for valgrind... no
checking that generated files are newer than configure... done
configure: creating ./config.status
config.status: creating Makefile
config.status: creating tests/Makefile
config.status: creating tests-m32/Makefile
config.status: creating tests-mx32/Makefile
config.status: creating strace.1
config.status: creating strace-log-merge.1
config.status: creating strace.spec
config.status: creating debian/changelog
config.status: creating config.h
config.status: executing depfiles commands
touch /media/gwind/windcode/openwrt-ssd20x/18.06/build_dir/target-arm-linux-gnueabihf_glibc/linux-sstar_ssd20x/strace-4.22/.configured_4a5e5109ca57249db3d154a05a735e06
rm -f /media/gwind/windcode/openwrt-ssd20x/18.06/build_dir/target-arm-linux-gnueabihf_glibc/linux-sstar_ssd20x/strace-4.22/.built
touch /media/gwind/windcode/openwrt-ssd20x/18.06/build_dir/target-arm-linux-gnueabihf_glibc/linux-sstar_ssd20x/strace-4.22/.built_check
CFLAGS="-Os -pipe -Wno-implicit-fallthrough -mfpu=neon -Wno-format-overflow -fno-caller-saves -fno-plt -mfloat-abi=hard  -D_FORTIFY_SOURCE=1 -Wl,-z,now -Wl,-z,relro  -I/media/gwind/windcode/openwrt-ssd20x/18.06/staging_dir/target-arm-linux-gnueabihf_glibc/usr/include -I/media/gwind/windcode/openwrt-ssd20x/18.06/staging_dir/target-arm-linux-gnueabihf_glibc/include " CXXFLAGS="-Os -pipe -Wno-implicit-fallthrough -mfpu=neon -Wno-format-overflow -fno-caller-saves -fno-plt -mfloat-abi=hard  -D_FORTIFY_SOURCE=1 -Wl,-z,now -Wl,-z,relro  -I/media/gwind/windcode/openwrt-ssd20x/18.06/staging_dir/target-arm-linux-gnueabihf_glibc/usr/include -I/media/gwind/windcode/openwrt-ssd20x/18.06/staging_dir/target-arm-linux-gnueabihf_glibc/include " LDFLAGS="-L/media/gwind/windcode/openwrt-ssd20x/18.06/staging_dir/target-arm-linux-gnueabihf_glibc/usr/lib -L/media/gwind/windcode/openwrt-ssd20x/18.06/staging_dir/target-arm-linux-gnueabihf_glibc/lib -L/opt/ssd20x/gcc-arm-8.2-2018.08-x86_64-arm-linux-gnueabihf/arm-linux-gnueabihf/libc/usr/lib -L/opt/ssd20x/gcc-arm-8.2-2018.08-x86_64-arm-linux-gnueabihf/arm-linux-gnueabihf/libc/lib -znow -zrelro " make -j1 -C /media/gwind/windcode/openwrt-ssd20x/18.06/build_dir/target-arm-linux-gnueabihf_glibc/linux-sstar_ssd20x/strace-4.22/. CCOPT="-Os -pipe -Wno-implicit-fallthrough -mfpu=neon -Wno-format-overflow -fno-caller-saves -fno-plt -mfloat-abi=hard  -D_FORTIFY_SOURCE=1 -Wl,-z,now -Wl,-z,relro" ;
make[4]: Entering directory '/media/gwind/windcode/openwrt-ssd20x/18.06/build_dir/target-arm-linux-gnueabihf_glibc/linux-sstar_ssd20x/strace-4.22'
arm-linux-gnueabihf-gcc -E -P -DHAVE_CONFIG_H   \
	-I./linux/arm -I./linux/arm -I./linux -I./linux -I. -I.    -I/media/gwind/windcode/openwrt-ssd20x/18.06/staging_dir/target-arm-linux-gnueabihf_glibc/usr/include -I/media/gwind/windcode/openwrt-ssd20x/18.06/staging_dir/target-arm-linux-gnueabihf_glibc/include  ioctl_iocdef.c -o ioctl_iocdef.i
sed -n 's/^DEFINE HOST/#define /p' ioctl_iocdef.i > ioctl_iocdef.h
cat linux/arm/ioctls_inc0.h linux/arm/ioctls_arch0.h > ioctls_all0.h
gcc -DHAVE_CONFIG_H   -I./linux/arm -I./linux/arm -I./linux -I./linux -I. -I. -I/media/gwind/windcode/openwrt-ssd20x/18.06/staging_dir/host/include -I/media/gwind/windcode/openwrt-ssd20x/18.06/staging_dir/hostpkg/include -I/media/gwind/windcode/openwrt-ssd20x/18.06/staging_dir/target-arm-linux-gnueabihf_glibc/host/include -Wall -Wempty-body -Wformat-security -Wignored-qualifiers -Winit-self -Wlogical-op -Wmissing-parameter-type -Wnested-externs -Wold-style-declaration -Wold-style-definition -Wsign-compare -Wtype-limits -Wwrite-strings -O2 -I/media/gwind/windcode/openwrt-ssd20x/18.06/staging_dir/host/include -I/media/gwind/windcode/openwrt-ssd20x/18.06/staging_dir/hostpkg/include -I/media/gwind/windcode/openwrt-ssd20x/18.06/staging_dir/target-arm-linux-gnueabihf_glibc/host/include -I/media/gwind/windcode/openwrt-ssd20x/18.06/build_dir/target-arm-linux-gnueabihf_glibc/linux-sstar_ssd20x/linux-4.9.84/user_headers/include -DIOCTLSORT_INC=\"ioctls_all0.h\" -c -o ioctlsort0.o ./ioctlsort.c
gcc -Wall -Wempty-body -Wformat-security -Wignored-qualifiers -Winit-self -Wlogical-op -Wmissing-parameter-type -Wnested-externs -Wold-style-declaration -Wold-style-definition -Wsign-compare -Wtype-limits -Wwrite-strings -O2 -I/media/gwind/windcode/openwrt-ssd20x/18.06/staging_dir/host/include -I/media/gwind/windcode/openwrt-ssd20x/18.06/staging_dir/hostpkg/include -I/media/gwind/windcode/openwrt-ssd20x/18.06/staging_dir/target-arm-linux-gnueabihf_glibc/host/include -I/media/gwind/windcode/openwrt-ssd20x/18.06/build_dir/target-arm-linux-gnueabihf_glibc/linux-sstar_ssd20x/linux-4.9.84/user_headers/include  -L/media/gwind/windcode/openwrt-ssd20x/18.06/staging_dir/host/lib -L/media/gwind/windcode/openwrt-ssd20x/18.06/staging_dir/hostpkg/lib -L/media/gwind/windcode/openwrt-ssd20x/18.06/staging_dir/target-arm-linux-gnueabihf_glibc/host/lib ioctlsort0.o -o ioctlsort0
./ioctlsort0 > ioctlent0.h
arm-linux-gnueabihf-gcc -E -P -DHAVE_CONFIG_H   -I./linux/arm -I./linux/arm -I./linux -I./linux -I. -I.    -I/media/gwind/windcode/openwrt-ssd20x/18.06/staging_dir/target-arm-linux-gnueabihf_glibc/usr/include -I/media/gwind/windcode/openwrt-ssd20x/18.06/staging_dir/target-arm-linux-gnueabihf_glibc/include  -DIN_MPERS_BOOTSTRAP block.c -o block.c.mpers.i
arm-linux-gnueabihf-gcc -E -P -DHAVE_CONFIG_H   -I./linux/arm -I./linux/arm -I./linux -I./linux -I. -I.    -I/media/gwind/windcode/openwrt-ssd20x/18.06/staging_dir/target-arm-linux-gnueabihf_glibc/usr/include -I/media/gwind/windcode/openwrt-ssd20x/18.06/staging_dir/target-arm-linux-gnueabihf_glibc/include  -DIN_MPERS_BOOTSTRAP btrfs.c -o btrfs.c.mpers.i
arm-linux-gnueabihf-gcc -E -P -DHAVE_CONFIG_H   -I./linux/arm -I./linux/arm -I./linux -I./linux -I. -I.    -I/media/gwind/windcode/openwrt-ssd20x/18.06/staging_dir/target-arm-linux-gnueabihf_glibc/usr/include -I/media/gwind/windcode/openwrt-ssd20x/18.06/staging_dir/target-arm-linux-gnueabihf_glibc/include  -DIN_MPERS_BOOTSTRAP dirent.c -o dirent.c.mpers.i
arm-linux-gnueabihf-gcc -E -P -DHAVE_CONFIG_H   -I./linux/arm -I./linux/arm -I./linux -I./linux -I. -I.    -I/media/gwind/windcode/openwrt-ssd20x/18.06/staging_dir/target-arm-linux-gnueabihf_glibc/usr/include -I/media/gwind/windcode/openwrt-ssd20x/18.06/staging_dir/target-arm-linux-gnueabihf_glibc/include  -DIN_MPERS_BOOTSTRAP evdev_mpers.c -o evdev_mpers.c.mpers.i
arm-linux-gnueabihf-gcc -E -P -DHAVE_CONFIG_H   -I./linux/arm -I./linux/arm -I./linux -I./linux -I. -I.    -I/media/gwind/windcode/openwrt-ssd20x/18.06/staging_dir/target-arm-linux-gnueabihf_glibc/usr/include -I/media/gwind/windcode/openwrt-ssd20x/18.06/staging_dir/target-arm-linux-gnueabihf_glibc/include  -DIN_MPERS_BOOTSTRAP fetch_bpf_fprog.c -o fetch_bpf_fprog.c.mpers.i
arm-linux-gnueabihf-gcc -E -P -DHAVE_CONFIG_H   -I./linux/arm -I./linux/arm -I./linux -I./linux -I. -I.    -I/media/gwind/windcode/openwrt-ssd20x/18.06/staging_dir/target-arm-linux-gnueabihf_glibc/usr/include -I/media/gwind/windcode/openwrt-ssd20x/18.06/staging_dir/target-arm-linux-gnueabihf_glibc/include  -DIN_MPERS_BOOTSTRAP fetch_struct_flock.c -o fetch_struct_flock.c.mpers.i
arm-linux-gnueabihf-gcc -E -P -DHAVE_CONFIG_H   -I./linux/arm -I./linux/arm -I./linux -I./linux -I. -I.    -I/media/gwind/windcode/openwrt-ssd20x/18.06/staging_dir/target-arm-linux-gnueabihf_glibc/usr/include -I/media/gwind/windcode/openwrt-ssd20x/18.06/staging_dir/target-arm-linux-gnueabihf_glibc/include  -DIN_MPERS_BOOTSTRAP fetch_struct_keyctl_kdf_params.c -o fetch_struct_keyctl_kdf_params.c.mpers.i
arm-linux-gnueabihf-gcc -E -P -DHAVE_CONFIG_H   -I./linux/arm -I./linux/arm -I./linux -I./linux -I. -I.    -I/media/gwind/windcode/openwrt-ssd20x/18.06/staging_dir/target-arm-linux-gnueabihf_glibc/usr/include -I/media/gwind/windcode/openwrt-ssd20x/18.06/staging_dir/target-arm-linux-gnueabihf_glibc/include  -DIN_MPERS_BOOTSTRAP fetch_struct_mmsghdr.c -o fetch_struct_mmsghdr.c.mpers.i
arm-linux-gnueabihf-gcc -E -P -DHAVE_CONFIG_H   -I./linux/arm -I./linux/arm -I./linux -I./linux -I. -I.    -I/media/gwind/windcode/openwrt-ssd20x/18.06/staging_dir/target-arm-linux-gnueabihf_glibc/usr/include -I/media/gwind/windcode/openwrt-ssd20x/18.06/staging_dir/target-arm-linux-gnueabihf_glibc/include  -DIN_MPERS_BOOTSTRAP fetch_struct_msghdr.c -o fetch_struct_msghdr.c.mpers.i
arm-linux-gnueabihf-gcc -E -P -DHAVE_CONFIG_H   -I./linux/arm -I./linux/arm -I./linux -I./linux -I. -I.    -I/media/gwind/windcode/openwrt-ssd20x/18.06/staging_dir/target-arm-linux-gnueabihf_glibc/usr/include -I/media/gwind/windcode/openwrt-ssd20x/18.06/staging_dir/target-arm-linux-gnueabihf_glibc/include  -DIN_MPERS_BOOTSTRAP fetch_struct_stat.c -o fetch_struct_stat.c.mpers.i
arm-linux-gnueabihf-gcc -E -P -DHAVE_CONFIG_H   -I./linux/arm -I./linux/arm -I./linux -I./linux -I. -I.    -I/media/gwind/windcode/openwrt-ssd20x/18.06/staging_dir/target-arm-linux-gnueabihf_glibc/usr/include -I/media/gwind/windcode/openwrt-ssd20x/18.06/staging_dir/target-arm-linux-gnueabihf_glibc/include  -DIN_MPERS_BOOTSTRAP fetch_struct_stat64.c -o fetch_struct_stat64.c.mpers.i
arm-linux-gnueabihf-gcc -E -P -DHAVE_CONFIG_H   -I./linux/arm -I./linux/arm -I./linux -I./linux -I. -I.    -I/media/gwind/windcode/openwrt-ssd20x/18.06/staging_dir/target-arm-linux-gnueabihf_glibc/usr/include -I/media/gwind/windcode/openwrt-ssd20x/18.06/staging_dir/target-arm-linux-gnueabihf_glibc/include  -DIN_MPERS_BOOTSTRAP fetch_struct_statfs.c -o fetch_struct_statfs.c.mpers.i
arm-linux-gnueabihf-gcc -E -P -DHAVE_CONFIG_H   -I./linux/arm -I./linux/arm -I./linux -I./linux -I. -I.    -I/media/gwind/windcode/openwrt-ssd20x/18.06/staging_dir/target-arm-linux-gnueabihf_glibc/usr/include -I/media/gwind/windcode/openwrt-ssd20x/18.06/staging_dir/target-arm-linux-gnueabihf_glibc/include  -DIN_MPERS_BOOTSTRAP hdio.c -o hdio.c.mpers.i
arm-linux-gnueabihf-gcc -E -P -DHAVE_CONFIG_H   -I./linux/arm -I./linux/arm -I./linux -I./linux -I. -I.    -I/media/gwind/windcode/openwrt-ssd20x/18.06/staging_dir/target-arm-linux-gnueabihf_glibc/usr/include -I/media/gwind/windcode/openwrt-ssd20x/18.06/staging_dir/target-arm-linux-gnueabihf_glibc/include  -DIN_MPERS_BOOTSTRAP ipc_msgctl.c -o ipc_msgctl.c.mpers.i
arm-linux-gnueabihf-gcc -E -P -DHAVE_CONFIG_H   -I./linux/arm -I./linux/arm -I./linux -I./linux -I. -I.    -I/media/gwind/windcode/openwrt-ssd20x/18.06/staging_dir/target-arm-linux-gnueabihf_glibc/usr/include -I/media/gwind/windcode/openwrt-ssd20x/18.06/staging_dir/target-arm-linux-gnueabihf_glibc/include  -DIN_MPERS_BOOTSTRAP ipc_shmctl.c -o ipc_shmctl.c.mpers.i
arm-linux-gnueabihf-gcc -E -P -DHAVE_CONFIG_H   -I./linux/arm -I./linux/arm -I./linux -I./linux -I. -I.    -I/media/gwind/windcode/openwrt-ssd20x/18.06/staging_dir/target-arm-linux-gnueabihf_glibc/usr/include -I/media/gwind/windcode/openwrt-ssd20x/18.06/staging_dir/target-arm-linux-gnueabihf_glibc/include  -DIN_MPERS_BOOTSTRAP loop.c -o loop.c.mpers.i
arm-linux-gnueabihf-gcc -E -P -DHAVE_CONFIG_H   -I./linux/arm -I./linux/arm -I./linux -I./linux -I. -I.    -I/media/gwind/windcode/openwrt-ssd20x/18.06/staging_dir/target-arm-linux-gnueabihf_glibc/usr/include -I/media/gwind/windcode/openwrt-ssd20x/18.06/staging_dir/target-arm-linux-gnueabihf_glibc/include  -DIN_MPERS_BOOTSTRAP mtd.c -o mtd.c.mpers.i
arm-linux-gnueabihf-gcc -E -P -DHAVE_CONFIG_H   -I./linux/arm -I./linux/arm -I./linux -I./linux -I. -I.    -I/media/gwind/windcode/openwrt-ssd20x/18.06/staging_dir/target-arm-linux-gnueabihf_glibc/usr/include -I/media/gwind/windcode/openwrt-ssd20x/18.06/staging_dir/target-arm-linux-gnueabihf_glibc/include  -DIN_MPERS_BOOTSTRAP print_group_req.c -o print_group_req.c.mpers.i
arm-linux-gnueabihf-gcc -E -P -DHAVE_CONFIG_H   -I./linux/arm -I./linux/arm -I./linux -I./linux -I. -I.    -I/media/gwind/windcode/openwrt-ssd20x/18.06/staging_dir/target-arm-linux-gnueabihf_glibc/usr/include -I/media/gwind/windcode/openwrt-ssd20x/18.06/staging_dir/target-arm-linux-gnueabihf_glibc/include  -DIN_MPERS_BOOTSTRAP print_mq_attr.c -o print_mq_attr.c.mpers.i
arm-linux-gnueabihf-gcc -E -P -DHAVE_CONFIG_H   -I./linux/arm -I./linux/arm -I./linux -I./linux -I. -I.    -I/media/gwind/windcode/openwrt-ssd20x/18.06/staging_dir/target-arm-linux-gnueabihf_glibc/usr/include -I/media/gwind/windcode/openwrt-ssd20x/18.06/staging_dir/target-arm-linux-gnueabihf_glibc/include  -DIN_MPERS_BOOTSTRAP print_msgbuf.c -o print_msgbuf.c.mpers.i
arm-linux-gnueabihf-gcc -E -P -DHAVE_CONFIG_H   -I./linux/arm -I./linux/arm -I./linux -I./linux -I. -I.    -I/media/gwind/windcode/openwrt-ssd20x/18.06/staging_dir/target-arm-linux-gnueabihf_glibc/usr/include -I/media/gwind/windcode/openwrt-ssd20x/18.06/staging_dir/target-arm-linux-gnueabihf_glibc/include  -DIN_MPERS_BOOTSTRAP print_sg_req_info.c -o print_sg_req_info.c.mpers.i
arm-linux-gnueabihf-gcc -E -P -DHAVE_CONFIG_H   -I./linux/arm -I./linux/arm -I./linux -I./linux -I. -I.    -I/media/gwind/windcode/openwrt-ssd20x/18.06/staging_dir/target-arm-linux-gnueabihf_glibc/usr/include -I/media/gwind/windcode/openwrt-ssd20x/18.06/staging_dir/target-arm-linux-gnueabihf_glibc/include  -DIN_MPERS_BOOTSTRAP print_sigevent.c -o print_sigevent.c.mpers.i
arm-linux-gnueabihf-gcc -E -P -DHAVE_CONFIG_H   -I./linux/arm -I./linux/arm -I./linux -I./linux -I. -I.    -I/media/gwind/windcode/openwrt-ssd20x/18.06/staging_dir/target-arm-linux-gnueabihf_glibc/usr/include -I/media/gwind/windcode/openwrt-ssd20x/18.06/staging_dir/target-arm-linux-gnueabihf_glibc/include  -DIN_MPERS_BOOTSTRAP print_time.c -o print_time.c.mpers.i
arm-linux-gnueabihf-gcc -E -P -DHAVE_CONFIG_H   -I./linux/arm -I./linux/arm -I./linux -I./linux -I. -I.    -I/media/gwind/windcode/openwrt-ssd20x/18.06/staging_dir/target-arm-linux-gnueabihf_glibc/usr/include -I/media/gwind/windcode/openwrt-ssd20x/18.06/staging_dir/target-arm-linux-gnueabihf_glibc/include  -DIN_MPERS_BOOTSTRAP print_timespec.c -o print_timespec.c.mpers.i
arm-linux-gnueabihf-gcc -E -P -DHAVE_CONFIG_H   -I./linux/arm -I./linux/arm -I./linux -I./linux -I. -I.    -I/media/gwind/windcode/openwrt-ssd20x/18.06/staging_dir/target-arm-linux-gnueabihf_glibc/usr/include -I/media/gwind/windcode/openwrt-ssd20x/18.06/staging_dir/target-arm-linux-gnueabihf_glibc/include  -DIN_MPERS_BOOTSTRAP print_timeval.c -o print_timeval.c.mpers.i
arm-linux-gnueabihf-gcc -E -P -DHAVE_CONFIG_H   -I./linux/arm -I./linux/arm -I./linux -I./linux -I. -I.    -I/media/gwind/windcode/openwrt-ssd20x/18.06/staging_dir/target-arm-linux-gnueabihf_glibc/usr/include -I/media/gwind/windcode/openwrt-ssd20x/18.06/staging_dir/target-arm-linux-gnueabihf_glibc/include  -DIN_MPERS_BOOTSTRAP print_timex.c -o print_timex.c.mpers.i
arm-linux-gnueabihf-gcc -E -P -DHAVE_CONFIG_H   -I./linux/arm -I./linux/arm -I./linux -I./linux -I. -I.    -I/media/gwind/windcode/openwrt-ssd20x/18.06/staging_dir/target-arm-linux-gnueabihf_glibc/usr/include -I/media/gwind/windcode/openwrt-ssd20x/18.06/staging_dir/target-arm-linux-gnueabihf_glibc/include  -DIN_MPERS_BOOTSTRAP printrusage.c -o printrusage.c.mpers.i
arm-linux-gnueabihf-gcc -E -P -DHAVE_CONFIG_H   -I./linux/arm -I./linux/arm -I./linux -I./linux -I. -I.    -I/media/gwind/windcode/openwrt-ssd20x/18.06/staging_dir/target-arm-linux-gnueabihf_glibc/usr/include -I/media/gwind/windcode/openwrt-ssd20x/18.06/staging_dir/target-arm-linux-gnueabihf_glibc/include  -DIN_MPERS_BOOTSTRAP printsiginfo.c -o printsiginfo.c.mpers.i
arm-linux-gnueabihf-gcc -E -P -DHAVE_CONFIG_H   -I./linux/arm -I./linux/arm -I./linux -I./linux -I. -I.    -I/media/gwind/windcode/openwrt-ssd20x/18.06/staging_dir/target-arm-linux-gnueabihf_glibc/usr/include -I/media/gwind/windcode/openwrt-ssd20x/18.06/staging_dir/target-arm-linux-gnueabihf_glibc/include  -DIN_MPERS_BOOTSTRAP rt_sigreturn.c -o rt_sigreturn.c.mpers.i
arm-linux-gnueabihf-gcc -E -P -DHAVE_CONFIG_H   -I./linux/arm -I./linux/arm -I./linux -I./linux -I. -I.    -I/media/gwind/windcode/openwrt-ssd20x/18.06/staging_dir/target-arm-linux-gnueabihf_glibc/usr/include -I/media/gwind/windcode/openwrt-ssd20x/18.06/staging_dir/target-arm-linux-gnueabihf_glibc/include  -DIN_MPERS_BOOTSTRAP rtc.c -o rtc.c.mpers.i
arm-linux-gnueabihf-gcc -E -P -DHAVE_CONFIG_H   -I./linux/arm -I./linux/arm -I./linux -I./linux -I. -I.    -I/media/gwind/windcode/openwrt-ssd20x/18.06/staging_dir/target-arm-linux-gnueabihf_glibc/usr/include -I/media/gwind/windcode/openwrt-ssd20x/18.06/staging_dir/target-arm-linux-gnueabihf_glibc/include  -DIN_MPERS_BOOTSTRAP sg_io_v3.c -o sg_io_v3.c.mpers.i
arm-linux-gnueabihf-gcc -E -P -DHAVE_CONFIG_H   -I./linux/arm -I./linux/arm -I./linux -I./linux -I. -I.    -I/media/gwind/windcode/openwrt-ssd20x/18.06/staging_dir/target-arm-linux-gnueabihf_glibc/usr/include -I/media/gwind/windcode/openwrt-ssd20x/18.06/staging_dir/target-arm-linux-gnueabihf_glibc/include  -DIN_MPERS_BOOTSTRAP sigaltstack.c -o sigaltstack.c.mpers.i
arm-linux-gnueabihf-gcc -E -P -DHAVE_CONFIG_H   -I./linux/arm -I./linux/arm -I./linux -I./linux -I. -I.    -I/media/gwind/windcode/openwrt-ssd20x/18.06/staging_dir/target-arm-linux-gnueabihf_glibc/usr/include -I/media/gwind/windcode/openwrt-ssd20x/18.06/staging_dir/target-arm-linux-gnueabihf_glibc/include  -DIN_MPERS_BOOTSTRAP sock.c -o sock.c.mpers.i
arm-linux-gnueabihf-gcc -E -P -DHAVE_CONFIG_H   -I./linux/arm -I./linux/arm -I./linux -I./linux -I. -I.    -I/media/gwind/windcode/openwrt-ssd20x/18.06/staging_dir/target-arm-linux-gnueabihf_glibc/usr/include -I/media/gwind/windcode/openwrt-ssd20x/18.06/staging_dir/target-arm-linux-gnueabihf_glibc/include  -DIN_MPERS_BOOTSTRAP sysinfo.c -o sysinfo.c.mpers.i
arm-linux-gnueabihf-gcc -E -P -DHAVE_CONFIG_H   -I./linux/arm -I./linux/arm -I./linux -I./linux -I. -I.    -I/media/gwind/windcode/openwrt-ssd20x/18.06/staging_dir/target-arm-linux-gnueabihf_glibc/usr/include -I/media/gwind/windcode/openwrt-ssd20x/18.06/staging_dir/target-arm-linux-gnueabihf_glibc/include  -DIN_MPERS_BOOTSTRAP times.c -o times.c.mpers.i
arm-linux-gnueabihf-gcc -E -P -DHAVE_CONFIG_H   -I./linux/arm -I./linux/arm -I./linux -I./linux -I. -I.    -I/media/gwind/windcode/openwrt-ssd20x/18.06/staging_dir/target-arm-linux-gnueabihf_glibc/usr/include -I/media/gwind/windcode/openwrt-ssd20x/18.06/staging_dir/target-arm-linux-gnueabihf_glibc/include  -DIN_MPERS_BOOTSTRAP ustat.c -o ustat.c.mpers.i
arm-linux-gnueabihf-gcc -E -P -DHAVE_CONFIG_H   -I./linux/arm -I./linux/arm -I./linux -I./linux -I. -I.    -I/media/gwind/windcode/openwrt-ssd20x/18.06/staging_dir/target-arm-linux-gnueabihf_glibc/usr/include -I/media/gwind/windcode/openwrt-ssd20x/18.06/staging_dir/target-arm-linux-gnueabihf_glibc/include  -DIN_MPERS_BOOTSTRAP utime.c -o utime.c.mpers.i
arm-linux-gnueabihf-gcc -E -P -DHAVE_CONFIG_H   -I./linux/arm -I./linux/arm -I./linux -I./linux -I. -I.    -I/media/gwind/windcode/openwrt-ssd20x/18.06/staging_dir/target-arm-linux-gnueabihf_glibc/usr/include -I/media/gwind/windcode/openwrt-ssd20x/18.06/staging_dir/target-arm-linux-gnueabihf_glibc/include  -DIN_MPERS_BOOTSTRAP v4l2.c -o v4l2.c.mpers.i
echo '/* Generated by Makefile from block.c.mpers.i btrfs.c.mpers.i dirent.c.mpers.i evdev_mpers.c.mpers.i fetch_bpf_fprog.c.mpers.i fetch_struct_flock.c.mpers.i fetch_struct_keyctl_kdf_params.c.mpers.i fetch_struct_mmsghdr.c.mpers.i fetch_struct_msghdr.c.mpers.i fetch_struct_stat.c.mpers.i fetch_struct_stat64.c.mpers.i fetch_struct_statfs.c.mpers.i hdio.c.mpers.i ipc_msgctl.c.mpers.i ipc_shmctl.c.mpers.i loop.c.mpers.i mtd.c.mpers.i print_group_req.c.mpers.i print_mq_attr.c.mpers.i print_msgbuf.c.mpers.i print_sg_req_info.c.mpers.i print_sigevent.c.mpers.i print_time.c.mpers.i print_timespec.c.mpers.i print_timeval.c.mpers.i print_timex.c.mpers.i printrusage.c.mpers.i printsiginfo.c.mpers.i rt_sigreturn.c.mpers.i rtc.c.mpers.i sg_io_v3.c.mpers.i sigaltstack.c.mpers.i sock.c.mpers.i sysinfo.c.mpers.i times.c.mpers.i ustat.c.mpers.i utime.c.mpers.i v4l2.c.mpers.i; do not edit. */' > native_printer_decls.h-t
for f in block.c.mpers.i btrfs.c.mpers.i dirent.c.mpers.i evdev_mpers.c.mpers.i fetch_bpf_fprog.c.mpers.i fetch_struct_flock.c.mpers.i fetch_struct_keyctl_kdf_params.c.mpers.i fetch_struct_mmsghdr.c.mpers.i fetch_struct_msghdr.c.mpers.i fetch_struct_stat.c.mpers.i fetch_struct_stat64.c.mpers.i fetch_struct_statfs.c.mpers.i hdio.c.mpers.i ipc_msgctl.c.mpers.i ipc_shmctl.c.mpers.i loop.c.mpers.i mtd.c.mpers.i print_group_req.c.mpers.i print_mq_attr.c.mpers.i print_msgbuf.c.mpers.i print_sg_req_info.c.mpers.i print_sigevent.c.mpers.i print_time.c.mpers.i print_timespec.c.mpers.i print_timeval.c.mpers.i print_timex.c.mpers.i printrusage.c.mpers.i printsiginfo.c.mpers.i rt_sigreturn.c.mpers.i rtc.c.mpers.i sg_io_v3.c.mpers.i sigaltstack.c.mpers.i sock.c.mpers.i sysinfo.c.mpers.i times.c.mpers.i ustat.c.mpers.i utime.c.mpers.i v4l2.c.mpers.i; do \
	sed -r -n 's/^MPERS_PRINTER_DECL\(([^,)]+),[[:space:]]*([^,)]+),[[:space:]]*([^)]+)\)$/extern \1 \2(\3);/p' $f \
	|| exit; \
done >> native_printer_decls.h-t
mv native_printer_decls.h-t native_printer_decls.h
echo '/* Generated by Makefile from block.c.mpers.i btrfs.c.mpers.i dirent.c.mpers.i evdev_mpers.c.mpers.i fetch_bpf_fprog.c.mpers.i fetch_struct_flock.c.mpers.i fetch_struct_keyctl_kdf_params.c.mpers.i fetch_struct_mmsghdr.c.mpers.i fetch_struct_msghdr.c.mpers.i fetch_struct_stat.c.mpers.i fetch_struct_stat64.c.mpers.i fetch_struct_statfs.c.mpers.i hdio.c.mpers.i ipc_msgctl.c.mpers.i ipc_shmctl.c.mpers.i loop.c.mpers.i mtd.c.mpers.i print_group_req.c.mpers.i print_mq_attr.c.mpers.i print_msgbuf.c.mpers.i print_sg_req_info.c.mpers.i print_sigevent.c.mpers.i print_time.c.mpers.i print_timespec.c.mpers.i print_timeval.c.mpers.i print_timex.c.mpers.i printrusage.c.mpers.i printsiginfo.c.mpers.i rt_sigreturn.c.mpers.i rtc.c.mpers.i sg_io_v3.c.mpers.i sigaltstack.c.mpers.i sock.c.mpers.i sysinfo.c.mpers.i times.c.mpers.i ustat.c.mpers.i utime.c.mpers.i v4l2.c.mpers.i; do not edit. */' > native_printer_defs.h-t
for f in block.c.mpers.i btrfs.c.mpers.i dirent.c.mpers.i evdev_mpers.c.mpers.i fetch_bpf_fprog.c.mpers.i fetch_struct_flock.c.mpers.i fetch_struct_keyctl_kdf_params.c.mpers.i fetch_struct_mmsghdr.c.mpers.i fetch_struct_msghdr.c.mpers.i fetch_struct_stat.c.mpers.i fetch_struct_stat64.c.mpers.i fetch_struct_statfs.c.mpers.i hdio.c.mpers.i ipc_msgctl.c.mpers.i ipc_shmctl.c.mpers.i loop.c.mpers.i mtd.c.mpers.i print_group_req.c.mpers.i print_mq_attr.c.mpers.i print_msgbuf.c.mpers.i print_sg_req_info.c.mpers.i print_sigevent.c.mpers.i print_time.c.mpers.i print_timespec.c.mpers.i print_timeval.c.mpers.i print_timex.c.mpers.i printrusage.c.mpers.i printsiginfo.c.mpers.i rt_sigreturn.c.mpers.i rtc.c.mpers.i sg_io_v3.c.mpers.i sigaltstack.c.mpers.i sock.c.mpers.i sysinfo.c.mpers.i times.c.mpers.i ustat.c.mpers.i utime.c.mpers.i v4l2.c.mpers.i; do \
	sed -r -n 's/^MPERS_PRINTER_DECL\(([^,)]+),[[:space:]]*([^,)]+),[[:space:]]*([^)]+)\)$/.\2 = \2,/p' $f \
	|| exit; \
done >> native_printer_defs.h-t
mv native_printer_defs.h-t native_printer_defs.h
echo '/* Generated by Makefile from block.c.mpers.i btrfs.c.mpers.i dirent.c.mpers.i evdev_mpers.c.mpers.i fetch_bpf_fprog.c.mpers.i fetch_struct_flock.c.mpers.i fetch_struct_keyctl_kdf_params.c.mpers.i fetch_struct_mmsghdr.c.mpers.i fetch_struct_msghdr.c.mpers.i fetch_struct_stat.c.mpers.i fetch_struct_stat64.c.mpers.i fetch_struct_statfs.c.mpers.i hdio.c.mpers.i ipc_msgctl.c.mpers.i ipc_shmctl.c.mpers.i loop.c.mpers.i mtd.c.mpers.i print_group_req.c.mpers.i print_mq_attr.c.mpers.i print_msgbuf.c.mpers.i print_sg_req_info.c.mpers.i print_sigevent.c.mpers.i print_time.c.mpers.i print_timespec.c.mpers.i print_timeval.c.mpers.i print_timex.c.mpers.i printrusage.c.mpers.i printsiginfo.c.mpers.i rt_sigreturn.c.mpers.i rtc.c.mpers.i sg_io_v3.c.mpers.i sigaltstack.c.mpers.i sock.c.mpers.i sysinfo.c.mpers.i times.c.mpers.i ustat.c.mpers.i utime.c.mpers.i v4l2.c.mpers.i; do not edit. */' > printers.h-t
echo 'typedef struct {' >> printers.h-t
for f in block.c.mpers.i btrfs.c.mpers.i dirent.c.mpers.i evdev_mpers.c.mpers.i fetch_bpf_fprog.c.mpers.i fetch_struct_flock.c.mpers.i fetch_struct_keyctl_kdf_params.c.mpers.i fetch_struct_mmsghdr.c.mpers.i fetch_struct_msghdr.c.mpers.i fetch_struct_stat.c.mpers.i fetch_struct_stat64.c.mpers.i fetch_struct_statfs.c.mpers.i hdio.c.mpers.i ipc_msgctl.c.mpers.i ipc_shmctl.c.mpers.i loop.c.mpers.i mtd.c.mpers.i print_group_req.c.mpers.i print_mq_attr.c.mpers.i print_msgbuf.c.mpers.i print_sg_req_info.c.mpers.i print_sigevent.c.mpers.i print_time.c.mpers.i print_timespec.c.mpers.i print_timeval.c.mpers.i print_timex.c.mpers.i printrusage.c.mpers.i printsiginfo.c.mpers.i rt_sigreturn.c.mpers.i rtc.c.mpers.i sg_io_v3.c.mpers.i sigaltstack.c.mpers.i sock.c.mpers.i sysinfo.c.mpers.i times.c.mpers.i ustat.c.mpers.i utime.c.mpers.i v4l2.c.mpers.i; do \
	sed -r -n 's/^MPERS_PRINTER_DECL\(([^,)]+),[[:space:]]*([^,)]+),[[:space:]]*([^)]+)\)$/ \1 (*\2)(\3);\n#define \2 MPERS_PRINTER_NAME(\2)\n/p' $f \
	|| exit; \
done >> printers.h-t
echo '} struct_printers;' >> printers.h-t
echo 'extern const struct_printers *printers;' >> printers.h-t
echo '#define MPERS_PRINTER_NAME(printer_name) printers->printer_name' >> printers.h-t
mv printers.h-t printers.h
for f in linux/32/syscallent.h linux/64/syscallent.h linux/aarch64/syscallent.h linux/aarch64/syscallent1.h linux/alpha/syscallent.h linux/arc/syscallent.h linux/arm/syscallent.h linux/avr32/syscallent.h linux/bfin/syscallent.h linux/hppa/syscallent.h linux/i386/syscallent.h linux/ia64/syscallent.h linux/m68k/syscallent.h linux/metag/syscallent.h linux/microblaze/syscallent.h linux/mips/syscallent-n32.h linux/mips/syscallent-n64.h linux/mips/syscallent-o32.h linux/mips/syscallent.h linux/nios2/syscallent.h linux/or1k/syscallent.h linux/powerpc/syscallent.h linux/powerpc64/syscallent.h linux/powerpc64/syscallent1.h linux/riscv/syscallent.h linux/riscv/syscallent1.h linux/s390/syscallent.h linux/s390x/syscallent.h linux/s390x/syscallent1.h linux/sh/syscallent.h linux/sh64/syscallent.h linux/sparc/syscallent.h linux/sparc64/syscallent.h linux/sparc64/syscallent1.h linux/subcall.h linux/tile/syscallent.h linux/tile/syscallent1.h linux/x32/syscallent.h linux/x32/syscallent1.h linux/x86_64/syscallent.h linux/x86_64/syscallent1.h linux/xtensa/syscallent.h; do cat -- $f; done | \
	./generate_sen.sh > sen.h
for f in access.c affinity.c aio.c alpha.c basic_filters.c bind.c bjm.c block.c bpf.c bpf_filter.c bpf_seccomp_filter.c bpf_sock_filter.c btrfs.c cacheflush.c capability.c chdir.c chmod.c clone.c copy_file_range.c count.c delay.c desc.c dirent.c dirent64.c dm.c dyxlat.c epoll.c error_prints.c evdev.c evdev_mpers.c eventfd.c execve.c fadvise.c fallocate.c fanotify.c fchownat.c fcntl.c fetch_bpf_fprog.c fetch_struct_flock.c fetch_struct_keyctl_kdf_params.c fetch_struct_mmsghdr.c fetch_struct_msghdr.c fetch_struct_stat.c fetch_struct_stat64.c fetch_struct_statfs.c file_handle.c file_ioctl.c filter_qualify.c flock.c fs_x_ioctl.c futex.c get_robust_list.c getcpu.c getcwd.c getrandom.c hdio.c hostname.c inotify.c io.c ioctl.c ioperm.c iopl.c ioprio.c ipc_msg.c ipc_msgctl.c ipc_sem.c ipc_shm.c ipc_shmctl.c kcmp.c kexec.c keyctl.c kvm.c ldt.c link.c listen.c lookup_dcookie.c loop.c lseek.c mem.c membarrier.c memfd_create.c mknod.c mmap_cache.c mmsghdr.c mount.c mq.c msghdr.c mtd.c net.c netlink.c netlink_crypto.c netlink_inet_diag.c netlink_netfilter.c netlink_netlink_diag.c netlink_packet_diag.c netlink_route.c netlink_selinux.c netlink_smc_diag.c netlink_sock_diag.c netlink_unix_diag.c nlattr.c nsfs.c numa.c number_set.c oldstat.c open.c or1k_atomic.c pathtrace.c perf.c personality.c pkeys.c poll.c prctl.c print_dev_t.c print_group_req.c print_ifindex.c print_mq_attr.c print_msgbuf.c print_sg_req_info.c print_sigevent.c print_statfs.c print_struct_stat.c print_time.c print_timespec.c print_timeval.c print_timex.c printmode.c printrusage.c printsiginfo.c process.c process_vm.c ptp.c quota.c readahead.c readlink.c reboot.c renameat.c resource.c retval.c riscv.c rt_sigframe.c rt_sigreturn.c rtc.c rtnl_addr.c rtnl_addrlabel.c rtnl_dcb.c rtnl_link.c rtnl_mdb.c rtnl_neigh.c rtnl_neightbl.c rtnl_netconf.c rtnl_nsid.c rtnl_route.c rtnl_rule.c rtnl_tc.c rtnl_tc_action.c s390.c sched.c scsi.c seccomp.c sendfile.c sg_io_v3.c sg_io_v4.c shutdown.c sigaltstack.c signal.c signalfd.c sock.c sockaddr.c socketutils.c sparc.c sram_alloc.c stat.c stat64.c statfs.c statx.c strace.c string_to_uint.c swapon.c syscall.c sysctl.c sysinfo.c syslog.c sysmips.c term.c time.c times.c truncate.c ubi.c ucopy.c uid.c uid16.c umask.c umount.c uname.c userfaultfd.c ustat.c util.c utime.c utimes.c v4l2.c wait.c xattr.c xlat.c xmalloc.c fetch_indirect_syscall_args.c fstatfs.c fstatfs64.c getpagesize.c ipc.c sigreturn.c socketcall.c statfs64.c sync_file_range.c sync_file_range2.c upeek.c upoke.c; do \
	sed -n 's/^SYS_FUNC(.*/extern &;/p' $f; \
done | sort -u > sys_func.h
arm-linux-gnueabihf-gcc -E -P -DHAVE_CONFIG_H    -I./linux/arm -I./linux/arm -I./linux -I./linux -I. -I. -I/media/gwind/windcode/openwrt-ssd20x/18.06/staging_dir/target-arm-linux-gnueabihf_glibc/usr/include -I/media/gwind/windcode/openwrt-ssd20x/18.06/staging_dir/target-arm-linux-gnueabihf_glibc/include  -include config.h linux/arm/syscallent.h -o syscallent.i
echo '/* Generated by Makefile from scno.head syscallent.i; do not edit. */' > scno.h-t
cat scno.head >> scno.h-t
LC_ALL=C sed -n '/TRACE_INDIRECT_SUBCALL/d; s/^\[[[:space:]]*\([[:digit:]][[:digit:]]*\)\][[:space:]]*=[[:space:]]*{[^,]*,[^,]*,[^,]*,[[:space:]]*"\([[:alnum:]_][[:alnum:]_]*\)"[[:space:]]*},.*/#ifndef __NR_\2\n# define __NR_\2 (SYSCALL_BIT | \1)\n#endif/p' syscallent.i >> scno.h-t
mv scno.h-t scno.h
make  all-recursive
make[5]: Entering directory '/media/gwind/windcode/openwrt-ssd20x/18.06/build_dir/target-arm-linux-gnueabihf_glibc/linux-sstar_ssd20x/strace-4.22'
Making all in .
make[6]: Entering directory '/media/gwind/windcode/openwrt-ssd20x/18.06/build_dir/target-arm-linux-gnueabihf_glibc/linux-sstar_ssd20x/strace-4.22'
arm-linux-gnueabihf-gcc -DHAVE_CONFIG_H   -I./linux/arm -I./linux/arm -I./linux -I./linux -I. -I.    -I/media/gwind/windcode/openwrt-ssd20x/18.06/staging_dir/target-arm-linux-gnueabihf_glibc/usr/include -I/media/gwind/windcode/openwrt-ssd20x/18.06/staging_dir/target-arm-linux-gnueabihf_glibc/include  -Wall -Wempty-body -Wformat-security -Wignored-qualifiers -Wimplicit-fallthrough=5 -Winit-self -Wlogical-op -Wmissing-parameter-type -Wnested-externs -Wold-style-declaration -Wold-style-definition -Wsign-compare -Wtype-limits -Wwrite-strings  -Os -pipe -Wno-implicit-fallthrough -mfpu=neon -Wno-format-overflow -fno-caller-saves -fno-plt -mfloat-abi=hard  -D_FORTIFY_SOURCE=1 -Wl,-z,now -Wl,-z,relro  -MT libstrace_a-fetch_indirect_syscall_args.o -MD -MP -MF .deps/libstrace_a-fetch_indirect_syscall_args.Tpo -c -o libstrace_a-fetch_indirect_syscall_args.o `test -f 'fetch_indirect_syscall_args.c' || echo './'`fetch_indirect_syscall_args.c
mv -f .deps/libstrace_a-fetch_indirect_syscall_args.Tpo .deps/libstrace_a-fetch_indirect_syscall_args.Po
arm-linux-gnueabihf-gcc -DHAVE_CONFIG_H   -I./linux/arm -I./linux/arm -I./linux -I./linux -I. -I.    -I/media/gwind/windcode/openwrt-ssd20x/18.06/staging_dir/target-arm-linux-gnueabihf_glibc/usr/include -I/media/gwind/windcode/openwrt-ssd20x/18.06/staging_dir/target-arm-linux-gnueabihf_glibc/include  -Wall -Wempty-body -Wformat-security -Wignored-qualifiers -Wimplicit-fallthrough=5 -Winit-self -Wlogical-op -Wmissing-parameter-type -Wnested-externs -Wold-style-declaration -Wold-style-definition -Wsign-compare -Wtype-limits -Wwrite-strings  -Os -pipe -Wno-implicit-fallthrough -mfpu=neon -Wno-format-overflow -fno-caller-saves -fno-plt -mfloat-abi=hard  -D_FORTIFY_SOURCE=1 -Wl,-z,now -Wl,-z,relro  -MT libstrace_a-fstatfs.o -MD -MP -MF .deps/libstrace_a-fstatfs.Tpo -c -o libstrace_a-fstatfs.o `test -f 'fstatfs.c' || echo './'`fstatfs.c
mv -f .deps/libstrace_a-fstatfs.Tpo .deps/libstrace_a-fstatfs.Po
arm-linux-gnueabihf-gcc -DHAVE_CONFIG_H   -I./linux/arm -I./linux/arm -I./linux -I./linux -I. -I.    -I/media/gwind/windcode/openwrt-ssd20x/18.06/staging_dir/target-arm-linux-gnueabihf_glibc/usr/include -I/media/gwind/windcode/openwrt-ssd20x/18.06/staging_dir/target-arm-linux-gnueabihf_glibc/include  -Wall -Wempty-body -Wformat-security -Wignored-qualifiers -Wimplicit-fallthrough=5 -Winit-self -Wlogical-op -Wmissing-parameter-type -Wnested-externs -Wold-style-declaration -Wold-style-definition -Wsign-compare -Wtype-limits -Wwrite-strings  -Os -pipe -Wno-implicit-fallthrough -mfpu=neon -Wno-format-overflow -fno-caller-saves -fno-plt -mfloat-abi=hard  -D_FORTIFY_SOURCE=1 -Wl,-z,now -Wl,-z,relro  -MT libstrace_a-fstatfs64.o -MD -MP -MF .deps/libstrace_a-fstatfs64.Tpo -c -o libstrace_a-fstatfs64.o `test -f 'fstatfs64.c' || echo './'`fstatfs64.c
mv -f .deps/libstrace_a-fstatfs64.Tpo .deps/libstrace_a-fstatfs64.Po
arm-linux-gnueabihf-gcc -DHAVE_CONFIG_H   -I./linux/arm -I./linux/arm -I./linux -I./linux -I. -I.    -I/media/gwind/windcode/openwrt-ssd20x/18.06/staging_dir/target-arm-linux-gnueabihf_glibc/usr/include -I/media/gwind/windcode/openwrt-ssd20x/18.06/staging_dir/target-arm-linux-gnueabihf_glibc/include  -Wall -Wempty-body -Wformat-security -Wignored-qualifiers -Wimplicit-fallthrough=5 -Winit-self -Wlogical-op -Wmissing-parameter-type -Wnested-externs -Wold-style-declaration -Wold-style-definition -Wsign-compare -Wtype-limits -Wwrite-strings  -Os -pipe -Wno-implicit-fallthrough -mfpu=neon -Wno-format-overflow -fno-caller-saves -fno-plt -mfloat-abi=hard  -D_FORTIFY_SOURCE=1 -Wl,-z,now -Wl,-z,relro  -MT libstrace_a-getpagesize.o -MD -MP -MF .deps/libstrace_a-getpagesize.Tpo -c -o libstrace_a-getpagesize.o `test -f 'getpagesize.c' || echo './'`getpagesize.c
mv -f .deps/libstrace_a-getpagesize.Tpo .deps/libstrace_a-getpagesize.Po
arm-linux-gnueabihf-gcc -DHAVE_CONFIG_H   -I./linux/arm -I./linux/arm -I./linux -I./linux -I. -I.    -I/media/gwind/windcode/openwrt-ssd20x/18.06/staging_dir/target-arm-linux-gnueabihf_glibc/usr/include -I/media/gwind/windcode/openwrt-ssd20x/18.06/staging_dir/target-arm-linux-gnueabihf_glibc/include  -Wall -Wempty-body -Wformat-security -Wignored-qualifiers -Wimplicit-fallthrough=5 -Winit-self -Wlogical-op -Wmissing-parameter-type -Wnested-externs -Wold-style-declaration -Wold-style-definition -Wsign-compare -Wtype-limits -Wwrite-strings  -Os -pipe -Wno-implicit-fallthrough -mfpu=neon -Wno-format-overflow -fno-caller-saves -fno-plt -mfloat-abi=hard  -D_FORTIFY_SOURCE=1 -Wl,-z,now -Wl,-z,relro  -MT libstrace_a-ipc.o -MD -MP -MF .deps/libstrace_a-ipc.Tpo -c -o libstrace_a-ipc.o `test -f 'ipc.c' || echo './'`ipc.c
mv -f .deps/libstrace_a-ipc.Tpo .deps/libstrace_a-ipc.Po
arm-linux-gnueabihf-gcc -DHAVE_CONFIG_H   -I./linux/arm -I./linux/arm -I./linux -I./linux -I. -I.    -I/media/gwind/windcode/openwrt-ssd20x/18.06/staging_dir/target-arm-linux-gnueabihf_glibc/usr/include -I/media/gwind/windcode/openwrt-ssd20x/18.06/staging_dir/target-arm-linux-gnueabihf_glibc/include  -Wall -Wempty-body -Wformat-security -Wignored-qualifiers -Wimplicit-fallthrough=5 -Winit-self -Wlogical-op -Wmissing-parameter-type -Wnested-externs -Wold-style-declaration -Wold-style-definition -Wsign-compare -Wtype-limits -Wwrite-strings  -Os -pipe -Wno-implicit-fallthrough -mfpu=neon -Wno-format-overflow -fno-caller-saves -fno-plt -mfloat-abi=hard  -D_FORTIFY_SOURCE=1 -Wl,-z,now -Wl,-z,relro  -MT libstrace_a-sigreturn.o -MD -MP -MF .deps/libstrace_a-sigreturn.Tpo -c -o libstrace_a-sigreturn.o `test -f 'sigreturn.c' || echo './'`sigreturn.c
mv -f .deps/libstrace_a-sigreturn.Tpo .deps/libstrace_a-sigreturn.Po
arm-linux-gnueabihf-gcc -DHAVE_CONFIG_H   -I./linux/arm -I./linux/arm -I./linux -I./linux -I. -I.    -I/media/gwind/windcode/openwrt-ssd20x/18.06/staging_dir/target-arm-linux-gnueabihf_glibc/usr/include -I/media/gwind/windcode/openwrt-ssd20x/18.06/staging_dir/target-arm-linux-gnueabihf_glibc/include  -Wall -Wempty-body -Wformat-security -Wignored-qualifiers -Wimplicit-fallthrough=5 -Winit-self -Wlogical-op -Wmissing-parameter-type -Wnested-externs -Wold-style-declaration -Wold-style-definition -Wsign-compare -Wtype-limits -Wwrite-strings  -Os -pipe -Wno-implicit-fallthrough -mfpu=neon -Wno-format-overflow -fno-caller-saves -fno-plt -mfloat-abi=hard  -D_FORTIFY_SOURCE=1 -Wl,-z,now -Wl,-z,relro  -MT libstrace_a-socketcall.o -MD -MP -MF .deps/libstrace_a-socketcall.Tpo -c -o libstrace_a-socketcall.o `test -f 'socketcall.c' || echo './'`socketcall.c
mv -f .deps/libstrace_a-socketcall.Tpo .deps/libstrace_a-socketcall.Po
arm-linux-gnueabihf-gcc -DHAVE_CONFIG_H   -I./linux/arm -I./linux/arm -I./linux -I./linux -I. -I.    -I/media/gwind/windcode/openwrt-ssd20x/18.06/staging_dir/target-arm-linux-gnueabihf_glibc/usr/include -I/media/gwind/windcode/openwrt-ssd20x/18.06/staging_dir/target-arm-linux-gnueabihf_glibc/include  -Wall -Wempty-body -Wformat-security -Wignored-qualifiers -Wimplicit-fallthrough=5 -Winit-self -Wlogical-op -Wmissing-parameter-type -Wnested-externs -Wold-style-declaration -Wold-style-definition -Wsign-compare -Wtype-limits -Wwrite-strings  -Os -pipe -Wno-implicit-fallthrough -mfpu=neon -Wno-format-overflow -fno-caller-saves -fno-plt -mfloat-abi=hard  -D_FORTIFY_SOURCE=1 -Wl,-z,now -Wl,-z,relro  -MT libstrace_a-statfs.o -MD -MP -MF .deps/libstrace_a-statfs.Tpo -c -o libstrace_a-statfs.o `test -f 'statfs.c' || echo './'`statfs.c
mv -f .deps/libstrace_a-statfs.Tpo .deps/libstrace_a-statfs.Po
arm-linux-gnueabihf-gcc -DHAVE_CONFIG_H   -I./linux/arm -I./linux/arm -I./linux -I./linux -I. -I.    -I/media/gwind/windcode/openwrt-ssd20x/18.06/staging_dir/target-arm-linux-gnueabihf_glibc/usr/include -I/media/gwind/windcode/openwrt-ssd20x/18.06/staging_dir/target-arm-linux-gnueabihf_glibc/include  -Wall -Wempty-body -Wformat-security -Wignored-qualifiers -Wimplicit-fallthrough=5 -Winit-self -Wlogical-op -Wmissing-parameter-type -Wnested-externs -Wold-style-declaration -Wold-style-definition -Wsign-compare -Wtype-limits -Wwrite-strings  -Os -pipe -Wno-implicit-fallthrough -mfpu=neon -Wno-format-overflow -fno-caller-saves -fno-plt -mfloat-abi=hard  -D_FORTIFY_SOURCE=1 -Wl,-z,now -Wl,-z,relro  -MT libstrace_a-statfs64.o -MD -MP -MF .deps/libstrace_a-statfs64.Tpo -c -o libstrace_a-statfs64.o `test -f 'statfs64.c' || echo './'`statfs64.c
mv -f .deps/libstrace_a-statfs64.Tpo .deps/libstrace_a-statfs64.Po
arm-linux-gnueabihf-gcc -DHAVE_CONFIG_H   -I./linux/arm -I./linux/arm -I./linux -I./linux -I. -I.    -I/media/gwind/windcode/openwrt-ssd20x/18.06/staging_dir/target-arm-linux-gnueabihf_glibc/usr/include -I/media/gwind/windcode/openwrt-ssd20x/18.06/staging_dir/target-arm-linux-gnueabihf_glibc/include  -Wall -Wempty-body -Wformat-security -Wignored-qualifiers -Wimplicit-fallthrough=5 -Winit-self -Wlogical-op -Wmissing-parameter-type -Wnested-externs -Wold-style-declaration -Wold-style-definition -Wsign-compare -Wtype-limits -Wwrite-strings  -Os -pipe -Wno-implicit-fallthrough -mfpu=neon -Wno-format-overflow -fno-caller-saves -fno-plt -mfloat-abi=hard  -D_FORTIFY_SOURCE=1 -Wl,-z,now -Wl,-z,relro  -MT libstrace_a-sync_file_range.o -MD -MP -MF .deps/libstrace_a-sync_file_range.Tpo -c -o libstrace_a-sync_file_range.o `test -f 'sync_file_range.c' || echo './'`sync_file_range.c
mv -f .deps/libstrace_a-sync_file_range.Tpo .deps/libstrace_a-sync_file_range.Po
arm-linux-gnueabihf-gcc -DHAVE_CONFIG_H   -I./linux/arm -I./linux/arm -I./linux -I./linux -I. -I.    -I/media/gwind/windcode/openwrt-ssd20x/18.06/staging_dir/target-arm-linux-gnueabihf_glibc/usr/include -I/media/gwind/windcode/openwrt-ssd20x/18.06/staging_dir/target-arm-linux-gnueabihf_glibc/include  -Wall -Wempty-body -Wformat-security -Wignored-qualifiers -Wimplicit-fallthrough=5 -Winit-self -Wlogical-op -Wmissing-parameter-type -Wnested-externs -Wold-style-declaration -Wold-style-definition -Wsign-compare -Wtype-limits -Wwrite-strings  -Os -pipe -Wno-implicit-fallthrough -mfpu=neon -Wno-format-overflow -fno-caller-saves -fno-plt -mfloat-abi=hard  -D_FORTIFY_SOURCE=1 -Wl,-z,now -Wl,-z,relro  -MT libstrace_a-sync_file_range2.o -MD -MP -MF .deps/libstrace_a-sync_file_range2.Tpo -c -o libstrace_a-sync_file_range2.o `test -f 'sync_file_range2.c' || echo './'`sync_file_range2.c
mv -f .deps/libstrace_a-sync_file_range2.Tpo .deps/libstrace_a-sync_file_range2.Po
arm-linux-gnueabihf-gcc -DHAVE_CONFIG_H   -I./linux/arm -I./linux/arm -I./linux -I./linux -I. -I.    -I/media/gwind/windcode/openwrt-ssd20x/18.06/staging_dir/target-arm-linux-gnueabihf_glibc/usr/include -I/media/gwind/windcode/openwrt-ssd20x/18.06/staging_dir/target-arm-linux-gnueabihf_glibc/include  -Wall -Wempty-body -Wformat-security -Wignored-qualifiers -Wimplicit-fallthrough=5 -Winit-self -Wlogical-op -Wmissing-parameter-type -Wnested-externs -Wold-style-declaration -Wold-style-definition -Wsign-compare -Wtype-limits -Wwrite-strings  -Os -pipe -Wno-implicit-fallthrough -mfpu=neon -Wno-format-overflow -fno-caller-saves -fno-plt -mfloat-abi=hard  -D_FORTIFY_SOURCE=1 -Wl,-z,now -Wl,-z,relro  -MT libstrace_a-upeek.o -MD -MP -MF .deps/libstrace_a-upeek.Tpo -c -o libstrace_a-upeek.o `test -f 'upeek.c' || echo './'`upeek.c
mv -f .deps/libstrace_a-upeek.Tpo .deps/libstrace_a-upeek.Po
arm-linux-gnueabihf-gcc -DHAVE_CONFIG_H   -I./linux/arm -I./linux/arm -I./linux -I./linux -I. -I.    -I/media/gwind/windcode/openwrt-ssd20x/18.06/staging_dir/target-arm-linux-gnueabihf_glibc/usr/include -I/media/gwind/windcode/openwrt-ssd20x/18.06/staging_dir/target-arm-linux-gnueabihf_glibc/include  -Wall -Wempty-body -Wformat-security -Wignored-qualifiers -Wimplicit-fallthrough=5 -Winit-self -Wlogical-op -Wmissing-parameter-type -Wnested-externs -Wold-style-declaration -Wold-style-definition -Wsign-compare -Wtype-limits -Wwrite-strings  -Os -pipe -Wno-implicit-fallthrough -mfpu=neon -Wno-format-overflow -fno-caller-saves -fno-plt -mfloat-abi=hard  -D_FORTIFY_SOURCE=1 -Wl,-z,now -Wl,-z,relro  -MT libstrace_a-upoke.o -MD -MP -MF .deps/libstrace_a-upoke.Tpo -c -o libstrace_a-upoke.o `test -f 'upoke.c' || echo './'`upoke.c
mv -f .deps/libstrace_a-upoke.Tpo .deps/libstrace_a-upoke.Po
rm -f libstrace.a
ar cru libstrace.a libstrace_a-fetch_indirect_syscall_args.o libstrace_a-fstatfs.o libstrace_a-fstatfs64.o libstrace_a-getpagesize.o libstrace_a-ipc.o libstrace_a-sigreturn.o libstrace_a-socketcall.o libstrace_a-statfs.o libstrace_a-statfs64.o libstrace_a-sync_file_range.o libstrace_a-sync_file_range2.o libstrace_a-upeek.o libstrace_a-upoke.o 
arm-linux-gnueabihf-ranlib libstrace.a
arm-linux-gnueabihf-gcc -DHAVE_CONFIG_H   -I./linux/arm -I./linux/arm -I./linux -I./linux -I. -I.    -I/media/gwind/windcode/openwrt-ssd20x/18.06/staging_dir/target-arm-linux-gnueabihf_glibc/usr/include -I/media/gwind/windcode/openwrt-ssd20x/18.06/staging_dir/target-arm-linux-gnueabihf_glibc/include  -Wall -Wempty-body -Wformat-security -Wignored-qualifiers -Wimplicit-fallthrough=5 -Winit-self -Wlogical-op -Wmissing-parameter-type -Wnested-externs -Wold-style-declaration -Wold-style-definition -Wsign-compare -Wtype-limits -Wwrite-strings  -Os -pipe -Wno-implicit-fallthrough -mfpu=neon -Wno-format-overflow -fno-caller-saves -fno-plt -mfloat-abi=hard  -D_FORTIFY_SOURCE=1 -Wl,-z,now -Wl,-z,relro  -MT strace-access.o -MD -MP -MF .deps/strace-access.Tpo -c -o strace-access.o `test -f 'access.c' || echo './'`access.c
mv -f .deps/strace-access.Tpo .deps/strace-access.Po
arm-linux-gnueabihf-gcc -DHAVE_CONFIG_H   -I./linux/arm -I./linux/arm -I./linux -I./linux -I. -I.    -I/media/gwind/windcode/openwrt-ssd20x/18.06/staging_dir/target-arm-linux-gnueabihf_glibc/usr/include -I/media/gwind/windcode/openwrt-ssd20x/18.06/staging_dir/target-arm-linux-gnueabihf_glibc/include  -Wall -Wempty-body -Wformat-security -Wignored-qualifiers -Wimplicit-fallthrough=5 -Winit-self -Wlogical-op -Wmissing-parameter-type -Wnested-externs -Wold-style-declaration -Wold-style-definition -Wsign-compare -Wtype-limits -Wwrite-strings  -Os -pipe -Wno-implicit-fallthrough -mfpu=neon -Wno-format-overflow -fno-caller-saves -fno-plt -mfloat-abi=hard  -D_FORTIFY_SOURCE=1 -Wl,-z,now -Wl,-z,relro  -MT strace-affinity.o -MD -MP -MF .deps/strace-affinity.Tpo -c -o strace-affinity.o `test -f 'affinity.c' || echo './'`affinity.c
mv -f .deps/strace-affinity.Tpo .deps/strace-affinity.Po
arm-linux-gnueabihf-gcc -DHAVE_CONFIG_H   -I./linux/arm -I./linux/arm -I./linux -I./linux -I. -I.    -I/media/gwind/windcode/openwrt-ssd20x/18.06/staging_dir/target-arm-linux-gnueabihf_glibc/usr/include -I/media/gwind/windcode/openwrt-ssd20x/18.06/staging_dir/target-arm-linux-gnueabihf_glibc/include  -Wall -Wempty-body -Wformat-security -Wignored-qualifiers -Wimplicit-fallthrough=5 -Winit-self -Wlogical-op -Wmissing-parameter-type -Wnested-externs -Wold-style-declaration -Wold-style-definition -Wsign-compare -Wtype-limits -Wwrite-strings  -Os -pipe -Wno-implicit-fallthrough -mfpu=neon -Wno-format-overflow -fno-caller-saves -fno-plt -mfloat-abi=hard  -D_FORTIFY_SOURCE=1 -Wl,-z,now -Wl,-z,relro  -MT strace-aio.o -MD -MP -MF .deps/strace-aio.Tpo -c -o strace-aio.o `test -f 'aio.c' || echo './'`aio.c
mv -f .deps/strace-aio.Tpo .deps/strace-aio.Po
arm-linux-gnueabihf-gcc -DHAVE_CONFIG_H   -I./linux/arm -I./linux/arm -I./linux -I./linux -I. -I.    -I/media/gwind/windcode/openwrt-ssd20x/18.06/staging_dir/target-arm-linux-gnueabihf_glibc/usr/include -I/media/gwind/windcode/openwrt-ssd20x/18.06/staging_dir/target-arm-linux-gnueabihf_glibc/include  -Wall -Wempty-body -Wformat-security -Wignored-qualifiers -Wimplicit-fallthrough=5 -Winit-self -Wlogical-op -Wmissing-parameter-type -Wnested-externs -Wold-style-declaration -Wold-style-definition -Wsign-compare -Wtype-limits -Wwrite-strings  -Os -pipe -Wno-implicit-fallthrough -mfpu=neon -Wno-format-overflow -fno-caller-saves -fno-plt -mfloat-abi=hard  -D_FORTIFY_SOURCE=1 -Wl,-z,now -Wl,-z,relro  -MT strace-alpha.o -MD -MP -MF .deps/strace-alpha.Tpo -c -o strace-alpha.o `test -f 'alpha.c' || echo './'`alpha.c
mv -f .deps/strace-alpha.Tpo .deps/strace-alpha.Po
arm-linux-gnueabihf-gcc -DHAVE_CONFIG_H   -I./linux/arm -I./linux/arm -I./linux -I./linux -I. -I.    -I/media/gwind/windcode/openwrt-ssd20x/18.06/staging_dir/target-arm-linux-gnueabihf_glibc/usr/include -I/media/gwind/windcode/openwrt-ssd20x/18.06/staging_dir/target-arm-linux-gnueabihf_glibc/include  -Wall -Wempty-body -Wformat-security -Wignored-qualifiers -Wimplicit-fallthrough=5 -Winit-self -Wlogical-op -Wmissing-parameter-type -Wnested-externs -Wold-style-declaration -Wold-style-definition -Wsign-compare -Wtype-limits -Wwrite-strings  -Os -pipe -Wno-implicit-fallthrough -mfpu=neon -Wno-format-overflow -fno-caller-saves -fno-plt -mfloat-abi=hard  -D_FORTIFY_SOURCE=1 -Wl,-z,now -Wl,-z,relro  -MT strace-basic_filters.o -MD -MP -MF .deps/strace-basic_filters.Tpo -c -o strace-basic_filters.o `test -f 'basic_filters.c' || echo './'`basic_filters.c
mv -f .deps/strace-basic_filters.Tpo .deps/strace-basic_filters.Po
arm-linux-gnueabihf-gcc -DHAVE_CONFIG_H   -I./linux/arm -I./linux/arm -I./linux -I./linux -I. -I.    -I/media/gwind/windcode/openwrt-ssd20x/18.06/staging_dir/target-arm-linux-gnueabihf_glibc/usr/include -I/media/gwind/windcode/openwrt-ssd20x/18.06/staging_dir/target-arm-linux-gnueabihf_glibc/include  -Wall -Wempty-body -Wformat-security -Wignored-qualifiers -Wimplicit-fallthrough=5 -Winit-self -Wlogical-op -Wmissing-parameter-type -Wnested-externs -Wold-style-declaration -Wold-style-definition -Wsign-compare -Wtype-limits -Wwrite-strings  -Os -pipe -Wno-implicit-fallthrough -mfpu=neon -Wno-format-overflow -fno-caller-saves -fno-plt -mfloat-abi=hard  -D_FORTIFY_SOURCE=1 -Wl,-z,now -Wl,-z,relro  -MT strace-bind.o -MD -MP -MF .deps/strace-bind.Tpo -c -o strace-bind.o `test -f 'bind.c' || echo './'`bind.c
mv -f .deps/strace-bind.Tpo .deps/strace-bind.Po
arm-linux-gnueabihf-gcc -DHAVE_CONFIG_H   -I./linux/arm -I./linux/arm -I./linux -I./linux -I. -I.    -I/media/gwind/windcode/openwrt-ssd20x/18.06/staging_dir/target-arm-linux-gnueabihf_glibc/usr/include -I/media/gwind/windcode/openwrt-ssd20x/18.06/staging_dir/target-arm-linux-gnueabihf_glibc/include  -Wall -Wempty-body -Wformat-security -Wignored-qualifiers -Wimplicit-fallthrough=5 -Winit-self -Wlogical-op -Wmissing-parameter-type -Wnested-externs -Wold-style-declaration -Wold-style-definition -Wsign-compare -Wtype-limits -Wwrite-strings  -Os -pipe -Wno-implicit-fallthrough -mfpu=neon -Wno-format-overflow -fno-caller-saves -fno-plt -mfloat-abi=hard  -D_FORTIFY_SOURCE=1 -Wl,-z,now -Wl,-z,relro  -MT strace-bjm.o -MD -MP -MF .deps/strace-bjm.Tpo -c -o strace-bjm.o `test -f 'bjm.c' || echo './'`bjm.c
mv -f .deps/strace-bjm.Tpo .deps/strace-bjm.Po
arm-linux-gnueabihf-gcc -DHAVE_CONFIG_H   -I./linux/arm -I./linux/arm -I./linux -I./linux -I. -I.    -I/media/gwind/windcode/openwrt-ssd20x/18.06/staging_dir/target-arm-linux-gnueabihf_glibc/usr/include -I/media/gwind/windcode/openwrt-ssd20x/18.06/staging_dir/target-arm-linux-gnueabihf_glibc/include  -Wall -Wempty-body -Wformat-security -Wignored-qualifiers -Wimplicit-fallthrough=5 -Winit-self -Wlogical-op -Wmissing-parameter-type -Wnested-externs -Wold-style-declaration -Wold-style-definition -Wsign-compare -Wtype-limits -Wwrite-strings  -Os -pipe -Wno-implicit-fallthrough -mfpu=neon -Wno-format-overflow -fno-caller-saves -fno-plt -mfloat-abi=hard  -D_FORTIFY_SOURCE=1 -Wl,-z,now -Wl,-z,relro  -MT strace-block.o -MD -MP -MF .deps/strace-block.Tpo -c -o strace-block.o `test -f 'block.c' || echo './'`block.c
mv -f .deps/strace-block.Tpo .deps/strace-block.Po
arm-linux-gnueabihf-gcc -DHAVE_CONFIG_H   -I./linux/arm -I./linux/arm -I./linux -I./linux -I. -I.    -I/media/gwind/windcode/openwrt-ssd20x/18.06/staging_dir/target-arm-linux-gnueabihf_glibc/usr/include -I/media/gwind/windcode/openwrt-ssd20x/18.06/staging_dir/target-arm-linux-gnueabihf_glibc/include  -Wall -Wempty-body -Wformat-security -Wignored-qualifiers -Wimplicit-fallthrough=5 -Winit-self -Wlogical-op -Wmissing-parameter-type -Wnested-externs -Wold-style-declaration -Wold-style-definition -Wsign-compare -Wtype-limits -Wwrite-strings  -Os -pipe -Wno-implicit-fallthrough -mfpu=neon -Wno-format-overflow -fno-caller-saves -fno-plt -mfloat-abi=hard  -D_FORTIFY_SOURCE=1 -Wl,-z,now -Wl,-z,relro  -MT strace-bpf.o -MD -MP -MF .deps/strace-bpf.Tpo -c -o strace-bpf.o `test -f 'bpf.c' || echo './'`bpf.c
mv -f .deps/strace-bpf.Tpo .deps/strace-bpf.Po
arm-linux-gnueabihf-gcc -DHAVE_CONFIG_H   -I./linux/arm -I./linux/arm -I./linux -I./linux -I. -I.    -I/media/gwind/windcode/openwrt-ssd20x/18.06/staging_dir/target-arm-linux-gnueabihf_glibc/usr/include -I/media/gwind/windcode/openwrt-ssd20x/18.06/staging_dir/target-arm-linux-gnueabihf_glibc/include  -Wall -Wempty-body -Wformat-security -Wignored-qualifiers -Wimplicit-fallthrough=5 -Winit-self -Wlogical-op -Wmissing-parameter-type -Wnested-externs -Wold-style-declaration -Wold-style-definition -Wsign-compare -Wtype-limits -Wwrite-strings  -Os -pipe -Wno-implicit-fallthrough -mfpu=neon -Wno-format-overflow -fno-caller-saves -fno-plt -mfloat-abi=hard  -D_FORTIFY_SOURCE=1 -Wl,-z,now -Wl,-z,relro  -MT strace-bpf_filter.o -MD -MP -MF .deps/strace-bpf_filter.Tpo -c -o strace-bpf_filter.o `test -f 'bpf_filter.c' || echo './'`bpf_filter.c
mv -f .deps/strace-bpf_filter.Tpo .deps/strace-bpf_filter.Po
arm-linux-gnueabihf-gcc -DHAVE_CONFIG_H   -I./linux/arm -I./linux/arm -I./linux -I./linux -I. -I.    -I/media/gwind/windcode/openwrt-ssd20x/18.06/staging_dir/target-arm-linux-gnueabihf_glibc/usr/include -I/media/gwind/windcode/openwrt-ssd20x/18.06/staging_dir/target-arm-linux-gnueabihf_glibc/include  -Wall -Wempty-body -Wformat-security -Wignored-qualifiers -Wimplicit-fallthrough=5 -Winit-self -Wlogical-op -Wmissing-parameter-type -Wnested-externs -Wold-style-declaration -Wold-style-definition -Wsign-compare -Wtype-limits -Wwrite-strings  -Os -pipe -Wno-implicit-fallthrough -mfpu=neon -Wno-format-overflow -fno-caller-saves -fno-plt -mfloat-abi=hard  -D_FORTIFY_SOURCE=1 -Wl,-z,now -Wl,-z,relro  -MT strace-bpf_seccomp_filter.o -MD -MP -MF .deps/strace-bpf_seccomp_filter.Tpo -c -o strace-bpf_seccomp_filter.o `test -f 'bpf_seccomp_filter.c' || echo './'`bpf_seccomp_filter.c
mv -f .deps/strace-bpf_seccomp_filter.Tpo .deps/strace-bpf_seccomp_filter.Po
arm-linux-gnueabihf-gcc -DHAVE_CONFIG_H   -I./linux/arm -I./linux/arm -I./linux -I./linux -I. -I.    -I/media/gwind/windcode/openwrt-ssd20x/18.06/staging_dir/target-arm-linux-gnueabihf_glibc/usr/include -I/media/gwind/windcode/openwrt-ssd20x/18.06/staging_dir/target-arm-linux-gnueabihf_glibc/include  -Wall -Wempty-body -Wformat-security -Wignored-qualifiers -Wimplicit-fallthrough=5 -Winit-self -Wlogical-op -Wmissing-parameter-type -Wnested-externs -Wold-style-declaration -Wold-style-definition -Wsign-compare -Wtype-limits -Wwrite-strings  -Os -pipe -Wno-implicit-fallthrough -mfpu=neon -Wno-format-overflow -fno-caller-saves -fno-plt -mfloat-abi=hard  -D_FORTIFY_SOURCE=1 -Wl,-z,now -Wl,-z,relro  -MT strace-bpf_sock_filter.o -MD -MP -MF .deps/strace-bpf_sock_filter.Tpo -c -o strace-bpf_sock_filter.o `test -f 'bpf_sock_filter.c' || echo './'`bpf_sock_filter.c
mv -f .deps/strace-bpf_sock_filter.Tpo .deps/strace-bpf_sock_filter.Po
arm-linux-gnueabihf-gcc -DHAVE_CONFIG_H   -I./linux/arm -I./linux/arm -I./linux -I./linux -I. -I.    -I/media/gwind/windcode/openwrt-ssd20x/18.06/staging_dir/target-arm-linux-gnueabihf_glibc/usr/include -I/media/gwind/windcode/openwrt-ssd20x/18.06/staging_dir/target-arm-linux-gnueabihf_glibc/include  -Wall -Wempty-body -Wformat-security -Wignored-qualifiers -Wimplicit-fallthrough=5 -Winit-self -Wlogical-op -Wmissing-parameter-type -Wnested-externs -Wold-style-declaration -Wold-style-definition -Wsign-compare -Wtype-limits -Wwrite-strings  -Os -pipe -Wno-implicit-fallthrough -mfpu=neon -Wno-format-overflow -fno-caller-saves -fno-plt -mfloat-abi=hard  -D_FORTIFY_SOURCE=1 -Wl,-z,now -Wl,-z,relro  -MT strace-btrfs.o -MD -MP -MF .deps/strace-btrfs.Tpo -c -o strace-btrfs.o `test -f 'btrfs.c' || echo './'`btrfs.c
mv -f .deps/strace-btrfs.Tpo .deps/strace-btrfs.Po
arm-linux-gnueabihf-gcc -DHAVE_CONFIG_H   -I./linux/arm -I./linux/arm -I./linux -I./linux -I. -I.    -I/media/gwind/windcode/openwrt-ssd20x/18.06/staging_dir/target-arm-linux-gnueabihf_glibc/usr/include -I/media/gwind/windcode/openwrt-ssd20x/18.06/staging_dir/target-arm-linux-gnueabihf_glibc/include  -Wall -Wempty-body -Wformat-security -Wignored-qualifiers -Wimplicit-fallthrough=5 -Winit-self -Wlogical-op -Wmissing-parameter-type -Wnested-externs -Wold-style-declaration -Wold-style-definition -Wsign-compare -Wtype-limits -Wwrite-strings  -Os -pipe -Wno-implicit-fallthrough -mfpu=neon -Wno-format-overflow -fno-caller-saves -fno-plt -mfloat-abi=hard  -D_FORTIFY_SOURCE=1 -Wl,-z,now -Wl,-z,relro  -MT strace-cacheflush.o -MD -MP -MF .deps/strace-cacheflush.Tpo -c -o strace-cacheflush.o `test -f 'cacheflush.c' || echo './'`cacheflush.c
mv -f .deps/strace-cacheflush.Tpo .deps/strace-cacheflush.Po
arm-linux-gnueabihf-gcc -DHAVE_CONFIG_H   -I./linux/arm -I./linux/arm -I./linux -I./linux -I. -I.    -I/media/gwind/windcode/openwrt-ssd20x/18.06/staging_dir/target-arm-linux-gnueabihf_glibc/usr/include -I/media/gwind/windcode/openwrt-ssd20x/18.06/staging_dir/target-arm-linux-gnueabihf_glibc/include  -Wall -Wempty-body -Wformat-security -Wignored-qualifiers -Wimplicit-fallthrough=5 -Winit-self -Wlogical-op -Wmissing-parameter-type -Wnested-externs -Wold-style-declaration -Wold-style-definition -Wsign-compare -Wtype-limits -Wwrite-strings  -Os -pipe -Wno-implicit-fallthrough -mfpu=neon -Wno-format-overflow -fno-caller-saves -fno-plt -mfloat-abi=hard  -D_FORTIFY_SOURCE=1 -Wl,-z,now -Wl,-z,relro  -MT strace-capability.o -MD -MP -MF .deps/strace-capability.Tpo -c -o strace-capability.o `test -f 'capability.c' || echo './'`capability.c
mv -f .deps/strace-capability.Tpo .deps/strace-capability.Po
arm-linux-gnueabihf-gcc -DHAVE_CONFIG_H   -I./linux/arm -I./linux/arm -I./linux -I./linux -I. -I.    -I/media/gwind/windcode/openwrt-ssd20x/18.06/staging_dir/target-arm-linux-gnueabihf_glibc/usr/include -I/media/gwind/windcode/openwrt-ssd20x/18.06/staging_dir/target-arm-linux-gnueabihf_glibc/include  -Wall -Wempty-body -Wformat-security -Wignored-qualifiers -Wimplicit-fallthrough=5 -Winit-self -Wlogical-op -Wmissing-parameter-type -Wnested-externs -Wold-style-declaration -Wold-style-definition -Wsign-compare -Wtype-limits -Wwrite-strings  -Os -pipe -Wno-implicit-fallthrough -mfpu=neon -Wno-format-overflow -fno-caller-saves -fno-plt -mfloat-abi=hard  -D_FORTIFY_SOURCE=1 -Wl,-z,now -Wl,-z,relro  -MT strace-chdir.o -MD -MP -MF .deps/strace-chdir.Tpo -c -o strace-chdir.o `test -f 'chdir.c' || echo './'`chdir.c
mv -f .deps/strace-chdir.Tpo .deps/strace-chdir.Po
arm-linux-gnueabihf-gcc -DHAVE_CONFIG_H   -I./linux/arm -I./linux/arm -I./linux -I./linux -I. -I.    -I/media/gwind/windcode/openwrt-ssd20x/18.06/staging_dir/target-arm-linux-gnueabihf_glibc/usr/include -I/media/gwind/windcode/openwrt-ssd20x/18.06/staging_dir/target-arm-linux-gnueabihf_glibc/include  -Wall -Wempty-body -Wformat-security -Wignored-qualifiers -Wimplicit-fallthrough=5 -Winit-self -Wlogical-op -Wmissing-parameter-type -Wnested-externs -Wold-style-declaration -Wold-style-definition -Wsign-compare -Wtype-limits -Wwrite-strings  -Os -pipe -Wno-implicit-fallthrough -mfpu=neon -Wno-format-overflow -fno-caller-saves -fno-plt -mfloat-abi=hard  -D_FORTIFY_SOURCE=1 -Wl,-z,now -Wl,-z,relro  -MT strace-chmod.o -MD -MP -MF .deps/strace-chmod.Tpo -c -o strace-chmod.o `test -f 'chmod.c' || echo './'`chmod.c
mv -f .deps/strace-chmod.Tpo .deps/strace-chmod.Po
arm-linux-gnueabihf-gcc -DHAVE_CONFIG_H   -I./linux/arm -I./linux/arm -I./linux -I./linux -I. -I.    -I/media/gwind/windcode/openwrt-ssd20x/18.06/staging_dir/target-arm-linux-gnueabihf_glibc/usr/include -I/media/gwind/windcode/openwrt-ssd20x/18.06/staging_dir/target-arm-linux-gnueabihf_glibc/include  -Wall -Wempty-body -Wformat-security -Wignored-qualifiers -Wimplicit-fallthrough=5 -Winit-self -Wlogical-op -Wmissing-parameter-type -Wnested-externs -Wold-style-declaration -Wold-style-definition -Wsign-compare -Wtype-limits -Wwrite-strings  -Os -pipe -Wno-implicit-fallthrough -mfpu=neon -Wno-format-overflow -fno-caller-saves -fno-plt -mfloat-abi=hard  -D_FORTIFY_SOURCE=1 -Wl,-z,now -Wl,-z,relro  -MT strace-clone.o -MD -MP -MF .deps/strace-clone.Tpo -c -o strace-clone.o `test -f 'clone.c' || echo './'`clone.c
mv -f .deps/strace-clone.Tpo .deps/strace-clone.Po
arm-linux-gnueabihf-gcc -DHAVE_CONFIG_H   -I./linux/arm -I./linux/arm -I./linux -I./linux -I. -I.    -I/media/gwind/windcode/openwrt-ssd20x/18.06/staging_dir/target-arm-linux-gnueabihf_glibc/usr/include -I/media/gwind/windcode/openwrt-ssd20x/18.06/staging_dir/target-arm-linux-gnueabihf_glibc/include  -Wall -Wempty-body -Wformat-security -Wignored-qualifiers -Wimplicit-fallthrough=5 -Winit-self -Wlogical-op -Wmissing-parameter-type -Wnested-externs -Wold-style-declaration -Wold-style-definition -Wsign-compare -Wtype-limits -Wwrite-strings  -Os -pipe -Wno-implicit-fallthrough -mfpu=neon -Wno-format-overflow -fno-caller-saves -fno-plt -mfloat-abi=hard  -D_FORTIFY_SOURCE=1 -Wl,-z,now -Wl,-z,relro  -MT strace-copy_file_range.o -MD -MP -MF .deps/strace-copy_file_range.Tpo -c -o strace-copy_file_range.o `test -f 'copy_file_range.c' || echo './'`copy_file_range.c
mv -f .deps/strace-copy_file_range.Tpo .deps/strace-copy_file_range.Po
arm-linux-gnueabihf-gcc -DHAVE_CONFIG_H   -I./linux/arm -I./linux/arm -I./linux -I./linux -I. -I.    -I/media/gwind/windcode/openwrt-ssd20x/18.06/staging_dir/target-arm-linux-gnueabihf_glibc/usr/include -I/media/gwind/windcode/openwrt-ssd20x/18.06/staging_dir/target-arm-linux-gnueabihf_glibc/include  -Wall -Wempty-body -Wformat-security -Wignored-qualifiers -Wimplicit-fallthrough=5 -Winit-self -Wlogical-op -Wmissing-parameter-type -Wnested-externs -Wold-style-declaration -Wold-style-definition -Wsign-compare -Wtype-limits -Wwrite-strings  -Os -pipe -Wno-implicit-fallthrough -mfpu=neon -Wno-format-overflow -fno-caller-saves -fno-plt -mfloat-abi=hard  -D_FORTIFY_SOURCE=1 -Wl,-z,now -Wl,-z,relro  -MT strace-count.o -MD -MP -MF .deps/strace-count.Tpo -c -o strace-count.o `test -f 'count.c' || echo './'`count.c
mv -f .deps/strace-count.Tpo .deps/strace-count.Po
arm-linux-gnueabihf-gcc -DHAVE_CONFIG_H   -I./linux/arm -I./linux/arm -I./linux -I./linux -I. -I.    -I/media/gwind/windcode/openwrt-ssd20x/18.06/staging_dir/target-arm-linux-gnueabihf_glibc/usr/include -I/media/gwind/windcode/openwrt-ssd20x/18.06/staging_dir/target-arm-linux-gnueabihf_glibc/include  -Wall -Wempty-body -Wformat-security -Wignored-qualifiers -Wimplicit-fallthrough=5 -Winit-self -Wlogical-op -Wmissing-parameter-type -Wnested-externs -Wold-style-declaration -Wold-style-definition -Wsign-compare -Wtype-limits -Wwrite-strings  -Os -pipe -Wno-implicit-fallthrough -mfpu=neon -Wno-format-overflow -fno-caller-saves -fno-plt -mfloat-abi=hard  -D_FORTIFY_SOURCE=1 -Wl,-z,now -Wl,-z,relro  -MT strace-delay.o -MD -MP -MF .deps/strace-delay.Tpo -c -o strace-delay.o `test -f 'delay.c' || echo './'`delay.c
mv -f .deps/strace-delay.Tpo .deps/strace-delay.Po
arm-linux-gnueabihf-gcc -DHAVE_CONFIG_H   -I./linux/arm -I./linux/arm -I./linux -I./linux -I. -I.    -I/media/gwind/windcode/openwrt-ssd20x/18.06/staging_dir/target-arm-linux-gnueabihf_glibc/usr/include -I/media/gwind/windcode/openwrt-ssd20x/18.06/staging_dir/target-arm-linux-gnueabihf_glibc/include  -Wall -Wempty-body -Wformat-security -Wignored-qualifiers -Wimplicit-fallthrough=5 -Winit-self -Wlogical-op -Wmissing-parameter-type -Wnested-externs -Wold-style-declaration -Wold-style-definition -Wsign-compare -Wtype-limits -Wwrite-strings  -Os -pipe -Wno-implicit-fallthrough -mfpu=neon -Wno-format-overflow -fno-caller-saves -fno-plt -mfloat-abi=hard  -D_FORTIFY_SOURCE=1 -Wl,-z,now -Wl,-z,relro  -MT strace-desc.o -MD -MP -MF .deps/strace-desc.Tpo -c -o strace-desc.o `test -f 'desc.c' || echo './'`desc.c
mv -f .deps/strace-desc.Tpo .deps/strace-desc.Po
arm-linux-gnueabihf-gcc -DHAVE_CONFIG_H   -I./linux/arm -I./linux/arm -I./linux -I./linux -I. -I.    -I/media/gwind/windcode/openwrt-ssd20x/18.06/staging_dir/target-arm-linux-gnueabihf_glibc/usr/include -I/media/gwind/windcode/openwrt-ssd20x/18.06/staging_dir/target-arm-linux-gnueabihf_glibc/include  -Wall -Wempty-body -Wformat-security -Wignored-qualifiers -Wimplicit-fallthrough=5 -Winit-self -Wlogical-op -Wmissing-parameter-type -Wnested-externs -Wold-style-declaration -Wold-style-definition -Wsign-compare -Wtype-limits -Wwrite-strings  -Os -pipe -Wno-implicit-fallthrough -mfpu=neon -Wno-format-overflow -fno-caller-saves -fno-plt -mfloat-abi=hard  -D_FORTIFY_SOURCE=1 -Wl,-z,now -Wl,-z,relro  -MT strace-dirent.o -MD -MP -MF .deps/strace-dirent.Tpo -c -o strace-dirent.o `test -f 'dirent.c' || echo './'`dirent.c
mv -f .deps/strace-dirent.Tpo .deps/strace-dirent.Po
arm-linux-gnueabihf-gcc -DHAVE_CONFIG_H   -I./linux/arm -I./linux/arm -I./linux -I./linux -I. -I.    -I/media/gwind/windcode/openwrt-ssd20x/18.06/staging_dir/target-arm-linux-gnueabihf_glibc/usr/include -I/media/gwind/windcode/openwrt-ssd20x/18.06/staging_dir/target-arm-linux-gnueabihf_glibc/include  -Wall -Wempty-body -Wformat-security -Wignored-qualifiers -Wimplicit-fallthrough=5 -Winit-self -Wlogical-op -Wmissing-parameter-type -Wnested-externs -Wold-style-declaration -Wold-style-definition -Wsign-compare -Wtype-limits -Wwrite-strings  -Os -pipe -Wno-implicit-fallthrough -mfpu=neon -Wno-format-overflow -fno-caller-saves -fno-plt -mfloat-abi=hard  -D_FORTIFY_SOURCE=1 -Wl,-z,now -Wl,-z,relro  -MT strace-dirent64.o -MD -MP -MF .deps/strace-dirent64.Tpo -c -o strace-dirent64.o `test -f 'dirent64.c' || echo './'`dirent64.c
mv -f .deps/strace-dirent64.Tpo .deps/strace-dirent64.Po
arm-linux-gnueabihf-gcc -DHAVE_CONFIG_H   -I./linux/arm -I./linux/arm -I./linux -I./linux -I. -I.    -I/media/gwind/windcode/openwrt-ssd20x/18.06/staging_dir/target-arm-linux-gnueabihf_glibc/usr/include -I/media/gwind/windcode/openwrt-ssd20x/18.06/staging_dir/target-arm-linux-gnueabihf_glibc/include  -Wall -Wempty-body -Wformat-security -Wignored-qualifiers -Wimplicit-fallthrough=5 -Winit-self -Wlogical-op -Wmissing-parameter-type -Wnested-externs -Wold-style-declaration -Wold-style-definition -Wsign-compare -Wtype-limits -Wwrite-strings  -Os -pipe -Wno-implicit-fallthrough -mfpu=neon -Wno-format-overflow -fno-caller-saves -fno-plt -mfloat-abi=hard  -D_FORTIFY_SOURCE=1 -Wl,-z,now -Wl,-z,relro  -MT strace-dm.o -MD -MP -MF .deps/strace-dm.Tpo -c -o strace-dm.o `test -f 'dm.c' || echo './'`dm.c
mv -f .deps/strace-dm.Tpo .deps/strace-dm.Po
arm-linux-gnueabihf-gcc -DHAVE_CONFIG_H   -I./linux/arm -I./linux/arm -I./linux -I./linux -I. -I.    -I/media/gwind/windcode/openwrt-ssd20x/18.06/staging_dir/target-arm-linux-gnueabihf_glibc/usr/include -I/media/gwind/windcode/openwrt-ssd20x/18.06/staging_dir/target-arm-linux-gnueabihf_glibc/include  -Wall -Wempty-body -Wformat-security -Wignored-qualifiers -Wimplicit-fallthrough=5 -Winit-self -Wlogical-op -Wmissing-parameter-type -Wnested-externs -Wold-style-declaration -Wold-style-definition -Wsign-compare -Wtype-limits -Wwrite-strings  -Os -pipe -Wno-implicit-fallthrough -mfpu=neon -Wno-format-overflow -fno-caller-saves -fno-plt -mfloat-abi=hard  -D_FORTIFY_SOURCE=1 -Wl,-z,now -Wl,-z,relro  -MT strace-dyxlat.o -MD -MP -MF .deps/strace-dyxlat.Tpo -c -o strace-dyxlat.o `test -f 'dyxlat.c' || echo './'`dyxlat.c
mv -f .deps/strace-dyxlat.Tpo .deps/strace-dyxlat.Po
arm-linux-gnueabihf-gcc -DHAVE_CONFIG_H   -I./linux/arm -I./linux/arm -I./linux -I./linux -I. -I.    -I/media/gwind/windcode/openwrt-ssd20x/18.06/staging_dir/target-arm-linux-gnueabihf_glibc/usr/include -I/media/gwind/windcode/openwrt-ssd20x/18.06/staging_dir/target-arm-linux-gnueabihf_glibc/include  -Wall -Wempty-body -Wformat-security -Wignored-qualifiers -Wimplicit-fallthrough=5 -Winit-self -Wlogical-op -Wmissing-parameter-type -Wnested-externs -Wold-style-declaration -Wold-style-definition -Wsign-compare -Wtype-limits -Wwrite-strings  -Os -pipe -Wno-implicit-fallthrough -mfpu=neon -Wno-format-overflow -fno-caller-saves -fno-plt -mfloat-abi=hard  -D_FORTIFY_SOURCE=1 -Wl,-z,now -Wl,-z,relro  -MT strace-epoll.o -MD -MP -MF .deps/strace-epoll.Tpo -c -o strace-epoll.o `test -f 'epoll.c' || echo './'`epoll.c
mv -f .deps/strace-epoll.Tpo .deps/strace-epoll.Po
arm-linux-gnueabihf-gcc -DHAVE_CONFIG_H   -I./linux/arm -I./linux/arm -I./linux -I./linux -I. -I.    -I/media/gwind/windcode/openwrt-ssd20x/18.06/staging_dir/target-arm-linux-gnueabihf_glibc/usr/include -I/media/gwind/windcode/openwrt-ssd20x/18.06/staging_dir/target-arm-linux-gnueabihf_glibc/include  -Wall -Wempty-body -Wformat-security -Wignored-qualifiers -Wimplicit-fallthrough=5 -Winit-self -Wlogical-op -Wmissing-parameter-type -Wnested-externs -Wold-style-declaration -Wold-style-definition -Wsign-compare -Wtype-limits -Wwrite-strings  -Os -pipe -Wno-implicit-fallthrough -mfpu=neon -Wno-format-overflow -fno-caller-saves -fno-plt -mfloat-abi=hard  -D_FORTIFY_SOURCE=1 -Wl,-z,now -Wl,-z,relro  -MT strace-error_prints.o -MD -MP -MF .deps/strace-error_prints.Tpo -c -o strace-error_prints.o `test -f 'error_prints.c' || echo './'`error_prints.c
mv -f .deps/strace-error_prints.Tpo .deps/strace-error_prints.Po
arm-linux-gnueabihf-gcc -DHAVE_CONFIG_H   -I./linux/arm -I./linux/arm -I./linux -I./linux -I. -I.    -I/media/gwind/windcode/openwrt-ssd20x/18.06/staging_dir/target-arm-linux-gnueabihf_glibc/usr/include -I/media/gwind/windcode/openwrt-ssd20x/18.06/staging_dir/target-arm-linux-gnueabihf_glibc/include  -Wall -Wempty-body -Wformat-security -Wignored-qualifiers -Wimplicit-fallthrough=5 -Winit-self -Wlogical-op -Wmissing-parameter-type -Wnested-externs -Wold-style-declaration -Wold-style-definition -Wsign-compare -Wtype-limits -Wwrite-strings  -Os -pipe -Wno-implicit-fallthrough -mfpu=neon -Wno-format-overflow -fno-caller-saves -fno-plt -mfloat-abi=hard  -D_FORTIFY_SOURCE=1 -Wl,-z,now -Wl,-z,relro  -MT strace-evdev.o -MD -MP -MF .deps/strace-evdev.Tpo -c -o strace-evdev.o `test -f 'evdev.c' || echo './'`evdev.c
mv -f .deps/strace-evdev.Tpo .deps/strace-evdev.Po
arm-linux-gnueabihf-gcc -DHAVE_CONFIG_H   -I./linux/arm -I./linux/arm -I./linux -I./linux -I. -I.    -I/media/gwind/windcode/openwrt-ssd20x/18.06/staging_dir/target-arm-linux-gnueabihf_glibc/usr/include -I/media/gwind/windcode/openwrt-ssd20x/18.06/staging_dir/target-arm-linux-gnueabihf_glibc/include  -Wall -Wempty-body -Wformat-security -Wignored-qualifiers -Wimplicit-fallthrough=5 -Winit-self -Wlogical-op -Wmissing-parameter-type -Wnested-externs -Wold-style-declaration -Wold-style-definition -Wsign-compare -Wtype-limits -Wwrite-strings  -Os -pipe -Wno-implicit-fallthrough -mfpu=neon -Wno-format-overflow -fno-caller-saves -fno-plt -mfloat-abi=hard  -D_FORTIFY_SOURCE=1 -Wl,-z,now -Wl,-z,relro  -MT strace-evdev_mpers.o -MD -MP -MF .deps/strace-evdev_mpers.Tpo -c -o strace-evdev_mpers.o `test -f 'evdev_mpers.c' || echo './'`evdev_mpers.c
mv -f .deps/strace-evdev_mpers.Tpo .deps/strace-evdev_mpers.Po
arm-linux-gnueabihf-gcc -DHAVE_CONFIG_H   -I./linux/arm -I./linux/arm -I./linux -I./linux -I. -I.    -I/media/gwind/windcode/openwrt-ssd20x/18.06/staging_dir/target-arm-linux-gnueabihf_glibc/usr/include -I/media/gwind/windcode/openwrt-ssd20x/18.06/staging_dir/target-arm-linux-gnueabihf_glibc/include  -Wall -Wempty-body -Wformat-security -Wignored-qualifiers -Wimplicit-fallthrough=5 -Winit-self -Wlogical-op -Wmissing-parameter-type -Wnested-externs -Wold-style-declaration -Wold-style-definition -Wsign-compare -Wtype-limits -Wwrite-strings  -Os -pipe -Wno-implicit-fallthrough -mfpu=neon -Wno-format-overflow -fno-caller-saves -fno-plt -mfloat-abi=hard  -D_FORTIFY_SOURCE=1 -Wl,-z,now -Wl,-z,relro  -MT strace-eventfd.o -MD -MP -MF .deps/strace-eventfd.Tpo -c -o strace-eventfd.o `test -f 'eventfd.c' || echo './'`eventfd.c
mv -f .deps/strace-eventfd.Tpo .deps/strace-eventfd.Po
arm-linux-gnueabihf-gcc -DHAVE_CONFIG_H   -I./linux/arm -I./linux/arm -I./linux -I./linux -I. -I.    -I/media/gwind/windcode/openwrt-ssd20x/18.06/staging_dir/target-arm-linux-gnueabihf_glibc/usr/include -I/media/gwind/windcode/openwrt-ssd20x/18.06/staging_dir/target-arm-linux-gnueabihf_glibc/include  -Wall -Wempty-body -Wformat-security -Wignored-qualifiers -Wimplicit-fallthrough=5 -Winit-self -Wlogical-op -Wmissing-parameter-type -Wnested-externs -Wold-style-declaration -Wold-style-definition -Wsign-compare -Wtype-limits -Wwrite-strings  -Os -pipe -Wno-implicit-fallthrough -mfpu=neon -Wno-format-overflow -fno-caller-saves -fno-plt -mfloat-abi=hard  -D_FORTIFY_SOURCE=1 -Wl,-z,now -Wl,-z,relro  -MT strace-execve.o -MD -MP -MF .deps/strace-execve.Tpo -c -o strace-execve.o `test -f 'execve.c' || echo './'`execve.c
mv -f .deps/strace-execve.Tpo .deps/strace-execve.Po
arm-linux-gnueabihf-gcc -DHAVE_CONFIG_H   -I./linux/arm -I./linux/arm -I./linux -I./linux -I. -I.    -I/media/gwind/windcode/openwrt-ssd20x/18.06/staging_dir/target-arm-linux-gnueabihf_glibc/usr/include -I/media/gwind/windcode/openwrt-ssd20x/18.06/staging_dir/target-arm-linux-gnueabihf_glibc/include  -Wall -Wempty-body -Wformat-security -Wignored-qualifiers -Wimplicit-fallthrough=5 -Winit-self -Wlogical-op -Wmissing-parameter-type -Wnested-externs -Wold-style-declaration -Wold-style-definition -Wsign-compare -Wtype-limits -Wwrite-strings  -Os -pipe -Wno-implicit-fallthrough -mfpu=neon -Wno-format-overflow -fno-caller-saves -fno-plt -mfloat-abi=hard  -D_FORTIFY_SOURCE=1 -Wl,-z,now -Wl,-z,relro  -MT strace-fadvise.o -MD -MP -MF .deps/strace-fadvise.Tpo -c -o strace-fadvise.o `test -f 'fadvise.c' || echo './'`fadvise.c
mv -f .deps/strace-fadvise.Tpo .deps/strace-fadvise.Po
arm-linux-gnueabihf-gcc -DHAVE_CONFIG_H   -I./linux/arm -I./linux/arm -I./linux -I./linux -I. -I.    -I/media/gwind/windcode/openwrt-ssd20x/18.06/staging_dir/target-arm-linux-gnueabihf_glibc/usr/include -I/media/gwind/windcode/openwrt-ssd20x/18.06/staging_dir/target-arm-linux-gnueabihf_glibc/include  -Wall -Wempty-body -Wformat-security -Wignored-qualifiers -Wimplicit-fallthrough=5 -Winit-self -Wlogical-op -Wmissing-parameter-type -Wnested-externs -Wold-style-declaration -Wold-style-definition -Wsign-compare -Wtype-limits -Wwrite-strings  -Os -pipe -Wno-implicit-fallthrough -mfpu=neon -Wno-format-overflow -fno-caller-saves -fno-plt -mfloat-abi=hard  -D_FORTIFY_SOURCE=1 -Wl,-z,now -Wl,-z,relro  -MT strace-fallocate.o -MD -MP -MF .deps/strace-fallocate.Tpo -c -o strace-fallocate.o `test -f 'fallocate.c' || echo './'`fallocate.c
mv -f .deps/strace-fallocate.Tpo .deps/strace-fallocate.Po
arm-linux-gnueabihf-gcc -DHAVE_CONFIG_H   -I./linux/arm -I./linux/arm -I./linux -I./linux -I. -I.    -I/media/gwind/windcode/openwrt-ssd20x/18.06/staging_dir/target-arm-linux-gnueabihf_glibc/usr/include -I/media/gwind/windcode/openwrt-ssd20x/18.06/staging_dir/target-arm-linux-gnueabihf_glibc/include  -Wall -Wempty-body -Wformat-security -Wignored-qualifiers -Wimplicit-fallthrough=5 -Winit-self -Wlogical-op -Wmissing-parameter-type -Wnested-externs -Wold-style-declaration -Wold-style-definition -Wsign-compare -Wtype-limits -Wwrite-strings  -Os -pipe -Wno-implicit-fallthrough -mfpu=neon -Wno-format-overflow -fno-caller-saves -fno-plt -mfloat-abi=hard  -D_FORTIFY_SOURCE=1 -Wl,-z,now -Wl,-z,relro  -MT strace-fanotify.o -MD -MP -MF .deps/strace-fanotify.Tpo -c -o strace-fanotify.o `test -f 'fanotify.c' || echo './'`fanotify.c
mv -f .deps/strace-fanotify.Tpo .deps/strace-fanotify.Po
arm-linux-gnueabihf-gcc -DHAVE_CONFIG_H   -I./linux/arm -I./linux/arm -I./linux -I./linux -I. -I.    -I/media/gwind/windcode/openwrt-ssd20x/18.06/staging_dir/target-arm-linux-gnueabihf_glibc/usr/include -I/media/gwind/windcode/openwrt-ssd20x/18.06/staging_dir/target-arm-linux-gnueabihf_glibc/include  -Wall -Wempty-body -Wformat-security -Wignored-qualifiers -Wimplicit-fallthrough=5 -Winit-self -Wlogical-op -Wmissing-parameter-type -Wnested-externs -Wold-style-declaration -Wold-style-definition -Wsign-compare -Wtype-limits -Wwrite-strings  -Os -pipe -Wno-implicit-fallthrough -mfpu=neon -Wno-format-overflow -fno-caller-saves -fno-plt -mfloat-abi=hard  -D_FORTIFY_SOURCE=1 -Wl,-z,now -Wl,-z,relro  -MT strace-fchownat.o -MD -MP -MF .deps/strace-fchownat.Tpo -c -o strace-fchownat.o `test -f 'fchownat.c' || echo './'`fchownat.c
mv -f .deps/strace-fchownat.Tpo .deps/strace-fchownat.Po
arm-linux-gnueabihf-gcc -DHAVE_CONFIG_H   -I./linux/arm -I./linux/arm -I./linux -I./linux -I. -I.    -I/media/gwind/windcode/openwrt-ssd20x/18.06/staging_dir/target-arm-linux-gnueabihf_glibc/usr/include -I/media/gwind/windcode/openwrt-ssd20x/18.06/staging_dir/target-arm-linux-gnueabihf_glibc/include  -Wall -Wempty-body -Wformat-security -Wignored-qualifiers -Wimplicit-fallthrough=5 -Winit-self -Wlogical-op -Wmissing-parameter-type -Wnested-externs -Wold-style-declaration -Wold-style-definition -Wsign-compare -Wtype-limits -Wwrite-strings  -Os -pipe -Wno-implicit-fallthrough -mfpu=neon -Wno-format-overflow -fno-caller-saves -fno-plt -mfloat-abi=hard  -D_FORTIFY_SOURCE=1 -Wl,-z,now -Wl,-z,relro  -MT strace-fcntl.o -MD -MP -MF .deps/strace-fcntl.Tpo -c -o strace-fcntl.o `test -f 'fcntl.c' || echo './'`fcntl.c
mv -f .deps/strace-fcntl.Tpo .deps/strace-fcntl.Po
arm-linux-gnueabihf-gcc -DHAVE_CONFIG_H   -I./linux/arm -I./linux/arm -I./linux -I./linux -I. -I.    -I/media/gwind/windcode/openwrt-ssd20x/18.06/staging_dir/target-arm-linux-gnueabihf_glibc/usr/include -I/media/gwind/windcode/openwrt-ssd20x/18.06/staging_dir/target-arm-linux-gnueabihf_glibc/include  -Wall -Wempty-body -Wformat-security -Wignored-qualifiers -Wimplicit-fallthrough=5 -Winit-self -Wlogical-op -Wmissing-parameter-type -Wnested-externs -Wold-style-declaration -Wold-style-definition -Wsign-compare -Wtype-limits -Wwrite-strings  -Os -pipe -Wno-implicit-fallthrough -mfpu=neon -Wno-format-overflow -fno-caller-saves -fno-plt -mfloat-abi=hard  -D_FORTIFY_SOURCE=1 -Wl,-z,now -Wl,-z,relro  -MT strace-fetch_bpf_fprog.o -MD -MP -MF .deps/strace-fetch_bpf_fprog.Tpo -c -o strace-fetch_bpf_fprog.o `test -f 'fetch_bpf_fprog.c' || echo './'`fetch_bpf_fprog.c
mv -f .deps/strace-fetch_bpf_fprog.Tpo .deps/strace-fetch_bpf_fprog.Po
arm-linux-gnueabihf-gcc -DHAVE_CONFIG_H   -I./linux/arm -I./linux/arm -I./linux -I./linux -I. -I.    -I/media/gwind/windcode/openwrt-ssd20x/18.06/staging_dir/target-arm-linux-gnueabihf_glibc/usr/include -I/media/gwind/windcode/openwrt-ssd20x/18.06/staging_dir/target-arm-linux-gnueabihf_glibc/include  -Wall -Wempty-body -Wformat-security -Wignored-qualifiers -Wimplicit-fallthrough=5 -Winit-self -Wlogical-op -Wmissing-parameter-type -Wnested-externs -Wold-style-declaration -Wold-style-definition -Wsign-compare -Wtype-limits -Wwrite-strings  -Os -pipe -Wno-implicit-fallthrough -mfpu=neon -Wno-format-overflow -fno-caller-saves -fno-plt -mfloat-abi=hard  -D_FORTIFY_SOURCE=1 -Wl,-z,now -Wl,-z,relro  -MT strace-fetch_struct_flock.o -MD -MP -MF .deps/strace-fetch_struct_flock.Tpo -c -o strace-fetch_struct_flock.o `test -f 'fetch_struct_flock.c' || echo './'`fetch_struct_flock.c
mv -f .deps/strace-fetch_struct_flock.Tpo .deps/strace-fetch_struct_flock.Po
arm-linux-gnueabihf-gcc -DHAVE_CONFIG_H   -I./linux/arm -I./linux/arm -I./linux -I./linux -I. -I.    -I/media/gwind/windcode/openwrt-ssd20x/18.06/staging_dir/target-arm-linux-gnueabihf_glibc/usr/include -I/media/gwind/windcode/openwrt-ssd20x/18.06/staging_dir/target-arm-linux-gnueabihf_glibc/include  -Wall -Wempty-body -Wformat-security -Wignored-qualifiers -Wimplicit-fallthrough=5 -Winit-self -Wlogical-op -Wmissing-parameter-type -Wnested-externs -Wold-style-declaration -Wold-style-definition -Wsign-compare -Wtype-limits -Wwrite-strings  -Os -pipe -Wno-implicit-fallthrough -mfpu=neon -Wno-format-overflow -fno-caller-saves -fno-plt -mfloat-abi=hard  -D_FORTIFY_SOURCE=1 -Wl,-z,now -Wl,-z,relro  -MT strace-fetch_struct_keyctl_kdf_params.o -MD -MP -MF .deps/strace-fetch_struct_keyctl_kdf_params.Tpo -c -o strace-fetch_struct_keyctl_kdf_params.o `test -f 'fetch_struct_keyctl_kdf_params.c' || echo './'`fetch_struct_keyctl_kdf_params.c
mv -f .deps/strace-fetch_struct_keyctl_kdf_params.Tpo .deps/strace-fetch_struct_keyctl_kdf_params.Po
arm-linux-gnueabihf-gcc -DHAVE_CONFIG_H   -I./linux/arm -I./linux/arm -I./linux -I./linux -I. -I.    -I/media/gwind/windcode/openwrt-ssd20x/18.06/staging_dir/target-arm-linux-gnueabihf_glibc/usr/include -I/media/gwind/windcode/openwrt-ssd20x/18.06/staging_dir/target-arm-linux-gnueabihf_glibc/include  -Wall -Wempty-body -Wformat-security -Wignored-qualifiers -Wimplicit-fallthrough=5 -Winit-self -Wlogical-op -Wmissing-parameter-type -Wnested-externs -Wold-style-declaration -Wold-style-definition -Wsign-compare -Wtype-limits -Wwrite-strings  -Os -pipe -Wno-implicit-fallthrough -mfpu=neon -Wno-format-overflow -fno-caller-saves -fno-plt -mfloat-abi=hard  -D_FORTIFY_SOURCE=1 -Wl,-z,now -Wl,-z,relro  -MT strace-fetch_struct_mmsghdr.o -MD -MP -MF .deps/strace-fetch_struct_mmsghdr.Tpo -c -o strace-fetch_struct_mmsghdr.o `test -f 'fetch_struct_mmsghdr.c' || echo './'`fetch_struct_mmsghdr.c
mv -f .deps/strace-fetch_struct_mmsghdr.Tpo .deps/strace-fetch_struct_mmsghdr.Po
arm-linux-gnueabihf-gcc -DHAVE_CONFIG_H   -I./linux/arm -I./linux/arm -I./linux -I./linux -I. -I.    -I/media/gwind/windcode/openwrt-ssd20x/18.06/staging_dir/target-arm-linux-gnueabihf_glibc/usr/include -I/media/gwind/windcode/openwrt-ssd20x/18.06/staging_dir/target-arm-linux-gnueabihf_glibc/include  -Wall -Wempty-body -Wformat-security -Wignored-qualifiers -Wimplicit-fallthrough=5 -Winit-self -Wlogical-op -Wmissing-parameter-type -Wnested-externs -Wold-style-declaration -Wold-style-definition -Wsign-compare -Wtype-limits -Wwrite-strings  -Os -pipe -Wno-implicit-fallthrough -mfpu=neon -Wno-format-overflow -fno-caller-saves -fno-plt -mfloat-abi=hard  -D_FORTIFY_SOURCE=1 -Wl,-z,now -Wl,-z,relro  -MT strace-fetch_struct_msghdr.o -MD -MP -MF .deps/strace-fetch_struct_msghdr.Tpo -c -o strace-fetch_struct_msghdr.o `test -f 'fetch_struct_msghdr.c' || echo './'`fetch_struct_msghdr.c
mv -f .deps/strace-fetch_struct_msghdr.Tpo .deps/strace-fetch_struct_msghdr.Po
arm-linux-gnueabihf-gcc -DHAVE_CONFIG_H   -I./linux/arm -I./linux/arm -I./linux -I./linux -I. -I.    -I/media/gwind/windcode/openwrt-ssd20x/18.06/staging_dir/target-arm-linux-gnueabihf_glibc/usr/include -I/media/gwind/windcode/openwrt-ssd20x/18.06/staging_dir/target-arm-linux-gnueabihf_glibc/include  -Wall -Wempty-body -Wformat-security -Wignored-qualifiers -Wimplicit-fallthrough=5 -Winit-self -Wlogical-op -Wmissing-parameter-type -Wnested-externs -Wold-style-declaration -Wold-style-definition -Wsign-compare -Wtype-limits -Wwrite-strings  -Os -pipe -Wno-implicit-fallthrough -mfpu=neon -Wno-format-overflow -fno-caller-saves -fno-plt -mfloat-abi=hard  -D_FORTIFY_SOURCE=1 -Wl,-z,now -Wl,-z,relro  -MT strace-fetch_struct_stat.o -MD -MP -MF .deps/strace-fetch_struct_stat.Tpo -c -o strace-fetch_struct_stat.o `test -f 'fetch_struct_stat.c' || echo './'`fetch_struct_stat.c
mv -f .deps/strace-fetch_struct_stat.Tpo .deps/strace-fetch_struct_stat.Po
arm-linux-gnueabihf-gcc -DHAVE_CONFIG_H   -I./linux/arm -I./linux/arm -I./linux -I./linux -I. -I.    -I/media/gwind/windcode/openwrt-ssd20x/18.06/staging_dir/target-arm-linux-gnueabihf_glibc/usr/include -I/media/gwind/windcode/openwrt-ssd20x/18.06/staging_dir/target-arm-linux-gnueabihf_glibc/include  -Wall -Wempty-body -Wformat-security -Wignored-qualifiers -Wimplicit-fallthrough=5 -Winit-self -Wlogical-op -Wmissing-parameter-type -Wnested-externs -Wold-style-declaration -Wold-style-definition -Wsign-compare -Wtype-limits -Wwrite-strings  -Os -pipe -Wno-implicit-fallthrough -mfpu=neon -Wno-format-overflow -fno-caller-saves -fno-plt -mfloat-abi=hard  -D_FORTIFY_SOURCE=1 -Wl,-z,now -Wl,-z,relro  -MT strace-fetch_struct_stat64.o -MD -MP -MF .deps/strace-fetch_struct_stat64.Tpo -c -o strace-fetch_struct_stat64.o `test -f 'fetch_struct_stat64.c' || echo './'`fetch_struct_stat64.c
mv -f .deps/strace-fetch_struct_stat64.Tpo .deps/strace-fetch_struct_stat64.Po
arm-linux-gnueabihf-gcc -DHAVE_CONFIG_H   -I./linux/arm -I./linux/arm -I./linux -I./linux -I. -I.    -I/media/gwind/windcode/openwrt-ssd20x/18.06/staging_dir/target-arm-linux-gnueabihf_glibc/usr/include -I/media/gwind/windcode/openwrt-ssd20x/18.06/staging_dir/target-arm-linux-gnueabihf_glibc/include  -Wall -Wempty-body -Wformat-security -Wignored-qualifiers -Wimplicit-fallthrough=5 -Winit-self -Wlogical-op -Wmissing-parameter-type -Wnested-externs -Wold-style-declaration -Wold-style-definition -Wsign-compare -Wtype-limits -Wwrite-strings  -Os -pipe -Wno-implicit-fallthrough -mfpu=neon -Wno-format-overflow -fno-caller-saves -fno-plt -mfloat-abi=hard  -D_FORTIFY_SOURCE=1 -Wl,-z,now -Wl,-z,relro  -MT strace-fetch_struct_statfs.o -MD -MP -MF .deps/strace-fetch_struct_statfs.Tpo -c -o strace-fetch_struct_statfs.o `test -f 'fetch_struct_statfs.c' || echo './'`fetch_struct_statfs.c
mv -f .deps/strace-fetch_struct_statfs.Tpo .deps/strace-fetch_struct_statfs.Po
arm-linux-gnueabihf-gcc -DHAVE_CONFIG_H   -I./linux/arm -I./linux/arm -I./linux -I./linux -I. -I.    -I/media/gwind/windcode/openwrt-ssd20x/18.06/staging_dir/target-arm-linux-gnueabihf_glibc/usr/include -I/media/gwind/windcode/openwrt-ssd20x/18.06/staging_dir/target-arm-linux-gnueabihf_glibc/include  -Wall -Wempty-body -Wformat-security -Wignored-qualifiers -Wimplicit-fallthrough=5 -Winit-self -Wlogical-op -Wmissing-parameter-type -Wnested-externs -Wold-style-declaration -Wold-style-definition -Wsign-compare -Wtype-limits -Wwrite-strings  -Os -pipe -Wno-implicit-fallthrough -mfpu=neon -Wno-format-overflow -fno-caller-saves -fno-plt -mfloat-abi=hard  -D_FORTIFY_SOURCE=1 -Wl,-z,now -Wl,-z,relro  -MT strace-file_handle.o -MD -MP -MF .deps/strace-file_handle.Tpo -c -o strace-file_handle.o `test -f 'file_handle.c' || echo './'`file_handle.c
mv -f .deps/strace-file_handle.Tpo .deps/strace-file_handle.Po
arm-linux-gnueabihf-gcc -DHAVE_CONFIG_H   -I./linux/arm -I./linux/arm -I./linux -I./linux -I. -I.    -I/media/gwind/windcode/openwrt-ssd20x/18.06/staging_dir/target-arm-linux-gnueabihf_glibc/usr/include -I/media/gwind/windcode/openwrt-ssd20x/18.06/staging_dir/target-arm-linux-gnueabihf_glibc/include  -Wall -Wempty-body -Wformat-security -Wignored-qualifiers -Wimplicit-fallthrough=5 -Winit-self -Wlogical-op -Wmissing-parameter-type -Wnested-externs -Wold-style-declaration -Wold-style-definition -Wsign-compare -Wtype-limits -Wwrite-strings  -Os -pipe -Wno-implicit-fallthrough -mfpu=neon -Wno-format-overflow -fno-caller-saves -fno-plt -mfloat-abi=hard  -D_FORTIFY_SOURCE=1 -Wl,-z,now -Wl,-z,relro  -MT strace-file_ioctl.o -MD -MP -MF .deps/strace-file_ioctl.Tpo -c -o strace-file_ioctl.o `test -f 'file_ioctl.c' || echo './'`file_ioctl.c
mv -f .deps/strace-file_ioctl.Tpo .deps/strace-file_ioctl.Po
arm-linux-gnueabihf-gcc -DHAVE_CONFIG_H   -I./linux/arm -I./linux/arm -I./linux -I./linux -I. -I.    -I/media/gwind/windcode/openwrt-ssd20x/18.06/staging_dir/target-arm-linux-gnueabihf_glibc/usr/include -I/media/gwind/windcode/openwrt-ssd20x/18.06/staging_dir/target-arm-linux-gnueabihf_glibc/include  -Wall -Wempty-body -Wformat-security -Wignored-qualifiers -Wimplicit-fallthrough=5 -Winit-self -Wlogical-op -Wmissing-parameter-type -Wnested-externs -Wold-style-declaration -Wold-style-definition -Wsign-compare -Wtype-limits -Wwrite-strings  -Os -pipe -Wno-implicit-fallthrough -mfpu=neon -Wno-format-overflow -fno-caller-saves -fno-plt -mfloat-abi=hard  -D_FORTIFY_SOURCE=1 -Wl,-z,now -Wl,-z,relro  -MT strace-filter_qualify.o -MD -MP -MF .deps/strace-filter_qualify.Tpo -c -o strace-filter_qualify.o `test -f 'filter_qualify.c' || echo './'`filter_qualify.c
mv -f .deps/strace-filter_qualify.Tpo .deps/strace-filter_qualify.Po
arm-linux-gnueabihf-gcc -DHAVE_CONFIG_H   -I./linux/arm -I./linux/arm -I./linux -I./linux -I. -I.    -I/media/gwind/windcode/openwrt-ssd20x/18.06/staging_dir/target-arm-linux-gnueabihf_glibc/usr/include -I/media/gwind/windcode/openwrt-ssd20x/18.06/staging_dir/target-arm-linux-gnueabihf_glibc/include  -Wall -Wempty-body -Wformat-security -Wignored-qualifiers -Wimplicit-fallthrough=5 -Winit-self -Wlogical-op -Wmissing-parameter-type -Wnested-externs -Wold-style-declaration -Wold-style-definition -Wsign-compare -Wtype-limits -Wwrite-strings  -Os -pipe -Wno-implicit-fallthrough -mfpu=neon -Wno-format-overflow -fno-caller-saves -fno-plt -mfloat-abi=hard  -D_FORTIFY_SOURCE=1 -Wl,-z,now -Wl,-z,relro  -MT strace-flock.o -MD -MP -MF .deps/strace-flock.Tpo -c -o strace-flock.o `test -f 'flock.c' || echo './'`flock.c
mv -f .deps/strace-flock.Tpo .deps/strace-flock.Po
arm-linux-gnueabihf-gcc -DHAVE_CONFIG_H   -I./linux/arm -I./linux/arm -I./linux -I./linux -I. -I.    -I/media/gwind/windcode/openwrt-ssd20x/18.06/staging_dir/target-arm-linux-gnueabihf_glibc/usr/include -I/media/gwind/windcode/openwrt-ssd20x/18.06/staging_dir/target-arm-linux-gnueabihf_glibc/include  -Wall -Wempty-body -Wformat-security -Wignored-qualifiers -Wimplicit-fallthrough=5 -Winit-self -Wlogical-op -Wmissing-parameter-type -Wnested-externs -Wold-style-declaration -Wold-style-definition -Wsign-compare -Wtype-limits -Wwrite-strings  -Os -pipe -Wno-implicit-fallthrough -mfpu=neon -Wno-format-overflow -fno-caller-saves -fno-plt -mfloat-abi=hard  -D_FORTIFY_SOURCE=1 -Wl,-z,now -Wl,-z,relro  -MT strace-fs_x_ioctl.o -MD -MP -MF .deps/strace-fs_x_ioctl.Tpo -c -o strace-fs_x_ioctl.o `test -f 'fs_x_ioctl.c' || echo './'`fs_x_ioctl.c
mv -f .deps/strace-fs_x_ioctl.Tpo .deps/strace-fs_x_ioctl.Po
arm-linux-gnueabihf-gcc -DHAVE_CONFIG_H   -I./linux/arm -I./linux/arm -I./linux -I./linux -I. -I.    -I/media/gwind/windcode/openwrt-ssd20x/18.06/staging_dir/target-arm-linux-gnueabihf_glibc/usr/include -I/media/gwind/windcode/openwrt-ssd20x/18.06/staging_dir/target-arm-linux-gnueabihf_glibc/include  -Wall -Wempty-body -Wformat-security -Wignored-qualifiers -Wimplicit-fallthrough=5 -Winit-self -Wlogical-op -Wmissing-parameter-type -Wnested-externs -Wold-style-declaration -Wold-style-definition -Wsign-compare -Wtype-limits -Wwrite-strings  -Os -pipe -Wno-implicit-fallthrough -mfpu=neon -Wno-format-overflow -fno-caller-saves -fno-plt -mfloat-abi=hard  -D_FORTIFY_SOURCE=1 -Wl,-z,now -Wl,-z,relro  -MT strace-futex.o -MD -MP -MF .deps/strace-futex.Tpo -c -o strace-futex.o `test -f 'futex.c' || echo './'`futex.c
mv -f .deps/strace-futex.Tpo .deps/strace-futex.Po
arm-linux-gnueabihf-gcc -DHAVE_CONFIG_H   -I./linux/arm -I./linux/arm -I./linux -I./linux -I. -I.    -I/media/gwind/windcode/openwrt-ssd20x/18.06/staging_dir/target-arm-linux-gnueabihf_glibc/usr/include -I/media/gwind/windcode/openwrt-ssd20x/18.06/staging_dir/target-arm-linux-gnueabihf_glibc/include  -Wall -Wempty-body -Wformat-security -Wignored-qualifiers -Wimplicit-fallthrough=5 -Winit-self -Wlogical-op -Wmissing-parameter-type -Wnested-externs -Wold-style-declaration -Wold-style-definition -Wsign-compare -Wtype-limits -Wwrite-strings  -Os -pipe -Wno-implicit-fallthrough -mfpu=neon -Wno-format-overflow -fno-caller-saves -fno-plt -mfloat-abi=hard  -D_FORTIFY_SOURCE=1 -Wl,-z,now -Wl,-z,relro  -MT strace-get_robust_list.o -MD -MP -MF .deps/strace-get_robust_list.Tpo -c -o strace-get_robust_list.o `test -f 'get_robust_list.c' || echo './'`get_robust_list.c
mv -f .deps/strace-get_robust_list.Tpo .deps/strace-get_robust_list.Po
arm-linux-gnueabihf-gcc -DHAVE_CONFIG_H   -I./linux/arm -I./linux/arm -I./linux -I./linux -I. -I.    -I/media/gwind/windcode/openwrt-ssd20x/18.06/staging_dir/target-arm-linux-gnueabihf_glibc/usr/include -I/media/gwind/windcode/openwrt-ssd20x/18.06/staging_dir/target-arm-linux-gnueabihf_glibc/include  -Wall -Wempty-body -Wformat-security -Wignored-qualifiers -Wimplicit-fallthrough=5 -Winit-self -Wlogical-op -Wmissing-parameter-type -Wnested-externs -Wold-style-declaration -Wold-style-definition -Wsign-compare -Wtype-limits -Wwrite-strings  -Os -pipe -Wno-implicit-fallthrough -mfpu=neon -Wno-format-overflow -fno-caller-saves -fno-plt -mfloat-abi=hard  -D_FORTIFY_SOURCE=1 -Wl,-z,now -Wl,-z,relro  -MT strace-getcpu.o -MD -MP -MF .deps/strace-getcpu.Tpo -c -o strace-getcpu.o `test -f 'getcpu.c' || echo './'`getcpu.c
mv -f .deps/strace-getcpu.Tpo .deps/strace-getcpu.Po
arm-linux-gnueabihf-gcc -DHAVE_CONFIG_H   -I./linux/arm -I./linux/arm -I./linux -I./linux -I. -I.    -I/media/gwind/windcode/openwrt-ssd20x/18.06/staging_dir/target-arm-linux-gnueabihf_glibc/usr/include -I/media/gwind/windcode/openwrt-ssd20x/18.06/staging_dir/target-arm-linux-gnueabihf_glibc/include  -Wall -Wempty-body -Wformat-security -Wignored-qualifiers -Wimplicit-fallthrough=5 -Winit-self -Wlogical-op -Wmissing-parameter-type -Wnested-externs -Wold-style-declaration -Wold-style-definition -Wsign-compare -Wtype-limits -Wwrite-strings  -Os -pipe -Wno-implicit-fallthrough -mfpu=neon -Wno-format-overflow -fno-caller-saves -fno-plt -mfloat-abi=hard  -D_FORTIFY_SOURCE=1 -Wl,-z,now -Wl,-z,relro  -MT strace-getcwd.o -MD -MP -MF .deps/strace-getcwd.Tpo -c -o strace-getcwd.o `test -f 'getcwd.c' || echo './'`getcwd.c
mv -f .deps/strace-getcwd.Tpo .deps/strace-getcwd.Po
arm-linux-gnueabihf-gcc -DHAVE_CONFIG_H   -I./linux/arm -I./linux/arm -I./linux -I./linux -I. -I.    -I/media/gwind/windcode/openwrt-ssd20x/18.06/staging_dir/target-arm-linux-gnueabihf_glibc/usr/include -I/media/gwind/windcode/openwrt-ssd20x/18.06/staging_dir/target-arm-linux-gnueabihf_glibc/include  -Wall -Wempty-body -Wformat-security -Wignored-qualifiers -Wimplicit-fallthrough=5 -Winit-self -Wlogical-op -Wmissing-parameter-type -Wnested-externs -Wold-style-declaration -Wold-style-definition -Wsign-compare -Wtype-limits -Wwrite-strings  -Os -pipe -Wno-implicit-fallthrough -mfpu=neon -Wno-format-overflow -fno-caller-saves -fno-plt -mfloat-abi=hard  -D_FORTIFY_SOURCE=1 -Wl,-z,now -Wl,-z,relro  -MT strace-getrandom.o -MD -MP -MF .deps/strace-getrandom.Tpo -c -o strace-getrandom.o `test -f 'getrandom.c' || echo './'`getrandom.c
mv -f .deps/strace-getrandom.Tpo .deps/strace-getrandom.Po
arm-linux-gnueabihf-gcc -DHAVE_CONFIG_H   -I./linux/arm -I./linux/arm -I./linux -I./linux -I. -I.    -I/media/gwind/windcode/openwrt-ssd20x/18.06/staging_dir/target-arm-linux-gnueabihf_glibc/usr/include -I/media/gwind/windcode/openwrt-ssd20x/18.06/staging_dir/target-arm-linux-gnueabihf_glibc/include  -Wall -Wempty-body -Wformat-security -Wignored-qualifiers -Wimplicit-fallthrough=5 -Winit-self -Wlogical-op -Wmissing-parameter-type -Wnested-externs -Wold-style-declaration -Wold-style-definition -Wsign-compare -Wtype-limits -Wwrite-strings  -Os -pipe -Wno-implicit-fallthrough -mfpu=neon -Wno-format-overflow -fno-caller-saves -fno-plt -mfloat-abi=hard  -D_FORTIFY_SOURCE=1 -Wl,-z,now -Wl,-z,relro  -MT strace-hdio.o -MD -MP -MF .deps/strace-hdio.Tpo -c -o strace-hdio.o `test -f 'hdio.c' || echo './'`hdio.c
mv -f .deps/strace-hdio.Tpo .deps/strace-hdio.Po
arm-linux-gnueabihf-gcc -DHAVE_CONFIG_H   -I./linux/arm -I./linux/arm -I./linux -I./linux -I. -I.    -I/media/gwind/windcode/openwrt-ssd20x/18.06/staging_dir/target-arm-linux-gnueabihf_glibc/usr/include -I/media/gwind/windcode/openwrt-ssd20x/18.06/staging_dir/target-arm-linux-gnueabihf_glibc/include  -Wall -Wempty-body -Wformat-security -Wignored-qualifiers -Wimplicit-fallthrough=5 -Winit-self -Wlogical-op -Wmissing-parameter-type -Wnested-externs -Wold-style-declaration -Wold-style-definition -Wsign-compare -Wtype-limits -Wwrite-strings  -Os -pipe -Wno-implicit-fallthrough -mfpu=neon -Wno-format-overflow -fno-caller-saves -fno-plt -mfloat-abi=hard  -D_FORTIFY_SOURCE=1 -Wl,-z,now -Wl,-z,relro  -MT strace-hostname.o -MD -MP -MF .deps/strace-hostname.Tpo -c -o strace-hostname.o `test -f 'hostname.c' || echo './'`hostname.c
mv -f .deps/strace-hostname.Tpo .deps/strace-hostname.Po
arm-linux-gnueabihf-gcc -DHAVE_CONFIG_H   -I./linux/arm -I./linux/arm -I./linux -I./linux -I. -I.    -I/media/gwind/windcode/openwrt-ssd20x/18.06/staging_dir/target-arm-linux-gnueabihf_glibc/usr/include -I/media/gwind/windcode/openwrt-ssd20x/18.06/staging_dir/target-arm-linux-gnueabihf_glibc/include  -Wall -Wempty-body -Wformat-security -Wignored-qualifiers -Wimplicit-fallthrough=5 -Winit-self -Wlogical-op -Wmissing-parameter-type -Wnested-externs -Wold-style-declaration -Wold-style-definition -Wsign-compare -Wtype-limits -Wwrite-strings  -Os -pipe -Wno-implicit-fallthrough -mfpu=neon -Wno-format-overflow -fno-caller-saves -fno-plt -mfloat-abi=hard  -D_FORTIFY_SOURCE=1 -Wl,-z,now -Wl,-z,relro  -MT strace-inotify.o -MD -MP -MF .deps/strace-inotify.Tpo -c -o strace-inotify.o `test -f 'inotify.c' || echo './'`inotify.c
mv -f .deps/strace-inotify.Tpo .deps/strace-inotify.Po
arm-linux-gnueabihf-gcc -DHAVE_CONFIG_H   -I./linux/arm -I./linux/arm -I./linux -I./linux -I. -I.    -I/media/gwind/windcode/openwrt-ssd20x/18.06/staging_dir/target-arm-linux-gnueabihf_glibc/usr/include -I/media/gwind/windcode/openwrt-ssd20x/18.06/staging_dir/target-arm-linux-gnueabihf_glibc/include  -Wall -Wempty-body -Wformat-security -Wignored-qualifiers -Wimplicit-fallthrough=5 -Winit-self -Wlogical-op -Wmissing-parameter-type -Wnested-externs -Wold-style-declaration -Wold-style-definition -Wsign-compare -Wtype-limits -Wwrite-strings  -Os -pipe -Wno-implicit-fallthrough -mfpu=neon -Wno-format-overflow -fno-caller-saves -fno-plt -mfloat-abi=hard  -D_FORTIFY_SOURCE=1 -Wl,-z,now -Wl,-z,relro  -MT strace-io.o -MD -MP -MF .deps/strace-io.Tpo -c -o strace-io.o `test -f 'io.c' || echo './'`io.c
mv -f .deps/strace-io.Tpo .deps/strace-io.Po
arm-linux-gnueabihf-gcc -DHAVE_CONFIG_H   -I./linux/arm -I./linux/arm -I./linux -I./linux -I. -I.    -I/media/gwind/windcode/openwrt-ssd20x/18.06/staging_dir/target-arm-linux-gnueabihf_glibc/usr/include -I/media/gwind/windcode/openwrt-ssd20x/18.06/staging_dir/target-arm-linux-gnueabihf_glibc/include  -Wall -Wempty-body -Wformat-security -Wignored-qualifiers -Wimplicit-fallthrough=5 -Winit-self -Wlogical-op -Wmissing-parameter-type -Wnested-externs -Wold-style-declaration -Wold-style-definition -Wsign-compare -Wtype-limits -Wwrite-strings  -Os -pipe -Wno-implicit-fallthrough -mfpu=neon -Wno-format-overflow -fno-caller-saves -fno-plt -mfloat-abi=hard  -D_FORTIFY_SOURCE=1 -Wl,-z,now -Wl,-z,relro  -MT strace-ioctl.o -MD -MP -MF .deps/strace-ioctl.Tpo -c -o strace-ioctl.o `test -f 'ioctl.c' || echo './'`ioctl.c
mv -f .deps/strace-ioctl.Tpo .deps/strace-ioctl.Po
arm-linux-gnueabihf-gcc -DHAVE_CONFIG_H   -I./linux/arm -I./linux/arm -I./linux -I./linux -I. -I.    -I/media/gwind/windcode/openwrt-ssd20x/18.06/staging_dir/target-arm-linux-gnueabihf_glibc/usr/include -I/media/gwind/windcode/openwrt-ssd20x/18.06/staging_dir/target-arm-linux-gnueabihf_glibc/include  -Wall -Wempty-body -Wformat-security -Wignored-qualifiers -Wimplicit-fallthrough=5 -Winit-self -Wlogical-op -Wmissing-parameter-type -Wnested-externs -Wold-style-declaration -Wold-style-definition -Wsign-compare -Wtype-limits -Wwrite-strings  -Os -pipe -Wno-implicit-fallthrough -mfpu=neon -Wno-format-overflow -fno-caller-saves -fno-plt -mfloat-abi=hard  -D_FORTIFY_SOURCE=1 -Wl,-z,now -Wl,-z,relro  -MT strace-ioperm.o -MD -MP -MF .deps/strace-ioperm.Tpo -c -o strace-ioperm.o `test -f 'ioperm.c' || echo './'`ioperm.c
mv -f .deps/strace-ioperm.Tpo .deps/strace-ioperm.Po
arm-linux-gnueabihf-gcc -DHAVE_CONFIG_H   -I./linux/arm -I./linux/arm -I./linux -I./linux -I. -I.    -I/media/gwind/windcode/openwrt-ssd20x/18.06/staging_dir/target-arm-linux-gnueabihf_glibc/usr/include -I/media/gwind/windcode/openwrt-ssd20x/18.06/staging_dir/target-arm-linux-gnueabihf_glibc/include  -Wall -Wempty-body -Wformat-security -Wignored-qualifiers -Wimplicit-fallthrough=5 -Winit-self -Wlogical-op -Wmissing-parameter-type -Wnested-externs -Wold-style-declaration -Wold-style-definition -Wsign-compare -Wtype-limits -Wwrite-strings  -Os -pipe -Wno-implicit-fallthrough -mfpu=neon -Wno-format-overflow -fno-caller-saves -fno-plt -mfloat-abi=hard  -D_FORTIFY_SOURCE=1 -Wl,-z,now -Wl,-z,relro  -MT strace-iopl.o -MD -MP -MF .deps/strace-iopl.Tpo -c -o strace-iopl.o `test -f 'iopl.c' || echo './'`iopl.c
mv -f .deps/strace-iopl.Tpo .deps/strace-iopl.Po
arm-linux-gnueabihf-gcc -DHAVE_CONFIG_H   -I./linux/arm -I./linux/arm -I./linux -I./linux -I. -I.    -I/media/gwind/windcode/openwrt-ssd20x/18.06/staging_dir/target-arm-linux-gnueabihf_glibc/usr/include -I/media/gwind/windcode/openwrt-ssd20x/18.06/staging_dir/target-arm-linux-gnueabihf_glibc/include  -Wall -Wempty-body -Wformat-security -Wignored-qualifiers -Wimplicit-fallthrough=5 -Winit-self -Wlogical-op -Wmissing-parameter-type -Wnested-externs -Wold-style-declaration -Wold-style-definition -Wsign-compare -Wtype-limits -Wwrite-strings  -Os -pipe -Wno-implicit-fallthrough -mfpu=neon -Wno-format-overflow -fno-caller-saves -fno-plt -mfloat-abi=hard  -D_FORTIFY_SOURCE=1 -Wl,-z,now -Wl,-z,relro  -MT strace-ioprio.o -MD -MP -MF .deps/strace-ioprio.Tpo -c -o strace-ioprio.o `test -f 'ioprio.c' || echo './'`ioprio.c
mv -f .deps/strace-ioprio.Tpo .deps/strace-ioprio.Po
arm-linux-gnueabihf-gcc -DHAVE_CONFIG_H   -I./linux/arm -I./linux/arm -I./linux -I./linux -I. -I.    -I/media/gwind/windcode/openwrt-ssd20x/18.06/staging_dir/target-arm-linux-gnueabihf_glibc/usr/include -I/media/gwind/windcode/openwrt-ssd20x/18.06/staging_dir/target-arm-linux-gnueabihf_glibc/include  -Wall -Wempty-body -Wformat-security -Wignored-qualifiers -Wimplicit-fallthrough=5 -Winit-self -Wlogical-op -Wmissing-parameter-type -Wnested-externs -Wold-style-declaration -Wold-style-definition -Wsign-compare -Wtype-limits -Wwrite-strings  -Os -pipe -Wno-implicit-fallthrough -mfpu=neon -Wno-format-overflow -fno-caller-saves -fno-plt -mfloat-abi=hard  -D_FORTIFY_SOURCE=1 -Wl,-z,now -Wl,-z,relro  -MT strace-ipc_msg.o -MD -MP -MF .deps/strace-ipc_msg.Tpo -c -o strace-ipc_msg.o `test -f 'ipc_msg.c' || echo './'`ipc_msg.c
mv -f .deps/strace-ipc_msg.Tpo .deps/strace-ipc_msg.Po
arm-linux-gnueabihf-gcc -DHAVE_CONFIG_H   -I./linux/arm -I./linux/arm -I./linux -I./linux -I. -I.    -I/media/gwind/windcode/openwrt-ssd20x/18.06/staging_dir/target-arm-linux-gnueabihf_glibc/usr/include -I/media/gwind/windcode/openwrt-ssd20x/18.06/staging_dir/target-arm-linux-gnueabihf_glibc/include  -Wall -Wempty-body -Wformat-security -Wignored-qualifiers -Wimplicit-fallthrough=5 -Winit-self -Wlogical-op -Wmissing-parameter-type -Wnested-externs -Wold-style-declaration -Wold-style-definition -Wsign-compare -Wtype-limits -Wwrite-strings  -Os -pipe -Wno-implicit-fallthrough -mfpu=neon -Wno-format-overflow -fno-caller-saves -fno-plt -mfloat-abi=hard  -D_FORTIFY_SOURCE=1 -Wl,-z,now -Wl,-z,relro  -MT strace-ipc_msgctl.o -MD -MP -MF .deps/strace-ipc_msgctl.Tpo -c -o strace-ipc_msgctl.o `test -f 'ipc_msgctl.c' || echo './'`ipc_msgctl.c
mv -f .deps/strace-ipc_msgctl.Tpo .deps/strace-ipc_msgctl.Po
arm-linux-gnueabihf-gcc -DHAVE_CONFIG_H   -I./linux/arm -I./linux/arm -I./linux -I./linux -I. -I.    -I/media/gwind/windcode/openwrt-ssd20x/18.06/staging_dir/target-arm-linux-gnueabihf_glibc/usr/include -I/media/gwind/windcode/openwrt-ssd20x/18.06/staging_dir/target-arm-linux-gnueabihf_glibc/include  -Wall -Wempty-body -Wformat-security -Wignored-qualifiers -Wimplicit-fallthrough=5 -Winit-self -Wlogical-op -Wmissing-parameter-type -Wnested-externs -Wold-style-declaration -Wold-style-definition -Wsign-compare -Wtype-limits -Wwrite-strings  -Os -pipe -Wno-implicit-fallthrough -mfpu=neon -Wno-format-overflow -fno-caller-saves -fno-plt -mfloat-abi=hard  -D_FORTIFY_SOURCE=1 -Wl,-z,now -Wl,-z,relro  -MT strace-ipc_sem.o -MD -MP -MF .deps/strace-ipc_sem.Tpo -c -o strace-ipc_sem.o `test -f 'ipc_sem.c' || echo './'`ipc_sem.c
mv -f .deps/strace-ipc_sem.Tpo .deps/strace-ipc_sem.Po
arm-linux-gnueabihf-gcc -DHAVE_CONFIG_H   -I./linux/arm -I./linux/arm -I./linux -I./linux -I. -I.    -I/media/gwind/windcode/openwrt-ssd20x/18.06/staging_dir/target-arm-linux-gnueabihf_glibc/usr/include -I/media/gwind/windcode/openwrt-ssd20x/18.06/staging_dir/target-arm-linux-gnueabihf_glibc/include  -Wall -Wempty-body -Wformat-security -Wignored-qualifiers -Wimplicit-fallthrough=5 -Winit-self -Wlogical-op -Wmissing-parameter-type -Wnested-externs -Wold-style-declaration -Wold-style-definition -Wsign-compare -Wtype-limits -Wwrite-strings  -Os -pipe -Wno-implicit-fallthrough -mfpu=neon -Wno-format-overflow -fno-caller-saves -fno-plt -mfloat-abi=hard  -D_FORTIFY_SOURCE=1 -Wl,-z,now -Wl,-z,relro  -MT strace-ipc_shm.o -MD -MP -MF .deps/strace-ipc_shm.Tpo -c -o strace-ipc_shm.o `test -f 'ipc_shm.c' || echo './'`ipc_shm.c
mv -f .deps/strace-ipc_shm.Tpo .deps/strace-ipc_shm.Po
arm-linux-gnueabihf-gcc -DHAVE_CONFIG_H   -I./linux/arm -I./linux/arm -I./linux -I./linux -I. -I.    -I/media/gwind/windcode/openwrt-ssd20x/18.06/staging_dir/target-arm-linux-gnueabihf_glibc/usr/include -I/media/gwind/windcode/openwrt-ssd20x/18.06/staging_dir/target-arm-linux-gnueabihf_glibc/include  -Wall -Wempty-body -Wformat-security -Wignored-qualifiers -Wimplicit-fallthrough=5 -Winit-self -Wlogical-op -Wmissing-parameter-type -Wnested-externs -Wold-style-declaration -Wold-style-definition -Wsign-compare -Wtype-limits -Wwrite-strings  -Os -pipe -Wno-implicit-fallthrough -mfpu=neon -Wno-format-overflow -fno-caller-saves -fno-plt -mfloat-abi=hard  -D_FORTIFY_SOURCE=1 -Wl,-z,now -Wl,-z,relro  -MT strace-ipc_shmctl.o -MD -MP -MF .deps/strace-ipc_shmctl.Tpo -c -o strace-ipc_shmctl.o `test -f 'ipc_shmctl.c' || echo './'`ipc_shmctl.c
mv -f .deps/strace-ipc_shmctl.Tpo .deps/strace-ipc_shmctl.Po
arm-linux-gnueabihf-gcc -DHAVE_CONFIG_H   -I./linux/arm -I./linux/arm -I./linux -I./linux -I. -I.    -I/media/gwind/windcode/openwrt-ssd20x/18.06/staging_dir/target-arm-linux-gnueabihf_glibc/usr/include -I/media/gwind/windcode/openwrt-ssd20x/18.06/staging_dir/target-arm-linux-gnueabihf_glibc/include  -Wall -Wempty-body -Wformat-security -Wignored-qualifiers -Wimplicit-fallthrough=5 -Winit-self -Wlogical-op -Wmissing-parameter-type -Wnested-externs -Wold-style-declaration -Wold-style-definition -Wsign-compare -Wtype-limits -Wwrite-strings  -Os -pipe -Wno-implicit-fallthrough -mfpu=neon -Wno-format-overflow -fno-caller-saves -fno-plt -mfloat-abi=hard  -D_FORTIFY_SOURCE=1 -Wl,-z,now -Wl,-z,relro  -MT strace-kcmp.o -MD -MP -MF .deps/strace-kcmp.Tpo -c -o strace-kcmp.o `test -f 'kcmp.c' || echo './'`kcmp.c
mv -f .deps/strace-kcmp.Tpo .deps/strace-kcmp.Po
arm-linux-gnueabihf-gcc -DHAVE_CONFIG_H   -I./linux/arm -I./linux/arm -I./linux -I./linux -I. -I.    -I/media/gwind/windcode/openwrt-ssd20x/18.06/staging_dir/target-arm-linux-gnueabihf_glibc/usr/include -I/media/gwind/windcode/openwrt-ssd20x/18.06/staging_dir/target-arm-linux-gnueabihf_glibc/include  -Wall -Wempty-body -Wformat-security -Wignored-qualifiers -Wimplicit-fallthrough=5 -Winit-self -Wlogical-op -Wmissing-parameter-type -Wnested-externs -Wold-style-declaration -Wold-style-definition -Wsign-compare -Wtype-limits -Wwrite-strings  -Os -pipe -Wno-implicit-fallthrough -mfpu=neon -Wno-format-overflow -fno-caller-saves -fno-plt -mfloat-abi=hard  -D_FORTIFY_SOURCE=1 -Wl,-z,now -Wl,-z,relro  -MT strace-kexec.o -MD -MP -MF .deps/strace-kexec.Tpo -c -o strace-kexec.o `test -f 'kexec.c' || echo './'`kexec.c
mv -f .deps/strace-kexec.Tpo .deps/strace-kexec.Po
arm-linux-gnueabihf-gcc -DHAVE_CONFIG_H   -I./linux/arm -I./linux/arm -I./linux -I./linux -I. -I.    -I/media/gwind/windcode/openwrt-ssd20x/18.06/staging_dir/target-arm-linux-gnueabihf_glibc/usr/include -I/media/gwind/windcode/openwrt-ssd20x/18.06/staging_dir/target-arm-linux-gnueabihf_glibc/include  -Wall -Wempty-body -Wformat-security -Wignored-qualifiers -Wimplicit-fallthrough=5 -Winit-self -Wlogical-op -Wmissing-parameter-type -Wnested-externs -Wold-style-declaration -Wold-style-definition -Wsign-compare -Wtype-limits -Wwrite-strings  -Os -pipe -Wno-implicit-fallthrough -mfpu=neon -Wno-format-overflow -fno-caller-saves -fno-plt -mfloat-abi=hard  -D_FORTIFY_SOURCE=1 -Wl,-z,now -Wl,-z,relro  -MT strace-keyctl.o -MD -MP -MF .deps/strace-keyctl.Tpo -c -o strace-keyctl.o `test -f 'keyctl.c' || echo './'`keyctl.c
mv -f .deps/strace-keyctl.Tpo .deps/strace-keyctl.Po
arm-linux-gnueabihf-gcc -DHAVE_CONFIG_H   -I./linux/arm -I./linux/arm -I./linux -I./linux -I. -I.    -I/media/gwind/windcode/openwrt-ssd20x/18.06/staging_dir/target-arm-linux-gnueabihf_glibc/usr/include -I/media/gwind/windcode/openwrt-ssd20x/18.06/staging_dir/target-arm-linux-gnueabihf_glibc/include  -Wall -Wempty-body -Wformat-security -Wignored-qualifiers -Wimplicit-fallthrough=5 -Winit-self -Wlogical-op -Wmissing-parameter-type -Wnested-externs -Wold-style-declaration -Wold-style-definition -Wsign-compare -Wtype-limits -Wwrite-strings  -Os -pipe -Wno-implicit-fallthrough -mfpu=neon -Wno-format-overflow -fno-caller-saves -fno-plt -mfloat-abi=hard  -D_FORTIFY_SOURCE=1 -Wl,-z,now -Wl,-z,relro  -MT strace-kvm.o -MD -MP -MF .deps/strace-kvm.Tpo -c -o strace-kvm.o `test -f 'kvm.c' || echo './'`kvm.c
mv -f .deps/strace-kvm.Tpo .deps/strace-kvm.Po
arm-linux-gnueabihf-gcc -DHAVE_CONFIG_H   -I./linux/arm -I./linux/arm -I./linux -I./linux -I. -I.    -I/media/gwind/windcode/openwrt-ssd20x/18.06/staging_dir/target-arm-linux-gnueabihf_glibc/usr/include -I/media/gwind/windcode/openwrt-ssd20x/18.06/staging_dir/target-arm-linux-gnueabihf_glibc/include  -Wall -Wempty-body -Wformat-security -Wignored-qualifiers -Wimplicit-fallthrough=5 -Winit-self -Wlogical-op -Wmissing-parameter-type -Wnested-externs -Wold-style-declaration -Wold-style-definition -Wsign-compare -Wtype-limits -Wwrite-strings  -Os -pipe -Wno-implicit-fallthrough -mfpu=neon -Wno-format-overflow -fno-caller-saves -fno-plt -mfloat-abi=hard  -D_FORTIFY_SOURCE=1 -Wl,-z,now -Wl,-z,relro  -MT strace-ldt.o -MD -MP -MF .deps/strace-ldt.Tpo -c -o strace-ldt.o `test -f 'ldt.c' || echo './'`ldt.c
mv -f .deps/strace-ldt.Tpo .deps/strace-ldt.Po
arm-linux-gnueabihf-gcc -DHAVE_CONFIG_H   -I./linux/arm -I./linux/arm -I./linux -I./linux -I. -I.    -I/media/gwind/windcode/openwrt-ssd20x/18.06/staging_dir/target-arm-linux-gnueabihf_glibc/usr/include -I/media/gwind/windcode/openwrt-ssd20x/18.06/staging_dir/target-arm-linux-gnueabihf_glibc/include  -Wall -Wempty-body -Wformat-security -Wignored-qualifiers -Wimplicit-fallthrough=5 -Winit-self -Wlogical-op -Wmissing-parameter-type -Wnested-externs -Wold-style-declaration -Wold-style-definition -Wsign-compare -Wtype-limits -Wwrite-strings  -Os -pipe -Wno-implicit-fallthrough -mfpu=neon -Wno-format-overflow -fno-caller-saves -fno-plt -mfloat-abi=hard  -D_FORTIFY_SOURCE=1 -Wl,-z,now -Wl,-z,relro  -MT strace-link.o -MD -MP -MF .deps/strace-link.Tpo -c -o strace-link.o `test -f 'link.c' || echo './'`link.c
mv -f .deps/strace-link.Tpo .deps/strace-link.Po
arm-linux-gnueabihf-gcc -DHAVE_CONFIG_H   -I./linux/arm -I./linux/arm -I./linux -I./linux -I. -I.    -I/media/gwind/windcode/openwrt-ssd20x/18.06/staging_dir/target-arm-linux-gnueabihf_glibc/usr/include -I/media/gwind/windcode/openwrt-ssd20x/18.06/staging_dir/target-arm-linux-gnueabihf_glibc/include  -Wall -Wempty-body -Wformat-security -Wignored-qualifiers -Wimplicit-fallthrough=5 -Winit-self -Wlogical-op -Wmissing-parameter-type -Wnested-externs -Wold-style-declaration -Wold-style-definition -Wsign-compare -Wtype-limits -Wwrite-strings  -Os -pipe -Wno-implicit-fallthrough -mfpu=neon -Wno-format-overflow -fno-caller-saves -fno-plt -mfloat-abi=hard  -D_FORTIFY_SOURCE=1 -Wl,-z,now -Wl,-z,relro  -MT strace-listen.o -MD -MP -MF .deps/strace-listen.Tpo -c -o strace-listen.o `test -f 'listen.c' || echo './'`listen.c
mv -f .deps/strace-listen.Tpo .deps/strace-listen.Po
arm-linux-gnueabihf-gcc -DHAVE_CONFIG_H   -I./linux/arm -I./linux/arm -I./linux -I./linux -I. -I.    -I/media/gwind/windcode/openwrt-ssd20x/18.06/staging_dir/target-arm-linux-gnueabihf_glibc/usr/include -I/media/gwind/windcode/openwrt-ssd20x/18.06/staging_dir/target-arm-linux-gnueabihf_glibc/include  -Wall -Wempty-body -Wformat-security -Wignored-qualifiers -Wimplicit-fallthrough=5 -Winit-self -Wlogical-op -Wmissing-parameter-type -Wnested-externs -Wold-style-declaration -Wold-style-definition -Wsign-compare -Wtype-limits -Wwrite-strings  -Os -pipe -Wno-implicit-fallthrough -mfpu=neon -Wno-format-overflow -fno-caller-saves -fno-plt -mfloat-abi=hard  -D_FORTIFY_SOURCE=1 -Wl,-z,now -Wl,-z,relro  -MT strace-lookup_dcookie.o -MD -MP -MF .deps/strace-lookup_dcookie.Tpo -c -o strace-lookup_dcookie.o `test -f 'lookup_dcookie.c' || echo './'`lookup_dcookie.c
mv -f .deps/strace-lookup_dcookie.Tpo .deps/strace-lookup_dcookie.Po
arm-linux-gnueabihf-gcc -DHAVE_CONFIG_H   -I./linux/arm -I./linux/arm -I./linux -I./linux -I. -I.    -I/media/gwind/windcode/openwrt-ssd20x/18.06/staging_dir/target-arm-linux-gnueabihf_glibc/usr/include -I/media/gwind/windcode/openwrt-ssd20x/18.06/staging_dir/target-arm-linux-gnueabihf_glibc/include  -Wall -Wempty-body -Wformat-security -Wignored-qualifiers -Wimplicit-fallthrough=5 -Winit-self -Wlogical-op -Wmissing-parameter-type -Wnested-externs -Wold-style-declaration -Wold-style-definition -Wsign-compare -Wtype-limits -Wwrite-strings  -Os -pipe -Wno-implicit-fallthrough -mfpu=neon -Wno-format-overflow -fno-caller-saves -fno-plt -mfloat-abi=hard  -D_FORTIFY_SOURCE=1 -Wl,-z,now -Wl,-z,relro  -MT strace-loop.o -MD -MP -MF .deps/strace-loop.Tpo -c -o strace-loop.o `test -f 'loop.c' || echo './'`loop.c
mv -f .deps/strace-loop.Tpo .deps/strace-loop.Po
arm-linux-gnueabihf-gcc -DHAVE_CONFIG_H   -I./linux/arm -I./linux/arm -I./linux -I./linux -I. -I.    -I/media/gwind/windcode/openwrt-ssd20x/18.06/staging_dir/target-arm-linux-gnueabihf_glibc/usr/include -I/media/gwind/windcode/openwrt-ssd20x/18.06/staging_dir/target-arm-linux-gnueabihf_glibc/include  -Wall -Wempty-body -Wformat-security -Wignored-qualifiers -Wimplicit-fallthrough=5 -Winit-self -Wlogical-op -Wmissing-parameter-type -Wnested-externs -Wold-style-declaration -Wold-style-definition -Wsign-compare -Wtype-limits -Wwrite-strings  -Os -pipe -Wno-implicit-fallthrough -mfpu=neon -Wno-format-overflow -fno-caller-saves -fno-plt -mfloat-abi=hard  -D_FORTIFY_SOURCE=1 -Wl,-z,now -Wl,-z,relro  -MT strace-lseek.o -MD -MP -MF .deps/strace-lseek.Tpo -c -o strace-lseek.o `test -f 'lseek.c' || echo './'`lseek.c
mv -f .deps/strace-lseek.Tpo .deps/strace-lseek.Po
arm-linux-gnueabihf-gcc -DHAVE_CONFIG_H   -I./linux/arm -I./linux/arm -I./linux -I./linux -I. -I.    -I/media/gwind/windcode/openwrt-ssd20x/18.06/staging_dir/target-arm-linux-gnueabihf_glibc/usr/include -I/media/gwind/windcode/openwrt-ssd20x/18.06/staging_dir/target-arm-linux-gnueabihf_glibc/include  -Wall -Wempty-body -Wformat-security -Wignored-qualifiers -Wimplicit-fallthrough=5 -Winit-self -Wlogical-op -Wmissing-parameter-type -Wnested-externs -Wold-style-declaration -Wold-style-definition -Wsign-compare -Wtype-limits -Wwrite-strings  -Os -pipe -Wno-implicit-fallthrough -mfpu=neon -Wno-format-overflow -fno-caller-saves -fno-plt -mfloat-abi=hard  -D_FORTIFY_SOURCE=1 -Wl,-z,now -Wl,-z,relro  -MT strace-mem.o -MD -MP -MF .deps/strace-mem.Tpo -c -o strace-mem.o `test -f 'mem.c' || echo './'`mem.c
mv -f .deps/strace-mem.Tpo .deps/strace-mem.Po
arm-linux-gnueabihf-gcc -DHAVE_CONFIG_H   -I./linux/arm -I./linux/arm -I./linux -I./linux -I. -I.    -I/media/gwind/windcode/openwrt-ssd20x/18.06/staging_dir/target-arm-linux-gnueabihf_glibc/usr/include -I/media/gwind/windcode/openwrt-ssd20x/18.06/staging_dir/target-arm-linux-gnueabihf_glibc/include  -Wall -Wempty-body -Wformat-security -Wignored-qualifiers -Wimplicit-fallthrough=5 -Winit-self -Wlogical-op -Wmissing-parameter-type -Wnested-externs -Wold-style-declaration -Wold-style-definition -Wsign-compare -Wtype-limits -Wwrite-strings  -Os -pipe -Wno-implicit-fallthrough -mfpu=neon -Wno-format-overflow -fno-caller-saves -fno-plt -mfloat-abi=hard  -D_FORTIFY_SOURCE=1 -Wl,-z,now -Wl,-z,relro  -MT strace-membarrier.o -MD -MP -MF .deps/strace-membarrier.Tpo -c -o strace-membarrier.o `test -f 'membarrier.c' || echo './'`membarrier.c
mv -f .deps/strace-membarrier.Tpo .deps/strace-membarrier.Po
arm-linux-gnueabihf-gcc -DHAVE_CONFIG_H   -I./linux/arm -I./linux/arm -I./linux -I./linux -I. -I.    -I/media/gwind/windcode/openwrt-ssd20x/18.06/staging_dir/target-arm-linux-gnueabihf_glibc/usr/include -I/media/gwind/windcode/openwrt-ssd20x/18.06/staging_dir/target-arm-linux-gnueabihf_glibc/include  -Wall -Wempty-body -Wformat-security -Wignored-qualifiers -Wimplicit-fallthrough=5 -Winit-self -Wlogical-op -Wmissing-parameter-type -Wnested-externs -Wold-style-declaration -Wold-style-definition -Wsign-compare -Wtype-limits -Wwrite-strings  -Os -pipe -Wno-implicit-fallthrough -mfpu=neon -Wno-format-overflow -fno-caller-saves -fno-plt -mfloat-abi=hard  -D_FORTIFY_SOURCE=1 -Wl,-z,now -Wl,-z,relro  -MT strace-memfd_create.o -MD -MP -MF .deps/strace-memfd_create.Tpo -c -o strace-memfd_create.o `test -f 'memfd_create.c' || echo './'`memfd_create.c
mv -f .deps/strace-memfd_create.Tpo .deps/strace-memfd_create.Po
arm-linux-gnueabihf-gcc -DHAVE_CONFIG_H   -I./linux/arm -I./linux/arm -I./linux -I./linux -I. -I.    -I/media/gwind/windcode/openwrt-ssd20x/18.06/staging_dir/target-arm-linux-gnueabihf_glibc/usr/include -I/media/gwind/windcode/openwrt-ssd20x/18.06/staging_dir/target-arm-linux-gnueabihf_glibc/include  -Wall -Wempty-body -Wformat-security -Wignored-qualifiers -Wimplicit-fallthrough=5 -Winit-self -Wlogical-op -Wmissing-parameter-type -Wnested-externs -Wold-style-declaration -Wold-style-definition -Wsign-compare -Wtype-limits -Wwrite-strings  -Os -pipe -Wno-implicit-fallthrough -mfpu=neon -Wno-format-overflow -fno-caller-saves -fno-plt -mfloat-abi=hard  -D_FORTIFY_SOURCE=1 -Wl,-z,now -Wl,-z,relro  -MT strace-mknod.o -MD -MP -MF .deps/strace-mknod.Tpo -c -o strace-mknod.o `test -f 'mknod.c' || echo './'`mknod.c
mv -f .deps/strace-mknod.Tpo .deps/strace-mknod.Po
arm-linux-gnueabihf-gcc -DHAVE_CONFIG_H   -I./linux/arm -I./linux/arm -I./linux -I./linux -I. -I.    -I/media/gwind/windcode/openwrt-ssd20x/18.06/staging_dir/target-arm-linux-gnueabihf_glibc/usr/include -I/media/gwind/windcode/openwrt-ssd20x/18.06/staging_dir/target-arm-linux-gnueabihf_glibc/include  -Wall -Wempty-body -Wformat-security -Wignored-qualifiers -Wimplicit-fallthrough=5 -Winit-self -Wlogical-op -Wmissing-parameter-type -Wnested-externs -Wold-style-declaration -Wold-style-definition -Wsign-compare -Wtype-limits -Wwrite-strings  -Os -pipe -Wno-implicit-fallthrough -mfpu=neon -Wno-format-overflow -fno-caller-saves -fno-plt -mfloat-abi=hard  -D_FORTIFY_SOURCE=1 -Wl,-z,now -Wl,-z,relro  -MT strace-mmap_cache.o -MD -MP -MF .deps/strace-mmap_cache.Tpo -c -o strace-mmap_cache.o `test -f 'mmap_cache.c' || echo './'`mmap_cache.c
mv -f .deps/strace-mmap_cache.Tpo .deps/strace-mmap_cache.Po
arm-linux-gnueabihf-gcc -DHAVE_CONFIG_H   -I./linux/arm -I./linux/arm -I./linux -I./linux -I. -I.    -I/media/gwind/windcode/openwrt-ssd20x/18.06/staging_dir/target-arm-linux-gnueabihf_glibc/usr/include -I/media/gwind/windcode/openwrt-ssd20x/18.06/staging_dir/target-arm-linux-gnueabihf_glibc/include  -Wall -Wempty-body -Wformat-security -Wignored-qualifiers -Wimplicit-fallthrough=5 -Winit-self -Wlogical-op -Wmissing-parameter-type -Wnested-externs -Wold-style-declaration -Wold-style-definition -Wsign-compare -Wtype-limits -Wwrite-strings  -Os -pipe -Wno-implicit-fallthrough -mfpu=neon -Wno-format-overflow -fno-caller-saves -fno-plt -mfloat-abi=hard  -D_FORTIFY_SOURCE=1 -Wl,-z,now -Wl,-z,relro  -MT strace-mmsghdr.o -MD -MP -MF .deps/strace-mmsghdr.Tpo -c -o strace-mmsghdr.o `test -f 'mmsghdr.c' || echo './'`mmsghdr.c
mv -f .deps/strace-mmsghdr.Tpo .deps/strace-mmsghdr.Po
arm-linux-gnueabihf-gcc -DHAVE_CONFIG_H   -I./linux/arm -I./linux/arm -I./linux -I./linux -I. -I.    -I/media/gwind/windcode/openwrt-ssd20x/18.06/staging_dir/target-arm-linux-gnueabihf_glibc/usr/include -I/media/gwind/windcode/openwrt-ssd20x/18.06/staging_dir/target-arm-linux-gnueabihf_glibc/include  -Wall -Wempty-body -Wformat-security -Wignored-qualifiers -Wimplicit-fallthrough=5 -Winit-self -Wlogical-op -Wmissing-parameter-type -Wnested-externs -Wold-style-declaration -Wold-style-definition -Wsign-compare -Wtype-limits -Wwrite-strings  -Os -pipe -Wno-implicit-fallthrough -mfpu=neon -Wno-format-overflow -fno-caller-saves -fno-plt -mfloat-abi=hard  -D_FORTIFY_SOURCE=1 -Wl,-z,now -Wl,-z,relro  -MT strace-mount.o -MD -MP -MF .deps/strace-mount.Tpo -c -o strace-mount.o `test -f 'mount.c' || echo './'`mount.c
mv -f .deps/strace-mount.Tpo .deps/strace-mount.Po
arm-linux-gnueabihf-gcc -DHAVE_CONFIG_H   -I./linux/arm -I./linux/arm -I./linux -I./linux -I. -I.    -I/media/gwind/windcode/openwrt-ssd20x/18.06/staging_dir/target-arm-linux-gnueabihf_glibc/usr/include -I/media/gwind/windcode/openwrt-ssd20x/18.06/staging_dir/target-arm-linux-gnueabihf_glibc/include  -Wall -Wempty-body -Wformat-security -Wignored-qualifiers -Wimplicit-fallthrough=5 -Winit-self -Wlogical-op -Wmissing-parameter-type -Wnested-externs -Wold-style-declaration -Wold-style-definition -Wsign-compare -Wtype-limits -Wwrite-strings  -Os -pipe -Wno-implicit-fallthrough -mfpu=neon -Wno-format-overflow -fno-caller-saves -fno-plt -mfloat-abi=hard  -D_FORTIFY_SOURCE=1 -Wl,-z,now -Wl,-z,relro  -MT strace-mq.o -MD -MP -MF .deps/strace-mq.Tpo -c -o strace-mq.o `test -f 'mq.c' || echo './'`mq.c
mv -f .deps/strace-mq.Tpo .deps/strace-mq.Po
arm-linux-gnueabihf-gcc -DHAVE_CONFIG_H   -I./linux/arm -I./linux/arm -I./linux -I./linux -I. -I.    -I/media/gwind/windcode/openwrt-ssd20x/18.06/staging_dir/target-arm-linux-gnueabihf_glibc/usr/include -I/media/gwind/windcode/openwrt-ssd20x/18.06/staging_dir/target-arm-linux-gnueabihf_glibc/include  -Wall -Wempty-body -Wformat-security -Wignored-qualifiers -Wimplicit-fallthrough=5 -Winit-self -Wlogical-op -Wmissing-parameter-type -Wnested-externs -Wold-style-declaration -Wold-style-definition -Wsign-compare -Wtype-limits -Wwrite-strings  -Os -pipe -Wno-implicit-fallthrough -mfpu=neon -Wno-format-overflow -fno-caller-saves -fno-plt -mfloat-abi=hard  -D_FORTIFY_SOURCE=1 -Wl,-z,now -Wl,-z,relro  -MT strace-msghdr.o -MD -MP -MF .deps/strace-msghdr.Tpo -c -o strace-msghdr.o `test -f 'msghdr.c' || echo './'`msghdr.c
mv -f .deps/strace-msghdr.Tpo .deps/strace-msghdr.Po
arm-linux-gnueabihf-gcc -DHAVE_CONFIG_H   -I./linux/arm -I./linux/arm -I./linux -I./linux -I. -I.    -I/media/gwind/windcode/openwrt-ssd20x/18.06/staging_dir/target-arm-linux-gnueabihf_glibc/usr/include -I/media/gwind/windcode/openwrt-ssd20x/18.06/staging_dir/target-arm-linux-gnueabihf_glibc/include  -Wall -Wempty-body -Wformat-security -Wignored-qualifiers -Wimplicit-fallthrough=5 -Winit-self -Wlogical-op -Wmissing-parameter-type -Wnested-externs -Wold-style-declaration -Wold-style-definition -Wsign-compare -Wtype-limits -Wwrite-strings  -Os -pipe -Wno-implicit-fallthrough -mfpu=neon -Wno-format-overflow -fno-caller-saves -fno-plt -mfloat-abi=hard  -D_FORTIFY_SOURCE=1 -Wl,-z,now -Wl,-z,relro  -MT strace-mtd.o -MD -MP -MF .deps/strace-mtd.Tpo -c -o strace-mtd.o `test -f 'mtd.c' || echo './'`mtd.c
mv -f .deps/strace-mtd.Tpo .deps/strace-mtd.Po
arm-linux-gnueabihf-gcc -DHAVE_CONFIG_H   -I./linux/arm -I./linux/arm -I./linux -I./linux -I. -I.    -I/media/gwind/windcode/openwrt-ssd20x/18.06/staging_dir/target-arm-linux-gnueabihf_glibc/usr/include -I/media/gwind/windcode/openwrt-ssd20x/18.06/staging_dir/target-arm-linux-gnueabihf_glibc/include  -Wall -Wempty-body -Wformat-security -Wignored-qualifiers -Wimplicit-fallthrough=5 -Winit-self -Wlogical-op -Wmissing-parameter-type -Wnested-externs -Wold-style-declaration -Wold-style-definition -Wsign-compare -Wtype-limits -Wwrite-strings  -Os -pipe -Wno-implicit-fallthrough -mfpu=neon -Wno-format-overflow -fno-caller-saves -fno-plt -mfloat-abi=hard  -D_FORTIFY_SOURCE=1 -Wl,-z,now -Wl,-z,relro  -MT strace-net.o -MD -MP -MF .deps/strace-net.Tpo -c -o strace-net.o `test -f 'net.c' || echo './'`net.c
mv -f .deps/strace-net.Tpo .deps/strace-net.Po
arm-linux-gnueabihf-gcc -DHAVE_CONFIG_H   -I./linux/arm -I./linux/arm -I./linux -I./linux -I. -I.    -I/media/gwind/windcode/openwrt-ssd20x/18.06/staging_dir/target-arm-linux-gnueabihf_glibc/usr/include -I/media/gwind/windcode/openwrt-ssd20x/18.06/staging_dir/target-arm-linux-gnueabihf_glibc/include  -Wall -Wempty-body -Wformat-security -Wignored-qualifiers -Wimplicit-fallthrough=5 -Winit-self -Wlogical-op -Wmissing-parameter-type -Wnested-externs -Wold-style-declaration -Wold-style-definition -Wsign-compare -Wtype-limits -Wwrite-strings  -Os -pipe -Wno-implicit-fallthrough -mfpu=neon -Wno-format-overflow -fno-caller-saves -fno-plt -mfloat-abi=hard  -D_FORTIFY_SOURCE=1 -Wl,-z,now -Wl,-z,relro  -MT strace-netlink.o -MD -MP -MF .deps/strace-netlink.Tpo -c -o strace-netlink.o `test -f 'netlink.c' || echo './'`netlink.c
mv -f .deps/strace-netlink.Tpo .deps/strace-netlink.Po
arm-linux-gnueabihf-gcc -DHAVE_CONFIG_H   -I./linux/arm -I./linux/arm -I./linux -I./linux -I. -I.    -I/media/gwind/windcode/openwrt-ssd20x/18.06/staging_dir/target-arm-linux-gnueabihf_glibc/usr/include -I/media/gwind/windcode/openwrt-ssd20x/18.06/staging_dir/target-arm-linux-gnueabihf_glibc/include  -Wall -Wempty-body -Wformat-security -Wignored-qualifiers -Wimplicit-fallthrough=5 -Winit-self -Wlogical-op -Wmissing-parameter-type -Wnested-externs -Wold-style-declaration -Wold-style-definition -Wsign-compare -Wtype-limits -Wwrite-strings  -Os -pipe -Wno-implicit-fallthrough -mfpu=neon -Wno-format-overflow -fno-caller-saves -fno-plt -mfloat-abi=hard  -D_FORTIFY_SOURCE=1 -Wl,-z,now -Wl,-z,relro  -MT strace-netlink_crypto.o -MD -MP -MF .deps/strace-netlink_crypto.Tpo -c -o strace-netlink_crypto.o `test -f 'netlink_crypto.c' || echo './'`netlink_crypto.c
mv -f .deps/strace-netlink_crypto.Tpo .deps/strace-netlink_crypto.Po
arm-linux-gnueabihf-gcc -DHAVE_CONFIG_H   -I./linux/arm -I./linux/arm -I./linux -I./linux -I. -I.    -I/media/gwind/windcode/openwrt-ssd20x/18.06/staging_dir/target-arm-linux-gnueabihf_glibc/usr/include -I/media/gwind/windcode/openwrt-ssd20x/18.06/staging_dir/target-arm-linux-gnueabihf_glibc/include  -Wall -Wempty-body -Wformat-security -Wignored-qualifiers -Wimplicit-fallthrough=5 -Winit-self -Wlogical-op -Wmissing-parameter-type -Wnested-externs -Wold-style-declaration -Wold-style-definition -Wsign-compare -Wtype-limits -Wwrite-strings  -Os -pipe -Wno-implicit-fallthrough -mfpu=neon -Wno-format-overflow -fno-caller-saves -fno-plt -mfloat-abi=hard  -D_FORTIFY_SOURCE=1 -Wl,-z,now -Wl,-z,relro  -MT strace-netlink_inet_diag.o -MD -MP -MF .deps/strace-netlink_inet_diag.Tpo -c -o strace-netlink_inet_diag.o `test -f 'netlink_inet_diag.c' || echo './'`netlink_inet_diag.c
mv -f .deps/strace-netlink_inet_diag.Tpo .deps/strace-netlink_inet_diag.Po
arm-linux-gnueabihf-gcc -DHAVE_CONFIG_H   -I./linux/arm -I./linux/arm -I./linux -I./linux -I. -I.    -I/media/gwind/windcode/openwrt-ssd20x/18.06/staging_dir/target-arm-linux-gnueabihf_glibc/usr/include -I/media/gwind/windcode/openwrt-ssd20x/18.06/staging_dir/target-arm-linux-gnueabihf_glibc/include  -Wall -Wempty-body -Wformat-security -Wignored-qualifiers -Wimplicit-fallthrough=5 -Winit-self -Wlogical-op -Wmissing-parameter-type -Wnested-externs -Wold-style-declaration -Wold-style-definition -Wsign-compare -Wtype-limits -Wwrite-strings  -Os -pipe -Wno-implicit-fallthrough -mfpu=neon -Wno-format-overflow -fno-caller-saves -fno-plt -mfloat-abi=hard  -D_FORTIFY_SOURCE=1 -Wl,-z,now -Wl,-z,relro  -MT strace-netlink_netfilter.o -MD -MP -MF .deps/strace-netlink_netfilter.Tpo -c -o strace-netlink_netfilter.o `test -f 'netlink_netfilter.c' || echo './'`netlink_netfilter.c
mv -f .deps/strace-netlink_netfilter.Tpo .deps/strace-netlink_netfilter.Po
arm-linux-gnueabihf-gcc -DHAVE_CONFIG_H   -I./linux/arm -I./linux/arm -I./linux -I./linux -I. -I.    -I/media/gwind/windcode/openwrt-ssd20x/18.06/staging_dir/target-arm-linux-gnueabihf_glibc/usr/include -I/media/gwind/windcode/openwrt-ssd20x/18.06/staging_dir/target-arm-linux-gnueabihf_glibc/include  -Wall -Wempty-body -Wformat-security -Wignored-qualifiers -Wimplicit-fallthrough=5 -Winit-self -Wlogical-op -Wmissing-parameter-type -Wnested-externs -Wold-style-declaration -Wold-style-definition -Wsign-compare -Wtype-limits -Wwrite-strings  -Os -pipe -Wno-implicit-fallthrough -mfpu=neon -Wno-format-overflow -fno-caller-saves -fno-plt -mfloat-abi=hard  -D_FORTIFY_SOURCE=1 -Wl,-z,now -Wl,-z,relro  -MT strace-netlink_netlink_diag.o -MD -MP -MF .deps/strace-netlink_netlink_diag.Tpo -c -o strace-netlink_netlink_diag.o `test -f 'netlink_netlink_diag.c' || echo './'`netlink_netlink_diag.c
mv -f .deps/strace-netlink_netlink_diag.Tpo .deps/strace-netlink_netlink_diag.Po
arm-linux-gnueabihf-gcc -DHAVE_CONFIG_H   -I./linux/arm -I./linux/arm -I./linux -I./linux -I. -I.    -I/media/gwind/windcode/openwrt-ssd20x/18.06/staging_dir/target-arm-linux-gnueabihf_glibc/usr/include -I/media/gwind/windcode/openwrt-ssd20x/18.06/staging_dir/target-arm-linux-gnueabihf_glibc/include  -Wall -Wempty-body -Wformat-security -Wignored-qualifiers -Wimplicit-fallthrough=5 -Winit-self -Wlogical-op -Wmissing-parameter-type -Wnested-externs -Wold-style-declaration -Wold-style-definition -Wsign-compare -Wtype-limits -Wwrite-strings  -Os -pipe -Wno-implicit-fallthrough -mfpu=neon -Wno-format-overflow -fno-caller-saves -fno-plt -mfloat-abi=hard  -D_FORTIFY_SOURCE=1 -Wl,-z,now -Wl,-z,relro  -MT strace-netlink_packet_diag.o -MD -MP -MF .deps/strace-netlink_packet_diag.Tpo -c -o strace-netlink_packet_diag.o `test -f 'netlink_packet_diag.c' || echo './'`netlink_packet_diag.c
mv -f .deps/strace-netlink_packet_diag.Tpo .deps/strace-netlink_packet_diag.Po
arm-linux-gnueabihf-gcc -DHAVE_CONFIG_H   -I./linux/arm -I./linux/arm -I./linux -I./linux -I. -I.    -I/media/gwind/windcode/openwrt-ssd20x/18.06/staging_dir/target-arm-linux-gnueabihf_glibc/usr/include -I/media/gwind/windcode/openwrt-ssd20x/18.06/staging_dir/target-arm-linux-gnueabihf_glibc/include  -Wall -Wempty-body -Wformat-security -Wignored-qualifiers -Wimplicit-fallthrough=5 -Winit-self -Wlogical-op -Wmissing-parameter-type -Wnested-externs -Wold-style-declaration -Wold-style-definition -Wsign-compare -Wtype-limits -Wwrite-strings  -Os -pipe -Wno-implicit-fallthrough -mfpu=neon -Wno-format-overflow -fno-caller-saves -fno-plt -mfloat-abi=hard  -D_FORTIFY_SOURCE=1 -Wl,-z,now -Wl,-z,relro  -MT strace-netlink_route.o -MD -MP -MF .deps/strace-netlink_route.Tpo -c -o strace-netlink_route.o `test -f 'netlink_route.c' || echo './'`netlink_route.c
mv -f .deps/strace-netlink_route.Tpo .deps/strace-netlink_route.Po
arm-linux-gnueabihf-gcc -DHAVE_CONFIG_H   -I./linux/arm -I./linux/arm -I./linux -I./linux -I. -I.    -I/media/gwind/windcode/openwrt-ssd20x/18.06/staging_dir/target-arm-linux-gnueabihf_glibc/usr/include -I/media/gwind/windcode/openwrt-ssd20x/18.06/staging_dir/target-arm-linux-gnueabihf_glibc/include  -Wall -Wempty-body -Wformat-security -Wignored-qualifiers -Wimplicit-fallthrough=5 -Winit-self -Wlogical-op -Wmissing-parameter-type -Wnested-externs -Wold-style-declaration -Wold-style-definition -Wsign-compare -Wtype-limits -Wwrite-strings  -Os -pipe -Wno-implicit-fallthrough -mfpu=neon -Wno-format-overflow -fno-caller-saves -fno-plt -mfloat-abi=hard  -D_FORTIFY_SOURCE=1 -Wl,-z,now -Wl,-z,relro  -MT strace-netlink_selinux.o -MD -MP -MF .deps/strace-netlink_selinux.Tpo -c -o strace-netlink_selinux.o `test -f 'netlink_selinux.c' || echo './'`netlink_selinux.c
mv -f .deps/strace-netlink_selinux.Tpo .deps/strace-netlink_selinux.Po
arm-linux-gnueabihf-gcc -DHAVE_CONFIG_H   -I./linux/arm -I./linux/arm -I./linux -I./linux -I. -I.    -I/media/gwind/windcode/openwrt-ssd20x/18.06/staging_dir/target-arm-linux-gnueabihf_glibc/usr/include -I/media/gwind/windcode/openwrt-ssd20x/18.06/staging_dir/target-arm-linux-gnueabihf_glibc/include  -Wall -Wempty-body -Wformat-security -Wignored-qualifiers -Wimplicit-fallthrough=5 -Winit-self -Wlogical-op -Wmissing-parameter-type -Wnested-externs -Wold-style-declaration -Wold-style-definition -Wsign-compare -Wtype-limits -Wwrite-strings  -Os -pipe -Wno-implicit-fallthrough -mfpu=neon -Wno-format-overflow -fno-caller-saves -fno-plt -mfloat-abi=hard  -D_FORTIFY_SOURCE=1 -Wl,-z,now -Wl,-z,relro  -MT strace-netlink_smc_diag.o -MD -MP -MF .deps/strace-netlink_smc_diag.Tpo -c -o strace-netlink_smc_diag.o `test -f 'netlink_smc_diag.c' || echo './'`netlink_smc_diag.c
mv -f .deps/strace-netlink_smc_diag.Tpo .deps/strace-netlink_smc_diag.Po
arm-linux-gnueabihf-gcc -DHAVE_CONFIG_H   -I./linux/arm -I./linux/arm -I./linux -I./linux -I. -I.    -I/media/gwind/windcode/openwrt-ssd20x/18.06/staging_dir/target-arm-linux-gnueabihf_glibc/usr/include -I/media/gwind/windcode/openwrt-ssd20x/18.06/staging_dir/target-arm-linux-gnueabihf_glibc/include  -Wall -Wempty-body -Wformat-security -Wignored-qualifiers -Wimplicit-fallthrough=5 -Winit-self -Wlogical-op -Wmissing-parameter-type -Wnested-externs -Wold-style-declaration -Wold-style-definition -Wsign-compare -Wtype-limits -Wwrite-strings  -Os -pipe -Wno-implicit-fallthrough -mfpu=neon -Wno-format-overflow -fno-caller-saves -fno-plt -mfloat-abi=hard  -D_FORTIFY_SOURCE=1 -Wl,-z,now -Wl,-z,relro  -MT strace-netlink_sock_diag.o -MD -MP -MF .deps/strace-netlink_sock_diag.Tpo -c -o strace-netlink_sock_diag.o `test -f 'netlink_sock_diag.c' || echo './'`netlink_sock_diag.c
mv -f .deps/strace-netlink_sock_diag.Tpo .deps/strace-netlink_sock_diag.Po
arm-linux-gnueabihf-gcc -DHAVE_CONFIG_H   -I./linux/arm -I./linux/arm -I./linux -I./linux -I. -I.    -I/media/gwind/windcode/openwrt-ssd20x/18.06/staging_dir/target-arm-linux-gnueabihf_glibc/usr/include -I/media/gwind/windcode/openwrt-ssd20x/18.06/staging_dir/target-arm-linux-gnueabihf_glibc/include  -Wall -Wempty-body -Wformat-security -Wignored-qualifiers -Wimplicit-fallthrough=5 -Winit-self -Wlogical-op -Wmissing-parameter-type -Wnested-externs -Wold-style-declaration -Wold-style-definition -Wsign-compare -Wtype-limits -Wwrite-strings  -Os -pipe -Wno-implicit-fallthrough -mfpu=neon -Wno-format-overflow -fno-caller-saves -fno-plt -mfloat-abi=hard  -D_FORTIFY_SOURCE=1 -Wl,-z,now -Wl,-z,relro  -MT strace-netlink_unix_diag.o -MD -MP -MF .deps/strace-netlink_unix_diag.Tpo -c -o strace-netlink_unix_diag.o `test -f 'netlink_unix_diag.c' || echo './'`netlink_unix_diag.c
mv -f .deps/strace-netlink_unix_diag.Tpo .deps/strace-netlink_unix_diag.Po
arm-linux-gnueabihf-gcc -DHAVE_CONFIG_H   -I./linux/arm -I./linux/arm -I./linux -I./linux -I. -I.    -I/media/gwind/windcode/openwrt-ssd20x/18.06/staging_dir/target-arm-linux-gnueabihf_glibc/usr/include -I/media/gwind/windcode/openwrt-ssd20x/18.06/staging_dir/target-arm-linux-gnueabihf_glibc/include  -Wall -Wempty-body -Wformat-security -Wignored-qualifiers -Wimplicit-fallthrough=5 -Winit-self -Wlogical-op -Wmissing-parameter-type -Wnested-externs -Wold-style-declaration -Wold-style-definition -Wsign-compare -Wtype-limits -Wwrite-strings  -Os -pipe -Wno-implicit-fallthrough -mfpu=neon -Wno-format-overflow -fno-caller-saves -fno-plt -mfloat-abi=hard  -D_FORTIFY_SOURCE=1 -Wl,-z,now -Wl,-z,relro  -MT strace-nlattr.o -MD -MP -MF .deps/strace-nlattr.Tpo -c -o strace-nlattr.o `test -f 'nlattr.c' || echo './'`nlattr.c
mv -f .deps/strace-nlattr.Tpo .deps/strace-nlattr.Po
arm-linux-gnueabihf-gcc -DHAVE_CONFIG_H   -I./linux/arm -I./linux/arm -I./linux -I./linux -I. -I.    -I/media/gwind/windcode/openwrt-ssd20x/18.06/staging_dir/target-arm-linux-gnueabihf_glibc/usr/include -I/media/gwind/windcode/openwrt-ssd20x/18.06/staging_dir/target-arm-linux-gnueabihf_glibc/include  -Wall -Wempty-body -Wformat-security -Wignored-qualifiers -Wimplicit-fallthrough=5 -Winit-self -Wlogical-op -Wmissing-parameter-type -Wnested-externs -Wold-style-declaration -Wold-style-definition -Wsign-compare -Wtype-limits -Wwrite-strings  -Os -pipe -Wno-implicit-fallthrough -mfpu=neon -Wno-format-overflow -fno-caller-saves -fno-plt -mfloat-abi=hard  -D_FORTIFY_SOURCE=1 -Wl,-z,now -Wl,-z,relro  -MT strace-nsfs.o -MD -MP -MF .deps/strace-nsfs.Tpo -c -o strace-nsfs.o `test -f 'nsfs.c' || echo './'`nsfs.c
mv -f .deps/strace-nsfs.Tpo .deps/strace-nsfs.Po
arm-linux-gnueabihf-gcc -DHAVE_CONFIG_H   -I./linux/arm -I./linux/arm -I./linux -I./linux -I. -I.    -I/media/gwind/windcode/openwrt-ssd20x/18.06/staging_dir/target-arm-linux-gnueabihf_glibc/usr/include -I/media/gwind/windcode/openwrt-ssd20x/18.06/staging_dir/target-arm-linux-gnueabihf_glibc/include  -Wall -Wempty-body -Wformat-security -Wignored-qualifiers -Wimplicit-fallthrough=5 -Winit-self -Wlogical-op -Wmissing-parameter-type -Wnested-externs -Wold-style-declaration -Wold-style-definition -Wsign-compare -Wtype-limits -Wwrite-strings  -Os -pipe -Wno-implicit-fallthrough -mfpu=neon -Wno-format-overflow -fno-caller-saves -fno-plt -mfloat-abi=hard  -D_FORTIFY_SOURCE=1 -Wl,-z,now -Wl,-z,relro  -MT strace-numa.o -MD -MP -MF .deps/strace-numa.Tpo -c -o strace-numa.o `test -f 'numa.c' || echo './'`numa.c
mv -f .deps/strace-numa.Tpo .deps/strace-numa.Po
arm-linux-gnueabihf-gcc -DHAVE_CONFIG_H   -I./linux/arm -I./linux/arm -I./linux -I./linux -I. -I.    -I/media/gwind/windcode/openwrt-ssd20x/18.06/staging_dir/target-arm-linux-gnueabihf_glibc/usr/include -I/media/gwind/windcode/openwrt-ssd20x/18.06/staging_dir/target-arm-linux-gnueabihf_glibc/include  -Wall -Wempty-body -Wformat-security -Wignored-qualifiers -Wimplicit-fallthrough=5 -Winit-self -Wlogical-op -Wmissing-parameter-type -Wnested-externs -Wold-style-declaration -Wold-style-definition -Wsign-compare -Wtype-limits -Wwrite-strings  -Os -pipe -Wno-implicit-fallthrough -mfpu=neon -Wno-format-overflow -fno-caller-saves -fno-plt -mfloat-abi=hard  -D_FORTIFY_SOURCE=1 -Wl,-z,now -Wl,-z,relro  -MT strace-number_set.o -MD -MP -MF .deps/strace-number_set.Tpo -c -o strace-number_set.o `test -f 'number_set.c' || echo './'`number_set.c
mv -f .deps/strace-number_set.Tpo .deps/strace-number_set.Po
arm-linux-gnueabihf-gcc -DHAVE_CONFIG_H   -I./linux/arm -I./linux/arm -I./linux -I./linux -I. -I.    -I/media/gwind/windcode/openwrt-ssd20x/18.06/staging_dir/target-arm-linux-gnueabihf_glibc/usr/include -I/media/gwind/windcode/openwrt-ssd20x/18.06/staging_dir/target-arm-linux-gnueabihf_glibc/include  -Wall -Wempty-body -Wformat-security -Wignored-qualifiers -Wimplicit-fallthrough=5 -Winit-self -Wlogical-op -Wmissing-parameter-type -Wnested-externs -Wold-style-declaration -Wold-style-definition -Wsign-compare -Wtype-limits -Wwrite-strings  -Os -pipe -Wno-implicit-fallthrough -mfpu=neon -Wno-format-overflow -fno-caller-saves -fno-plt -mfloat-abi=hard  -D_FORTIFY_SOURCE=1 -Wl,-z,now -Wl,-z,relro  -MT strace-oldstat.o -MD -MP -MF .deps/strace-oldstat.Tpo -c -o strace-oldstat.o `test -f 'oldstat.c' || echo './'`oldstat.c
mv -f .deps/strace-oldstat.Tpo .deps/strace-oldstat.Po
arm-linux-gnueabihf-gcc -DHAVE_CONFIG_H   -I./linux/arm -I./linux/arm -I./linux -I./linux -I. -I.    -I/media/gwind/windcode/openwrt-ssd20x/18.06/staging_dir/target-arm-linux-gnueabihf_glibc/usr/include -I/media/gwind/windcode/openwrt-ssd20x/18.06/staging_dir/target-arm-linux-gnueabihf_glibc/include  -Wall -Wempty-body -Wformat-security -Wignored-qualifiers -Wimplicit-fallthrough=5 -Winit-self -Wlogical-op -Wmissing-parameter-type -Wnested-externs -Wold-style-declaration -Wold-style-definition -Wsign-compare -Wtype-limits -Wwrite-strings  -Os -pipe -Wno-implicit-fallthrough -mfpu=neon -Wno-format-overflow -fno-caller-saves -fno-plt -mfloat-abi=hard  -D_FORTIFY_SOURCE=1 -Wl,-z,now -Wl,-z,relro  -MT strace-open.o -MD -MP -MF .deps/strace-open.Tpo -c -o strace-open.o `test -f 'open.c' || echo './'`open.c
mv -f .deps/strace-open.Tpo .deps/strace-open.Po
arm-linux-gnueabihf-gcc -DHAVE_CONFIG_H   -I./linux/arm -I./linux/arm -I./linux -I./linux -I. -I.    -I/media/gwind/windcode/openwrt-ssd20x/18.06/staging_dir/target-arm-linux-gnueabihf_glibc/usr/include -I/media/gwind/windcode/openwrt-ssd20x/18.06/staging_dir/target-arm-linux-gnueabihf_glibc/include  -Wall -Wempty-body -Wformat-security -Wignored-qualifiers -Wimplicit-fallthrough=5 -Winit-self -Wlogical-op -Wmissing-parameter-type -Wnested-externs -Wold-style-declaration -Wold-style-definition -Wsign-compare -Wtype-limits -Wwrite-strings  -Os -pipe -Wno-implicit-fallthrough -mfpu=neon -Wno-format-overflow -fno-caller-saves -fno-plt -mfloat-abi=hard  -D_FORTIFY_SOURCE=1 -Wl,-z,now -Wl,-z,relro  -MT strace-or1k_atomic.o -MD -MP -MF .deps/strace-or1k_atomic.Tpo -c -o strace-or1k_atomic.o `test -f 'or1k_atomic.c' || echo './'`or1k_atomic.c
mv -f .deps/strace-or1k_atomic.Tpo .deps/strace-or1k_atomic.Po
arm-linux-gnueabihf-gcc -DHAVE_CONFIG_H   -I./linux/arm -I./linux/arm -I./linux -I./linux -I. -I.    -I/media/gwind/windcode/openwrt-ssd20x/18.06/staging_dir/target-arm-linux-gnueabihf_glibc/usr/include -I/media/gwind/windcode/openwrt-ssd20x/18.06/staging_dir/target-arm-linux-gnueabihf_glibc/include  -Wall -Wempty-body -Wformat-security -Wignored-qualifiers -Wimplicit-fallthrough=5 -Winit-self -Wlogical-op -Wmissing-parameter-type -Wnested-externs -Wold-style-declaration -Wold-style-definition -Wsign-compare -Wtype-limits -Wwrite-strings  -Os -pipe -Wno-implicit-fallthrough -mfpu=neon -Wno-format-overflow -fno-caller-saves -fno-plt -mfloat-abi=hard  -D_FORTIFY_SOURCE=1 -Wl,-z,now -Wl,-z,relro  -MT strace-pathtrace.o -MD -MP -MF .deps/strace-pathtrace.Tpo -c -o strace-pathtrace.o `test -f 'pathtrace.c' || echo './'`pathtrace.c
mv -f .deps/strace-pathtrace.Tpo .deps/strace-pathtrace.Po
arm-linux-gnueabihf-gcc -DHAVE_CONFIG_H   -I./linux/arm -I./linux/arm -I./linux -I./linux -I. -I.    -I/media/gwind/windcode/openwrt-ssd20x/18.06/staging_dir/target-arm-linux-gnueabihf_glibc/usr/include -I/media/gwind/windcode/openwrt-ssd20x/18.06/staging_dir/target-arm-linux-gnueabihf_glibc/include  -Wall -Wempty-body -Wformat-security -Wignored-qualifiers -Wimplicit-fallthrough=5 -Winit-self -Wlogical-op -Wmissing-parameter-type -Wnested-externs -Wold-style-declaration -Wold-style-definition -Wsign-compare -Wtype-limits -Wwrite-strings  -Os -pipe -Wno-implicit-fallthrough -mfpu=neon -Wno-format-overflow -fno-caller-saves -fno-plt -mfloat-abi=hard  -D_FORTIFY_SOURCE=1 -Wl,-z,now -Wl,-z,relro  -MT strace-perf.o -MD -MP -MF .deps/strace-perf.Tpo -c -o strace-perf.o `test -f 'perf.c' || echo './'`perf.c
mv -f .deps/strace-perf.Tpo .deps/strace-perf.Po
arm-linux-gnueabihf-gcc -DHAVE_CONFIG_H   -I./linux/arm -I./linux/arm -I./linux -I./linux -I. -I.    -I/media/gwind/windcode/openwrt-ssd20x/18.06/staging_dir/target-arm-linux-gnueabihf_glibc/usr/include -I/media/gwind/windcode/openwrt-ssd20x/18.06/staging_dir/target-arm-linux-gnueabihf_glibc/include  -Wall -Wempty-body -Wformat-security -Wignored-qualifiers -Wimplicit-fallthrough=5 -Winit-self -Wlogical-op -Wmissing-parameter-type -Wnested-externs -Wold-style-declaration -Wold-style-definition -Wsign-compare -Wtype-limits -Wwrite-strings  -Os -pipe -Wno-implicit-fallthrough -mfpu=neon -Wno-format-overflow -fno-caller-saves -fno-plt -mfloat-abi=hard  -D_FORTIFY_SOURCE=1 -Wl,-z,now -Wl,-z,relro  -MT strace-personality.o -MD -MP -MF .deps/strace-personality.Tpo -c -o strace-personality.o `test -f 'personality.c' || echo './'`personality.c
mv -f .deps/strace-personality.Tpo .deps/strace-personality.Po
arm-linux-gnueabihf-gcc -DHAVE_CONFIG_H   -I./linux/arm -I./linux/arm -I./linux -I./linux -I. -I.    -I/media/gwind/windcode/openwrt-ssd20x/18.06/staging_dir/target-arm-linux-gnueabihf_glibc/usr/include -I/media/gwind/windcode/openwrt-ssd20x/18.06/staging_dir/target-arm-linux-gnueabihf_glibc/include  -Wall -Wempty-body -Wformat-security -Wignored-qualifiers -Wimplicit-fallthrough=5 -Winit-self -Wlogical-op -Wmissing-parameter-type -Wnested-externs -Wold-style-declaration -Wold-style-definition -Wsign-compare -Wtype-limits -Wwrite-strings  -Os -pipe -Wno-implicit-fallthrough -mfpu=neon -Wno-format-overflow -fno-caller-saves -fno-plt -mfloat-abi=hard  -D_FORTIFY_SOURCE=1 -Wl,-z,now -Wl,-z,relro  -MT strace-pkeys.o -MD -MP -MF .deps/strace-pkeys.Tpo -c -o strace-pkeys.o `test -f 'pkeys.c' || echo './'`pkeys.c
mv -f .deps/strace-pkeys.Tpo .deps/strace-pkeys.Po
arm-linux-gnueabihf-gcc -DHAVE_CONFIG_H   -I./linux/arm -I./linux/arm -I./linux -I./linux -I. -I.    -I/media/gwind/windcode/openwrt-ssd20x/18.06/staging_dir/target-arm-linux-gnueabihf_glibc/usr/include -I/media/gwind/windcode/openwrt-ssd20x/18.06/staging_dir/target-arm-linux-gnueabihf_glibc/include  -Wall -Wempty-body -Wformat-security -Wignored-qualifiers -Wimplicit-fallthrough=5 -Winit-self -Wlogical-op -Wmissing-parameter-type -Wnested-externs -Wold-style-declaration -Wold-style-definition -Wsign-compare -Wtype-limits -Wwrite-strings  -Os -pipe -Wno-implicit-fallthrough -mfpu=neon -Wno-format-overflow -fno-caller-saves -fno-plt -mfloat-abi=hard  -D_FORTIFY_SOURCE=1 -Wl,-z,now -Wl,-z,relro  -MT strace-poll.o -MD -MP -MF .deps/strace-poll.Tpo -c -o strace-poll.o `test -f 'poll.c' || echo './'`poll.c
mv -f .deps/strace-poll.Tpo .deps/strace-poll.Po
arm-linux-gnueabihf-gcc -DHAVE_CONFIG_H   -I./linux/arm -I./linux/arm -I./linux -I./linux -I. -I.    -I/media/gwind/windcode/openwrt-ssd20x/18.06/staging_dir/target-arm-linux-gnueabihf_glibc/usr/include -I/media/gwind/windcode/openwrt-ssd20x/18.06/staging_dir/target-arm-linux-gnueabihf_glibc/include  -Wall -Wempty-body -Wformat-security -Wignored-qualifiers -Wimplicit-fallthrough=5 -Winit-self -Wlogical-op -Wmissing-parameter-type -Wnested-externs -Wold-style-declaration -Wold-style-definition -Wsign-compare -Wtype-limits -Wwrite-strings  -Os -pipe -Wno-implicit-fallthrough -mfpu=neon -Wno-format-overflow -fno-caller-saves -fno-plt -mfloat-abi=hard  -D_FORTIFY_SOURCE=1 -Wl,-z,now -Wl,-z,relro  -MT strace-prctl.o -MD -MP -MF .deps/strace-prctl.Tpo -c -o strace-prctl.o `test -f 'prctl.c' || echo './'`prctl.c
mv -f .deps/strace-prctl.Tpo .deps/strace-prctl.Po
arm-linux-gnueabihf-gcc -DHAVE_CONFIG_H   -I./linux/arm -I./linux/arm -I./linux -I./linux -I. -I.    -I/media/gwind/windcode/openwrt-ssd20x/18.06/staging_dir/target-arm-linux-gnueabihf_glibc/usr/include -I/media/gwind/windcode/openwrt-ssd20x/18.06/staging_dir/target-arm-linux-gnueabihf_glibc/include  -Wall -Wempty-body -Wformat-security -Wignored-qualifiers -Wimplicit-fallthrough=5 -Winit-self -Wlogical-op -Wmissing-parameter-type -Wnested-externs -Wold-style-declaration -Wold-style-definition -Wsign-compare -Wtype-limits -Wwrite-strings  -Os -pipe -Wno-implicit-fallthrough -mfpu=neon -Wno-format-overflow -fno-caller-saves -fno-plt -mfloat-abi=hard  -D_FORTIFY_SOURCE=1 -Wl,-z,now -Wl,-z,relro  -MT strace-print_dev_t.o -MD -MP -MF .deps/strace-print_dev_t.Tpo -c -o strace-print_dev_t.o `test -f 'print_dev_t.c' || echo './'`print_dev_t.c
mv -f .deps/strace-print_dev_t.Tpo .deps/strace-print_dev_t.Po
arm-linux-gnueabihf-gcc -DHAVE_CONFIG_H   -I./linux/arm -I./linux/arm -I./linux -I./linux -I. -I.    -I/media/gwind/windcode/openwrt-ssd20x/18.06/staging_dir/target-arm-linux-gnueabihf_glibc/usr/include -I/media/gwind/windcode/openwrt-ssd20x/18.06/staging_dir/target-arm-linux-gnueabihf_glibc/include  -Wall -Wempty-body -Wformat-security -Wignored-qualifiers -Wimplicit-fallthrough=5 -Winit-self -Wlogical-op -Wmissing-parameter-type -Wnested-externs -Wold-style-declaration -Wold-style-definition -Wsign-compare -Wtype-limits -Wwrite-strings  -Os -pipe -Wno-implicit-fallthrough -mfpu=neon -Wno-format-overflow -fno-caller-saves -fno-plt -mfloat-abi=hard  -D_FORTIFY_SOURCE=1 -Wl,-z,now -Wl,-z,relro  -MT strace-print_group_req.o -MD -MP -MF .deps/strace-print_group_req.Tpo -c -o strace-print_group_req.o `test -f 'print_group_req.c' || echo './'`print_group_req.c
mv -f .deps/strace-print_group_req.Tpo .deps/strace-print_group_req.Po
arm-linux-gnueabihf-gcc -DHAVE_CONFIG_H   -I./linux/arm -I./linux/arm -I./linux -I./linux -I. -I.    -I/media/gwind/windcode/openwrt-ssd20x/18.06/staging_dir/target-arm-linux-gnueabihf_glibc/usr/include -I/media/gwind/windcode/openwrt-ssd20x/18.06/staging_dir/target-arm-linux-gnueabihf_glibc/include  -Wall -Wempty-body -Wformat-security -Wignored-qualifiers -Wimplicit-fallthrough=5 -Winit-self -Wlogical-op -Wmissing-parameter-type -Wnested-externs -Wold-style-declaration -Wold-style-definition -Wsign-compare -Wtype-limits -Wwrite-strings  -Os -pipe -Wno-implicit-fallthrough -mfpu=neon -Wno-format-overflow -fno-caller-saves -fno-plt -mfloat-abi=hard  -D_FORTIFY_SOURCE=1 -Wl,-z,now -Wl,-z,relro  -MT strace-print_ifindex.o -MD -MP -MF .deps/strace-print_ifindex.Tpo -c -o strace-print_ifindex.o `test -f 'print_ifindex.c' || echo './'`print_ifindex.c
mv -f .deps/strace-print_ifindex.Tpo .deps/strace-print_ifindex.Po
arm-linux-gnueabihf-gcc -DHAVE_CONFIG_H   -I./linux/arm -I./linux/arm -I./linux -I./linux -I. -I.    -I/media/gwind/windcode/openwrt-ssd20x/18.06/staging_dir/target-arm-linux-gnueabihf_glibc/usr/include -I/media/gwind/windcode/openwrt-ssd20x/18.06/staging_dir/target-arm-linux-gnueabihf_glibc/include  -Wall -Wempty-body -Wformat-security -Wignored-qualifiers -Wimplicit-fallthrough=5 -Winit-self -Wlogical-op -Wmissing-parameter-type -Wnested-externs -Wold-style-declaration -Wold-style-definition -Wsign-compare -Wtype-limits -Wwrite-strings  -Os -pipe -Wno-implicit-fallthrough -mfpu=neon -Wno-format-overflow -fno-caller-saves -fno-plt -mfloat-abi=hard  -D_FORTIFY_SOURCE=1 -Wl,-z,now -Wl,-z,relro  -MT strace-print_mq_attr.o -MD -MP -MF .deps/strace-print_mq_attr.Tpo -c -o strace-print_mq_attr.o `test -f 'print_mq_attr.c' || echo './'`print_mq_attr.c
mv -f .deps/strace-print_mq_attr.Tpo .deps/strace-print_mq_attr.Po
arm-linux-gnueabihf-gcc -DHAVE_CONFIG_H   -I./linux/arm -I./linux/arm -I./linux -I./linux -I. -I.    -I/media/gwind/windcode/openwrt-ssd20x/18.06/staging_dir/target-arm-linux-gnueabihf_glibc/usr/include -I/media/gwind/windcode/openwrt-ssd20x/18.06/staging_dir/target-arm-linux-gnueabihf_glibc/include  -Wall -Wempty-body -Wformat-security -Wignored-qualifiers -Wimplicit-fallthrough=5 -Winit-self -Wlogical-op -Wmissing-parameter-type -Wnested-externs -Wold-style-declaration -Wold-style-definition -Wsign-compare -Wtype-limits -Wwrite-strings  -Os -pipe -Wno-implicit-fallthrough -mfpu=neon -Wno-format-overflow -fno-caller-saves -fno-plt -mfloat-abi=hard  -D_FORTIFY_SOURCE=1 -Wl,-z,now -Wl,-z,relro  -MT strace-print_msgbuf.o -MD -MP -MF .deps/strace-print_msgbuf.Tpo -c -o strace-print_msgbuf.o `test -f 'print_msgbuf.c' || echo './'`print_msgbuf.c
mv -f .deps/strace-print_msgbuf.Tpo .deps/strace-print_msgbuf.Po
arm-linux-gnueabihf-gcc -DHAVE_CONFIG_H   -I./linux/arm -I./linux/arm -I./linux -I./linux -I. -I.    -I/media/gwind/windcode/openwrt-ssd20x/18.06/staging_dir/target-arm-linux-gnueabihf_glibc/usr/include -I/media/gwind/windcode/openwrt-ssd20x/18.06/staging_dir/target-arm-linux-gnueabihf_glibc/include  -Wall -Wempty-body -Wformat-security -Wignored-qualifiers -Wimplicit-fallthrough=5 -Winit-self -Wlogical-op -Wmissing-parameter-type -Wnested-externs -Wold-style-declaration -Wold-style-definition -Wsign-compare -Wtype-limits -Wwrite-strings  -Os -pipe -Wno-implicit-fallthrough -mfpu=neon -Wno-format-overflow -fno-caller-saves -fno-plt -mfloat-abi=hard  -D_FORTIFY_SOURCE=1 -Wl,-z,now -Wl,-z,relro  -MT strace-print_sg_req_info.o -MD -MP -MF .deps/strace-print_sg_req_info.Tpo -c -o strace-print_sg_req_info.o `test -f 'print_sg_req_info.c' || echo './'`print_sg_req_info.c
mv -f .deps/strace-print_sg_req_info.Tpo .deps/strace-print_sg_req_info.Po
arm-linux-gnueabihf-gcc -DHAVE_CONFIG_H   -I./linux/arm -I./linux/arm -I./linux -I./linux -I. -I.    -I/media/gwind/windcode/openwrt-ssd20x/18.06/staging_dir/target-arm-linux-gnueabihf_glibc/usr/include -I/media/gwind/windcode/openwrt-ssd20x/18.06/staging_dir/target-arm-linux-gnueabihf_glibc/include  -Wall -Wempty-body -Wformat-security -Wignored-qualifiers -Wimplicit-fallthrough=5 -Winit-self -Wlogical-op -Wmissing-parameter-type -Wnested-externs -Wold-style-declaration -Wold-style-definition -Wsign-compare -Wtype-limits -Wwrite-strings  -Os -pipe -Wno-implicit-fallthrough -mfpu=neon -Wno-format-overflow -fno-caller-saves -fno-plt -mfloat-abi=hard  -D_FORTIFY_SOURCE=1 -Wl,-z,now -Wl,-z,relro  -MT strace-print_sigevent.o -MD -MP -MF .deps/strace-print_sigevent.Tpo -c -o strace-print_sigevent.o `test -f 'print_sigevent.c' || echo './'`print_sigevent.c
mv -f .deps/strace-print_sigevent.Tpo .deps/strace-print_sigevent.Po
arm-linux-gnueabihf-gcc -DHAVE_CONFIG_H   -I./linux/arm -I./linux/arm -I./linux -I./linux -I. -I.    -I/media/gwind/windcode/openwrt-ssd20x/18.06/staging_dir/target-arm-linux-gnueabihf_glibc/usr/include -I/media/gwind/windcode/openwrt-ssd20x/18.06/staging_dir/target-arm-linux-gnueabihf_glibc/include  -Wall -Wempty-body -Wformat-security -Wignored-qualifiers -Wimplicit-fallthrough=5 -Winit-self -Wlogical-op -Wmissing-parameter-type -Wnested-externs -Wold-style-declaration -Wold-style-definition -Wsign-compare -Wtype-limits -Wwrite-strings  -Os -pipe -Wno-implicit-fallthrough -mfpu=neon -Wno-format-overflow -fno-caller-saves -fno-plt -mfloat-abi=hard  -D_FORTIFY_SOURCE=1 -Wl,-z,now -Wl,-z,relro  -MT strace-print_statfs.o -MD -MP -MF .deps/strace-print_statfs.Tpo -c -o strace-print_statfs.o `test -f 'print_statfs.c' || echo './'`print_statfs.c
mv -f .deps/strace-print_statfs.Tpo .deps/strace-print_statfs.Po
arm-linux-gnueabihf-gcc -DHAVE_CONFIG_H   -I./linux/arm -I./linux/arm -I./linux -I./linux -I. -I.    -I/media/gwind/windcode/openwrt-ssd20x/18.06/staging_dir/target-arm-linux-gnueabihf_glibc/usr/include -I/media/gwind/windcode/openwrt-ssd20x/18.06/staging_dir/target-arm-linux-gnueabihf_glibc/include  -Wall -Wempty-body -Wformat-security -Wignored-qualifiers -Wimplicit-fallthrough=5 -Winit-self -Wlogical-op -Wmissing-parameter-type -Wnested-externs -Wold-style-declaration -Wold-style-definition -Wsign-compare -Wtype-limits -Wwrite-strings  -Os -pipe -Wno-implicit-fallthrough -mfpu=neon -Wno-format-overflow -fno-caller-saves -fno-plt -mfloat-abi=hard  -D_FORTIFY_SOURCE=1 -Wl,-z,now -Wl,-z,relro  -MT strace-print_struct_stat.o -MD -MP -MF .deps/strace-print_struct_stat.Tpo -c -o strace-print_struct_stat.o `test -f 'print_struct_stat.c' || echo './'`print_struct_stat.c
mv -f .deps/strace-print_struct_stat.Tpo .deps/strace-print_struct_stat.Po
arm-linux-gnueabihf-gcc -DHAVE_CONFIG_H   -I./linux/arm -I./linux/arm -I./linux -I./linux -I. -I.    -I/media/gwind/windcode/openwrt-ssd20x/18.06/staging_dir/target-arm-linux-gnueabihf_glibc/usr/include -I/media/gwind/windcode/openwrt-ssd20x/18.06/staging_dir/target-arm-linux-gnueabihf_glibc/include  -Wall -Wempty-body -Wformat-security -Wignored-qualifiers -Wimplicit-fallthrough=5 -Winit-self -Wlogical-op -Wmissing-parameter-type -Wnested-externs -Wold-style-declaration -Wold-style-definition -Wsign-compare -Wtype-limits -Wwrite-strings  -Os -pipe -Wno-implicit-fallthrough -mfpu=neon -Wno-format-overflow -fno-caller-saves -fno-plt -mfloat-abi=hard  -D_FORTIFY_SOURCE=1 -Wl,-z,now -Wl,-z,relro  -MT strace-print_time.o -MD -MP -MF .deps/strace-print_time.Tpo -c -o strace-print_time.o `test -f 'print_time.c' || echo './'`print_time.c
mv -f .deps/strace-print_time.Tpo .deps/strace-print_time.Po
arm-linux-gnueabihf-gcc -DHAVE_CONFIG_H   -I./linux/arm -I./linux/arm -I./linux -I./linux -I. -I.    -I/media/gwind/windcode/openwrt-ssd20x/18.06/staging_dir/target-arm-linux-gnueabihf_glibc/usr/include -I/media/gwind/windcode/openwrt-ssd20x/18.06/staging_dir/target-arm-linux-gnueabihf_glibc/include  -Wall -Wempty-body -Wformat-security -Wignored-qualifiers -Wimplicit-fallthrough=5 -Winit-self -Wlogical-op -Wmissing-parameter-type -Wnested-externs -Wold-style-declaration -Wold-style-definition -Wsign-compare -Wtype-limits -Wwrite-strings  -Os -pipe -Wno-implicit-fallthrough -mfpu=neon -Wno-format-overflow -fno-caller-saves -fno-plt -mfloat-abi=hard  -D_FORTIFY_SOURCE=1 -Wl,-z,now -Wl,-z,relro  -MT strace-print_timespec.o -MD -MP -MF .deps/strace-print_timespec.Tpo -c -o strace-print_timespec.o `test -f 'print_timespec.c' || echo './'`print_timespec.c
mv -f .deps/strace-print_timespec.Tpo .deps/strace-print_timespec.Po
arm-linux-gnueabihf-gcc -DHAVE_CONFIG_H   -I./linux/arm -I./linux/arm -I./linux -I./linux -I. -I.    -I/media/gwind/windcode/openwrt-ssd20x/18.06/staging_dir/target-arm-linux-gnueabihf_glibc/usr/include -I/media/gwind/windcode/openwrt-ssd20x/18.06/staging_dir/target-arm-linux-gnueabihf_glibc/include  -Wall -Wempty-body -Wformat-security -Wignored-qualifiers -Wimplicit-fallthrough=5 -Winit-self -Wlogical-op -Wmissing-parameter-type -Wnested-externs -Wold-style-declaration -Wold-style-definition -Wsign-compare -Wtype-limits -Wwrite-strings  -Os -pipe -Wno-implicit-fallthrough -mfpu=neon -Wno-format-overflow -fno-caller-saves -fno-plt -mfloat-abi=hard  -D_FORTIFY_SOURCE=1 -Wl,-z,now -Wl,-z,relro  -MT strace-print_timeval.o -MD -MP -MF .deps/strace-print_timeval.Tpo -c -o strace-print_timeval.o `test -f 'print_timeval.c' || echo './'`print_timeval.c
mv -f .deps/strace-print_timeval.Tpo .deps/strace-print_timeval.Po
arm-linux-gnueabihf-gcc -DHAVE_CONFIG_H   -I./linux/arm -I./linux/arm -I./linux -I./linux -I. -I.    -I/media/gwind/windcode/openwrt-ssd20x/18.06/staging_dir/target-arm-linux-gnueabihf_glibc/usr/include -I/media/gwind/windcode/openwrt-ssd20x/18.06/staging_dir/target-arm-linux-gnueabihf_glibc/include  -Wall -Wempty-body -Wformat-security -Wignored-qualifiers -Wimplicit-fallthrough=5 -Winit-self -Wlogical-op -Wmissing-parameter-type -Wnested-externs -Wold-style-declaration -Wold-style-definition -Wsign-compare -Wtype-limits -Wwrite-strings  -Os -pipe -Wno-implicit-fallthrough -mfpu=neon -Wno-format-overflow -fno-caller-saves -fno-plt -mfloat-abi=hard  -D_FORTIFY_SOURCE=1 -Wl,-z,now -Wl,-z,relro  -MT strace-print_timex.o -MD -MP -MF .deps/strace-print_timex.Tpo -c -o strace-print_timex.o `test -f 'print_timex.c' || echo './'`print_timex.c
mv -f .deps/strace-print_timex.Tpo .deps/strace-print_timex.Po
arm-linux-gnueabihf-gcc -DHAVE_CONFIG_H   -I./linux/arm -I./linux/arm -I./linux -I./linux -I. -I.    -I/media/gwind/windcode/openwrt-ssd20x/18.06/staging_dir/target-arm-linux-gnueabihf_glibc/usr/include -I/media/gwind/windcode/openwrt-ssd20x/18.06/staging_dir/target-arm-linux-gnueabihf_glibc/include  -Wall -Wempty-body -Wformat-security -Wignored-qualifiers -Wimplicit-fallthrough=5 -Winit-self -Wlogical-op -Wmissing-parameter-type -Wnested-externs -Wold-style-declaration -Wold-style-definition -Wsign-compare -Wtype-limits -Wwrite-strings  -Os -pipe -Wno-implicit-fallthrough -mfpu=neon -Wno-format-overflow -fno-caller-saves -fno-plt -mfloat-abi=hard  -D_FORTIFY_SOURCE=1 -Wl,-z,now -Wl,-z,relro  -MT strace-printmode.o -MD -MP -MF .deps/strace-printmode.Tpo -c -o strace-printmode.o `test -f 'printmode.c' || echo './'`printmode.c
mv -f .deps/strace-printmode.Tpo .deps/strace-printmode.Po
arm-linux-gnueabihf-gcc -DHAVE_CONFIG_H   -I./linux/arm -I./linux/arm -I./linux -I./linux -I. -I.    -I/media/gwind/windcode/openwrt-ssd20x/18.06/staging_dir/target-arm-linux-gnueabihf_glibc/usr/include -I/media/gwind/windcode/openwrt-ssd20x/18.06/staging_dir/target-arm-linux-gnueabihf_glibc/include  -Wall -Wempty-body -Wformat-security -Wignored-qualifiers -Wimplicit-fallthrough=5 -Winit-self -Wlogical-op -Wmissing-parameter-type -Wnested-externs -Wold-style-declaration -Wold-style-definition -Wsign-compare -Wtype-limits -Wwrite-strings  -Os -pipe -Wno-implicit-fallthrough -mfpu=neon -Wno-format-overflow -fno-caller-saves -fno-plt -mfloat-abi=hard  -D_FORTIFY_SOURCE=1 -Wl,-z,now -Wl,-z,relro  -MT strace-printrusage.o -MD -MP -MF .deps/strace-printrusage.Tpo -c -o strace-printrusage.o `test -f 'printrusage.c' || echo './'`printrusage.c
mv -f .deps/strace-printrusage.Tpo .deps/strace-printrusage.Po
arm-linux-gnueabihf-gcc -DHAVE_CONFIG_H   -I./linux/arm -I./linux/arm -I./linux -I./linux -I. -I.    -I/media/gwind/windcode/openwrt-ssd20x/18.06/staging_dir/target-arm-linux-gnueabihf_glibc/usr/include -I/media/gwind/windcode/openwrt-ssd20x/18.06/staging_dir/target-arm-linux-gnueabihf_glibc/include  -Wall -Wempty-body -Wformat-security -Wignored-qualifiers -Wimplicit-fallthrough=5 -Winit-self -Wlogical-op -Wmissing-parameter-type -Wnested-externs -Wold-style-declaration -Wold-style-definition -Wsign-compare -Wtype-limits -Wwrite-strings  -Os -pipe -Wno-implicit-fallthrough -mfpu=neon -Wno-format-overflow -fno-caller-saves -fno-plt -mfloat-abi=hard  -D_FORTIFY_SOURCE=1 -Wl,-z,now -Wl,-z,relro  -MT strace-printsiginfo.o -MD -MP -MF .deps/strace-printsiginfo.Tpo -c -o strace-printsiginfo.o `test -f 'printsiginfo.c' || echo './'`printsiginfo.c
mv -f .deps/strace-printsiginfo.Tpo .deps/strace-printsiginfo.Po
arm-linux-gnueabihf-gcc -DHAVE_CONFIG_H   -I./linux/arm -I./linux/arm -I./linux -I./linux -I. -I.    -I/media/gwind/windcode/openwrt-ssd20x/18.06/staging_dir/target-arm-linux-gnueabihf_glibc/usr/include -I/media/gwind/windcode/openwrt-ssd20x/18.06/staging_dir/target-arm-linux-gnueabihf_glibc/include  -Wall -Wempty-body -Wformat-security -Wignored-qualifiers -Wimplicit-fallthrough=5 -Winit-self -Wlogical-op -Wmissing-parameter-type -Wnested-externs -Wold-style-declaration -Wold-style-definition -Wsign-compare -Wtype-limits -Wwrite-strings  -Os -pipe -Wno-implicit-fallthrough -mfpu=neon -Wno-format-overflow -fno-caller-saves -fno-plt -mfloat-abi=hard  -D_FORTIFY_SOURCE=1 -Wl,-z,now -Wl,-z,relro  -MT strace-process.o -MD -MP -MF .deps/strace-process.Tpo -c -o strace-process.o `test -f 'process.c' || echo './'`process.c
mv -f .deps/strace-process.Tpo .deps/strace-process.Po
arm-linux-gnueabihf-gcc -DHAVE_CONFIG_H   -I./linux/arm -I./linux/arm -I./linux -I./linux -I. -I.    -I/media/gwind/windcode/openwrt-ssd20x/18.06/staging_dir/target-arm-linux-gnueabihf_glibc/usr/include -I/media/gwind/windcode/openwrt-ssd20x/18.06/staging_dir/target-arm-linux-gnueabihf_glibc/include  -Wall -Wempty-body -Wformat-security -Wignored-qualifiers -Wimplicit-fallthrough=5 -Winit-self -Wlogical-op -Wmissing-parameter-type -Wnested-externs -Wold-style-declaration -Wold-style-definition -Wsign-compare -Wtype-limits -Wwrite-strings  -Os -pipe -Wno-implicit-fallthrough -mfpu=neon -Wno-format-overflow -fno-caller-saves -fno-plt -mfloat-abi=hard  -D_FORTIFY_SOURCE=1 -Wl,-z,now -Wl,-z,relro  -MT strace-process_vm.o -MD -MP -MF .deps/strace-process_vm.Tpo -c -o strace-process_vm.o `test -f 'process_vm.c' || echo './'`process_vm.c
mv -f .deps/strace-process_vm.Tpo .deps/strace-process_vm.Po
arm-linux-gnueabihf-gcc -DHAVE_CONFIG_H   -I./linux/arm -I./linux/arm -I./linux -I./linux -I. -I.    -I/media/gwind/windcode/openwrt-ssd20x/18.06/staging_dir/target-arm-linux-gnueabihf_glibc/usr/include -I/media/gwind/windcode/openwrt-ssd20x/18.06/staging_dir/target-arm-linux-gnueabihf_glibc/include  -Wall -Wempty-body -Wformat-security -Wignored-qualifiers -Wimplicit-fallthrough=5 -Winit-self -Wlogical-op -Wmissing-parameter-type -Wnested-externs -Wold-style-declaration -Wold-style-definition -Wsign-compare -Wtype-limits -Wwrite-strings  -Os -pipe -Wno-implicit-fallthrough -mfpu=neon -Wno-format-overflow -fno-caller-saves -fno-plt -mfloat-abi=hard  -D_FORTIFY_SOURCE=1 -Wl,-z,now -Wl,-z,relro  -MT strace-ptp.o -MD -MP -MF .deps/strace-ptp.Tpo -c -o strace-ptp.o `test -f 'ptp.c' || echo './'`ptp.c
mv -f .deps/strace-ptp.Tpo .deps/strace-ptp.Po
arm-linux-gnueabihf-gcc -DHAVE_CONFIG_H   -I./linux/arm -I./linux/arm -I./linux -I./linux -I. -I.    -I/media/gwind/windcode/openwrt-ssd20x/18.06/staging_dir/target-arm-linux-gnueabihf_glibc/usr/include -I/media/gwind/windcode/openwrt-ssd20x/18.06/staging_dir/target-arm-linux-gnueabihf_glibc/include  -Wall -Wempty-body -Wformat-security -Wignored-qualifiers -Wimplicit-fallthrough=5 -Winit-self -Wlogical-op -Wmissing-parameter-type -Wnested-externs -Wold-style-declaration -Wold-style-definition -Wsign-compare -Wtype-limits -Wwrite-strings  -Os -pipe -Wno-implicit-fallthrough -mfpu=neon -Wno-format-overflow -fno-caller-saves -fno-plt -mfloat-abi=hard  -D_FORTIFY_SOURCE=1 -Wl,-z,now -Wl,-z,relro  -MT strace-quota.o -MD -MP -MF .deps/strace-quota.Tpo -c -o strace-quota.o `test -f 'quota.c' || echo './'`quota.c
mv -f .deps/strace-quota.Tpo .deps/strace-quota.Po
arm-linux-gnueabihf-gcc -DHAVE_CONFIG_H   -I./linux/arm -I./linux/arm -I./linux -I./linux -I. -I.    -I/media/gwind/windcode/openwrt-ssd20x/18.06/staging_dir/target-arm-linux-gnueabihf_glibc/usr/include -I/media/gwind/windcode/openwrt-ssd20x/18.06/staging_dir/target-arm-linux-gnueabihf_glibc/include  -Wall -Wempty-body -Wformat-security -Wignored-qualifiers -Wimplicit-fallthrough=5 -Winit-self -Wlogical-op -Wmissing-parameter-type -Wnested-externs -Wold-style-declaration -Wold-style-definition -Wsign-compare -Wtype-limits -Wwrite-strings  -Os -pipe -Wno-implicit-fallthrough -mfpu=neon -Wno-format-overflow -fno-caller-saves -fno-plt -mfloat-abi=hard  -D_FORTIFY_SOURCE=1 -Wl,-z,now -Wl,-z,relro  -MT strace-readahead.o -MD -MP -MF .deps/strace-readahead.Tpo -c -o strace-readahead.o `test -f 'readahead.c' || echo './'`readahead.c
mv -f .deps/strace-readahead.Tpo .deps/strace-readahead.Po
arm-linux-gnueabihf-gcc -DHAVE_CONFIG_H   -I./linux/arm -I./linux/arm -I./linux -I./linux -I. -I.    -I/media/gwind/windcode/openwrt-ssd20x/18.06/staging_dir/target-arm-linux-gnueabihf_glibc/usr/include -I/media/gwind/windcode/openwrt-ssd20x/18.06/staging_dir/target-arm-linux-gnueabihf_glibc/include  -Wall -Wempty-body -Wformat-security -Wignored-qualifiers -Wimplicit-fallthrough=5 -Winit-self -Wlogical-op -Wmissing-parameter-type -Wnested-externs -Wold-style-declaration -Wold-style-definition -Wsign-compare -Wtype-limits -Wwrite-strings  -Os -pipe -Wno-implicit-fallthrough -mfpu=neon -Wno-format-overflow -fno-caller-saves -fno-plt -mfloat-abi=hard  -D_FORTIFY_SOURCE=1 -Wl,-z,now -Wl,-z,relro  -MT strace-readlink.o -MD -MP -MF .deps/strace-readlink.Tpo -c -o strace-readlink.o `test -f 'readlink.c' || echo './'`readlink.c
mv -f .deps/strace-readlink.Tpo .deps/strace-readlink.Po
arm-linux-gnueabihf-gcc -DHAVE_CONFIG_H   -I./linux/arm -I./linux/arm -I./linux -I./linux -I. -I.    -I/media/gwind/windcode/openwrt-ssd20x/18.06/staging_dir/target-arm-linux-gnueabihf_glibc/usr/include -I/media/gwind/windcode/openwrt-ssd20x/18.06/staging_dir/target-arm-linux-gnueabihf_glibc/include  -Wall -Wempty-body -Wformat-security -Wignored-qualifiers -Wimplicit-fallthrough=5 -Winit-self -Wlogical-op -Wmissing-parameter-type -Wnested-externs -Wold-style-declaration -Wold-style-definition -Wsign-compare -Wtype-limits -Wwrite-strings  -Os -pipe -Wno-implicit-fallthrough -mfpu=neon -Wno-format-overflow -fno-caller-saves -fno-plt -mfloat-abi=hard  -D_FORTIFY_SOURCE=1 -Wl,-z,now -Wl,-z,relro  -MT strace-reboot.o -MD -MP -MF .deps/strace-reboot.Tpo -c -o strace-reboot.o `test -f 'reboot.c' || echo './'`reboot.c
mv -f .deps/strace-reboot.Tpo .deps/strace-reboot.Po
arm-linux-gnueabihf-gcc -DHAVE_CONFIG_H   -I./linux/arm -I./linux/arm -I./linux -I./linux -I. -I.    -I/media/gwind/windcode/openwrt-ssd20x/18.06/staging_dir/target-arm-linux-gnueabihf_glibc/usr/include -I/media/gwind/windcode/openwrt-ssd20x/18.06/staging_dir/target-arm-linux-gnueabihf_glibc/include  -Wall -Wempty-body -Wformat-security -Wignored-qualifiers -Wimplicit-fallthrough=5 -Winit-self -Wlogical-op -Wmissing-parameter-type -Wnested-externs -Wold-style-declaration -Wold-style-definition -Wsign-compare -Wtype-limits -Wwrite-strings  -Os -pipe -Wno-implicit-fallthrough -mfpu=neon -Wno-format-overflow -fno-caller-saves -fno-plt -mfloat-abi=hard  -D_FORTIFY_SOURCE=1 -Wl,-z,now -Wl,-z,relro  -MT strace-renameat.o -MD -MP -MF .deps/strace-renameat.Tpo -c -o strace-renameat.o `test -f 'renameat.c' || echo './'`renameat.c
mv -f .deps/strace-renameat.Tpo .deps/strace-renameat.Po
arm-linux-gnueabihf-gcc -DHAVE_CONFIG_H   -I./linux/arm -I./linux/arm -I./linux -I./linux -I. -I.    -I/media/gwind/windcode/openwrt-ssd20x/18.06/staging_dir/target-arm-linux-gnueabihf_glibc/usr/include -I/media/gwind/windcode/openwrt-ssd20x/18.06/staging_dir/target-arm-linux-gnueabihf_glibc/include  -Wall -Wempty-body -Wformat-security -Wignored-qualifiers -Wimplicit-fallthrough=5 -Winit-self -Wlogical-op -Wmissing-parameter-type -Wnested-externs -Wold-style-declaration -Wold-style-definition -Wsign-compare -Wtype-limits -Wwrite-strings  -Os -pipe -Wno-implicit-fallthrough -mfpu=neon -Wno-format-overflow -fno-caller-saves -fno-plt -mfloat-abi=hard  -D_FORTIFY_SOURCE=1 -Wl,-z,now -Wl,-z,relro  -MT strace-resource.o -MD -MP -MF .deps/strace-resource.Tpo -c -o strace-resource.o `test -f 'resource.c' || echo './'`resource.c
mv -f .deps/strace-resource.Tpo .deps/strace-resource.Po
arm-linux-gnueabihf-gcc -DHAVE_CONFIG_H   -I./linux/arm -I./linux/arm -I./linux -I./linux -I. -I.    -I/media/gwind/windcode/openwrt-ssd20x/18.06/staging_dir/target-arm-linux-gnueabihf_glibc/usr/include -I/media/gwind/windcode/openwrt-ssd20x/18.06/staging_dir/target-arm-linux-gnueabihf_glibc/include  -Wall -Wempty-body -Wformat-security -Wignored-qualifiers -Wimplicit-fallthrough=5 -Winit-self -Wlogical-op -Wmissing-parameter-type -Wnested-externs -Wold-style-declaration -Wold-style-definition -Wsign-compare -Wtype-limits -Wwrite-strings  -Os -pipe -Wno-implicit-fallthrough -mfpu=neon -Wno-format-overflow -fno-caller-saves -fno-plt -mfloat-abi=hard  -D_FORTIFY_SOURCE=1 -Wl,-z,now -Wl,-z,relro  -MT strace-retval.o -MD -MP -MF .deps/strace-retval.Tpo -c -o strace-retval.o `test -f 'retval.c' || echo './'`retval.c
mv -f .deps/strace-retval.Tpo .deps/strace-retval.Po
arm-linux-gnueabihf-gcc -DHAVE_CONFIG_H   -I./linux/arm -I./linux/arm -I./linux -I./linux -I. -I.    -I/media/gwind/windcode/openwrt-ssd20x/18.06/staging_dir/target-arm-linux-gnueabihf_glibc/usr/include -I/media/gwind/windcode/openwrt-ssd20x/18.06/staging_dir/target-arm-linux-gnueabihf_glibc/include  -Wall -Wempty-body -Wformat-security -Wignored-qualifiers -Wimplicit-fallthrough=5 -Winit-self -Wlogical-op -Wmissing-parameter-type -Wnested-externs -Wold-style-declaration -Wold-style-definition -Wsign-compare -Wtype-limits -Wwrite-strings  -Os -pipe -Wno-implicit-fallthrough -mfpu=neon -Wno-format-overflow -fno-caller-saves -fno-plt -mfloat-abi=hard  -D_FORTIFY_SOURCE=1 -Wl,-z,now -Wl,-z,relro  -MT strace-riscv.o -MD -MP -MF .deps/strace-riscv.Tpo -c -o strace-riscv.o `test -f 'riscv.c' || echo './'`riscv.c
mv -f .deps/strace-riscv.Tpo .deps/strace-riscv.Po
arm-linux-gnueabihf-gcc -DHAVE_CONFIG_H   -I./linux/arm -I./linux/arm -I./linux -I./linux -I. -I.    -I/media/gwind/windcode/openwrt-ssd20x/18.06/staging_dir/target-arm-linux-gnueabihf_glibc/usr/include -I/media/gwind/windcode/openwrt-ssd20x/18.06/staging_dir/target-arm-linux-gnueabihf_glibc/include  -Wall -Wempty-body -Wformat-security -Wignored-qualifiers -Wimplicit-fallthrough=5 -Winit-self -Wlogical-op -Wmissing-parameter-type -Wnested-externs -Wold-style-declaration -Wold-style-definition -Wsign-compare -Wtype-limits -Wwrite-strings  -Os -pipe -Wno-implicit-fallthrough -mfpu=neon -Wno-format-overflow -fno-caller-saves -fno-plt -mfloat-abi=hard  -D_FORTIFY_SOURCE=1 -Wl,-z,now -Wl,-z,relro  -MT strace-rt_sigframe.o -MD -MP -MF .deps/strace-rt_sigframe.Tpo -c -o strace-rt_sigframe.o `test -f 'rt_sigframe.c' || echo './'`rt_sigframe.c
mv -f .deps/strace-rt_sigframe.Tpo .deps/strace-rt_sigframe.Po
arm-linux-gnueabihf-gcc -DHAVE_CONFIG_H   -I./linux/arm -I./linux/arm -I./linux -I./linux -I. -I.    -I/media/gwind/windcode/openwrt-ssd20x/18.06/staging_dir/target-arm-linux-gnueabihf_glibc/usr/include -I/media/gwind/windcode/openwrt-ssd20x/18.06/staging_dir/target-arm-linux-gnueabihf_glibc/include  -Wall -Wempty-body -Wformat-security -Wignored-qualifiers -Wimplicit-fallthrough=5 -Winit-self -Wlogical-op -Wmissing-parameter-type -Wnested-externs -Wold-style-declaration -Wold-style-definition -Wsign-compare -Wtype-limits -Wwrite-strings  -Os -pipe -Wno-implicit-fallthrough -mfpu=neon -Wno-format-overflow -fno-caller-saves -fno-plt -mfloat-abi=hard  -D_FORTIFY_SOURCE=1 -Wl,-z,now -Wl,-z,relro  -MT strace-rt_sigreturn.o -MD -MP -MF .deps/strace-rt_sigreturn.Tpo -c -o strace-rt_sigreturn.o `test -f 'rt_sigreturn.c' || echo './'`rt_sigreturn.c
mv -f .deps/strace-rt_sigreturn.Tpo .deps/strace-rt_sigreturn.Po
arm-linux-gnueabihf-gcc -DHAVE_CONFIG_H   -I./linux/arm -I./linux/arm -I./linux -I./linux -I. -I.    -I/media/gwind/windcode/openwrt-ssd20x/18.06/staging_dir/target-arm-linux-gnueabihf_glibc/usr/include -I/media/gwind/windcode/openwrt-ssd20x/18.06/staging_dir/target-arm-linux-gnueabihf_glibc/include  -Wall -Wempty-body -Wformat-security -Wignored-qualifiers -Wimplicit-fallthrough=5 -Winit-self -Wlogical-op -Wmissing-parameter-type -Wnested-externs -Wold-style-declaration -Wold-style-definition -Wsign-compare -Wtype-limits -Wwrite-strings  -Os -pipe -Wno-implicit-fallthrough -mfpu=neon -Wno-format-overflow -fno-caller-saves -fno-plt -mfloat-abi=hard  -D_FORTIFY_SOURCE=1 -Wl,-z,now -Wl,-z,relro  -MT strace-rtc.o -MD -MP -MF .deps/strace-rtc.Tpo -c -o strace-rtc.o `test -f 'rtc.c' || echo './'`rtc.c
mv -f .deps/strace-rtc.Tpo .deps/strace-rtc.Po
arm-linux-gnueabihf-gcc -DHAVE_CONFIG_H   -I./linux/arm -I./linux/arm -I./linux -I./linux -I. -I.    -I/media/gwind/windcode/openwrt-ssd20x/18.06/staging_dir/target-arm-linux-gnueabihf_glibc/usr/include -I/media/gwind/windcode/openwrt-ssd20x/18.06/staging_dir/target-arm-linux-gnueabihf_glibc/include  -Wall -Wempty-body -Wformat-security -Wignored-qualifiers -Wimplicit-fallthrough=5 -Winit-self -Wlogical-op -Wmissing-parameter-type -Wnested-externs -Wold-style-declaration -Wold-style-definition -Wsign-compare -Wtype-limits -Wwrite-strings  -Os -pipe -Wno-implicit-fallthrough -mfpu=neon -Wno-format-overflow -fno-caller-saves -fno-plt -mfloat-abi=hard  -D_FORTIFY_SOURCE=1 -Wl,-z,now -Wl,-z,relro  -MT strace-rtnl_addr.o -MD -MP -MF .deps/strace-rtnl_addr.Tpo -c -o strace-rtnl_addr.o `test -f 'rtnl_addr.c' || echo './'`rtnl_addr.c
mv -f .deps/strace-rtnl_addr.Tpo .deps/strace-rtnl_addr.Po
arm-linux-gnueabihf-gcc -DHAVE_CONFIG_H   -I./linux/arm -I./linux/arm -I./linux -I./linux -I. -I.    -I/media/gwind/windcode/openwrt-ssd20x/18.06/staging_dir/target-arm-linux-gnueabihf_glibc/usr/include -I/media/gwind/windcode/openwrt-ssd20x/18.06/staging_dir/target-arm-linux-gnueabihf_glibc/include  -Wall -Wempty-body -Wformat-security -Wignored-qualifiers -Wimplicit-fallthrough=5 -Winit-self -Wlogical-op -Wmissing-parameter-type -Wnested-externs -Wold-style-declaration -Wold-style-definition -Wsign-compare -Wtype-limits -Wwrite-strings  -Os -pipe -Wno-implicit-fallthrough -mfpu=neon -Wno-format-overflow -fno-caller-saves -fno-plt -mfloat-abi=hard  -D_FORTIFY_SOURCE=1 -Wl,-z,now -Wl,-z,relro  -MT strace-rtnl_addrlabel.o -MD -MP -MF .deps/strace-rtnl_addrlabel.Tpo -c -o strace-rtnl_addrlabel.o `test -f 'rtnl_addrlabel.c' || echo './'`rtnl_addrlabel.c
mv -f .deps/strace-rtnl_addrlabel.Tpo .deps/strace-rtnl_addrlabel.Po
arm-linux-gnueabihf-gcc -DHAVE_CONFIG_H   -I./linux/arm -I./linux/arm -I./linux -I./linux -I. -I.    -I/media/gwind/windcode/openwrt-ssd20x/18.06/staging_dir/target-arm-linux-gnueabihf_glibc/usr/include -I/media/gwind/windcode/openwrt-ssd20x/18.06/staging_dir/target-arm-linux-gnueabihf_glibc/include  -Wall -Wempty-body -Wformat-security -Wignored-qualifiers -Wimplicit-fallthrough=5 -Winit-self -Wlogical-op -Wmissing-parameter-type -Wnested-externs -Wold-style-declaration -Wold-style-definition -Wsign-compare -Wtype-limits -Wwrite-strings  -Os -pipe -Wno-implicit-fallthrough -mfpu=neon -Wno-format-overflow -fno-caller-saves -fno-plt -mfloat-abi=hard  -D_FORTIFY_SOURCE=1 -Wl,-z,now -Wl,-z,relro  -MT strace-rtnl_dcb.o -MD -MP -MF .deps/strace-rtnl_dcb.Tpo -c -o strace-rtnl_dcb.o `test -f 'rtnl_dcb.c' || echo './'`rtnl_dcb.c
mv -f .deps/strace-rtnl_dcb.Tpo .deps/strace-rtnl_dcb.Po
arm-linux-gnueabihf-gcc -DHAVE_CONFIG_H   -I./linux/arm -I./linux/arm -I./linux -I./linux -I. -I.    -I/media/gwind/windcode/openwrt-ssd20x/18.06/staging_dir/target-arm-linux-gnueabihf_glibc/usr/include -I/media/gwind/windcode/openwrt-ssd20x/18.06/staging_dir/target-arm-linux-gnueabihf_glibc/include  -Wall -Wempty-body -Wformat-security -Wignored-qualifiers -Wimplicit-fallthrough=5 -Winit-self -Wlogical-op -Wmissing-parameter-type -Wnested-externs -Wold-style-declaration -Wold-style-definition -Wsign-compare -Wtype-limits -Wwrite-strings  -Os -pipe -Wno-implicit-fallthrough -mfpu=neon -Wno-format-overflow -fno-caller-saves -fno-plt -mfloat-abi=hard  -D_FORTIFY_SOURCE=1 -Wl,-z,now -Wl,-z,relro  -MT strace-rtnl_link.o -MD -MP -MF .deps/strace-rtnl_link.Tpo -c -o strace-rtnl_link.o `test -f 'rtnl_link.c' || echo './'`rtnl_link.c
mv -f .deps/strace-rtnl_link.Tpo .deps/strace-rtnl_link.Po
arm-linux-gnueabihf-gcc -DHAVE_CONFIG_H   -I./linux/arm -I./linux/arm -I./linux -I./linux -I. -I.    -I/media/gwind/windcode/openwrt-ssd20x/18.06/staging_dir/target-arm-linux-gnueabihf_glibc/usr/include -I/media/gwind/windcode/openwrt-ssd20x/18.06/staging_dir/target-arm-linux-gnueabihf_glibc/include  -Wall -Wempty-body -Wformat-security -Wignored-qualifiers -Wimplicit-fallthrough=5 -Winit-self -Wlogical-op -Wmissing-parameter-type -Wnested-externs -Wold-style-declaration -Wold-style-definition -Wsign-compare -Wtype-limits -Wwrite-strings  -Os -pipe -Wno-implicit-fallthrough -mfpu=neon -Wno-format-overflow -fno-caller-saves -fno-plt -mfloat-abi=hard  -D_FORTIFY_SOURCE=1 -Wl,-z,now -Wl,-z,relro  -MT strace-rtnl_mdb.o -MD -MP -MF .deps/strace-rtnl_mdb.Tpo -c -o strace-rtnl_mdb.o `test -f 'rtnl_mdb.c' || echo './'`rtnl_mdb.c
mv -f .deps/strace-rtnl_mdb.Tpo .deps/strace-rtnl_mdb.Po
arm-linux-gnueabihf-gcc -DHAVE_CONFIG_H   -I./linux/arm -I./linux/arm -I./linux -I./linux -I. -I.    -I/media/gwind/windcode/openwrt-ssd20x/18.06/staging_dir/target-arm-linux-gnueabihf_glibc/usr/include -I/media/gwind/windcode/openwrt-ssd20x/18.06/staging_dir/target-arm-linux-gnueabihf_glibc/include  -Wall -Wempty-body -Wformat-security -Wignored-qualifiers -Wimplicit-fallthrough=5 -Winit-self -Wlogical-op -Wmissing-parameter-type -Wnested-externs -Wold-style-declaration -Wold-style-definition -Wsign-compare -Wtype-limits -Wwrite-strings  -Os -pipe -Wno-implicit-fallthrough -mfpu=neon -Wno-format-overflow -fno-caller-saves -fno-plt -mfloat-abi=hard  -D_FORTIFY_SOURCE=1 -Wl,-z,now -Wl,-z,relro  -MT strace-rtnl_neigh.o -MD -MP -MF .deps/strace-rtnl_neigh.Tpo -c -o strace-rtnl_neigh.o `test -f 'rtnl_neigh.c' || echo './'`rtnl_neigh.c
mv -f .deps/strace-rtnl_neigh.Tpo .deps/strace-rtnl_neigh.Po
arm-linux-gnueabihf-gcc -DHAVE_CONFIG_H   -I./linux/arm -I./linux/arm -I./linux -I./linux -I. -I.    -I/media/gwind/windcode/openwrt-ssd20x/18.06/staging_dir/target-arm-linux-gnueabihf_glibc/usr/include -I/media/gwind/windcode/openwrt-ssd20x/18.06/staging_dir/target-arm-linux-gnueabihf_glibc/include  -Wall -Wempty-body -Wformat-security -Wignored-qualifiers -Wimplicit-fallthrough=5 -Winit-self -Wlogical-op -Wmissing-parameter-type -Wnested-externs -Wold-style-declaration -Wold-style-definition -Wsign-compare -Wtype-limits -Wwrite-strings  -Os -pipe -Wno-implicit-fallthrough -mfpu=neon -Wno-format-overflow -fno-caller-saves -fno-plt -mfloat-abi=hard  -D_FORTIFY_SOURCE=1 -Wl,-z,now -Wl,-z,relro  -MT strace-rtnl_neightbl.o -MD -MP -MF .deps/strace-rtnl_neightbl.Tpo -c -o strace-rtnl_neightbl.o `test -f 'rtnl_neightbl.c' || echo './'`rtnl_neightbl.c
mv -f .deps/strace-rtnl_neightbl.Tpo .deps/strace-rtnl_neightbl.Po
arm-linux-gnueabihf-gcc -DHAVE_CONFIG_H   -I./linux/arm -I./linux/arm -I./linux -I./linux -I. -I.    -I/media/gwind/windcode/openwrt-ssd20x/18.06/staging_dir/target-arm-linux-gnueabihf_glibc/usr/include -I/media/gwind/windcode/openwrt-ssd20x/18.06/staging_dir/target-arm-linux-gnueabihf_glibc/include  -Wall -Wempty-body -Wformat-security -Wignored-qualifiers -Wimplicit-fallthrough=5 -Winit-self -Wlogical-op -Wmissing-parameter-type -Wnested-externs -Wold-style-declaration -Wold-style-definition -Wsign-compare -Wtype-limits -Wwrite-strings  -Os -pipe -Wno-implicit-fallthrough -mfpu=neon -Wno-format-overflow -fno-caller-saves -fno-plt -mfloat-abi=hard  -D_FORTIFY_SOURCE=1 -Wl,-z,now -Wl,-z,relro  -MT strace-rtnl_netconf.o -MD -MP -MF .deps/strace-rtnl_netconf.Tpo -c -o strace-rtnl_netconf.o `test -f 'rtnl_netconf.c' || echo './'`rtnl_netconf.c
mv -f .deps/strace-rtnl_netconf.Tpo .deps/strace-rtnl_netconf.Po
arm-linux-gnueabihf-gcc -DHAVE_CONFIG_H   -I./linux/arm -I./linux/arm -I./linux -I./linux -I. -I.    -I/media/gwind/windcode/openwrt-ssd20x/18.06/staging_dir/target-arm-linux-gnueabihf_glibc/usr/include -I/media/gwind/windcode/openwrt-ssd20x/18.06/staging_dir/target-arm-linux-gnueabihf_glibc/include  -Wall -Wempty-body -Wformat-security -Wignored-qualifiers -Wimplicit-fallthrough=5 -Winit-self -Wlogical-op -Wmissing-parameter-type -Wnested-externs -Wold-style-declaration -Wold-style-definition -Wsign-compare -Wtype-limits -Wwrite-strings  -Os -pipe -Wno-implicit-fallthrough -mfpu=neon -Wno-format-overflow -fno-caller-saves -fno-plt -mfloat-abi=hard  -D_FORTIFY_SOURCE=1 -Wl,-z,now -Wl,-z,relro  -MT strace-rtnl_nsid.o -MD -MP -MF .deps/strace-rtnl_nsid.Tpo -c -o strace-rtnl_nsid.o `test -f 'rtnl_nsid.c' || echo './'`rtnl_nsid.c
mv -f .deps/strace-rtnl_nsid.Tpo .deps/strace-rtnl_nsid.Po
arm-linux-gnueabihf-gcc -DHAVE_CONFIG_H   -I./linux/arm -I./linux/arm -I./linux -I./linux -I. -I.    -I/media/gwind/windcode/openwrt-ssd20x/18.06/staging_dir/target-arm-linux-gnueabihf_glibc/usr/include -I/media/gwind/windcode/openwrt-ssd20x/18.06/staging_dir/target-arm-linux-gnueabihf_glibc/include  -Wall -Wempty-body -Wformat-security -Wignored-qualifiers -Wimplicit-fallthrough=5 -Winit-self -Wlogical-op -Wmissing-parameter-type -Wnested-externs -Wold-style-declaration -Wold-style-definition -Wsign-compare -Wtype-limits -Wwrite-strings  -Os -pipe -Wno-implicit-fallthrough -mfpu=neon -Wno-format-overflow -fno-caller-saves -fno-plt -mfloat-abi=hard  -D_FORTIFY_SOURCE=1 -Wl,-z,now -Wl,-z,relro  -MT strace-rtnl_route.o -MD -MP -MF .deps/strace-rtnl_route.Tpo -c -o strace-rtnl_route.o `test -f 'rtnl_route.c' || echo './'`rtnl_route.c
mv -f .deps/strace-rtnl_route.Tpo .deps/strace-rtnl_route.Po
arm-linux-gnueabihf-gcc -DHAVE_CONFIG_H   -I./linux/arm -I./linux/arm -I./linux -I./linux -I. -I.    -I/media/gwind/windcode/openwrt-ssd20x/18.06/staging_dir/target-arm-linux-gnueabihf_glibc/usr/include -I/media/gwind/windcode/openwrt-ssd20x/18.06/staging_dir/target-arm-linux-gnueabihf_glibc/include  -Wall -Wempty-body -Wformat-security -Wignored-qualifiers -Wimplicit-fallthrough=5 -Winit-self -Wlogical-op -Wmissing-parameter-type -Wnested-externs -Wold-style-declaration -Wold-style-definition -Wsign-compare -Wtype-limits -Wwrite-strings  -Os -pipe -Wno-implicit-fallthrough -mfpu=neon -Wno-format-overflow -fno-caller-saves -fno-plt -mfloat-abi=hard  -D_FORTIFY_SOURCE=1 -Wl,-z,now -Wl,-z,relro  -MT strace-rtnl_rule.o -MD -MP -MF .deps/strace-rtnl_rule.Tpo -c -o strace-rtnl_rule.o `test -f 'rtnl_rule.c' || echo './'`rtnl_rule.c
mv -f .deps/strace-rtnl_rule.Tpo .deps/strace-rtnl_rule.Po
arm-linux-gnueabihf-gcc -DHAVE_CONFIG_H   -I./linux/arm -I./linux/arm -I./linux -I./linux -I. -I.    -I/media/gwind/windcode/openwrt-ssd20x/18.06/staging_dir/target-arm-linux-gnueabihf_glibc/usr/include -I/media/gwind/windcode/openwrt-ssd20x/18.06/staging_dir/target-arm-linux-gnueabihf_glibc/include  -Wall -Wempty-body -Wformat-security -Wignored-qualifiers -Wimplicit-fallthrough=5 -Winit-self -Wlogical-op -Wmissing-parameter-type -Wnested-externs -Wold-style-declaration -Wold-style-definition -Wsign-compare -Wtype-limits -Wwrite-strings  -Os -pipe -Wno-implicit-fallthrough -mfpu=neon -Wno-format-overflow -fno-caller-saves -fno-plt -mfloat-abi=hard  -D_FORTIFY_SOURCE=1 -Wl,-z,now -Wl,-z,relro  -MT strace-rtnl_tc.o -MD -MP -MF .deps/strace-rtnl_tc.Tpo -c -o strace-rtnl_tc.o `test -f 'rtnl_tc.c' || echo './'`rtnl_tc.c
mv -f .deps/strace-rtnl_tc.Tpo .deps/strace-rtnl_tc.Po
arm-linux-gnueabihf-gcc -DHAVE_CONFIG_H   -I./linux/arm -I./linux/arm -I./linux -I./linux -I. -I.    -I/media/gwind/windcode/openwrt-ssd20x/18.06/staging_dir/target-arm-linux-gnueabihf_glibc/usr/include -I/media/gwind/windcode/openwrt-ssd20x/18.06/staging_dir/target-arm-linux-gnueabihf_glibc/include  -Wall -Wempty-body -Wformat-security -Wignored-qualifiers -Wimplicit-fallthrough=5 -Winit-self -Wlogical-op -Wmissing-parameter-type -Wnested-externs -Wold-style-declaration -Wold-style-definition -Wsign-compare -Wtype-limits -Wwrite-strings  -Os -pipe -Wno-implicit-fallthrough -mfpu=neon -Wno-format-overflow -fno-caller-saves -fno-plt -mfloat-abi=hard  -D_FORTIFY_SOURCE=1 -Wl,-z,now -Wl,-z,relro  -MT strace-rtnl_tc_action.o -MD -MP -MF .deps/strace-rtnl_tc_action.Tpo -c -o strace-rtnl_tc_action.o `test -f 'rtnl_tc_action.c' || echo './'`rtnl_tc_action.c
mv -f .deps/strace-rtnl_tc_action.Tpo .deps/strace-rtnl_tc_action.Po
arm-linux-gnueabihf-gcc -DHAVE_CONFIG_H   -I./linux/arm -I./linux/arm -I./linux -I./linux -I. -I.    -I/media/gwind/windcode/openwrt-ssd20x/18.06/staging_dir/target-arm-linux-gnueabihf_glibc/usr/include -I/media/gwind/windcode/openwrt-ssd20x/18.06/staging_dir/target-arm-linux-gnueabihf_glibc/include  -Wall -Wempty-body -Wformat-security -Wignored-qualifiers -Wimplicit-fallthrough=5 -Winit-self -Wlogical-op -Wmissing-parameter-type -Wnested-externs -Wold-style-declaration -Wold-style-definition -Wsign-compare -Wtype-limits -Wwrite-strings  -Os -pipe -Wno-implicit-fallthrough -mfpu=neon -Wno-format-overflow -fno-caller-saves -fno-plt -mfloat-abi=hard  -D_FORTIFY_SOURCE=1 -Wl,-z,now -Wl,-z,relro  -MT strace-s390.o -MD -MP -MF .deps/strace-s390.Tpo -c -o strace-s390.o `test -f 's390.c' || echo './'`s390.c
mv -f .deps/strace-s390.Tpo .deps/strace-s390.Po
arm-linux-gnueabihf-gcc -DHAVE_CONFIG_H   -I./linux/arm -I./linux/arm -I./linux -I./linux -I. -I.    -I/media/gwind/windcode/openwrt-ssd20x/18.06/staging_dir/target-arm-linux-gnueabihf_glibc/usr/include -I/media/gwind/windcode/openwrt-ssd20x/18.06/staging_dir/target-arm-linux-gnueabihf_glibc/include  -Wall -Wempty-body -Wformat-security -Wignored-qualifiers -Wimplicit-fallthrough=5 -Winit-self -Wlogical-op -Wmissing-parameter-type -Wnested-externs -Wold-style-declaration -Wold-style-definition -Wsign-compare -Wtype-limits -Wwrite-strings  -Os -pipe -Wno-implicit-fallthrough -mfpu=neon -Wno-format-overflow -fno-caller-saves -fno-plt -mfloat-abi=hard  -D_FORTIFY_SOURCE=1 -Wl,-z,now -Wl,-z,relro  -MT strace-sched.o -MD -MP -MF .deps/strace-sched.Tpo -c -o strace-sched.o `test -f 'sched.c' || echo './'`sched.c
mv -f .deps/strace-sched.Tpo .deps/strace-sched.Po
arm-linux-gnueabihf-gcc -DHAVE_CONFIG_H   -I./linux/arm -I./linux/arm -I./linux -I./linux -I. -I.    -I/media/gwind/windcode/openwrt-ssd20x/18.06/staging_dir/target-arm-linux-gnueabihf_glibc/usr/include -I/media/gwind/windcode/openwrt-ssd20x/18.06/staging_dir/target-arm-linux-gnueabihf_glibc/include  -Wall -Wempty-body -Wformat-security -Wignored-qualifiers -Wimplicit-fallthrough=5 -Winit-self -Wlogical-op -Wmissing-parameter-type -Wnested-externs -Wold-style-declaration -Wold-style-definition -Wsign-compare -Wtype-limits -Wwrite-strings  -Os -pipe -Wno-implicit-fallthrough -mfpu=neon -Wno-format-overflow -fno-caller-saves -fno-plt -mfloat-abi=hard  -D_FORTIFY_SOURCE=1 -Wl,-z,now -Wl,-z,relro  -MT strace-scsi.o -MD -MP -MF .deps/strace-scsi.Tpo -c -o strace-scsi.o `test -f 'scsi.c' || echo './'`scsi.c
mv -f .deps/strace-scsi.Tpo .deps/strace-scsi.Po
arm-linux-gnueabihf-gcc -DHAVE_CONFIG_H   -I./linux/arm -I./linux/arm -I./linux -I./linux -I. -I.    -I/media/gwind/windcode/openwrt-ssd20x/18.06/staging_dir/target-arm-linux-gnueabihf_glibc/usr/include -I/media/gwind/windcode/openwrt-ssd20x/18.06/staging_dir/target-arm-linux-gnueabihf_glibc/include  -Wall -Wempty-body -Wformat-security -Wignored-qualifiers -Wimplicit-fallthrough=5 -Winit-self -Wlogical-op -Wmissing-parameter-type -Wnested-externs -Wold-style-declaration -Wold-style-definition -Wsign-compare -Wtype-limits -Wwrite-strings  -Os -pipe -Wno-implicit-fallthrough -mfpu=neon -Wno-format-overflow -fno-caller-saves -fno-plt -mfloat-abi=hard  -D_FORTIFY_SOURCE=1 -Wl,-z,now -Wl,-z,relro  -MT strace-seccomp.o -MD -MP -MF .deps/strace-seccomp.Tpo -c -o strace-seccomp.o `test -f 'seccomp.c' || echo './'`seccomp.c
mv -f .deps/strace-seccomp.Tpo .deps/strace-seccomp.Po
arm-linux-gnueabihf-gcc -DHAVE_CONFIG_H   -I./linux/arm -I./linux/arm -I./linux -I./linux -I. -I.    -I/media/gwind/windcode/openwrt-ssd20x/18.06/staging_dir/target-arm-linux-gnueabihf_glibc/usr/include -I/media/gwind/windcode/openwrt-ssd20x/18.06/staging_dir/target-arm-linux-gnueabihf_glibc/include  -Wall -Wempty-body -Wformat-security -Wignored-qualifiers -Wimplicit-fallthrough=5 -Winit-self -Wlogical-op -Wmissing-parameter-type -Wnested-externs -Wold-style-declaration -Wold-style-definition -Wsign-compare -Wtype-limits -Wwrite-strings  -Os -pipe -Wno-implicit-fallthrough -mfpu=neon -Wno-format-overflow -fno-caller-saves -fno-plt -mfloat-abi=hard  -D_FORTIFY_SOURCE=1 -Wl,-z,now -Wl,-z,relro  -MT strace-sendfile.o -MD -MP -MF .deps/strace-sendfile.Tpo -c -o strace-sendfile.o `test -f 'sendfile.c' || echo './'`sendfile.c
mv -f .deps/strace-sendfile.Tpo .deps/strace-sendfile.Po
arm-linux-gnueabihf-gcc -DHAVE_CONFIG_H   -I./linux/arm -I./linux/arm -I./linux -I./linux -I. -I.    -I/media/gwind/windcode/openwrt-ssd20x/18.06/staging_dir/target-arm-linux-gnueabihf_glibc/usr/include -I/media/gwind/windcode/openwrt-ssd20x/18.06/staging_dir/target-arm-linux-gnueabihf_glibc/include  -Wall -Wempty-body -Wformat-security -Wignored-qualifiers -Wimplicit-fallthrough=5 -Winit-self -Wlogical-op -Wmissing-parameter-type -Wnested-externs -Wold-style-declaration -Wold-style-definition -Wsign-compare -Wtype-limits -Wwrite-strings  -Os -pipe -Wno-implicit-fallthrough -mfpu=neon -Wno-format-overflow -fno-caller-saves -fno-plt -mfloat-abi=hard  -D_FORTIFY_SOURCE=1 -Wl,-z,now -Wl,-z,relro  -MT strace-sg_io_v3.o -MD -MP -MF .deps/strace-sg_io_v3.Tpo -c -o strace-sg_io_v3.o `test -f 'sg_io_v3.c' || echo './'`sg_io_v3.c
mv -f .deps/strace-sg_io_v3.Tpo .deps/strace-sg_io_v3.Po
arm-linux-gnueabihf-gcc -DHAVE_CONFIG_H   -I./linux/arm -I./linux/arm -I./linux -I./linux -I. -I.    -I/media/gwind/windcode/openwrt-ssd20x/18.06/staging_dir/target-arm-linux-gnueabihf_glibc/usr/include -I/media/gwind/windcode/openwrt-ssd20x/18.06/staging_dir/target-arm-linux-gnueabihf_glibc/include  -Wall -Wempty-body -Wformat-security -Wignored-qualifiers -Wimplicit-fallthrough=5 -Winit-self -Wlogical-op -Wmissing-parameter-type -Wnested-externs -Wold-style-declaration -Wold-style-definition -Wsign-compare -Wtype-limits -Wwrite-strings  -Os -pipe -Wno-implicit-fallthrough -mfpu=neon -Wno-format-overflow -fno-caller-saves -fno-plt -mfloat-abi=hard  -D_FORTIFY_SOURCE=1 -Wl,-z,now -Wl,-z,relro  -MT strace-sg_io_v4.o -MD -MP -MF .deps/strace-sg_io_v4.Tpo -c -o strace-sg_io_v4.o `test -f 'sg_io_v4.c' || echo './'`sg_io_v4.c
mv -f .deps/strace-sg_io_v4.Tpo .deps/strace-sg_io_v4.Po
arm-linux-gnueabihf-gcc -DHAVE_CONFIG_H   -I./linux/arm -I./linux/arm -I./linux -I./linux -I. -I.    -I/media/gwind/windcode/openwrt-ssd20x/18.06/staging_dir/target-arm-linux-gnueabihf_glibc/usr/include -I/media/gwind/windcode/openwrt-ssd20x/18.06/staging_dir/target-arm-linux-gnueabihf_glibc/include  -Wall -Wempty-body -Wformat-security -Wignored-qualifiers -Wimplicit-fallthrough=5 -Winit-self -Wlogical-op -Wmissing-parameter-type -Wnested-externs -Wold-style-declaration -Wold-style-definition -Wsign-compare -Wtype-limits -Wwrite-strings  -Os -pipe -Wno-implicit-fallthrough -mfpu=neon -Wno-format-overflow -fno-caller-saves -fno-plt -mfloat-abi=hard  -D_FORTIFY_SOURCE=1 -Wl,-z,now -Wl,-z,relro  -MT strace-shutdown.o -MD -MP -MF .deps/strace-shutdown.Tpo -c -o strace-shutdown.o `test -f 'shutdown.c' || echo './'`shutdown.c
mv -f .deps/strace-shutdown.Tpo .deps/strace-shutdown.Po
arm-linux-gnueabihf-gcc -DHAVE_CONFIG_H   -I./linux/arm -I./linux/arm -I./linux -I./linux -I. -I.    -I/media/gwind/windcode/openwrt-ssd20x/18.06/staging_dir/target-arm-linux-gnueabihf_glibc/usr/include -I/media/gwind/windcode/openwrt-ssd20x/18.06/staging_dir/target-arm-linux-gnueabihf_glibc/include  -Wall -Wempty-body -Wformat-security -Wignored-qualifiers -Wimplicit-fallthrough=5 -Winit-self -Wlogical-op -Wmissing-parameter-type -Wnested-externs -Wold-style-declaration -Wold-style-definition -Wsign-compare -Wtype-limits -Wwrite-strings  -Os -pipe -Wno-implicit-fallthrough -mfpu=neon -Wno-format-overflow -fno-caller-saves -fno-plt -mfloat-abi=hard  -D_FORTIFY_SOURCE=1 -Wl,-z,now -Wl,-z,relro  -MT strace-sigaltstack.o -MD -MP -MF .deps/strace-sigaltstack.Tpo -c -o strace-sigaltstack.o `test -f 'sigaltstack.c' || echo './'`sigaltstack.c
mv -f .deps/strace-sigaltstack.Tpo .deps/strace-sigaltstack.Po
arm-linux-gnueabihf-gcc -DHAVE_CONFIG_H   -I./linux/arm -I./linux/arm -I./linux -I./linux -I. -I.    -I/media/gwind/windcode/openwrt-ssd20x/18.06/staging_dir/target-arm-linux-gnueabihf_glibc/usr/include -I/media/gwind/windcode/openwrt-ssd20x/18.06/staging_dir/target-arm-linux-gnueabihf_glibc/include  -Wall -Wempty-body -Wformat-security -Wignored-qualifiers -Wimplicit-fallthrough=5 -Winit-self -Wlogical-op -Wmissing-parameter-type -Wnested-externs -Wold-style-declaration -Wold-style-definition -Wsign-compare -Wtype-limits -Wwrite-strings  -Os -pipe -Wno-implicit-fallthrough -mfpu=neon -Wno-format-overflow -fno-caller-saves -fno-plt -mfloat-abi=hard  -D_FORTIFY_SOURCE=1 -Wl,-z,now -Wl,-z,relro  -MT strace-signal.o -MD -MP -MF .deps/strace-signal.Tpo -c -o strace-signal.o `test -f 'signal.c' || echo './'`signal.c
mv -f .deps/strace-signal.Tpo .deps/strace-signal.Po
arm-linux-gnueabihf-gcc -DHAVE_CONFIG_H   -I./linux/arm -I./linux/arm -I./linux -I./linux -I. -I.    -I/media/gwind/windcode/openwrt-ssd20x/18.06/staging_dir/target-arm-linux-gnueabihf_glibc/usr/include -I/media/gwind/windcode/openwrt-ssd20x/18.06/staging_dir/target-arm-linux-gnueabihf_glibc/include  -Wall -Wempty-body -Wformat-security -Wignored-qualifiers -Wimplicit-fallthrough=5 -Winit-self -Wlogical-op -Wmissing-parameter-type -Wnested-externs -Wold-style-declaration -Wold-style-definition -Wsign-compare -Wtype-limits -Wwrite-strings  -Os -pipe -Wno-implicit-fallthrough -mfpu=neon -Wno-format-overflow -fno-caller-saves -fno-plt -mfloat-abi=hard  -D_FORTIFY_SOURCE=1 -Wl,-z,now -Wl,-z,relro  -MT strace-signalfd.o -MD -MP -MF .deps/strace-signalfd.Tpo -c -o strace-signalfd.o `test -f 'signalfd.c' || echo './'`signalfd.c
mv -f .deps/strace-signalfd.Tpo .deps/strace-signalfd.Po
arm-linux-gnueabihf-gcc -DHAVE_CONFIG_H   -I./linux/arm -I./linux/arm -I./linux -I./linux -I. -I.    -I/media/gwind/windcode/openwrt-ssd20x/18.06/staging_dir/target-arm-linux-gnueabihf_glibc/usr/include -I/media/gwind/windcode/openwrt-ssd20x/18.06/staging_dir/target-arm-linux-gnueabihf_glibc/include  -Wall -Wempty-body -Wformat-security -Wignored-qualifiers -Wimplicit-fallthrough=5 -Winit-self -Wlogical-op -Wmissing-parameter-type -Wnested-externs -Wold-style-declaration -Wold-style-definition -Wsign-compare -Wtype-limits -Wwrite-strings  -Os -pipe -Wno-implicit-fallthrough -mfpu=neon -Wno-format-overflow -fno-caller-saves -fno-plt -mfloat-abi=hard  -D_FORTIFY_SOURCE=1 -Wl,-z,now -Wl,-z,relro  -MT strace-sock.o -MD -MP -MF .deps/strace-sock.Tpo -c -o strace-sock.o `test -f 'sock.c' || echo './'`sock.c
mv -f .deps/strace-sock.Tpo .deps/strace-sock.Po
arm-linux-gnueabihf-gcc -DHAVE_CONFIG_H   -I./linux/arm -I./linux/arm -I./linux -I./linux -I. -I.    -I/media/gwind/windcode/openwrt-ssd20x/18.06/staging_dir/target-arm-linux-gnueabihf_glibc/usr/include -I/media/gwind/windcode/openwrt-ssd20x/18.06/staging_dir/target-arm-linux-gnueabihf_glibc/include  -Wall -Wempty-body -Wformat-security -Wignored-qualifiers -Wimplicit-fallthrough=5 -Winit-self -Wlogical-op -Wmissing-parameter-type -Wnested-externs -Wold-style-declaration -Wold-style-definition -Wsign-compare -Wtype-limits -Wwrite-strings  -Os -pipe -Wno-implicit-fallthrough -mfpu=neon -Wno-format-overflow -fno-caller-saves -fno-plt -mfloat-abi=hard  -D_FORTIFY_SOURCE=1 -Wl,-z,now -Wl,-z,relro  -MT strace-sockaddr.o -MD -MP -MF .deps/strace-sockaddr.Tpo -c -o strace-sockaddr.o `test -f 'sockaddr.c' || echo './'`sockaddr.c
mv -f .deps/strace-sockaddr.Tpo .deps/strace-sockaddr.Po
arm-linux-gnueabihf-gcc -DHAVE_CONFIG_H   -I./linux/arm -I./linux/arm -I./linux -I./linux -I. -I.    -I/media/gwind/windcode/openwrt-ssd20x/18.06/staging_dir/target-arm-linux-gnueabihf_glibc/usr/include -I/media/gwind/windcode/openwrt-ssd20x/18.06/staging_dir/target-arm-linux-gnueabihf_glibc/include  -Wall -Wempty-body -Wformat-security -Wignored-qualifiers -Wimplicit-fallthrough=5 -Winit-self -Wlogical-op -Wmissing-parameter-type -Wnested-externs -Wold-style-declaration -Wold-style-definition -Wsign-compare -Wtype-limits -Wwrite-strings  -Os -pipe -Wno-implicit-fallthrough -mfpu=neon -Wno-format-overflow -fno-caller-saves -fno-plt -mfloat-abi=hard  -D_FORTIFY_SOURCE=1 -Wl,-z,now -Wl,-z,relro  -MT strace-socketutils.o -MD -MP -MF .deps/strace-socketutils.Tpo -c -o strace-socketutils.o `test -f 'socketutils.c' || echo './'`socketutils.c
mv -f .deps/strace-socketutils.Tpo .deps/strace-socketutils.Po
arm-linux-gnueabihf-gcc -DHAVE_CONFIG_H   -I./linux/arm -I./linux/arm -I./linux -I./linux -I. -I.    -I/media/gwind/windcode/openwrt-ssd20x/18.06/staging_dir/target-arm-linux-gnueabihf_glibc/usr/include -I/media/gwind/windcode/openwrt-ssd20x/18.06/staging_dir/target-arm-linux-gnueabihf_glibc/include  -Wall -Wempty-body -Wformat-security -Wignored-qualifiers -Wimplicit-fallthrough=5 -Winit-self -Wlogical-op -Wmissing-parameter-type -Wnested-externs -Wold-style-declaration -Wold-style-definition -Wsign-compare -Wtype-limits -Wwrite-strings  -Os -pipe -Wno-implicit-fallthrough -mfpu=neon -Wno-format-overflow -fno-caller-saves -fno-plt -mfloat-abi=hard  -D_FORTIFY_SOURCE=1 -Wl,-z,now -Wl,-z,relro  -MT strace-sparc.o -MD -MP -MF .deps/strace-sparc.Tpo -c -o strace-sparc.o `test -f 'sparc.c' || echo './'`sparc.c
mv -f .deps/strace-sparc.Tpo .deps/strace-sparc.Po
arm-linux-gnueabihf-gcc -DHAVE_CONFIG_H   -I./linux/arm -I./linux/arm -I./linux -I./linux -I. -I.    -I/media/gwind/windcode/openwrt-ssd20x/18.06/staging_dir/target-arm-linux-gnueabihf_glibc/usr/include -I/media/gwind/windcode/openwrt-ssd20x/18.06/staging_dir/target-arm-linux-gnueabihf_glibc/include  -Wall -Wempty-body -Wformat-security -Wignored-qualifiers -Wimplicit-fallthrough=5 -Winit-self -Wlogical-op -Wmissing-parameter-type -Wnested-externs -Wold-style-declaration -Wold-style-definition -Wsign-compare -Wtype-limits -Wwrite-strings  -Os -pipe -Wno-implicit-fallthrough -mfpu=neon -Wno-format-overflow -fno-caller-saves -fno-plt -mfloat-abi=hard  -D_FORTIFY_SOURCE=1 -Wl,-z,now -Wl,-z,relro  -MT strace-sram_alloc.o -MD -MP -MF .deps/strace-sram_alloc.Tpo -c -o strace-sram_alloc.o `test -f 'sram_alloc.c' || echo './'`sram_alloc.c
mv -f .deps/strace-sram_alloc.Tpo .deps/strace-sram_alloc.Po
arm-linux-gnueabihf-gcc -DHAVE_CONFIG_H   -I./linux/arm -I./linux/arm -I./linux -I./linux -I. -I.    -I/media/gwind/windcode/openwrt-ssd20x/18.06/staging_dir/target-arm-linux-gnueabihf_glibc/usr/include -I/media/gwind/windcode/openwrt-ssd20x/18.06/staging_dir/target-arm-linux-gnueabihf_glibc/include  -Wall -Wempty-body -Wformat-security -Wignored-qualifiers -Wimplicit-fallthrough=5 -Winit-self -Wlogical-op -Wmissing-parameter-type -Wnested-externs -Wold-style-declaration -Wold-style-definition -Wsign-compare -Wtype-limits -Wwrite-strings  -Os -pipe -Wno-implicit-fallthrough -mfpu=neon -Wno-format-overflow -fno-caller-saves -fno-plt -mfloat-abi=hard  -D_FORTIFY_SOURCE=1 -Wl,-z,now -Wl,-z,relro  -MT strace-stat.o -MD -MP -MF .deps/strace-stat.Tpo -c -o strace-stat.o `test -f 'stat.c' || echo './'`stat.c
mv -f .deps/strace-stat.Tpo .deps/strace-stat.Po
arm-linux-gnueabihf-gcc -DHAVE_CONFIG_H   -I./linux/arm -I./linux/arm -I./linux -I./linux -I. -I.    -I/media/gwind/windcode/openwrt-ssd20x/18.06/staging_dir/target-arm-linux-gnueabihf_glibc/usr/include -I/media/gwind/windcode/openwrt-ssd20x/18.06/staging_dir/target-arm-linux-gnueabihf_glibc/include  -Wall -Wempty-body -Wformat-security -Wignored-qualifiers -Wimplicit-fallthrough=5 -Winit-self -Wlogical-op -Wmissing-parameter-type -Wnested-externs -Wold-style-declaration -Wold-style-definition -Wsign-compare -Wtype-limits -Wwrite-strings  -Os -pipe -Wno-implicit-fallthrough -mfpu=neon -Wno-format-overflow -fno-caller-saves -fno-plt -mfloat-abi=hard  -D_FORTIFY_SOURCE=1 -Wl,-z,now -Wl,-z,relro  -MT strace-stat64.o -MD -MP -MF .deps/strace-stat64.Tpo -c -o strace-stat64.o `test -f 'stat64.c' || echo './'`stat64.c
mv -f .deps/strace-stat64.Tpo .deps/strace-stat64.Po
arm-linux-gnueabihf-gcc -DHAVE_CONFIG_H   -I./linux/arm -I./linux/arm -I./linux -I./linux -I. -I.    -I/media/gwind/windcode/openwrt-ssd20x/18.06/staging_dir/target-arm-linux-gnueabihf_glibc/usr/include -I/media/gwind/windcode/openwrt-ssd20x/18.06/staging_dir/target-arm-linux-gnueabihf_glibc/include  -Wall -Wempty-body -Wformat-security -Wignored-qualifiers -Wimplicit-fallthrough=5 -Winit-self -Wlogical-op -Wmissing-parameter-type -Wnested-externs -Wold-style-declaration -Wold-style-definition -Wsign-compare -Wtype-limits -Wwrite-strings  -Os -pipe -Wno-implicit-fallthrough -mfpu=neon -Wno-format-overflow -fno-caller-saves -fno-plt -mfloat-abi=hard  -D_FORTIFY_SOURCE=1 -Wl,-z,now -Wl,-z,relro  -MT strace-statfs.o -MD -MP -MF .deps/strace-statfs.Tpo -c -o strace-statfs.o `test -f 'statfs.c' || echo './'`statfs.c
mv -f .deps/strace-statfs.Tpo .deps/strace-statfs.Po
arm-linux-gnueabihf-gcc -DHAVE_CONFIG_H   -I./linux/arm -I./linux/arm -I./linux -I./linux -I. -I.    -I/media/gwind/windcode/openwrt-ssd20x/18.06/staging_dir/target-arm-linux-gnueabihf_glibc/usr/include -I/media/gwind/windcode/openwrt-ssd20x/18.06/staging_dir/target-arm-linux-gnueabihf_glibc/include  -Wall -Wempty-body -Wformat-security -Wignored-qualifiers -Wimplicit-fallthrough=5 -Winit-self -Wlogical-op -Wmissing-parameter-type -Wnested-externs -Wold-style-declaration -Wold-style-definition -Wsign-compare -Wtype-limits -Wwrite-strings  -Os -pipe -Wno-implicit-fallthrough -mfpu=neon -Wno-format-overflow -fno-caller-saves -fno-plt -mfloat-abi=hard  -D_FORTIFY_SOURCE=1 -Wl,-z,now -Wl,-z,relro  -MT strace-statx.o -MD -MP -MF .deps/strace-statx.Tpo -c -o strace-statx.o `test -f 'statx.c' || echo './'`statx.c
mv -f .deps/strace-statx.Tpo .deps/strace-statx.Po
arm-linux-gnueabihf-gcc -DHAVE_CONFIG_H   -I./linux/arm -I./linux/arm -I./linux -I./linux -I. -I.    -I/media/gwind/windcode/openwrt-ssd20x/18.06/staging_dir/target-arm-linux-gnueabihf_glibc/usr/include -I/media/gwind/windcode/openwrt-ssd20x/18.06/staging_dir/target-arm-linux-gnueabihf_glibc/include  -Wall -Wempty-body -Wformat-security -Wignored-qualifiers -Wimplicit-fallthrough=5 -Winit-self -Wlogical-op -Wmissing-parameter-type -Wnested-externs -Wold-style-declaration -Wold-style-definition -Wsign-compare -Wtype-limits -Wwrite-strings  -Os -pipe -Wno-implicit-fallthrough -mfpu=neon -Wno-format-overflow -fno-caller-saves -fno-plt -mfloat-abi=hard  -D_FORTIFY_SOURCE=1 -Wl,-z,now -Wl,-z,relro  -MT strace-strace.o -MD -MP -MF .deps/strace-strace.Tpo -c -o strace-strace.o `test -f 'strace.c' || echo './'`strace.c
mv -f .deps/strace-strace.Tpo .deps/strace-strace.Po
arm-linux-gnueabihf-gcc -DHAVE_CONFIG_H   -I./linux/arm -I./linux/arm -I./linux -I./linux -I. -I.    -I/media/gwind/windcode/openwrt-ssd20x/18.06/staging_dir/target-arm-linux-gnueabihf_glibc/usr/include -I/media/gwind/windcode/openwrt-ssd20x/18.06/staging_dir/target-arm-linux-gnueabihf_glibc/include  -Wall -Wempty-body -Wformat-security -Wignored-qualifiers -Wimplicit-fallthrough=5 -Winit-self -Wlogical-op -Wmissing-parameter-type -Wnested-externs -Wold-style-declaration -Wold-style-definition -Wsign-compare -Wtype-limits -Wwrite-strings  -Os -pipe -Wno-implicit-fallthrough -mfpu=neon -Wno-format-overflow -fno-caller-saves -fno-plt -mfloat-abi=hard  -D_FORTIFY_SOURCE=1 -Wl,-z,now -Wl,-z,relro  -MT strace-string_to_uint.o -MD -MP -MF .deps/strace-string_to_uint.Tpo -c -o strace-string_to_uint.o `test -f 'string_to_uint.c' || echo './'`string_to_uint.c
mv -f .deps/strace-string_to_uint.Tpo .deps/strace-string_to_uint.Po
arm-linux-gnueabihf-gcc -DHAVE_CONFIG_H   -I./linux/arm -I./linux/arm -I./linux -I./linux -I. -I.    -I/media/gwind/windcode/openwrt-ssd20x/18.06/staging_dir/target-arm-linux-gnueabihf_glibc/usr/include -I/media/gwind/windcode/openwrt-ssd20x/18.06/staging_dir/target-arm-linux-gnueabihf_glibc/include  -Wall -Wempty-body -Wformat-security -Wignored-qualifiers -Wimplicit-fallthrough=5 -Winit-self -Wlogical-op -Wmissing-parameter-type -Wnested-externs -Wold-style-declaration -Wold-style-definition -Wsign-compare -Wtype-limits -Wwrite-strings  -Os -pipe -Wno-implicit-fallthrough -mfpu=neon -Wno-format-overflow -fno-caller-saves -fno-plt -mfloat-abi=hard  -D_FORTIFY_SOURCE=1 -Wl,-z,now -Wl,-z,relro  -MT strace-swapon.o -MD -MP -MF .deps/strace-swapon.Tpo -c -o strace-swapon.o `test -f 'swapon.c' || echo './'`swapon.c
mv -f .deps/strace-swapon.Tpo .deps/strace-swapon.Po
arm-linux-gnueabihf-gcc -DHAVE_CONFIG_H   -I./linux/arm -I./linux/arm -I./linux -I./linux -I. -I.    -I/media/gwind/windcode/openwrt-ssd20x/18.06/staging_dir/target-arm-linux-gnueabihf_glibc/usr/include -I/media/gwind/windcode/openwrt-ssd20x/18.06/staging_dir/target-arm-linux-gnueabihf_glibc/include  -Wall -Wempty-body -Wformat-security -Wignored-qualifiers -Wimplicit-fallthrough=5 -Winit-self -Wlogical-op -Wmissing-parameter-type -Wnested-externs -Wold-style-declaration -Wold-style-definition -Wsign-compare -Wtype-limits -Wwrite-strings  -Os -pipe -Wno-implicit-fallthrough -mfpu=neon -Wno-format-overflow -fno-caller-saves -fno-plt -mfloat-abi=hard  -D_FORTIFY_SOURCE=1 -Wl,-z,now -Wl,-z,relro  -MT strace-syscall.o -MD -MP -MF .deps/strace-syscall.Tpo -c -o strace-syscall.o `test -f 'syscall.c' || echo './'`syscall.c
mv -f .deps/strace-syscall.Tpo .deps/strace-syscall.Po
arm-linux-gnueabihf-gcc -DHAVE_CONFIG_H   -I./linux/arm -I./linux/arm -I./linux -I./linux -I. -I.    -I/media/gwind/windcode/openwrt-ssd20x/18.06/staging_dir/target-arm-linux-gnueabihf_glibc/usr/include -I/media/gwind/windcode/openwrt-ssd20x/18.06/staging_dir/target-arm-linux-gnueabihf_glibc/include  -Wall -Wempty-body -Wformat-security -Wignored-qualifiers -Wimplicit-fallthrough=5 -Winit-self -Wlogical-op -Wmissing-parameter-type -Wnested-externs -Wold-style-declaration -Wold-style-definition -Wsign-compare -Wtype-limits -Wwrite-strings  -Os -pipe -Wno-implicit-fallthrough -mfpu=neon -Wno-format-overflow -fno-caller-saves -fno-plt -mfloat-abi=hard  -D_FORTIFY_SOURCE=1 -Wl,-z,now -Wl,-z,relro  -MT strace-sysctl.o -MD -MP -MF .deps/strace-sysctl.Tpo -c -o strace-sysctl.o `test -f 'sysctl.c' || echo './'`sysctl.c
mv -f .deps/strace-sysctl.Tpo .deps/strace-sysctl.Po
arm-linux-gnueabihf-gcc -DHAVE_CONFIG_H   -I./linux/arm -I./linux/arm -I./linux -I./linux -I. -I.    -I/media/gwind/windcode/openwrt-ssd20x/18.06/staging_dir/target-arm-linux-gnueabihf_glibc/usr/include -I/media/gwind/windcode/openwrt-ssd20x/18.06/staging_dir/target-arm-linux-gnueabihf_glibc/include  -Wall -Wempty-body -Wformat-security -Wignored-qualifiers -Wimplicit-fallthrough=5 -Winit-self -Wlogical-op -Wmissing-parameter-type -Wnested-externs -Wold-style-declaration -Wold-style-definition -Wsign-compare -Wtype-limits -Wwrite-strings  -Os -pipe -Wno-implicit-fallthrough -mfpu=neon -Wno-format-overflow -fno-caller-saves -fno-plt -mfloat-abi=hard  -D_FORTIFY_SOURCE=1 -Wl,-z,now -Wl,-z,relro  -MT strace-sysinfo.o -MD -MP -MF .deps/strace-sysinfo.Tpo -c -o strace-sysinfo.o `test -f 'sysinfo.c' || echo './'`sysinfo.c
mv -f .deps/strace-sysinfo.Tpo .deps/strace-sysinfo.Po
arm-linux-gnueabihf-gcc -DHAVE_CONFIG_H   -I./linux/arm -I./linux/arm -I./linux -I./linux -I. -I.    -I/media/gwind/windcode/openwrt-ssd20x/18.06/staging_dir/target-arm-linux-gnueabihf_glibc/usr/include -I/media/gwind/windcode/openwrt-ssd20x/18.06/staging_dir/target-arm-linux-gnueabihf_glibc/include  -Wall -Wempty-body -Wformat-security -Wignored-qualifiers -Wimplicit-fallthrough=5 -Winit-self -Wlogical-op -Wmissing-parameter-type -Wnested-externs -Wold-style-declaration -Wold-style-definition -Wsign-compare -Wtype-limits -Wwrite-strings  -Os -pipe -Wno-implicit-fallthrough -mfpu=neon -Wno-format-overflow -fno-caller-saves -fno-plt -mfloat-abi=hard  -D_FORTIFY_SOURCE=1 -Wl,-z,now -Wl,-z,relro  -MT strace-syslog.o -MD -MP -MF .deps/strace-syslog.Tpo -c -o strace-syslog.o `test -f 'syslog.c' || echo './'`syslog.c
mv -f .deps/strace-syslog.Tpo .deps/strace-syslog.Po
arm-linux-gnueabihf-gcc -DHAVE_CONFIG_H   -I./linux/arm -I./linux/arm -I./linux -I./linux -I. -I.    -I/media/gwind/windcode/openwrt-ssd20x/18.06/staging_dir/target-arm-linux-gnueabihf_glibc/usr/include -I/media/gwind/windcode/openwrt-ssd20x/18.06/staging_dir/target-arm-linux-gnueabihf_glibc/include  -Wall -Wempty-body -Wformat-security -Wignored-qualifiers -Wimplicit-fallthrough=5 -Winit-self -Wlogical-op -Wmissing-parameter-type -Wnested-externs -Wold-style-declaration -Wold-style-definition -Wsign-compare -Wtype-limits -Wwrite-strings  -Os -pipe -Wno-implicit-fallthrough -mfpu=neon -Wno-format-overflow -fno-caller-saves -fno-plt -mfloat-abi=hard  -D_FORTIFY_SOURCE=1 -Wl,-z,now -Wl,-z,relro  -MT strace-sysmips.o -MD -MP -MF .deps/strace-sysmips.Tpo -c -o strace-sysmips.o `test -f 'sysmips.c' || echo './'`sysmips.c
mv -f .deps/strace-sysmips.Tpo .deps/strace-sysmips.Po
arm-linux-gnueabihf-gcc -DHAVE_CONFIG_H   -I./linux/arm -I./linux/arm -I./linux -I./linux -I. -I.    -I/media/gwind/windcode/openwrt-ssd20x/18.06/staging_dir/target-arm-linux-gnueabihf_glibc/usr/include -I/media/gwind/windcode/openwrt-ssd20x/18.06/staging_dir/target-arm-linux-gnueabihf_glibc/include  -Wall -Wempty-body -Wformat-security -Wignored-qualifiers -Wimplicit-fallthrough=5 -Winit-self -Wlogical-op -Wmissing-parameter-type -Wnested-externs -Wold-style-declaration -Wold-style-definition -Wsign-compare -Wtype-limits -Wwrite-strings  -Os -pipe -Wno-implicit-fallthrough -mfpu=neon -Wno-format-overflow -fno-caller-saves -fno-plt -mfloat-abi=hard  -D_FORTIFY_SOURCE=1 -Wl,-z,now -Wl,-z,relro  -MT strace-term.o -MD -MP -MF .deps/strace-term.Tpo -c -o strace-term.o `test -f 'term.c' || echo './'`term.c
mv -f .deps/strace-term.Tpo .deps/strace-term.Po
arm-linux-gnueabihf-gcc -DHAVE_CONFIG_H   -I./linux/arm -I./linux/arm -I./linux -I./linux -I. -I.    -I/media/gwind/windcode/openwrt-ssd20x/18.06/staging_dir/target-arm-linux-gnueabihf_glibc/usr/include -I/media/gwind/windcode/openwrt-ssd20x/18.06/staging_dir/target-arm-linux-gnueabihf_glibc/include  -Wall -Wempty-body -Wformat-security -Wignored-qualifiers -Wimplicit-fallthrough=5 -Winit-self -Wlogical-op -Wmissing-parameter-type -Wnested-externs -Wold-style-declaration -Wold-style-definition -Wsign-compare -Wtype-limits -Wwrite-strings  -Os -pipe -Wno-implicit-fallthrough -mfpu=neon -Wno-format-overflow -fno-caller-saves -fno-plt -mfloat-abi=hard  -D_FORTIFY_SOURCE=1 -Wl,-z,now -Wl,-z,relro  -MT strace-time.o -MD -MP -MF .deps/strace-time.Tpo -c -o strace-time.o `test -f 'time.c' || echo './'`time.c
mv -f .deps/strace-time.Tpo .deps/strace-time.Po
arm-linux-gnueabihf-gcc -DHAVE_CONFIG_H   -I./linux/arm -I./linux/arm -I./linux -I./linux -I. -I.    -I/media/gwind/windcode/openwrt-ssd20x/18.06/staging_dir/target-arm-linux-gnueabihf_glibc/usr/include -I/media/gwind/windcode/openwrt-ssd20x/18.06/staging_dir/target-arm-linux-gnueabihf_glibc/include  -Wall -Wempty-body -Wformat-security -Wignored-qualifiers -Wimplicit-fallthrough=5 -Winit-self -Wlogical-op -Wmissing-parameter-type -Wnested-externs -Wold-style-declaration -Wold-style-definition -Wsign-compare -Wtype-limits -Wwrite-strings  -Os -pipe -Wno-implicit-fallthrough -mfpu=neon -Wno-format-overflow -fno-caller-saves -fno-plt -mfloat-abi=hard  -D_FORTIFY_SOURCE=1 -Wl,-z,now -Wl,-z,relro  -MT strace-times.o -MD -MP -MF .deps/strace-times.Tpo -c -o strace-times.o `test -f 'times.c' || echo './'`times.c
mv -f .deps/strace-times.Tpo .deps/strace-times.Po
arm-linux-gnueabihf-gcc -DHAVE_CONFIG_H   -I./linux/arm -I./linux/arm -I./linux -I./linux -I. -I.    -I/media/gwind/windcode/openwrt-ssd20x/18.06/staging_dir/target-arm-linux-gnueabihf_glibc/usr/include -I/media/gwind/windcode/openwrt-ssd20x/18.06/staging_dir/target-arm-linux-gnueabihf_glibc/include  -Wall -Wempty-body -Wformat-security -Wignored-qualifiers -Wimplicit-fallthrough=5 -Winit-self -Wlogical-op -Wmissing-parameter-type -Wnested-externs -Wold-style-declaration -Wold-style-definition -Wsign-compare -Wtype-limits -Wwrite-strings  -Os -pipe -Wno-implicit-fallthrough -mfpu=neon -Wno-format-overflow -fno-caller-saves -fno-plt -mfloat-abi=hard  -D_FORTIFY_SOURCE=1 -Wl,-z,now -Wl,-z,relro  -MT strace-truncate.o -MD -MP -MF .deps/strace-truncate.Tpo -c -o strace-truncate.o `test -f 'truncate.c' || echo './'`truncate.c
mv -f .deps/strace-truncate.Tpo .deps/strace-truncate.Po
arm-linux-gnueabihf-gcc -DHAVE_CONFIG_H   -I./linux/arm -I./linux/arm -I./linux -I./linux -I. -I.    -I/media/gwind/windcode/openwrt-ssd20x/18.06/staging_dir/target-arm-linux-gnueabihf_glibc/usr/include -I/media/gwind/windcode/openwrt-ssd20x/18.06/staging_dir/target-arm-linux-gnueabihf_glibc/include  -Wall -Wempty-body -Wformat-security -Wignored-qualifiers -Wimplicit-fallthrough=5 -Winit-self -Wlogical-op -Wmissing-parameter-type -Wnested-externs -Wold-style-declaration -Wold-style-definition -Wsign-compare -Wtype-limits -Wwrite-strings  -Os -pipe -Wno-implicit-fallthrough -mfpu=neon -Wno-format-overflow -fno-caller-saves -fno-plt -mfloat-abi=hard  -D_FORTIFY_SOURCE=1 -Wl,-z,now -Wl,-z,relro  -MT strace-ubi.o -MD -MP -MF .deps/strace-ubi.Tpo -c -o strace-ubi.o `test -f 'ubi.c' || echo './'`ubi.c
mv -f .deps/strace-ubi.Tpo .deps/strace-ubi.Po
arm-linux-gnueabihf-gcc -DHAVE_CONFIG_H   -I./linux/arm -I./linux/arm -I./linux -I./linux -I. -I.    -I/media/gwind/windcode/openwrt-ssd20x/18.06/staging_dir/target-arm-linux-gnueabihf_glibc/usr/include -I/media/gwind/windcode/openwrt-ssd20x/18.06/staging_dir/target-arm-linux-gnueabihf_glibc/include  -Wall -Wempty-body -Wformat-security -Wignored-qualifiers -Wimplicit-fallthrough=5 -Winit-self -Wlogical-op -Wmissing-parameter-type -Wnested-externs -Wold-style-declaration -Wold-style-definition -Wsign-compare -Wtype-limits -Wwrite-strings  -Os -pipe -Wno-implicit-fallthrough -mfpu=neon -Wno-format-overflow -fno-caller-saves -fno-plt -mfloat-abi=hard  -D_FORTIFY_SOURCE=1 -Wl,-z,now -Wl,-z,relro  -MT strace-ucopy.o -MD -MP -MF .deps/strace-ucopy.Tpo -c -o strace-ucopy.o `test -f 'ucopy.c' || echo './'`ucopy.c
mv -f .deps/strace-ucopy.Tpo .deps/strace-ucopy.Po
arm-linux-gnueabihf-gcc -DHAVE_CONFIG_H   -I./linux/arm -I./linux/arm -I./linux -I./linux -I. -I.    -I/media/gwind/windcode/openwrt-ssd20x/18.06/staging_dir/target-arm-linux-gnueabihf_glibc/usr/include -I/media/gwind/windcode/openwrt-ssd20x/18.06/staging_dir/target-arm-linux-gnueabihf_glibc/include  -Wall -Wempty-body -Wformat-security -Wignored-qualifiers -Wimplicit-fallthrough=5 -Winit-self -Wlogical-op -Wmissing-parameter-type -Wnested-externs -Wold-style-declaration -Wold-style-definition -Wsign-compare -Wtype-limits -Wwrite-strings  -Os -pipe -Wno-implicit-fallthrough -mfpu=neon -Wno-format-overflow -fno-caller-saves -fno-plt -mfloat-abi=hard  -D_FORTIFY_SOURCE=1 -Wl,-z,now -Wl,-z,relro  -MT strace-uid.o -MD -MP -MF .deps/strace-uid.Tpo -c -o strace-uid.o `test -f 'uid.c' || echo './'`uid.c
mv -f .deps/strace-uid.Tpo .deps/strace-uid.Po
arm-linux-gnueabihf-gcc -DHAVE_CONFIG_H   -I./linux/arm -I./linux/arm -I./linux -I./linux -I. -I.    -I/media/gwind/windcode/openwrt-ssd20x/18.06/staging_dir/target-arm-linux-gnueabihf_glibc/usr/include -I/media/gwind/windcode/openwrt-ssd20x/18.06/staging_dir/target-arm-linux-gnueabihf_glibc/include  -Wall -Wempty-body -Wformat-security -Wignored-qualifiers -Wimplicit-fallthrough=5 -Winit-self -Wlogical-op -Wmissing-parameter-type -Wnested-externs -Wold-style-declaration -Wold-style-definition -Wsign-compare -Wtype-limits -Wwrite-strings  -Os -pipe -Wno-implicit-fallthrough -mfpu=neon -Wno-format-overflow -fno-caller-saves -fno-plt -mfloat-abi=hard  -D_FORTIFY_SOURCE=1 -Wl,-z,now -Wl,-z,relro  -MT strace-uid16.o -MD -MP -MF .deps/strace-uid16.Tpo -c -o strace-uid16.o `test -f 'uid16.c' || echo './'`uid16.c
mv -f .deps/strace-uid16.Tpo .deps/strace-uid16.Po
arm-linux-gnueabihf-gcc -DHAVE_CONFIG_H   -I./linux/arm -I./linux/arm -I./linux -I./linux -I. -I.    -I/media/gwind/windcode/openwrt-ssd20x/18.06/staging_dir/target-arm-linux-gnueabihf_glibc/usr/include -I/media/gwind/windcode/openwrt-ssd20x/18.06/staging_dir/target-arm-linux-gnueabihf_glibc/include  -Wall -Wempty-body -Wformat-security -Wignored-qualifiers -Wimplicit-fallthrough=5 -Winit-self -Wlogical-op -Wmissing-parameter-type -Wnested-externs -Wold-style-declaration -Wold-style-definition -Wsign-compare -Wtype-limits -Wwrite-strings  -Os -pipe -Wno-implicit-fallthrough -mfpu=neon -Wno-format-overflow -fno-caller-saves -fno-plt -mfloat-abi=hard  -D_FORTIFY_SOURCE=1 -Wl,-z,now -Wl,-z,relro  -MT strace-umask.o -MD -MP -MF .deps/strace-umask.Tpo -c -o strace-umask.o `test -f 'umask.c' || echo './'`umask.c
mv -f .deps/strace-umask.Tpo .deps/strace-umask.Po
arm-linux-gnueabihf-gcc -DHAVE_CONFIG_H   -I./linux/arm -I./linux/arm -I./linux -I./linux -I. -I.    -I/media/gwind/windcode/openwrt-ssd20x/18.06/staging_dir/target-arm-linux-gnueabihf_glibc/usr/include -I/media/gwind/windcode/openwrt-ssd20x/18.06/staging_dir/target-arm-linux-gnueabihf_glibc/include  -Wall -Wempty-body -Wformat-security -Wignored-qualifiers -Wimplicit-fallthrough=5 -Winit-self -Wlogical-op -Wmissing-parameter-type -Wnested-externs -Wold-style-declaration -Wold-style-definition -Wsign-compare -Wtype-limits -Wwrite-strings  -Os -pipe -Wno-implicit-fallthrough -mfpu=neon -Wno-format-overflow -fno-caller-saves -fno-plt -mfloat-abi=hard  -D_FORTIFY_SOURCE=1 -Wl,-z,now -Wl,-z,relro  -MT strace-umount.o -MD -MP -MF .deps/strace-umount.Tpo -c -o strace-umount.o `test -f 'umount.c' || echo './'`umount.c
mv -f .deps/strace-umount.Tpo .deps/strace-umount.Po
arm-linux-gnueabihf-gcc -DHAVE_CONFIG_H   -I./linux/arm -I./linux/arm -I./linux -I./linux -I. -I.    -I/media/gwind/windcode/openwrt-ssd20x/18.06/staging_dir/target-arm-linux-gnueabihf_glibc/usr/include -I/media/gwind/windcode/openwrt-ssd20x/18.06/staging_dir/target-arm-linux-gnueabihf_glibc/include  -Wall -Wempty-body -Wformat-security -Wignored-qualifiers -Wimplicit-fallthrough=5 -Winit-self -Wlogical-op -Wmissing-parameter-type -Wnested-externs -Wold-style-declaration -Wold-style-definition -Wsign-compare -Wtype-limits -Wwrite-strings  -Os -pipe -Wno-implicit-fallthrough -mfpu=neon -Wno-format-overflow -fno-caller-saves -fno-plt -mfloat-abi=hard  -D_FORTIFY_SOURCE=1 -Wl,-z,now -Wl,-z,relro  -MT strace-uname.o -MD -MP -MF .deps/strace-uname.Tpo -c -o strace-uname.o `test -f 'uname.c' || echo './'`uname.c
mv -f .deps/strace-uname.Tpo .deps/strace-uname.Po
arm-linux-gnueabihf-gcc -DHAVE_CONFIG_H   -I./linux/arm -I./linux/arm -I./linux -I./linux -I. -I.    -I/media/gwind/windcode/openwrt-ssd20x/18.06/staging_dir/target-arm-linux-gnueabihf_glibc/usr/include -I/media/gwind/windcode/openwrt-ssd20x/18.06/staging_dir/target-arm-linux-gnueabihf_glibc/include  -Wall -Wempty-body -Wformat-security -Wignored-qualifiers -Wimplicit-fallthrough=5 -Winit-self -Wlogical-op -Wmissing-parameter-type -Wnested-externs -Wold-style-declaration -Wold-style-definition -Wsign-compare -Wtype-limits -Wwrite-strings  -Os -pipe -Wno-implicit-fallthrough -mfpu=neon -Wno-format-overflow -fno-caller-saves -fno-plt -mfloat-abi=hard  -D_FORTIFY_SOURCE=1 -Wl,-z,now -Wl,-z,relro  -MT strace-userfaultfd.o -MD -MP -MF .deps/strace-userfaultfd.Tpo -c -o strace-userfaultfd.o `test -f 'userfaultfd.c' || echo './'`userfaultfd.c
mv -f .deps/strace-userfaultfd.Tpo .deps/strace-userfaultfd.Po
arm-linux-gnueabihf-gcc -DHAVE_CONFIG_H   -I./linux/arm -I./linux/arm -I./linux -I./linux -I. -I.    -I/media/gwind/windcode/openwrt-ssd20x/18.06/staging_dir/target-arm-linux-gnueabihf_glibc/usr/include -I/media/gwind/windcode/openwrt-ssd20x/18.06/staging_dir/target-arm-linux-gnueabihf_glibc/include  -Wall -Wempty-body -Wformat-security -Wignored-qualifiers -Wimplicit-fallthrough=5 -Winit-self -Wlogical-op -Wmissing-parameter-type -Wnested-externs -Wold-style-declaration -Wold-style-definition -Wsign-compare -Wtype-limits -Wwrite-strings  -Os -pipe -Wno-implicit-fallthrough -mfpu=neon -Wno-format-overflow -fno-caller-saves -fno-plt -mfloat-abi=hard  -D_FORTIFY_SOURCE=1 -Wl,-z,now -Wl,-z,relro  -MT strace-ustat.o -MD -MP -MF .deps/strace-ustat.Tpo -c -o strace-ustat.o `test -f 'ustat.c' || echo './'`ustat.c
mv -f .deps/strace-ustat.Tpo .deps/strace-ustat.Po
arm-linux-gnueabihf-gcc -DHAVE_CONFIG_H   -I./linux/arm -I./linux/arm -I./linux -I./linux -I. -I.    -I/media/gwind/windcode/openwrt-ssd20x/18.06/staging_dir/target-arm-linux-gnueabihf_glibc/usr/include -I/media/gwind/windcode/openwrt-ssd20x/18.06/staging_dir/target-arm-linux-gnueabihf_glibc/include  -Wall -Wempty-body -Wformat-security -Wignored-qualifiers -Wimplicit-fallthrough=5 -Winit-self -Wlogical-op -Wmissing-parameter-type -Wnested-externs -Wold-style-declaration -Wold-style-definition -Wsign-compare -Wtype-limits -Wwrite-strings  -Os -pipe -Wno-implicit-fallthrough -mfpu=neon -Wno-format-overflow -fno-caller-saves -fno-plt -mfloat-abi=hard  -D_FORTIFY_SOURCE=1 -Wl,-z,now -Wl,-z,relro  -MT strace-util.o -MD -MP -MF .deps/strace-util.Tpo -c -o strace-util.o `test -f 'util.c' || echo './'`util.c
mv -f .deps/strace-util.Tpo .deps/strace-util.Po
arm-linux-gnueabihf-gcc -DHAVE_CONFIG_H   -I./linux/arm -I./linux/arm -I./linux -I./linux -I. -I.    -I/media/gwind/windcode/openwrt-ssd20x/18.06/staging_dir/target-arm-linux-gnueabihf_glibc/usr/include -I/media/gwind/windcode/openwrt-ssd20x/18.06/staging_dir/target-arm-linux-gnueabihf_glibc/include  -Wall -Wempty-body -Wformat-security -Wignored-qualifiers -Wimplicit-fallthrough=5 -Winit-self -Wlogical-op -Wmissing-parameter-type -Wnested-externs -Wold-style-declaration -Wold-style-definition -Wsign-compare -Wtype-limits -Wwrite-strings  -Os -pipe -Wno-implicit-fallthrough -mfpu=neon -Wno-format-overflow -fno-caller-saves -fno-plt -mfloat-abi=hard  -D_FORTIFY_SOURCE=1 -Wl,-z,now -Wl,-z,relro  -MT strace-utime.o -MD -MP -MF .deps/strace-utime.Tpo -c -o strace-utime.o `test -f 'utime.c' || echo './'`utime.c
mv -f .deps/strace-utime.Tpo .deps/strace-utime.Po
arm-linux-gnueabihf-gcc -DHAVE_CONFIG_H   -I./linux/arm -I./linux/arm -I./linux -I./linux -I. -I.    -I/media/gwind/windcode/openwrt-ssd20x/18.06/staging_dir/target-arm-linux-gnueabihf_glibc/usr/include -I/media/gwind/windcode/openwrt-ssd20x/18.06/staging_dir/target-arm-linux-gnueabihf_glibc/include  -Wall -Wempty-body -Wformat-security -Wignored-qualifiers -Wimplicit-fallthrough=5 -Winit-self -Wlogical-op -Wmissing-parameter-type -Wnested-externs -Wold-style-declaration -Wold-style-definition -Wsign-compare -Wtype-limits -Wwrite-strings  -Os -pipe -Wno-implicit-fallthrough -mfpu=neon -Wno-format-overflow -fno-caller-saves -fno-plt -mfloat-abi=hard  -D_FORTIFY_SOURCE=1 -Wl,-z,now -Wl,-z,relro  -MT strace-utimes.o -MD -MP -MF .deps/strace-utimes.Tpo -c -o strace-utimes.o `test -f 'utimes.c' || echo './'`utimes.c
mv -f .deps/strace-utimes.Tpo .deps/strace-utimes.Po
arm-linux-gnueabihf-gcc -DHAVE_CONFIG_H   -I./linux/arm -I./linux/arm -I./linux -I./linux -I. -I.    -I/media/gwind/windcode/openwrt-ssd20x/18.06/staging_dir/target-arm-linux-gnueabihf_glibc/usr/include -I/media/gwind/windcode/openwrt-ssd20x/18.06/staging_dir/target-arm-linux-gnueabihf_glibc/include  -Wall -Wempty-body -Wformat-security -Wignored-qualifiers -Wimplicit-fallthrough=5 -Winit-self -Wlogical-op -Wmissing-parameter-type -Wnested-externs -Wold-style-declaration -Wold-style-definition -Wsign-compare -Wtype-limits -Wwrite-strings  -Os -pipe -Wno-implicit-fallthrough -mfpu=neon -Wno-format-overflow -fno-caller-saves -fno-plt -mfloat-abi=hard  -D_FORTIFY_SOURCE=1 -Wl,-z,now -Wl,-z,relro  -MT strace-v4l2.o -MD -MP -MF .deps/strace-v4l2.Tpo -c -o strace-v4l2.o `test -f 'v4l2.c' || echo './'`v4l2.c
mv -f .deps/strace-v4l2.Tpo .deps/strace-v4l2.Po
arm-linux-gnueabihf-gcc -DHAVE_CONFIG_H   -I./linux/arm -I./linux/arm -I./linux -I./linux -I. -I.    -I/media/gwind/windcode/openwrt-ssd20x/18.06/staging_dir/target-arm-linux-gnueabihf_glibc/usr/include -I/media/gwind/windcode/openwrt-ssd20x/18.06/staging_dir/target-arm-linux-gnueabihf_glibc/include  -Wall -Wempty-body -Wformat-security -Wignored-qualifiers -Wimplicit-fallthrough=5 -Winit-self -Wlogical-op -Wmissing-parameter-type -Wnested-externs -Wold-style-declaration -Wold-style-definition -Wsign-compare -Wtype-limits -Wwrite-strings  -Os -pipe -Wno-implicit-fallthrough -mfpu=neon -Wno-format-overflow -fno-caller-saves -fno-plt -mfloat-abi=hard  -D_FORTIFY_SOURCE=1 -Wl,-z,now -Wl,-z,relro  -MT strace-wait.o -MD -MP -MF .deps/strace-wait.Tpo -c -o strace-wait.o `test -f 'wait.c' || echo './'`wait.c
mv -f .deps/strace-wait.Tpo .deps/strace-wait.Po
arm-linux-gnueabihf-gcc -DHAVE_CONFIG_H   -I./linux/arm -I./linux/arm -I./linux -I./linux -I. -I.    -I/media/gwind/windcode/openwrt-ssd20x/18.06/staging_dir/target-arm-linux-gnueabihf_glibc/usr/include -I/media/gwind/windcode/openwrt-ssd20x/18.06/staging_dir/target-arm-linux-gnueabihf_glibc/include  -Wall -Wempty-body -Wformat-security -Wignored-qualifiers -Wimplicit-fallthrough=5 -Winit-self -Wlogical-op -Wmissing-parameter-type -Wnested-externs -Wold-style-declaration -Wold-style-definition -Wsign-compare -Wtype-limits -Wwrite-strings  -Os -pipe -Wno-implicit-fallthrough -mfpu=neon -Wno-format-overflow -fno-caller-saves -fno-plt -mfloat-abi=hard  -D_FORTIFY_SOURCE=1 -Wl,-z,now -Wl,-z,relro  -MT strace-xattr.o -MD -MP -MF .deps/strace-xattr.Tpo -c -o strace-xattr.o `test -f 'xattr.c' || echo './'`xattr.c
mv -f .deps/strace-xattr.Tpo .deps/strace-xattr.Po
arm-linux-gnueabihf-gcc -DHAVE_CONFIG_H   -I./linux/arm -I./linux/arm -I./linux -I./linux -I. -I.    -I/media/gwind/windcode/openwrt-ssd20x/18.06/staging_dir/target-arm-linux-gnueabihf_glibc/usr/include -I/media/gwind/windcode/openwrt-ssd20x/18.06/staging_dir/target-arm-linux-gnueabihf_glibc/include  -Wall -Wempty-body -Wformat-security -Wignored-qualifiers -Wimplicit-fallthrough=5 -Winit-self -Wlogical-op -Wmissing-parameter-type -Wnested-externs -Wold-style-declaration -Wold-style-definition -Wsign-compare -Wtype-limits -Wwrite-strings  -Os -pipe -Wno-implicit-fallthrough -mfpu=neon -Wno-format-overflow -fno-caller-saves -fno-plt -mfloat-abi=hard  -D_FORTIFY_SOURCE=1 -Wl,-z,now -Wl,-z,relro  -MT strace-xlat.o -MD -MP -MF .deps/strace-xlat.Tpo -c -o strace-xlat.o `test -f 'xlat.c' || echo './'`xlat.c
mv -f .deps/strace-xlat.Tpo .deps/strace-xlat.Po
arm-linux-gnueabihf-gcc -DHAVE_CONFIG_H   -I./linux/arm -I./linux/arm -I./linux -I./linux -I. -I.    -I/media/gwind/windcode/openwrt-ssd20x/18.06/staging_dir/target-arm-linux-gnueabihf_glibc/usr/include -I/media/gwind/windcode/openwrt-ssd20x/18.06/staging_dir/target-arm-linux-gnueabihf_glibc/include  -Wall -Wempty-body -Wformat-security -Wignored-qualifiers -Wimplicit-fallthrough=5 -Winit-self -Wlogical-op -Wmissing-parameter-type -Wnested-externs -Wold-style-declaration -Wold-style-definition -Wsign-compare -Wtype-limits -Wwrite-strings  -Os -pipe -Wno-implicit-fallthrough -mfpu=neon -Wno-format-overflow -fno-caller-saves -fno-plt -mfloat-abi=hard  -D_FORTIFY_SOURCE=1 -Wl,-z,now -Wl,-z,relro  -MT strace-xmalloc.o -MD -MP -MF .deps/strace-xmalloc.Tpo -c -o strace-xmalloc.o `test -f 'xmalloc.c' || echo './'`xmalloc.c
mv -f .deps/strace-xmalloc.Tpo .deps/strace-xmalloc.Po
arm-linux-gnueabihf-gcc -DHAVE_CONFIG_H   -I./linux/arm -I./linux/arm -I./linux -I./linux -I. -I.    -I/media/gwind/windcode/openwrt-ssd20x/18.06/staging_dir/target-arm-linux-gnueabihf_glibc/usr/include -I/media/gwind/windcode/openwrt-ssd20x/18.06/staging_dir/target-arm-linux-gnueabihf_glibc/include  -Wall -Wempty-body -Wformat-security -Wignored-qualifiers -Wimplicit-fallthrough=5 -Winit-self -Wlogical-op -Wmissing-parameter-type -Wnested-externs -Wold-style-declaration -Wold-style-definition -Wsign-compare -Wtype-limits -Wwrite-strings  -Os -pipe -Wno-implicit-fallthrough -mfpu=neon -Wno-format-overflow -fno-caller-saves -fno-plt -mfloat-abi=hard  -D_FORTIFY_SOURCE=1 -Wl,-z,now -Wl,-z,relro  -MT strace-bpf_attr_check.o -MD -MP -MF .deps/strace-bpf_attr_check.Tpo -c -o strace-bpf_attr_check.o `test -f 'bpf_attr_check.c' || echo './'`bpf_attr_check.c
mv -f .deps/strace-bpf_attr_check.Tpo .deps/strace-bpf_attr_check.Po
arm-linux-gnueabihf-gcc -Wall -Wempty-body -Wformat-security -Wignored-qualifiers -Wimplicit-fallthrough=5 -Winit-self -Wlogical-op -Wmissing-parameter-type -Wnested-externs -Wold-style-declaration -Wold-style-definition -Wsign-compare -Wtype-limits -Wwrite-strings  -Os -pipe -Wno-implicit-fallthrough -mfpu=neon -Wno-format-overflow -fno-caller-saves -fno-plt -mfloat-abi=hard  -D_FORTIFY_SOURCE=1 -Wl,-z,now -Wl,-z,relro    -L/media/gwind/windcode/openwrt-ssd20x/18.06/staging_dir/target-arm-linux-gnueabihf_glibc/usr/lib -L/media/gwind/windcode/openwrt-ssd20x/18.06/staging_dir/target-arm-linux-gnueabihf_glibc/lib -L/opt/ssd20x/gcc-arm-8.2-2018.08-x86_64-arm-linux-gnueabihf/arm-linux-gnueabihf/libc/usr/lib -L/opt/ssd20x/gcc-arm-8.2-2018.08-x86_64-arm-linux-gnueabihf/arm-linux-gnueabihf/libc/lib -znow -zrelro  -o strace strace-access.o strace-affinity.o strace-aio.o strace-alpha.o strace-basic_filters.o strace-bind.o strace-bjm.o strace-block.o strace-bpf.o strace-bpf_filter.o strace-bpf_seccomp_filter.o strace-bpf_sock_filter.o strace-btrfs.o strace-cacheflush.o strace-capability.o strace-chdir.o strace-chmod.o strace-clone.o strace-copy_file_range.o strace-count.o strace-delay.o strace-desc.o strace-dirent.o strace-dirent64.o strace-dm.o strace-dyxlat.o strace-epoll.o strace-error_prints.o strace-evdev.o strace-evdev_mpers.o strace-eventfd.o strace-execve.o strace-fadvise.o strace-fallocate.o strace-fanotify.o strace-fchownat.o strace-fcntl.o strace-fetch_bpf_fprog.o strace-fetch_struct_flock.o strace-fetch_struct_keyctl_kdf_params.o strace-fetch_struct_mmsghdr.o strace-fetch_struct_msghdr.o strace-fetch_struct_stat.o strace-fetch_struct_stat64.o strace-fetch_struct_statfs.o strace-file_handle.o strace-file_ioctl.o strace-filter_qualify.o strace-flock.o strace-fs_x_ioctl.o strace-futex.o strace-get_robust_list.o strace-getcpu.o strace-getcwd.o strace-getrandom.o strace-hdio.o strace-hostname.o strace-inotify.o strace-io.o strace-ioctl.o strace-ioperm.o strace-iopl.o strace-ioprio.o strace-ipc_msg.o strace-ipc_msgctl.o strace-ipc_sem.o strace-ipc_shm.o strace-ipc_shmctl.o strace-kcmp.o strace-kexec.o strace-keyctl.o strace-kvm.o strace-ldt.o strace-link.o strace-listen.o strace-lookup_dcookie.o strace-loop.o strace-lseek.o strace-mem.o strace-membarrier.o strace-memfd_create.o strace-mknod.o strace-mmap_cache.o strace-mmsghdr.o strace-mount.o strace-mq.o strace-msghdr.o strace-mtd.o strace-net.o strace-netlink.o strace-netlink_crypto.o strace-netlink_inet_diag.o strace-netlink_netfilter.o strace-netlink_netlink_diag.o strace-netlink_packet_diag.o strace-netlink_route.o strace-netlink_selinux.o strace-netlink_smc_diag.o strace-netlink_sock_diag.o strace-netlink_unix_diag.o strace-nlattr.o strace-nsfs.o strace-numa.o strace-number_set.o strace-oldstat.o strace-open.o strace-or1k_atomic.o strace-pathtrace.o strace-perf.o strace-personality.o strace-pkeys.o strace-poll.o strace-prctl.o strace-print_dev_t.o strace-print_group_req.o strace-print_ifindex.o strace-print_mq_attr.o strace-print_msgbuf.o strace-print_sg_req_info.o strace-print_sigevent.o strace-print_statfs.o strace-print_struct_stat.o strace-print_time.o strace-print_timespec.o strace-print_timeval.o strace-print_timex.o strace-printmode.o strace-printrusage.o strace-printsiginfo.o strace-process.o strace-process_vm.o strace-ptp.o strace-quota.o strace-readahead.o strace-readlink.o strace-reboot.o strace-renameat.o strace-resource.o strace-retval.o strace-riscv.o strace-rt_sigframe.o strace-rt_sigreturn.o strace-rtc.o strace-rtnl_addr.o strace-rtnl_addrlabel.o strace-rtnl_dcb.o strace-rtnl_link.o strace-rtnl_mdb.o strace-rtnl_neigh.o strace-rtnl_neightbl.o strace-rtnl_netconf.o strace-rtnl_nsid.o strace-rtnl_route.o strace-rtnl_rule.o strace-rtnl_tc.o strace-rtnl_tc_action.o strace-s390.o strace-sched.o strace-scsi.o strace-seccomp.o strace-sendfile.o strace-sg_io_v3.o strace-sg_io_v4.o strace-shutdown.o strace-sigaltstack.o strace-signal.o strace-signalfd.o strace-sock.o strace-sockaddr.o strace-socketutils.o strace-sparc.o strace-sram_alloc.o strace-stat.o strace-stat64.o strace-statfs.o strace-statx.o strace-strace.o strace-string_to_uint.o strace-swapon.o strace-syscall.o strace-sysctl.o strace-sysinfo.o strace-syslog.o strace-sysmips.o strace-term.o strace-time.o strace-times.o strace-truncate.o strace-ubi.o strace-ucopy.o strace-uid.o strace-uid16.o strace-umask.o strace-umount.o strace-uname.o strace-userfaultfd.o strace-ustat.o strace-util.o strace-utime.o strace-utimes.o strace-v4l2.o strace-wait.o strace-xattr.o strace-xlat.o strace-xmalloc.o strace-bpf_attr_check.o  libstrace.a  -lrt      
make[6]: Leaving directory '/media/gwind/windcode/openwrt-ssd20x/18.06/build_dir/target-arm-linux-gnueabihf_glibc/linux-sstar_ssd20x/strace-4.22'
Making all in tests
make[6]: Entering directory '/media/gwind/windcode/openwrt-ssd20x/18.06/build_dir/target-arm-linux-gnueabihf_glibc/linux-sstar_ssd20x/strace-4.22/tests'
echo '#include <asm/unistd.h>' | \
	arm-linux-gnueabihf-gcc -E  -I. -I../linux/arm -I../linux/arm -I../linux -I../linux -I.. -I.. -DTESTS_SIZEOF_KERNEL_LONG_T=4 -DTESTS_SIZEOF_LONG=4 -I/media/gwind/windcode/openwrt-ssd20x/18.06/staging_dir/target-arm-linux-gnueabihf_glibc/usr/include -I/media/gwind/windcode/openwrt-ssd20x/18.06/staging_dir/target-arm-linux-gnueabihf_glibc/include  -dM - > ksysent.h.t1
LC_COLLATE=C sed -r -n -f ./ksysent.sed < ksysent.h.t1 > ksysent.h.t2
mv -f ksysent.h.t2 ksysent.h
rm -f ksysent.h.t1
arm-linux-gnueabihf-gcc -E -P -DHAVE_CONFIG_H     -I. -I../linux/arm -I../linux/arm -I../linux -I../linux -I.. -I.. -DTESTS_SIZEOF_KERNEL_LONG_T=4 -DTESTS_SIZEOF_LONG=4 -I/media/gwind/windcode/openwrt-ssd20x/18.06/staging_dir/target-arm-linux-gnueabihf_glibc/usr/include -I/media/gwind/windcode/openwrt-ssd20x/18.06/staging_dir/target-arm-linux-gnueabihf_glibc/include  -include ../config.h ../linux/arm/syscallent.h -o syscallent.i
echo '/* Generated by Makefile from ../scno.head syscallent.i; do not edit. */' > scno.h-t
cat ../scno.head >> scno.h-t
LC_ALL=C sed -n '/TRACE_INDIRECT_SUBCALL/d; s/^\[[[:space:]]*\([[:digit:]][[:digit:]]*\)\][[:space:]]*=[[:space:]]*{[^,]*,[^,]*,[^,]*,[[:space:]]*"\([[:alnum:]_][[:alnum:]_]*\)"[[:space:]]*},.*/#ifndef __NR_\2\n# define __NR_\2 (SYSCALL_BIT | \1)\n#endif/p' syscallent.i >> scno.h-t
mv scno.h-t scno.h
make  all-am
make[7]: Entering directory '/media/gwind/windcode/openwrt-ssd20x/18.06/build_dir/target-arm-linux-gnueabihf_glibc/linux-sstar_ssd20x/strace-4.22/tests'
make[7]: Nothing to be done for 'all-am'.
make[7]: Leaving directory '/media/gwind/windcode/openwrt-ssd20x/18.06/build_dir/target-arm-linux-gnueabihf_glibc/linux-sstar_ssd20x/strace-4.22/tests'
make[6]: Leaving directory '/media/gwind/windcode/openwrt-ssd20x/18.06/build_dir/target-arm-linux-gnueabihf_glibc/linux-sstar_ssd20x/strace-4.22/tests'
make[5]: Leaving directory '/media/gwind/windcode/openwrt-ssd20x/18.06/build_dir/target-arm-linux-gnueabihf_glibc/linux-sstar_ssd20x/strace-4.22'
rm ioctlsort0 ioctlsort0.o ioctls_all0.h
make[4]: Leaving directory '/media/gwind/windcode/openwrt-ssd20x/18.06/build_dir/target-arm-linux-gnueabihf_glibc/linux-sstar_ssd20x/strace-4.22'
CFLAGS="-Os -pipe -Wno-implicit-fallthrough -mfpu=neon -Wno-format-overflow -fno-caller-saves -fno-plt -mfloat-abi=hard  -D_FORTIFY_SOURCE=1 -Wl,-z,now -Wl,-z,relro  -I/media/gwind/windcode/openwrt-ssd20x/18.06/staging_dir/target-arm-linux-gnueabihf_glibc/usr/include -I/media/gwind/windcode/openwrt-ssd20x/18.06/staging_dir/target-arm-linux-gnueabihf_glibc/include " CXXFLAGS="-Os -pipe -Wno-implicit-fallthrough -mfpu=neon -Wno-format-overflow -fno-caller-saves -fno-plt -mfloat-abi=hard  -D_FORTIFY_SOURCE=1 -Wl,-z,now -Wl,-z,relro  -I/media/gwind/windcode/openwrt-ssd20x/18.06/staging_dir/target-arm-linux-gnueabihf_glibc/usr/include -I/media/gwind/windcode/openwrt-ssd20x/18.06/staging_dir/target-arm-linux-gnueabihf_glibc/include " LDFLAGS="-L/media/gwind/windcode/openwrt-ssd20x/18.06/staging_dir/target-arm-linux-gnueabihf_glibc/usr/lib -L/media/gwind/windcode/openwrt-ssd20x/18.06/staging_dir/target-arm-linux-gnueabihf_glibc/lib -L/opt/ssd20x/gcc-arm-8.2-2018.08-x86_64-arm-linux-gnueabihf/arm-linux-gnueabihf/libc/usr/lib -L/opt/ssd20x/gcc-arm-8.2-2018.08-x86_64-arm-linux-gnueabihf/arm-linux-gnueabihf/libc/lib -znow -zrelro " make -C /media/gwind/windcode/openwrt-ssd20x/18.06/build_dir/target-arm-linux-gnueabihf_glibc/linux-sstar_ssd20x/strace-4.22/. CCOPT="-Os -pipe -Wno-implicit-fallthrough -mfpu=neon -Wno-format-overflow -fno-caller-saves -fno-plt -mfloat-abi=hard  -D_FORTIFY_SOURCE=1 -Wl,-z,now -Wl,-z,relro" DESTDIR="/media/gwind/windcode/openwrt-ssd20x/18.06/build_dir/target-arm-linux-gnueabihf_glibc/linux-sstar_ssd20x/strace-4.22/ipkg-install"  install;
make[4]: Entering directory '/media/gwind/windcode/openwrt-ssd20x/18.06/build_dir/target-arm-linux-gnueabihf_glibc/linux-sstar_ssd20x/strace-4.22'
make  install-recursive
make[5]: Entering directory '/media/gwind/windcode/openwrt-ssd20x/18.06/build_dir/target-arm-linux-gnueabihf_glibc/linux-sstar_ssd20x/strace-4.22'
Making install in .
make[6]: Entering directory '/media/gwind/windcode/openwrt-ssd20x/18.06/build_dir/target-arm-linux-gnueabihf_glibc/linux-sstar_ssd20x/strace-4.22'
make[7]: Entering directory '/media/gwind/windcode/openwrt-ssd20x/18.06/build_dir/target-arm-linux-gnueabihf_glibc/linux-sstar_ssd20x/strace-4.22'
 /bin/mkdir -p '/media/gwind/windcode/openwrt-ssd20x/18.06/build_dir/target-arm-linux-gnueabihf_glibc/linux-sstar_ssd20x/strace-4.22/ipkg-install/usr/bin'
  /usr/bin/install -c strace '/media/gwind/windcode/openwrt-ssd20x/18.06/build_dir/target-arm-linux-gnueabihf_glibc/linux-sstar_ssd20x/strace-4.22/ipkg-install/usr/bin'
 /bin/mkdir -p '/media/gwind/windcode/openwrt-ssd20x/18.06/build_dir/target-arm-linux-gnueabihf_glibc/linux-sstar_ssd20x/strace-4.22/ipkg-install/usr/bin'
 /usr/bin/install -c strace-graph strace-log-merge '/media/gwind/windcode/openwrt-ssd20x/18.06/build_dir/target-arm-linux-gnueabihf_glibc/linux-sstar_ssd20x/strace-4.22/ipkg-install/usr/bin'
 /bin/mkdir -p '/media/gwind/windcode/openwrt-ssd20x/18.06/build_dir/target-arm-linux-gnueabihf_glibc/linux-sstar_ssd20x/strace-4.22/ipkg-install/usr/man/man1'
 /usr/bin/install -c -m 644 strace.1 strace-log-merge.1 '/media/gwind/windcode/openwrt-ssd20x/18.06/build_dir/target-arm-linux-gnueabihf_glibc/linux-sstar_ssd20x/strace-4.22/ipkg-install/usr/man/man1'
make[7]: Leaving directory '/media/gwind/windcode/openwrt-ssd20x/18.06/build_dir/target-arm-linux-gnueabihf_glibc/linux-sstar_ssd20x/strace-4.22'
make[6]: Leaving directory '/media/gwind/windcode/openwrt-ssd20x/18.06/build_dir/target-arm-linux-gnueabihf_glibc/linux-sstar_ssd20x/strace-4.22'
Making install in tests
make[6]: Entering directory '/media/gwind/windcode/openwrt-ssd20x/18.06/build_dir/target-arm-linux-gnueabihf_glibc/linux-sstar_ssd20x/strace-4.22/tests'
make  install-am
make[7]: Entering directory '/media/gwind/windcode/openwrt-ssd20x/18.06/build_dir/target-arm-linux-gnueabihf_glibc/linux-sstar_ssd20x/strace-4.22/tests'
make[8]: Entering directory '/media/gwind/windcode/openwrt-ssd20x/18.06/build_dir/target-arm-linux-gnueabihf_glibc/linux-sstar_ssd20x/strace-4.22/tests'
make[8]: Nothing to be done for 'install-exec-am'.
make[8]: Nothing to be done for 'install-data-am'.
make[8]: Leaving directory '/media/gwind/windcode/openwrt-ssd20x/18.06/build_dir/target-arm-linux-gnueabihf_glibc/linux-sstar_ssd20x/strace-4.22/tests'
make[7]: Leaving directory '/media/gwind/windcode/openwrt-ssd20x/18.06/build_dir/target-arm-linux-gnueabihf_glibc/linux-sstar_ssd20x/strace-4.22/tests'
make[6]: Leaving directory '/media/gwind/windcode/openwrt-ssd20x/18.06/build_dir/target-arm-linux-gnueabihf_glibc/linux-sstar_ssd20x/strace-4.22/tests'
make[5]: Leaving directory '/media/gwind/windcode/openwrt-ssd20x/18.06/build_dir/target-arm-linux-gnueabihf_glibc/linux-sstar_ssd20x/strace-4.22'
make[4]: Leaving directory '/media/gwind/windcode/openwrt-ssd20x/18.06/build_dir/target-arm-linux-gnueabihf_glibc/linux-sstar_ssd20x/strace-4.22'
touch /media/gwind/windcode/openwrt-ssd20x/18.06/build_dir/target-arm-linux-gnueabihf_glibc/linux-sstar_ssd20x/strace-4.22/.built
rm -rf /media/gwind/windcode/openwrt-ssd20x/18.06/build_dir/target-arm-linux-gnueabihf_glibc/linux-sstar_ssd20x/strace-4.22/.pkgdir/strace.installed /media/gwind/windcode/openwrt-ssd20x/18.06/build_dir/target-arm-linux-gnueabihf_glibc/linux-sstar_ssd20x/strace-4.22/.pkgdir/strace
mkdir -p /media/gwind/windcode/openwrt-ssd20x/18.06/build_dir/target-arm-linux-gnueabihf_glibc/linux-sstar_ssd20x/strace-4.22/.pkgdir/strace
install -d -m0755 /media/gwind/windcode/openwrt-ssd20x/18.06/build_dir/target-arm-linux-gnueabihf_glibc/linux-sstar_ssd20x/strace-4.22/.pkgdir/strace/usr/bin
install -m0755 /media/gwind/windcode/openwrt-ssd20x/18.06/build_dir/target-arm-linux-gnueabihf_glibc/linux-sstar_ssd20x/strace-4.22/ipkg-install/usr/bin/strace /media/gwind/windcode/openwrt-ssd20x/18.06/build_dir/target-arm-linux-gnueabihf_glibc/linux-sstar_ssd20x/strace-4.22/.pkgdir/strace/usr/bin/
touch /media/gwind/windcode/openwrt-ssd20x/18.06/build_dir/target-arm-linux-gnueabihf_glibc/linux-sstar_ssd20x/strace-4.22/.pkgdir/strace.installed
mkdir -p /media/gwind/windcode/openwrt-ssd20x/18.06/staging_dir/target-arm-linux-gnueabihf_glibc/root-sstar/stamp
SHELL= flock /media/gwind/windcode/openwrt-ssd20x/18.06/tmp/.root-copy.flock -c 'cp -fpR /media/gwind/windcode/openwrt-ssd20x/18.06/build_dir/target-arm-linux-gnueabihf_glibc/linux-sstar_ssd20x/strace-4.22/.pkgdir/strace/. /media/gwind/windcode/openwrt-ssd20x/18.06/staging_dir/target-arm-linux-gnueabihf_glibc/root-sstar/'
touch /media/gwind/windcode/openwrt-ssd20x/18.06/staging_dir/target-arm-linux-gnueabihf_glibc/root-sstar/stamp/.strace_installed
mkdir -p /media/gwind/windcode/openwrt-ssd20x/18.06/bin/targets/sstar/ssd20x/packages /media/gwind/windcode/openwrt-ssd20x/18.06/build_dir/target-arm-linux-gnueabihf_glibc/linux-sstar_ssd20x/strace-4.22/ipkg-arm_cortex-a7_neon/strace/CONTROL /media/gwind/windcode/openwrt-ssd20x/18.06/staging_dir/target-arm-linux-gnueabihf_glibc/pkginfo
install -d -m0755 /media/gwind/windcode/openwrt-ssd20x/18.06/build_dir/target-arm-linux-gnueabihf_glibc/linux-sstar_ssd20x/strace-4.22/ipkg-arm_cortex-a7_neon/strace/usr/bin
install -m0755 /media/gwind/windcode/openwrt-ssd20x/18.06/build_dir/target-arm-linux-gnueabihf_glibc/linux-sstar_ssd20x/strace-4.22/ipkg-install/usr/bin/strace /media/gwind/windcode/openwrt-ssd20x/18.06/build_dir/target-arm-linux-gnueabihf_glibc/linux-sstar_ssd20x/strace-4.22/ipkg-arm_cortex-a7_neon/strace/usr/bin/
find /media/gwind/windcode/openwrt-ssd20x/18.06/build_dir/target-arm-linux-gnueabihf_glibc/linux-sstar_ssd20x/strace-4.22/ipkg-arm_cortex-a7_neon/strace -name 'CVS' -o -name '.svn' -o -name '.#*' -o -name '*~'| xargs -r rm -rf
export CROSS="arm-linux-gnueabihf-"  NO_RENAME=1 ; NM="arm-linux-gnueabihf-nm" STRIP="arm-linux-gnueabihf-strip --strip-all" STRIP_KMOD="/media/gwind/windcode/openwrt-ssd20x/18.06/scripts/strip-kmod.sh" PATCHELF="/media/gwind/windcode/openwrt-ssd20x/18.06/staging_dir/host/bin/patchelf" /media/gwind/windcode/openwrt-ssd20x/18.06/scripts/rstrip.sh /media/gwind/windcode/openwrt-ssd20x/18.06/build_dir/target-arm-linux-gnueabihf_glibc/linux-sstar_ssd20x/strace-4.22/ipkg-arm_cortex-a7_neon/strace
rstrip.sh: /media/gwind/windcode/openwrt-ssd20x/18.06/build_dir/target-arm-linux-gnueabihf_glibc/linux-sstar_ssd20x/strace-4.22/ipkg-arm_cortex-a7_neon/strace/usr/bin/strace: executable
(cd /media/gwind/windcode/openwrt-ssd20x/18.06/build_dir/target-arm-linux-gnueabihf_glibc/linux-sstar_ssd20x/strace-4.22/ipkg-arm_cortex-a7_neon/strace/CONTROL; ( echo "$CONTROL"; printf "Description: "; echo "$DESCRIPTION" | sed -e 's,^[[:space:]]*, ,g'; ) > control; chmod 644 control; ( echo "#!/bin/sh"; echo "[ \"\${IPKG_NO_SCRIPT}\" = \"1\" ] && exit 0"; echo "[ -x "\${IPKG_INSTROOT}/lib/functions.sh" ] || exit 0"; echo ". \${IPKG_INSTROOT}/lib/functions.sh"; echo "default_postinst \$0 \$@"; ) > postinst; ( echo "#!/bin/sh"; echo "[ -x "\${IPKG_INSTROOT}/lib/functions.sh" ] || exit 0"; echo ". \${IPKG_INSTROOT}/lib/functions.sh"; echo "default_prerm \$0 \$@"; ) > prerm; chmod 0755 postinst prerm;  )
install -d -m0755 /media/gwind/windcode/openwrt-ssd20x/18.06/bin/packages/arm_cortex-a7_neon/base
/media/gwind/windcode/openwrt-ssd20x/18.06/scripts/ipkg-build -c -o 0 -g 0 /media/gwind/windcode/openwrt-ssd20x/18.06/build_dir/target-arm-linux-gnueabihf_glibc/linux-sstar_ssd20x/strace-4.22/ipkg-arm_cortex-a7_neon/strace /media/gwind/windcode/openwrt-ssd20x/18.06/bin/packages/arm_cortex-a7_neon/base
Packaged contents of /media/gwind/windcode/openwrt-ssd20x/18.06/build_dir/target-arm-linux-gnueabihf_glibc/linux-sstar_ssd20x/strace-4.22/ipkg-arm_cortex-a7_neon/strace into /media/gwind/windcode/openwrt-ssd20x/18.06/bin/packages/arm_cortex-a7_neon/base/strace_4.22-1_arm_cortex-a7_neon.ipk
echo "strace" >> /media/gwind/windcode/openwrt-ssd20x/18.06/staging_dir/target-arm-linux-gnueabihf_glibc/pkginfo/strace.default.install
make[3]: Leaving directory '/media/gwind/windcode/openwrt-ssd20x/18.06/package/devel/strace'
make[3]: Entering directory '/media/gwind/windcode/openwrt-ssd20x/18.06/feeds/luci/modules/luci-base'
make[3]: Leaving directory '/media/gwind/windcode/openwrt-ssd20x/18.06/feeds/luci/modules/luci-base'
make[3]: Entering directory '/media/gwind/windcode/openwrt-ssd20x/18.06/package/network/utils/iptables'
touch /media/gwind/windcode/openwrt-ssd20x/18.06/build_dir/target-arm-linux-gnueabihf_glibc/linux-sstar_ssd20x/iptables-1.6.2/.prepared_518b2df493f40f901773c9f4655dbd65_6664517399ebbbc92a37c5bb081b5c53_check
. /media/gwind/windcode/openwrt-ssd20x/18.06/include/shell.sh; xzcat /media/gwind/windcode/openwrt-ssd20x/18.06/dl/iptables-1.6.2.tar.xz | tar -C /media/gwind/windcode/openwrt-ssd20x/18.06/build_dir/target-arm-linux-gnueabihf_glibc/linux-sstar_ssd20x/iptables-1.6.2/.. -xf - 
[ ! -d ./src/ ] || cp -fpR ./src/. /media/gwind/windcode/openwrt-ssd20x/18.06/build_dir/target-arm-linux-gnueabihf_glibc/linux-sstar_ssd20x/iptables-1.6.2

Applying ./patches/020-iptables-disable-modprobe.patch using plaintext: 
patching file libxtables/xtables.c

Applying ./patches/030-extensions-libxt_bpf-Fix-build-with-old-kernel-versi.patch using plaintext: 
patching file extensions/libxt_bpf.c

Applying ./patches/050-optional-xml.patch using plaintext: 
patching file iptables/xtables-multi.c

Applying ./patches/200-configurable_builtin.patch using plaintext: 
patching file extensions/GNUmakefile.in

Applying ./patches/600-shared-libext.patch using plaintext: 
patching file extensions/GNUmakefile.in
patching file iptables/Makefile.am

Applying ./patches/700-disable-legacy-revisions.patch using plaintext: 
patching file extensions/libxt_conntrack.c
patching file extensions/libxt_CT.c
patching file extensions/libxt_multiport.c

Applying ./patches/800-flowoffload_target.patch using plaintext: 
patching file extensions/libxt_FLOWOFFLOAD.c
patching file include/linux/netfilter/xt_FLOWOFFLOAD.h

Applying ./patches/900-fix-cve-2019-11360.patch using plaintext: 
patching file iptables/iptables-restore.c
touch /media/gwind/windcode/openwrt-ssd20x/18.06/build_dir/target-arm-linux-gnueabihf_glibc/linux-sstar_ssd20x/iptables-1.6.2/.prepared_518b2df493f40f901773c9f4655dbd65_6664517399ebbbc92a37c5bb081b5c53
rm -f /media/gwind/windcode/openwrt-ssd20x/18.06/build_dir/target-arm-linux-gnueabihf_glibc/linux-sstar_ssd20x/iptables-1.6.2/.configured_*
rm -f /media/gwind/windcode/openwrt-ssd20x/18.06/staging_dir/target-arm-linux-gnueabihf_glibc/stamp/.iptables_installed
(cd /media/gwind/windcode/openwrt-ssd20x/18.06/build_dir/target-arm-linux-gnueabihf_glibc/linux-sstar_ssd20x/iptables-1.6.2; rm -f aclocal.m4; if [ -f ./configure.ac ] || [ -f ./configure.in ]; then [ -d ./autom4te.cache ] && rm -rf autom4te.cache; [ -e ./config.rpath ] || ln -s /media/gwind/windcode/openwrt-ssd20x/18.06/scripts/config.rpath ./config.rpath; touch NEWS AUTHORS COPYING ABOUT-NLS ChangeLog; AUTOM4TE=/media/gwind/windcode/openwrt-ssd20x/18.06/staging_dir/host/bin/autom4te AUTOCONF=/media/gwind/windcode/openwrt-ssd20x/18.06/staging_dir/host/bin/autoconf AUTOMAKE=/media/gwind/windcode/openwrt-ssd20x/18.06/staging_dir/host/bin/automake ACLOCAL=/media/gwind/windcode/openwrt-ssd20x/18.06/staging_dir/host/bin/aclocal AUTOHEADER=/media/gwind/windcode/openwrt-ssd20x/18.06/staging_dir/host/bin/autoheader LIBTOOLIZE=/media/gwind/windcode/openwrt-ssd20x/18.06/staging_dir/host/bin/libtoolize LIBTOOL=/media/gwind/windcode/openwrt-ssd20x/18.06/staging_dir/host/bin/libtool M4=/media/gwind/windcode/openwrt-ssd20x/18.06/staging_dir/host/bin/m4 AUTOPOINT=true /media/gwind/windcode/openwrt-ssd20x/18.06/staging_dir/host/bin/autoreconf -v -f -i -s -B /media/gwind/windcode/openwrt-ssd20x/18.06/staging_dir/host/share/aclocal -I /media/gwind/windcode/openwrt-ssd20x/18.06/staging_dir/target-arm-linux-gnueabihf_glibc/host/share/aclocal -I /media/gwind/windcode/openwrt-ssd20x/18.06/staging_dir/hostpkg/share/aclocal -I /media/gwind/windcode/openwrt-ssd20x/18.06/staging_dir/target-arm-linux-gnueabihf_glibc/usr/share/aclocal -I m4 -I . . || true; fi; );
OpenWrt-libtoolize: putting auxiliary files in AC_CONFIG_AUX_DIR, `build-aux'.
OpenWrt-libtoolize: linking file `build-aux/ltmain.sh'
OpenWrt-libtoolize: putting macros in AC_CONFIG_MACRO_DIR, `m4'.
OpenWrt-libtoolize: linking file `m4/libtool.m4'
OpenWrt-libtoolize: linking file `m4/ltoptions.m4'
OpenWrt-libtoolize: linking file `m4/ltsugar.m4'
OpenWrt-libtoolize: linking file `m4/ltversion.m4'
OpenWrt-libtoolize: linking file `m4/lt~obsolete.m4'
find /media/gwind/windcode/openwrt-ssd20x/18.06/build_dir/target-arm-linux-gnueabihf_glibc/linux-sstar_ssd20x/iptables-1.6.2 -name \*.o -or -name \*.\?o -or -name \*.a | xargs -r rm -f
rm -f /media/gwind/windcode/openwrt-ssd20x/18.06/build_dir/target-arm-linux-gnueabihf_glibc/linux-sstar_ssd20x/iptables-1.6.2/.config_*
rm -f /media/gwind/windcode/openwrt-ssd20x/18.06/build_dir/target-arm-linux-gnueabihf_glibc/linux-sstar_ssd20x/iptables-1.6.2/.configured_*
touch /media/gwind/windcode/openwrt-ssd20x/18.06/build_dir/target-arm-linux-gnueabihf_glibc/linux-sstar_ssd20x/iptables-1.6.2/.config_68b329da9893e34099c7d8ad5cb9c940_480ffadebe3962b479d735082470ced7
(cd /media/gwind/windcode/openwrt-ssd20x/18.06/build_dir/target-arm-linux-gnueabihf_glibc/linux-sstar_ssd20x/iptables-1.6.2/./; if [ -x ./configure ]; then find /media/gwind/windcode/openwrt-ssd20x/18.06/build_dir/target-arm-linux-gnueabihf_glibc/linux-sstar_ssd20x/iptables-1.6.2/ -name config.guess | xargs -r chmod u+w; find /media/gwind/windcode/openwrt-ssd20x/18.06/build_dir/target-arm-linux-gnueabihf_glibc/linux-sstar_ssd20x/iptables-1.6.2/ -name config.guess | xargs -r -n1 cp --remove-destination /media/gwind/windcode/openwrt-ssd20x/18.06/scripts/config.guess; find /media/gwind/windcode/openwrt-ssd20x/18.06/build_dir/target-arm-linux-gnueabihf_glibc/linux-sstar_ssd20x/iptables-1.6.2/ -name config.sub | xargs -r chmod u+w; find /media/gwind/windcode/openwrt-ssd20x/18.06/build_dir/target-arm-linux-gnueabihf_glibc/linux-sstar_ssd20x/iptables-1.6.2/ -name config.sub | xargs -r -n1 cp --remove-destination /media/gwind/windcode/openwrt-ssd20x/18.06/scripts/config.sub; AR="arm-linux-gnueabihf-ar" AS="arm-linux-gnueabihf-gcc -c -Os -pipe -Wno-implicit-fallthrough -mfpu=neon -Wno-format-overflow -fno-caller-saves -fno-plt -mfloat-abi=hard  -D_FORTIFY_SOURCE=1 -Wl,-z,now -Wl,-z,relro -I/media/gwind/windcode/openwrt-ssd20x/18.06/build_dir/target-arm-linux-gnueabihf_glibc/linux-sstar_ssd20x/iptables-1.6.2/include -I/media/gwind/windcode/openwrt-ssd20x/18.06/build_dir/target-arm-linux-gnueabihf_glibc/linux-sstar_ssd20x/linux-4.9.84/user_headers/include -ffunction-sections -fdata-sections -DNO_LEGACY" LD=arm-linux-gnueabihf-ld NM="arm-linux-gnueabihf-nm" CC="arm-linux-gnueabihf-gcc" GCC="arm-linux-gnueabihf-gcc" CXX="arm-linux-gnueabihf-g++" RANLIB="arm-linux-gnueabihf-ranlib" STRIP=arm-linux-gnueabihf-strip OBJCOPY=arm-linux-gnueabihf-objcopy OBJDUMP=arm-linux-gnueabihf-objdump SIZE=arm-linux-gnueabihf-size CFLAGS="-Os -pipe -Wno-implicit-fallthrough -mfpu=neon -Wno-format-overflow -fno-caller-saves -fno-plt -mfloat-abi=hard  -D_FORTIFY_SOURCE=1 -Wl,-z,now -Wl,-z,relro -I/media/gwind/windcode/openwrt-ssd20x/18.06/build_dir/target-arm-linux-gnueabihf_glibc/linux-sstar_ssd20x/iptables-1.6.2/include -I/media/gwind/windcode/openwrt-ssd20x/18.06/build_dir/target-arm-linux-gnueabihf_glibc/linux-sstar_ssd20x/linux-4.9.84/user_headers/include -ffunction-sections -fdata-sections -DNO_LEGACY " CXXFLAGS="-Os -pipe -Wno-implicit-fallthrough -mfpu=neon -Wno-format-overflow -fno-caller-saves -fno-plt -mfloat-abi=hard  -D_FORTIFY_SOURCE=1 -Wl,-z,now -Wl,-z,relro -I/media/gwind/windcode/openwrt-ssd20x/18.06/build_dir/target-arm-linux-gnueabihf_glibc/linux-sstar_ssd20x/iptables-1.6.2/include -I/media/gwind/windcode/openwrt-ssd20x/18.06/build_dir/target-arm-linux-gnueabihf_glibc/linux-sstar_ssd20x/linux-4.9.84/user_headers/include -ffunction-sections -fdata-sections -DNO_LEGACY " CPPFLAGS="-I/media/gwind/windcode/openwrt-ssd20x/18.06/build_dir/target-arm-linux-gnueabihf_glibc/linux-sstar_ssd20x/iptables-1.6.2/include -I/media/gwind/windcode/openwrt-ssd20x/18.06/build_dir/target-arm-linux-gnueabihf_glibc/linux-sstar_ssd20x/linux-4.9.84/user_headers/include -I/media/gwind/windcode/openwrt-ssd20x/18.06/staging_dir/target-arm-linux-gnueabihf_glibc/usr/include -I/media/gwind/windcode/openwrt-ssd20x/18.06/staging_dir/target-arm-linux-gnueabihf_glibc/include " LDFLAGS="-L/media/gwind/windcode/openwrt-ssd20x/18.06/staging_dir/target-arm-linux-gnueabihf_glibc/usr/lib -L/media/gwind/windcode/openwrt-ssd20x/18.06/staging_dir/target-arm-linux-gnueabihf_glibc/lib -L/opt/ssd20x/gcc-arm-8.2-2018.08-x86_64-arm-linux-gnueabihf/arm-linux-gnueabihf/libc/usr/lib -L/opt/ssd20x/gcc-arm-8.2-2018.08-x86_64-arm-linux-gnueabihf/arm-linux-gnueabihf/libc/lib -znow -zrelro -Wl,--gc-sections "   ./configure --target=arm-linux-gnueabihf --host=arm-linux-gnueabihf --build=x86_64-pc-linux-gnu --program-prefix="" --program-suffix="" --prefix=/usr --exec-prefix=/usr --bindir=/usr/bin --sbindir=/usr/sbin --libexecdir=/usr/lib --sysconfdir=/etc --datadir=/usr/share --localstatedir=/var --mandir=/usr/man --infodir=/usr/info --disable-nls  --enable-shared --enable-static --enable-devel --with-kernel="/media/gwind/windcode/openwrt-ssd20x/18.06/build_dir/target-arm-linux-gnueabihf_glibc/linux-sstar_ssd20x/linux-4.9.84/user_headers" --with-xtlibdir=/usr/lib/iptables --with-xt-lock-name=/var/run/xtables.lock --disable-connlabel --disable-nftables  iptables; fi; )
configure: loading site script /media/gwind/windcode/openwrt-ssd20x/18.06/include/site/arm
checking for a BSD-compatible install... /usr/bin/install -c
checking whether build environment is sane... yes
checking for arm-linux-gnueabihf-strip... arm-linux-gnueabihf-strip
checking for a thread-safe mkdir -p... /bin/mkdir -p
checking for gawk... gawk
checking whether make sets $(MAKE)... yes
checking whether make supports nested variables... yes
checking for arm-linux-gnueabihf-gcc... arm-linux-gnueabihf-gcc
checking whether the C compiler works... yes
checking for C compiler default output file name... a.out
checking for suffix of executables... 
checking whether we are cross compiling... yes
checking for suffix of object files... o
checking whether we are using the GNU C compiler... yes
checking whether arm-linux-gnueabihf-gcc accepts -g... yes
checking for arm-linux-gnueabihf-gcc option to accept ISO C89... none needed
checking whether arm-linux-gnueabihf-gcc understands -c and -o together... yes
checking for style of include used by make... GNU
checking dependency style of arm-linux-gnueabihf-gcc... gcc3
checking for arm-linux-gnueabihf-ar... arm-linux-gnueabihf-ar
checking the archiver (arm-linux-gnueabihf-ar) interface... ar
checking build system type... x86_64-pc-linux-gnu
checking host system type... arm-unknown-linux-gnueabihf
checking how to print strings... printf
checking for a sed that does not truncate output... /media/gwind/windcode/openwrt-ssd20x/18.06/staging_dir/host/bin/sed
checking for grep that handles long lines and -e... /media/gwind/windcode/openwrt-ssd20x/18.06/staging_dir/host/bin/grep
checking for egrep... /media/gwind/windcode/openwrt-ssd20x/18.06/staging_dir/host/bin/grep -E
checking for fgrep... /media/gwind/windcode/openwrt-ssd20x/18.06/staging_dir/host/bin/grep -F
checking for ld used by arm-linux-gnueabihf-gcc... arm-linux-gnueabihf-ld
checking if the linker (arm-linux-gnueabihf-ld) is GNU ld... yes
checking for BSD- or MS-compatible name lister (nm)... arm-linux-gnueabihf-nm
checking the name lister (arm-linux-gnueabihf-nm) interface... BSD nm
checking whether ln -s works... yes
checking the maximum length of command line arguments... 1572864
checking whether the shell understands some XSI constructs... yes
checking whether the shell understands "+="... yes
checking how to convert x86_64-pc-linux-gnu file names to arm-unknown-linux-gnueabihf format... func_convert_file_noop
checking how to convert x86_64-pc-linux-gnu file names to toolchain format... func_convert_file_noop
checking for arm-linux-gnueabihf-ld option to reload object files... -r
checking for arm-linux-gnueabihf-objdump... arm-linux-gnueabihf-objdump
checking how to recognize dependent libraries... pass_all
checking for arm-linux-gnueabihf-dlltool... no
checking for dlltool... no
checking how to associate runtime and link libraries... printf %s\n
checking for arm-linux-gnueabihf-ar... (cached) arm-linux-gnueabihf-ar
checking for archiver @FILE support... @
checking for arm-linux-gnueabihf-strip... (cached) arm-linux-gnueabihf-strip
checking for arm-linux-gnueabihf-ranlib... arm-linux-gnueabihf-ranlib
checking command to parse arm-linux-gnueabihf-nm output from arm-linux-gnueabihf-gcc object... ok
checking for sysroot... no
checking for arm-linux-gnueabihf-mt... no
checking for mt... mt
checking if mt is a manifest tool... no
checking how to run the C preprocessor... arm-linux-gnueabihf-gcc -E
checking for ANSI C header files... yes
checking for sys/types.h... yes
checking for sys/stat.h... yes
checking for stdlib.h... yes
checking for string.h... yes
checking for memory.h... yes
checking for strings.h... yes
checking for inttypes.h... yes
checking for stdint.h... yes
checking for unistd.h... yes
checking for dlfcn.h... yes
checking for objdir... .libs
checking if arm-linux-gnueabihf-gcc supports -fno-rtti -fno-exceptions... no
checking for arm-linux-gnueabihf-gcc option to produce PIC... -fPIC -DPIC
checking if arm-linux-gnueabihf-gcc PIC flag -fPIC -DPIC works... yes
checking if arm-linux-gnueabihf-gcc static flag -static works... yes
checking if arm-linux-gnueabihf-gcc supports -c -o file.o... yes
checking if arm-linux-gnueabihf-gcc supports -c -o file.o... (cached) yes
checking whether the arm-linux-gnueabihf-gcc linker (arm-linux-gnueabihf-ld) supports shared libraries... yes
checking whether -lc should be explicitly linked in... no
checking dynamic linker characteristics... GNU/Linux ld.so
checking how to hardcode library paths into programs... immediate
checking whether stripping libraries is possible... yes
checking if libtool supports shared libraries... yes
checking whether to build shared libraries... yes
checking whether to build static libraries... yes
checking whether the linker accepts -Wl,--no-as-needed... yes
checking whether arm-linux-gnueabihf-ld knows -Wl,--no-undefined... yes
checking linux/dccp.h usability... yes
checking linux/dccp.h presence... yes
checking for linux/dccp.h... yes
checking linux/ip_vs.h usability... yes
checking linux/ip_vs.h presence... yes
checking for linux/ip_vs.h... yes
checking linux/magic.h usability... yes
checking linux/magic.h presence... yes
checking for linux/magic.h... yes
checking linux/proc_fs.h usability... no
checking linux/proc_fs.h presence... no
checking for linux/proc_fs.h... no
checking linux/bpf.h usability... yes
checking linux/bpf.h presence... yes
checking for linux/bpf.h... yes
checking size of struct ip6_hdr... 40
checking pkg-config is at least version 0.9.0... yes
checking for libnfnetlink >= 1.0... no
checking that generated files are newer than configure... done
configure: creating ./config.status
config.status: creating Makefile
config.status: creating extensions/GNUmakefile
config.status: creating include/Makefile
config.status: creating iptables/Makefile
config.status: creating iptables/xtables.pc
config.status: creating iptables/iptables.8
config.status: creating iptables/iptables-extensions.8.tmpl
config.status: creating iptables/iptables-save.8
config.status: creating iptables/iptables-restore.8
config.status: creating iptables/iptables-apply.8
config.status: creating iptables/iptables-xml.1
config.status: creating libipq/Makefile
config.status: creating libipq/libipq.pc
config.status: creating libiptc/Makefile
config.status: creating libiptc/libiptc.pc
config.status: creating libiptc/libip4tc.pc
config.status: creating libiptc/libip6tc.pc
config.status: creating libxtables/Makefile
config.status: creating utils/Makefile
config.status: creating include/xtables-version.h
config.status: creating include/iptables/internal.h
config.status: creating utils/nfnl_osf.8
config.status: creating config.h
config.status: executing depfiles commands
config.status: executing libtool commands

Iptables Configuration:
  IPv4 support:				yes
  IPv6 support:				yes
  Devel support:			yes
  IPQ support:				no
  Large file support:			yes
  BPF utils support:			no
  nfsynproxy util support:		no
  nftables support:			no
  connlabel support:			no

Build parameters:
  Put plugins into executable (static):	yes
  Support plugins via dlopen (shared):	yes
  Installation prefix (--prefix):	/usr
  Xtables extension directory:		/usr/lib/iptables
  Pkg-config directory:			/usr/lib/pkgconfig
  Xtables lock file:			/var/run/xtables.lock
  Kernel source directory:		/media/gwind/windcode/openwrt-ssd20x/18.06/build_dir/target-arm-linux-gnueabihf_glibc/linux-sstar_ssd20x/linux-4.9.84/user_headers
  Kernel build directory:		/media/gwind/windcode/openwrt-ssd20x/18.06/build_dir/target-arm-linux-gnueabihf_glibc/linux-sstar_ssd20x/linux-4.9.84/user_headers
  Host:					arm-unknown-linux-gnueabihf
  GCC binary:				arm-linux-gnueabihf-gcc

Iptables modules that will not be built:  connlabel
touch /media/gwind/windcode/openwrt-ssd20x/18.06/build_dir/target-arm-linux-gnueabihf_glibc/linux-sstar_ssd20x/iptables-1.6.2/.configured_68b329da9893e34099c7d8ad5cb9c940_480ffadebe3962b479d735082470ced7
rm -f /media/gwind/windcode/openwrt-ssd20x/18.06/build_dir/target-arm-linux-gnueabihf_glibc/linux-sstar_ssd20x/iptables-1.6.2/.built
touch /media/gwind/windcode/openwrt-ssd20x/18.06/build_dir/target-arm-linux-gnueabihf_glibc/linux-sstar_ssd20x/iptables-1.6.2/.built_check
CFLAGS="-Os -pipe -Wno-implicit-fallthrough -mfpu=neon -Wno-format-overflow -fno-caller-saves -fno-plt -mfloat-abi=hard  -D_FORTIFY_SOURCE=1 -Wl,-z,now -Wl,-z,relro -I/media/gwind/windcode/openwrt-ssd20x/18.06/build_dir/target-arm-linux-gnueabihf_glibc/linux-sstar_ssd20x/iptables-1.6.2/include -I/media/gwind/windcode/openwrt-ssd20x/18.06/build_dir/target-arm-linux-gnueabihf_glibc/linux-sstar_ssd20x/linux-4.9.84/user_headers/include -ffunction-sections -fdata-sections -DNO_LEGACY  -I/media/gwind/windcode/openwrt-ssd20x/18.06/build_dir/target-arm-linux-gnueabihf_glibc/linux-sstar_ssd20x/iptables-1.6.2/include -I/media/gwind/windcode/openwrt-ssd20x/18.06/build_dir/target-arm-linux-gnueabihf_glibc/linux-sstar_ssd20x/linux-4.9.84/user_headers/include -I/media/gwind/windcode/openwrt-ssd20x/18.06/staging_dir/target-arm-linux-gnueabihf_glibc/usr/include -I/media/gwind/windcode/openwrt-ssd20x/18.06/staging_dir/target-arm-linux-gnueabihf_glibc/include " CXXFLAGS="-Os -pipe -Wno-implicit-fallthrough -mfpu=neon -Wno-format-overflow -fno-caller-saves -fno-plt -mfloat-abi=hard  -D_FORTIFY_SOURCE=1 -Wl,-z,now -Wl,-z,relro -I/media/gwind/windcode/openwrt-ssd20x/18.06/build_dir/target-arm-linux-gnueabihf_glibc/linux-sstar_ssd20x/iptables-1.6.2/include -I/media/gwind/windcode/openwrt-ssd20x/18.06/build_dir/target-arm-linux-gnueabihf_glibc/linux-sstar_ssd20x/linux-4.9.84/user_headers/include -ffunction-sections -fdata-sections -DNO_LEGACY  -I/media/gwind/windcode/openwrt-ssd20x/18.06/build_dir/target-arm-linux-gnueabihf_glibc/linux-sstar_ssd20x/iptables-1.6.2/include -I/media/gwind/windcode/openwrt-ssd20x/18.06/build_dir/target-arm-linux-gnueabihf_glibc/linux-sstar_ssd20x/linux-4.9.84/user_headers/include -I/media/gwind/windcode/openwrt-ssd20x/18.06/staging_dir/target-arm-linux-gnueabihf_glibc/usr/include -I/media/gwind/windcode/openwrt-ssd20x/18.06/staging_dir/target-arm-linux-gnueabihf_glibc/include " LDFLAGS="-L/media/gwind/windcode/openwrt-ssd20x/18.06/staging_dir/target-arm-linux-gnueabihf_glibc/usr/lib -L/media/gwind/windcode/openwrt-ssd20x/18.06/staging_dir/target-arm-linux-gnueabihf_glibc/lib -L/opt/ssd20x/gcc-arm-8.2-2018.08-x86_64-arm-linux-gnueabihf/arm-linux-gnueabihf/libc/usr/lib -L/opt/ssd20x/gcc-arm-8.2-2018.08-x86_64-arm-linux-gnueabihf/arm-linux-gnueabihf/libc/lib -znow -zrelro -Wl,--gc-sections " make  -C /media/gwind/windcode/openwrt-ssd20x/18.06/build_dir/target-arm-linux-gnueabihf_glibc/linux-sstar_ssd20x/iptables-1.6.2/. AR="arm-linux-gnueabihf-ar" AS="arm-linux-gnueabihf-gcc -c -Os -pipe -Wno-implicit-fallthrough -mfpu=neon -Wno-format-overflow -fno-caller-saves -fno-plt -mfloat-abi=hard  -D_FORTIFY_SOURCE=1 -Wl,-z,now -Wl,-z,relro -I/media/gwind/windcode/openwrt-ssd20x/18.06/build_dir/target-arm-linux-gnueabihf_glibc/linux-sstar_ssd20x/iptables-1.6.2/include -I/media/gwind/windcode/openwrt-ssd20x/18.06/build_dir/target-arm-linux-gnueabihf_glibc/linux-sstar_ssd20x/linux-4.9.84/user_headers/include -ffunction-sections -fdata-sections -DNO_LEGACY" LD=arm-linux-gnueabihf-ld NM="arm-linux-gnueabihf-nm" CC="arm-linux-gnueabihf-gcc" GCC="arm-linux-gnueabihf-gcc" CXX="arm-linux-gnueabihf-g++" RANLIB="arm-linux-gnueabihf-ranlib" STRIP=arm-linux-gnueabihf-strip OBJCOPY=arm-linux-gnueabihf-objcopy OBJDUMP=arm-linux-gnueabihf-objdump SIZE=arm-linux-gnueabihf-size COPT_FLAGS="-Os -pipe -Wno-implicit-fallthrough -mfpu=neon -Wno-format-overflow -fno-caller-saves -fno-plt -mfloat-abi=hard  -D_FORTIFY_SOURCE=1 -Wl,-z,now -Wl,-z,relro -I/media/gwind/windcode/openwrt-ssd20x/18.06/build_dir/target-arm-linux-gnueabihf_glibc/linux-sstar_ssd20x/iptables-1.6.2/include -I/media/gwind/windcode/openwrt-ssd20x/18.06/build_dir/target-arm-linux-gnueabihf_glibc/linux-sstar_ssd20x/linux-4.9.84/user_headers/include -ffunction-sections -fdata-sections -DNO_LEGACY" KERNEL_DIR="/media/gwind/windcode/openwrt-ssd20x/18.06/build_dir/target-arm-linux-gnueabihf_glibc/linux-sstar_ssd20x/linux-4.9.84/user_headers/" PREFIX=/usr KBUILD_OUTPUT="/media/gwind/windcode/openwrt-ssd20x/18.06/build_dir/target-arm-linux-gnueabihf_glibc/linux-sstar_ssd20x/linux-4.9.84" BUILTIN_MODULES="standard icmp tcp udp comment set SET limit mac multiport comment LOG nf_log_common nf_log_ipv4 TCPMSS REJECT time mark MARK state conntrack SNAT DNAT MASQUERADE REDIRECT" ;
make[4]: Entering directory '/media/gwind/windcode/openwrt-ssd20x/18.06/build_dir/target-arm-linux-gnueabihf_glibc/linux-sstar_ssd20x/iptables-1.6.2'
make  all-recursive
make[5]: Entering directory '/media/gwind/windcode/openwrt-ssd20x/18.06/build_dir/target-arm-linux-gnueabihf_glibc/linux-sstar_ssd20x/iptables-1.6.2'
Making all in libiptc
make[6]: Entering directory '/media/gwind/windcode/openwrt-ssd20x/18.06/build_dir/target-arm-linux-gnueabihf_glibc/linux-sstar_ssd20x/iptables-1.6.2/libiptc'
/bin/bash ../libtool  --tag=CC   --mode=compile arm-linux-gnueabihf-gcc -DHAVE_CONFIG_H -I. -I..  -D_LARGEFILE_SOURCE=1 -D_LARGE_FILES -D_FILE_OFFSET_BITS=64 -D_REENTRANT 	-DXTABLES_LIBDIR=\"/usr/lib/iptables\" -DXTABLES_INTERNAL -I../include -I../include -I/media/gwind/windcode/openwrt-ssd20x/18.06/build_dir/target-arm-linux-gnueabihf_glibc/linux-sstar_ssd20x/linux-4.9.84/user_headers/include/uapi -I/media/gwind/windcode/openwrt-ssd20x/18.06/build_dir/target-arm-linux-gnueabihf_glibc/linux-sstar_ssd20x/linux-4.9.84/user_headers/include -I/media/gwind/windcode/openwrt-ssd20x/18.06/build_dir/target-arm-linux-gnueabihf_glibc/linux-sstar_ssd20x/linux-4.9.84/user_headers/include/uapi -I/media/gwind/windcode/openwrt-ssd20x/18.06/build_dir/target-arm-linux-gnueabihf_glibc/linux-sstar_ssd20x/linux-4.9.84/user_headers/include -I/media/gwind/windcode/openwrt-ssd20x/18.06/build_dir/target-arm-linux-gnueabihf_glibc/linux-sstar_ssd20x/iptables-1.6.2/include -I/media/gwind/windcode/openwrt-ssd20x/18.06/build_dir/target-arm-linux-gnueabihf_glibc/linux-sstar_ssd20x/linux-4.9.84/user_headers/include -I/media/gwind/windcode/openwrt-ssd20x/18.06/staging_dir/target-arm-linux-gnueabihf_glibc/usr/include -I/media/gwind/windcode/openwrt-ssd20x/18.06/staging_dir/target-arm-linux-gnueabihf_glibc/include  -Wall -Waggregate-return -Wmissing-declarations 	-Wmissing-prototypes -Wredundant-decls -Wshadow -Wstrict-prototypes 	-Winline -pipe -Os -pipe -Wno-implicit-fallthrough -mfpu=neon -Wno-format-overflow -fno-caller-saves -fno-plt -mfloat-abi=hard  -D_FORTIFY_SOURCE=1 -Wl,-z,now -Wl,-z,relro -I/media/gwind/windcode/openwrt-ssd20x/18.06/build_dir/target-arm-linux-gnueabihf_glibc/linux-sstar_ssd20x/iptables-1.6.2/include -I/media/gwind/windcode/openwrt-ssd20x/18.06/build_dir/target-arm-linux-gnueabihf_glibc/linux-sstar_ssd20x/linux-4.9.84/user_headers/include -ffunction-sections -fdata-sections -DNO_LEGACY  -MT libip4tc.lo -MD -MP -MF .deps/libip4tc.Tpo -c -o libip4tc.lo libip4tc.c
OpenWrt-libtool: compile:  arm-linux-gnueabihf-gcc -DHAVE_CONFIG_H -I. -I.. -D_LARGEFILE_SOURCE=1 -D_LARGE_FILES -D_FILE_OFFSET_BITS=64 -D_REENTRANT -DXTABLES_LIBDIR=\"/usr/lib/iptables\" -DXTABLES_INTERNAL -I../include -I../include -I/media/gwind/windcode/openwrt-ssd20x/18.06/build_dir/target-arm-linux-gnueabihf_glibc/linux-sstar_ssd20x/linux-4.9.84/user_headers/include/uapi -I/media/gwind/windcode/openwrt-ssd20x/18.06/build_dir/target-arm-linux-gnueabihf_glibc/linux-sstar_ssd20x/linux-4.9.84/user_headers/include -I/media/gwind/windcode/openwrt-ssd20x/18.06/build_dir/target-arm-linux-gnueabihf_glibc/linux-sstar_ssd20x/linux-4.9.84/user_headers/include/uapi -I/media/gwind/windcode/openwrt-ssd20x/18.06/build_dir/target-arm-linux-gnueabihf_glibc/linux-sstar_ssd20x/linux-4.9.84/user_headers/include -I/media/gwind/windcode/openwrt-ssd20x/18.06/build_dir/target-arm-linux-gnueabihf_glibc/linux-sstar_ssd20x/iptables-1.6.2/include -I/media/gwind/windcode/openwrt-ssd20x/18.06/build_dir/target-arm-linux-gnueabihf_glibc/linux-sstar_ssd20x/linux-4.9.84/user_headers/include -I/media/gwind/windcode/openwrt-ssd20x/18.06/staging_dir/target-arm-linux-gnueabihf_glibc/usr/include -I/media/gwind/windcode/openwrt-ssd20x/18.06/staging_dir/target-arm-linux-gnueabihf_glibc/include -Wall -Waggregate-return -Wmissing-declarations -Wmissing-prototypes -Wredundant-decls -Wshadow -Wstrict-prototypes -Winline -pipe -Os -pipe -Wno-implicit-fallthrough -mfpu=neon -Wno-format-overflow -fno-caller-saves -fno-plt -mfloat-abi=hard -D_FORTIFY_SOURCE=1 -Wl,-z,now -Wl,-z,relro -I/media/gwind/windcode/openwrt-ssd20x/18.06/build_dir/target-arm-linux-gnueabihf_glibc/linux-sstar_ssd20x/iptables-1.6.2/include -I/media/gwind/windcode/openwrt-ssd20x/18.06/build_dir/target-arm-linux-gnueabihf_glibc/linux-sstar_ssd20x/linux-4.9.84/user_headers/include -ffunction-sections -fdata-sections -DNO_LEGACY -MT libip4tc.lo -MD -MP -MF .deps/libip4tc.Tpo -c libip4tc.c  -fPIC -DPIC -o .libs/libip4tc.o
OpenWrt-libtool: compile:  arm-linux-gnueabihf-gcc -DHAVE_CONFIG_H -I. -I.. -D_LARGEFILE_SOURCE=1 -D_LARGE_FILES -D_FILE_OFFSET_BITS=64 -D_REENTRANT -DXTABLES_LIBDIR=\"/usr/lib/iptables\" -DXTABLES_INTERNAL -I../include -I../include -I/media/gwind/windcode/openwrt-ssd20x/18.06/build_dir/target-arm-linux-gnueabihf_glibc/linux-sstar_ssd20x/linux-4.9.84/user_headers/include/uapi -I/media/gwind/windcode/openwrt-ssd20x/18.06/build_dir/target-arm-linux-gnueabihf_glibc/linux-sstar_ssd20x/linux-4.9.84/user_headers/include -I/media/gwind/windcode/openwrt-ssd20x/18.06/build_dir/target-arm-linux-gnueabihf_glibc/linux-sstar_ssd20x/linux-4.9.84/user_headers/include/uapi -I/media/gwind/windcode/openwrt-ssd20x/18.06/build_dir/target-arm-linux-gnueabihf_glibc/linux-sstar_ssd20x/linux-4.9.84/user_headers/include -I/media/gwind/windcode/openwrt-ssd20x/18.06/build_dir/target-arm-linux-gnueabihf_glibc/linux-sstar_ssd20x/iptables-1.6.2/include -I/media/gwind/windcode/openwrt-ssd20x/18.06/build_dir/target-arm-linux-gnueabihf_glibc/linux-sstar_ssd20x/linux-4.9.84/user_headers/include -I/media/gwind/windcode/openwrt-ssd20x/18.06/staging_dir/target-arm-linux-gnueabihf_glibc/usr/include -I/media/gwind/windcode/openwrt-ssd20x/18.06/staging_dir/target-arm-linux-gnueabihf_glibc/include -Wall -Waggregate-return -Wmissing-declarations -Wmissing-prototypes -Wredundant-decls -Wshadow -Wstrict-prototypes -Winline -pipe -Os -pipe -Wno-implicit-fallthrough -mfpu=neon -Wno-format-overflow -fno-caller-saves -fno-plt -mfloat-abi=hard -D_FORTIFY_SOURCE=1 -Wl,-z,now -Wl,-z,relro -I/media/gwind/windcode/openwrt-ssd20x/18.06/build_dir/target-arm-linux-gnueabihf_glibc/linux-sstar_ssd20x/iptables-1.6.2/include -I/media/gwind/windcode/openwrt-ssd20x/18.06/build_dir/target-arm-linux-gnueabihf_glibc/linux-sstar_ssd20x/linux-4.9.84/user_headers/include -ffunction-sections -fdata-sections -DNO_LEGACY -MT libip4tc.lo -MD -MP -MF .deps/libip4tc.Tpo -c libip4tc.c -o libip4tc.o >/dev/null 2>&1
mv -f .deps/libip4tc.Tpo .deps/libip4tc.Plo
/bin/bash ../libtool  --tag=CC   --mode=link arm-linux-gnueabihf-gcc -Wall -Waggregate-return -Wmissing-declarations 	-Wmissing-prototypes -Wredundant-decls -Wshadow -Wstrict-prototypes 	-Winline -pipe -Os -pipe -Wno-implicit-fallthrough -mfpu=neon -Wno-format-overflow -fno-caller-saves -fno-plt -mfloat-abi=hard  -D_FORTIFY_SOURCE=1 -Wl,-z,now -Wl,-z,relro -I/media/gwind/windcode/openwrt-ssd20x/18.06/build_dir/target-arm-linux-gnueabihf_glibc/linux-sstar_ssd20x/iptables-1.6.2/include -I/media/gwind/windcode/openwrt-ssd20x/18.06/build_dir/target-arm-linux-gnueabihf_glibc/linux-sstar_ssd20x/linux-4.9.84/user_headers/include -ffunction-sections -fdata-sections -DNO_LEGACY  -version-info 1:0:1 -L/media/gwind/windcode/openwrt-ssd20x/18.06/staging_dir/target-arm-linux-gnueabihf_glibc/usr/lib -L/media/gwind/windcode/openwrt-ssd20x/18.06/staging_dir/target-arm-linux-gnueabihf_glibc/lib -L/opt/ssd20x/gcc-arm-8.2-2018.08-x86_64-arm-linux-gnueabihf/arm-linux-gnueabihf/libc/usr/lib -L/opt/ssd20x/gcc-arm-8.2-2018.08-x86_64-arm-linux-gnueabihf/arm-linux-gnueabihf/libc/lib -znow -zrelro -Wl,--gc-sections  -o libip4tc.la -rpath /usr/lib libip4tc.lo  
OpenWrt-libtool: link: arm-linux-gnueabihf-gcc -shared  -fPIC -DPIC  .libs/libip4tc.o   -L/media/gwind/windcode/openwrt-ssd20x/18.06/staging_dir/target-arm-linux-gnueabihf_glibc/usr/lib -L/media/gwind/windcode/openwrt-ssd20x/18.06/staging_dir/target-arm-linux-gnueabihf_glibc/lib -L/opt/ssd20x/gcc-arm-8.2-2018.08-x86_64-arm-linux-gnueabihf/arm-linux-gnueabihf/libc/usr/lib -L/opt/ssd20x/gcc-arm-8.2-2018.08-x86_64-arm-linux-gnueabihf/arm-linux-gnueabihf/libc/lib  -Os -mfpu=neon -mfloat-abi=hard -Wl,-z -Wl,now -Wl,-z -Wl,relro -Wl,--gc-sections   -Wl,-soname -Wl,libip4tc.so.0 -o .libs/libip4tc.so.0.1.0
OpenWrt-libtool: link: (cd ".libs" && rm -f "libip4tc.so.0" && ln -s "libip4tc.so.0.1.0" "libip4tc.so.0")
OpenWrt-libtool: link: (cd ".libs" && rm -f "libip4tc.so" && ln -s "libip4tc.so.0.1.0" "libip4tc.so")
OpenWrt-libtool: link: arm-linux-gnueabihf-ar cru .libs/libip4tc.a  libip4tc.o
OpenWrt-libtool: link: arm-linux-gnueabihf-ranlib .libs/libip4tc.a
OpenWrt-libtool: link: ( cd ".libs" && rm -f "libip4tc.la" && ln -s "../libip4tc.la" "libip4tc.la" )
/bin/bash ../libtool  --tag=CC   --mode=compile arm-linux-gnueabihf-gcc -DHAVE_CONFIG_H -I. -I..  -D_LARGEFILE_SOURCE=1 -D_LARGE_FILES -D_FILE_OFFSET_BITS=64 -D_REENTRANT 	-DXTABLES_LIBDIR=\"/usr/lib/iptables\" -DXTABLES_INTERNAL -I../include -I../include -I/media/gwind/windcode/openwrt-ssd20x/18.06/build_dir/target-arm-linux-gnueabihf_glibc/linux-sstar_ssd20x/linux-4.9.84/user_headers/include/uapi -I/media/gwind/windcode/openwrt-ssd20x/18.06/build_dir/target-arm-linux-gnueabihf_glibc/linux-sstar_ssd20x/linux-4.9.84/user_headers/include -I/media/gwind/windcode/openwrt-ssd20x/18.06/build_dir/target-arm-linux-gnueabihf_glibc/linux-sstar_ssd20x/linux-4.9.84/user_headers/include/uapi -I/media/gwind/windcode/openwrt-ssd20x/18.06/build_dir/target-arm-linux-gnueabihf_glibc/linux-sstar_ssd20x/linux-4.9.84/user_headers/include -I/media/gwind/windcode/openwrt-ssd20x/18.06/build_dir/target-arm-linux-gnueabihf_glibc/linux-sstar_ssd20x/iptables-1.6.2/include -I/media/gwind/windcode/openwrt-ssd20x/18.06/build_dir/target-arm-linux-gnueabihf_glibc/linux-sstar_ssd20x/linux-4.9.84/user_headers/include -I/media/gwind/windcode/openwrt-ssd20x/18.06/staging_dir/target-arm-linux-gnueabihf_glibc/usr/include -I/media/gwind/windcode/openwrt-ssd20x/18.06/staging_dir/target-arm-linux-gnueabihf_glibc/include  -Wall -Waggregate-return -Wmissing-declarations 	-Wmissing-prototypes -Wredundant-decls -Wshadow -Wstrict-prototypes 	-Winline -pipe -Os -pipe -Wno-implicit-fallthrough -mfpu=neon -Wno-format-overflow -fno-caller-saves -fno-plt -mfloat-abi=hard  -D_FORTIFY_SOURCE=1 -Wl,-z,now -Wl,-z,relro -I/media/gwind/windcode/openwrt-ssd20x/18.06/build_dir/target-arm-linux-gnueabihf_glibc/linux-sstar_ssd20x/iptables-1.6.2/include -I/media/gwind/windcode/openwrt-ssd20x/18.06/build_dir/target-arm-linux-gnueabihf_glibc/linux-sstar_ssd20x/linux-4.9.84/user_headers/include -ffunction-sections -fdata-sections -DNO_LEGACY  -MT libip6tc.lo -MD -MP -MF .deps/libip6tc.Tpo -c -o libip6tc.lo libip6tc.c
OpenWrt-libtool: compile:  arm-linux-gnueabihf-gcc -DHAVE_CONFIG_H -I. -I.. -D_LARGEFILE_SOURCE=1 -D_LARGE_FILES -D_FILE_OFFSET_BITS=64 -D_REENTRANT -DXTABLES_LIBDIR=\"/usr/lib/iptables\" -DXTABLES_INTERNAL -I../include -I../include -I/media/gwind/windcode/openwrt-ssd20x/18.06/build_dir/target-arm-linux-gnueabihf_glibc/linux-sstar_ssd20x/linux-4.9.84/user_headers/include/uapi -I/media/gwind/windcode/openwrt-ssd20x/18.06/build_dir/target-arm-linux-gnueabihf_glibc/linux-sstar_ssd20x/linux-4.9.84/user_headers/include -I/media/gwind/windcode/openwrt-ssd20x/18.06/build_dir/target-arm-linux-gnueabihf_glibc/linux-sstar_ssd20x/linux-4.9.84/user_headers/include/uapi -I/media/gwind/windcode/openwrt-ssd20x/18.06/build_dir/target-arm-linux-gnueabihf_glibc/linux-sstar_ssd20x/linux-4.9.84/user_headers/include -I/media/gwind/windcode/openwrt-ssd20x/18.06/build_dir/target-arm-linux-gnueabihf_glibc/linux-sstar_ssd20x/iptables-1.6.2/include -I/media/gwind/windcode/openwrt-ssd20x/18.06/build_dir/target-arm-linux-gnueabihf_glibc/linux-sstar_ssd20x/linux-4.9.84/user_headers/include -I/media/gwind/windcode/openwrt-ssd20x/18.06/staging_dir/target-arm-linux-gnueabihf_glibc/usr/include -I/media/gwind/windcode/openwrt-ssd20x/18.06/staging_dir/target-arm-linux-gnueabihf_glibc/include -Wall -Waggregate-return -Wmissing-declarations -Wmissing-prototypes -Wredundant-decls -Wshadow -Wstrict-prototypes -Winline -pipe -Os -pipe -Wno-implicit-fallthrough -mfpu=neon -Wno-format-overflow -fno-caller-saves -fno-plt -mfloat-abi=hard -D_FORTIFY_SOURCE=1 -Wl,-z,now -Wl,-z,relro -I/media/gwind/windcode/openwrt-ssd20x/18.06/build_dir/target-arm-linux-gnueabihf_glibc/linux-sstar_ssd20x/iptables-1.6.2/include -I/media/gwind/windcode/openwrt-ssd20x/18.06/build_dir/target-arm-linux-gnueabihf_glibc/linux-sstar_ssd20x/linux-4.9.84/user_headers/include -ffunction-sections -fdata-sections -DNO_LEGACY -MT libip6tc.lo -MD -MP -MF .deps/libip6tc.Tpo -c libip6tc.c  -fPIC -DPIC -o .libs/libip6tc.o
OpenWrt-libtool: compile:  arm-linux-gnueabihf-gcc -DHAVE_CONFIG_H -I. -I.. -D_LARGEFILE_SOURCE=1 -D_LARGE_FILES -D_FILE_OFFSET_BITS=64 -D_REENTRANT -DXTABLES_LIBDIR=\"/usr/lib/iptables\" -DXTABLES_INTERNAL -I../include -I../include -I/media/gwind/windcode/openwrt-ssd20x/18.06/build_dir/target-arm-linux-gnueabihf_glibc/linux-sstar_ssd20x/linux-4.9.84/user_headers/include/uapi -I/media/gwind/windcode/openwrt-ssd20x/18.06/build_dir/target-arm-linux-gnueabihf_glibc/linux-sstar_ssd20x/linux-4.9.84/user_headers/include -I/media/gwind/windcode/openwrt-ssd20x/18.06/build_dir/target-arm-linux-gnueabihf_glibc/linux-sstar_ssd20x/linux-4.9.84/user_headers/include/uapi -I/media/gwind/windcode/openwrt-ssd20x/18.06/build_dir/target-arm-linux-gnueabihf_glibc/linux-sstar_ssd20x/linux-4.9.84/user_headers/include -I/media/gwind/windcode/openwrt-ssd20x/18.06/build_dir/target-arm-linux-gnueabihf_glibc/linux-sstar_ssd20x/iptables-1.6.2/include -I/media/gwind/windcode/openwrt-ssd20x/18.06/build_dir/target-arm-linux-gnueabihf_glibc/linux-sstar_ssd20x/linux-4.9.84/user_headers/include -I/media/gwind/windcode/openwrt-ssd20x/18.06/staging_dir/target-arm-linux-gnueabihf_glibc/usr/include -I/media/gwind/windcode/openwrt-ssd20x/18.06/staging_dir/target-arm-linux-gnueabihf_glibc/include -Wall -Waggregate-return -Wmissing-declarations -Wmissing-prototypes -Wredundant-decls -Wshadow -Wstrict-prototypes -Winline -pipe -Os -pipe -Wno-implicit-fallthrough -mfpu=neon -Wno-format-overflow -fno-caller-saves -fno-plt -mfloat-abi=hard -D_FORTIFY_SOURCE=1 -Wl,-z,now -Wl,-z,relro -I/media/gwind/windcode/openwrt-ssd20x/18.06/build_dir/target-arm-linux-gnueabihf_glibc/linux-sstar_ssd20x/iptables-1.6.2/include -I/media/gwind/windcode/openwrt-ssd20x/18.06/build_dir/target-arm-linux-gnueabihf_glibc/linux-sstar_ssd20x/linux-4.9.84/user_headers/include -ffunction-sections -fdata-sections -DNO_LEGACY -MT libip6tc.lo -MD -MP -MF .deps/libip6tc.Tpo -c libip6tc.c -o libip6tc.o >/dev/null 2>&1
mv -f .deps/libip6tc.Tpo .deps/libip6tc.Plo
/bin/bash ../libtool  --tag=CC   --mode=link arm-linux-gnueabihf-gcc -Wall -Waggregate-return -Wmissing-declarations 	-Wmissing-prototypes -Wredundant-decls -Wshadow -Wstrict-prototypes 	-Winline -pipe -Os -pipe -Wno-implicit-fallthrough -mfpu=neon -Wno-format-overflow -fno-caller-saves -fno-plt -mfloat-abi=hard  -D_FORTIFY_SOURCE=1 -Wl,-z,now -Wl,-z,relro -I/media/gwind/windcode/openwrt-ssd20x/18.06/build_dir/target-arm-linux-gnueabihf_glibc/linux-sstar_ssd20x/iptables-1.6.2/include -I/media/gwind/windcode/openwrt-ssd20x/18.06/build_dir/target-arm-linux-gnueabihf_glibc/linux-sstar_ssd20x/linux-4.9.84/user_headers/include -ffunction-sections -fdata-sections -DNO_LEGACY  -version-info 1:0:1 -Wl,--no-as-needed -L/media/gwind/windcode/openwrt-ssd20x/18.06/staging_dir/target-arm-linux-gnueabihf_glibc/usr/lib -L/media/gwind/windcode/openwrt-ssd20x/18.06/staging_dir/target-arm-linux-gnueabihf_glibc/lib -L/opt/ssd20x/gcc-arm-8.2-2018.08-x86_64-arm-linux-gnueabihf/arm-linux-gnueabihf/libc/usr/lib -L/opt/ssd20x/gcc-arm-8.2-2018.08-x86_64-arm-linux-gnueabihf/arm-linux-gnueabihf/libc/lib -znow -zrelro -Wl,--gc-sections  -o libip6tc.la -rpath /usr/lib libip6tc.lo  
OpenWrt-libtool: link: arm-linux-gnueabihf-gcc -shared  -fPIC -DPIC  .libs/libip6tc.o   -L/media/gwind/windcode/openwrt-ssd20x/18.06/staging_dir/target-arm-linux-gnueabihf_glibc/usr/lib -L/media/gwind/windcode/openwrt-ssd20x/18.06/staging_dir/target-arm-linux-gnueabihf_glibc/lib -L/opt/ssd20x/gcc-arm-8.2-2018.08-x86_64-arm-linux-gnueabihf/arm-linux-gnueabihf/libc/usr/lib -L/opt/ssd20x/gcc-arm-8.2-2018.08-x86_64-arm-linux-gnueabihf/arm-linux-gnueabihf/libc/lib  -Os -mfpu=neon -mfloat-abi=hard -Wl,-z -Wl,now -Wl,-z -Wl,relro -Wl,--no-as-needed -Wl,--gc-sections   -Wl,-soname -Wl,libip6tc.so.0 -o .libs/libip6tc.so.0.1.0
OpenWrt-libtool: link: (cd ".libs" && rm -f "libip6tc.so.0" && ln -s "libip6tc.so.0.1.0" "libip6tc.so.0")
OpenWrt-libtool: link: (cd ".libs" && rm -f "libip6tc.so" && ln -s "libip6tc.so.0.1.0" "libip6tc.so")
OpenWrt-libtool: link: arm-linux-gnueabihf-ar cru .libs/libip6tc.a  libip6tc.o
OpenWrt-libtool: link: arm-linux-gnueabihf-ranlib .libs/libip6tc.a
OpenWrt-libtool: link: ( cd ".libs" && rm -f "libip6tc.la" && ln -s "../libip6tc.la" "libip6tc.la" )
/bin/bash ../libtool  --tag=CC   --mode=link arm-linux-gnueabihf-gcc -Wall -Waggregate-return -Wmissing-declarations 	-Wmissing-prototypes -Wredundant-decls -Wshadow -Wstrict-prototypes 	-Winline -pipe -Os -pipe -Wno-implicit-fallthrough -mfpu=neon -Wno-format-overflow -fno-caller-saves -fno-plt -mfloat-abi=hard  -D_FORTIFY_SOURCE=1 -Wl,-z,now -Wl,-z,relro -I/media/gwind/windcode/openwrt-ssd20x/18.06/build_dir/target-arm-linux-gnueabihf_glibc/linux-sstar_ssd20x/iptables-1.6.2/include -I/media/gwind/windcode/openwrt-ssd20x/18.06/build_dir/target-arm-linux-gnueabihf_glibc/linux-sstar_ssd20x/linux-4.9.84/user_headers/include -ffunction-sections -fdata-sections -DNO_LEGACY  -version-info 0:0:0 -Wl,--no-as-needed -L/media/gwind/windcode/openwrt-ssd20x/18.06/staging_dir/target-arm-linux-gnueabihf_glibc/usr/lib -L/media/gwind/windcode/openwrt-ssd20x/18.06/staging_dir/target-arm-linux-gnueabihf_glibc/lib -L/opt/ssd20x/gcc-arm-8.2-2018.08-x86_64-arm-linux-gnueabihf/arm-linux-gnueabihf/libc/usr/lib -L/opt/ssd20x/gcc-arm-8.2-2018.08-x86_64-arm-linux-gnueabihf/arm-linux-gnueabihf/libc/lib -znow -zrelro -Wl,--gc-sections  -o libiptc.la -rpath /usr/lib  libip4tc.la libip6tc.la 
OpenWrt-libtool: link: arm-linux-gnueabihf-gcc -shared  -fPIC -DPIC   -Wl,-rpath -Wl,/media/gwind/windcode/openwrt-ssd20x/18.06/build_dir/target-arm-linux-gnueabihf_glibc/linux-sstar_ssd20x/iptables-1.6.2/libiptc/.libs -L/media/gwind/windcode/openwrt-ssd20x/18.06/staging_dir/target-arm-linux-gnueabihf_glibc/usr/lib -L/media/gwind/windcode/openwrt-ssd20x/18.06/staging_dir/target-arm-linux-gnueabihf_glibc/lib -L/opt/ssd20x/gcc-arm-8.2-2018.08-x86_64-arm-linux-gnueabihf/arm-linux-gnueabihf/libc/usr/lib -L/opt/ssd20x/gcc-arm-8.2-2018.08-x86_64-arm-linux-gnueabihf/arm-linux-gnueabihf/libc/lib ./.libs/libip4tc.so ./.libs/libip6tc.so  -Os -mfpu=neon -mfloat-abi=hard -Wl,-z -Wl,now -Wl,-z -Wl,relro -Wl,--no-as-needed -Wl,--gc-sections   -Wl,-soname -Wl,libiptc.so.0 -o .libs/libiptc.so.0.0.0
OpenWrt-libtool: link: (cd ".libs" && rm -f "libiptc.so.0" && ln -s "libiptc.so.0.0.0" "libiptc.so.0")
OpenWrt-libtool: link: (cd ".libs" && rm -f "libiptc.so" && ln -s "libiptc.so.0.0.0" "libiptc.so")
OpenWrt-libtool: link: arm-linux-gnueabihf-ar cru .libs/libiptc.a 
OpenWrt-libtool: link: arm-linux-gnueabihf-ranlib .libs/libiptc.a
OpenWrt-libtool: link: ( cd ".libs" && rm -f "libiptc.la" && ln -s "../libiptc.la" "libiptc.la" )
make[6]: Leaving directory '/media/gwind/windcode/openwrt-ssd20x/18.06/build_dir/target-arm-linux-gnueabihf_glibc/linux-sstar_ssd20x/iptables-1.6.2/libiptc'
Making all in libxtables
make[6]: Entering directory '/media/gwind/windcode/openwrt-ssd20x/18.06/build_dir/target-arm-linux-gnueabihf_glibc/linux-sstar_ssd20x/iptables-1.6.2/libxtables'
/bin/bash ../libtool  --tag=CC   --mode=compile arm-linux-gnueabihf-gcc -DHAVE_CONFIG_H -I. -I..  -D_LARGEFILE_SOURCE=1 -D_LARGE_FILES -D_FILE_OFFSET_BITS=64 -D_REENTRANT 	-DXTABLES_LIBDIR=\"/usr/lib/iptables\" -DXTABLES_INTERNAL -I../include -I../include -I../iptables -I/media/gwind/windcode/openwrt-ssd20x/18.06/build_dir/target-arm-linux-gnueabihf_glibc/linux-sstar_ssd20x/linux-4.9.84/user_headers/include/uapi -I/media/gwind/windcode/openwrt-ssd20x/18.06/build_dir/target-arm-linux-gnueabihf_glibc/linux-sstar_ssd20x/linux-4.9.84/user_headers/include -I/media/gwind/windcode/openwrt-ssd20x/18.06/build_dir/target-arm-linux-gnueabihf_glibc/linux-sstar_ssd20x/linux-4.9.84/user_headers/include/uapi -I/media/gwind/windcode/openwrt-ssd20x/18.06/build_dir/target-arm-linux-gnueabihf_glibc/linux-sstar_ssd20x/linux-4.9.84/user_headers/include -I/media/gwind/windcode/openwrt-ssd20x/18.06/build_dir/target-arm-linux-gnueabihf_glibc/linux-sstar_ssd20x/iptables-1.6.2/include -I/media/gwind/windcode/openwrt-ssd20x/18.06/build_dir/target-arm-linux-gnueabihf_glibc/linux-sstar_ssd20x/linux-4.9.84/user_headers/include -I/media/gwind/windcode/openwrt-ssd20x/18.06/staging_dir/target-arm-linux-gnueabihf_glibc/usr/include -I/media/gwind/windcode/openwrt-ssd20x/18.06/staging_dir/target-arm-linux-gnueabihf_glibc/include  -Wall -Waggregate-return -Wmissing-declarations 	-Wmissing-prototypes -Wredundant-decls -Wshadow -Wstrict-prototypes 	-Winline -pipe -Os -pipe -Wno-implicit-fallthrough -mfpu=neon -Wno-format-overflow -fno-caller-saves -fno-plt -mfloat-abi=hard  -D_FORTIFY_SOURCE=1 -Wl,-z,now -Wl,-z,relro -I/media/gwind/windcode/openwrt-ssd20x/18.06/build_dir/target-arm-linux-gnueabihf_glibc/linux-sstar_ssd20x/iptables-1.6.2/include -I/media/gwind/windcode/openwrt-ssd20x/18.06/build_dir/target-arm-linux-gnueabihf_glibc/linux-sstar_ssd20x/linux-4.9.84/user_headers/include -ffunction-sections -fdata-sections -DNO_LEGACY  -MT libxtables_la-xtables.lo -MD -MP -MF .deps/libxtables_la-xtables.Tpo -c -o libxtables_la-xtables.lo `test -f 'xtables.c' || echo './'`xtables.c
OpenWrt-libtool: compile:  arm-linux-gnueabihf-gcc -DHAVE_CONFIG_H -I. -I.. -D_LARGEFILE_SOURCE=1 -D_LARGE_FILES -D_FILE_OFFSET_BITS=64 -D_REENTRANT -DXTABLES_LIBDIR=\"/usr/lib/iptables\" -DXTABLES_INTERNAL -I../include -I../include -I../iptables -I/media/gwind/windcode/openwrt-ssd20x/18.06/build_dir/target-arm-linux-gnueabihf_glibc/linux-sstar_ssd20x/linux-4.9.84/user_headers/include/uapi -I/media/gwind/windcode/openwrt-ssd20x/18.06/build_dir/target-arm-linux-gnueabihf_glibc/linux-sstar_ssd20x/linux-4.9.84/user_headers/include -I/media/gwind/windcode/openwrt-ssd20x/18.06/build_dir/target-arm-linux-gnueabihf_glibc/linux-sstar_ssd20x/linux-4.9.84/user_headers/include/uapi -I/media/gwind/windcode/openwrt-ssd20x/18.06/build_dir/target-arm-linux-gnueabihf_glibc/linux-sstar_ssd20x/linux-4.9.84/user_headers/include -I/media/gwind/windcode/openwrt-ssd20x/18.06/build_dir/target-arm-linux-gnueabihf_glibc/linux-sstar_ssd20x/iptables-1.6.2/include -I/media/gwind/windcode/openwrt-ssd20x/18.06/build_dir/target-arm-linux-gnueabihf_glibc/linux-sstar_ssd20x/linux-4.9.84/user_headers/include -I/media/gwind/windcode/openwrt-ssd20x/18.06/staging_dir/target-arm-linux-gnueabihf_glibc/usr/include -I/media/gwind/windcode/openwrt-ssd20x/18.06/staging_dir/target-arm-linux-gnueabihf_glibc/include -Wall -Waggregate-return -Wmissing-declarations -Wmissing-prototypes -Wredundant-decls -Wshadow -Wstrict-prototypes -Winline -pipe -Os -pipe -Wno-implicit-fallthrough -mfpu=neon -Wno-format-overflow -fno-caller-saves -fno-plt -mfloat-abi=hard -D_FORTIFY_SOURCE=1 -Wl,-z,now -Wl,-z,relro -I/media/gwind/windcode/openwrt-ssd20x/18.06/build_dir/target-arm-linux-gnueabihf_glibc/linux-sstar_ssd20x/iptables-1.6.2/include -I/media/gwind/windcode/openwrt-ssd20x/18.06/build_dir/target-arm-linux-gnueabihf_glibc/linux-sstar_ssd20x/linux-4.9.84/user_headers/include -ffunction-sections -fdata-sections -DNO_LEGACY -MT libxtables_la-xtables.lo -MD -MP -MF .deps/libxtables_la-xtables.Tpo -c xtables.c  -fPIC -DPIC -o .libs/libxtables_la-xtables.o
OpenWrt-libtool: compile:  arm-linux-gnueabihf-gcc -DHAVE_CONFIG_H -I. -I.. -D_LARGEFILE_SOURCE=1 -D_LARGE_FILES -D_FILE_OFFSET_BITS=64 -D_REENTRANT -DXTABLES_LIBDIR=\"/usr/lib/iptables\" -DXTABLES_INTERNAL -I../include -I../include -I../iptables -I/media/gwind/windcode/openwrt-ssd20x/18.06/build_dir/target-arm-linux-gnueabihf_glibc/linux-sstar_ssd20x/linux-4.9.84/user_headers/include/uapi -I/media/gwind/windcode/openwrt-ssd20x/18.06/build_dir/target-arm-linux-gnueabihf_glibc/linux-sstar_ssd20x/linux-4.9.84/user_headers/include -I/media/gwind/windcode/openwrt-ssd20x/18.06/build_dir/target-arm-linux-gnueabihf_glibc/linux-sstar_ssd20x/linux-4.9.84/user_headers/include/uapi -I/media/gwind/windcode/openwrt-ssd20x/18.06/build_dir/target-arm-linux-gnueabihf_glibc/linux-sstar_ssd20x/linux-4.9.84/user_headers/include -I/media/gwind/windcode/openwrt-ssd20x/18.06/build_dir/target-arm-linux-gnueabihf_glibc/linux-sstar_ssd20x/iptables-1.6.2/include -I/media/gwind/windcode/openwrt-ssd20x/18.06/build_dir/target-arm-linux-gnueabihf_glibc/linux-sstar_ssd20x/linux-4.9.84/user_headers/include -I/media/gwind/windcode/openwrt-ssd20x/18.06/staging_dir/target-arm-linux-gnueabihf_glibc/usr/include -I/media/gwind/windcode/openwrt-ssd20x/18.06/staging_dir/target-arm-linux-gnueabihf_glibc/include -Wall -Waggregate-return -Wmissing-declarations -Wmissing-prototypes -Wredundant-decls -Wshadow -Wstrict-prototypes -Winline -pipe -Os -pipe -Wno-implicit-fallthrough -mfpu=neon -Wno-format-overflow -fno-caller-saves -fno-plt -mfloat-abi=hard -D_FORTIFY_SOURCE=1 -Wl,-z,now -Wl,-z,relro -I/media/gwind/windcode/openwrt-ssd20x/18.06/build_dir/target-arm-linux-gnueabihf_glibc/linux-sstar_ssd20x/iptables-1.6.2/include -I/media/gwind/windcode/openwrt-ssd20x/18.06/build_dir/target-arm-linux-gnueabihf_glibc/linux-sstar_ssd20x/linux-4.9.84/user_headers/include -ffunction-sections -fdata-sections -DNO_LEGACY -MT libxtables_la-xtables.lo -MD -MP -MF .deps/libxtables_la-xtables.Tpo -c xtables.c -o libxtables_la-xtables.o >/dev/null 2>&1
mv -f .deps/libxtables_la-xtables.Tpo .deps/libxtables_la-xtables.Plo
/bin/bash ../libtool  --tag=CC   --mode=compile arm-linux-gnueabihf-gcc -DHAVE_CONFIG_H -I. -I..  -D_LARGEFILE_SOURCE=1 -D_LARGE_FILES -D_FILE_OFFSET_BITS=64 -D_REENTRANT 	-DXTABLES_LIBDIR=\"/usr/lib/iptables\" -DXTABLES_INTERNAL -I../include -I../include -I../iptables -I/media/gwind/windcode/openwrt-ssd20x/18.06/build_dir/target-arm-linux-gnueabihf_glibc/linux-sstar_ssd20x/linux-4.9.84/user_headers/include/uapi -I/media/gwind/windcode/openwrt-ssd20x/18.06/build_dir/target-arm-linux-gnueabihf_glibc/linux-sstar_ssd20x/linux-4.9.84/user_headers/include -I/media/gwind/windcode/openwrt-ssd20x/18.06/build_dir/target-arm-linux-gnueabihf_glibc/linux-sstar_ssd20x/linux-4.9.84/user_headers/include/uapi -I/media/gwind/windcode/openwrt-ssd20x/18.06/build_dir/target-arm-linux-gnueabihf_glibc/linux-sstar_ssd20x/linux-4.9.84/user_headers/include -I/media/gwind/windcode/openwrt-ssd20x/18.06/build_dir/target-arm-linux-gnueabihf_glibc/linux-sstar_ssd20x/iptables-1.6.2/include -I/media/gwind/windcode/openwrt-ssd20x/18.06/build_dir/target-arm-linux-gnueabihf_glibc/linux-sstar_ssd20x/linux-4.9.84/user_headers/include -I/media/gwind/windcode/openwrt-ssd20x/18.06/staging_dir/target-arm-linux-gnueabihf_glibc/usr/include -I/media/gwind/windcode/openwrt-ssd20x/18.06/staging_dir/target-arm-linux-gnueabihf_glibc/include  -Wall -Waggregate-return -Wmissing-declarations 	-Wmissing-prototypes -Wredundant-decls -Wshadow -Wstrict-prototypes 	-Winline -pipe -Os -pipe -Wno-implicit-fallthrough -mfpu=neon -Wno-format-overflow -fno-caller-saves -fno-plt -mfloat-abi=hard  -D_FORTIFY_SOURCE=1 -Wl,-z,now -Wl,-z,relro -I/media/gwind/windcode/openwrt-ssd20x/18.06/build_dir/target-arm-linux-gnueabihf_glibc/linux-sstar_ssd20x/iptables-1.6.2/include -I/media/gwind/windcode/openwrt-ssd20x/18.06/build_dir/target-arm-linux-gnueabihf_glibc/linux-sstar_ssd20x/linux-4.9.84/user_headers/include -ffunction-sections -fdata-sections -DNO_LEGACY  -MT libxtables_la-xtoptions.lo -MD -MP -MF .deps/libxtables_la-xtoptions.Tpo -c -o libxtables_la-xtoptions.lo `test -f 'xtoptions.c' || echo './'`xtoptions.c
OpenWrt-libtool: compile:  arm-linux-gnueabihf-gcc -DHAVE_CONFIG_H -I. -I.. -D_LARGEFILE_SOURCE=1 -D_LARGE_FILES -D_FILE_OFFSET_BITS=64 -D_REENTRANT -DXTABLES_LIBDIR=\"/usr/lib/iptables\" -DXTABLES_INTERNAL -I../include -I../include -I../iptables -I/media/gwind/windcode/openwrt-ssd20x/18.06/build_dir/target-arm-linux-gnueabihf_glibc/linux-sstar_ssd20x/linux-4.9.84/user_headers/include/uapi -I/media/gwind/windcode/openwrt-ssd20x/18.06/build_dir/target-arm-linux-gnueabihf_glibc/linux-sstar_ssd20x/linux-4.9.84/user_headers/include -I/media/gwind/windcode/openwrt-ssd20x/18.06/build_dir/target-arm-linux-gnueabihf_glibc/linux-sstar_ssd20x/linux-4.9.84/user_headers/include/uapi -I/media/gwind/windcode/openwrt-ssd20x/18.06/build_dir/target-arm-linux-gnueabihf_glibc/linux-sstar_ssd20x/linux-4.9.84/user_headers/include -I/media/gwind/windcode/openwrt-ssd20x/18.06/build_dir/target-arm-linux-gnueabihf_glibc/linux-sstar_ssd20x/iptables-1.6.2/include -I/media/gwind/windcode/openwrt-ssd20x/18.06/build_dir/target-arm-linux-gnueabihf_glibc/linux-sstar_ssd20x/linux-4.9.84/user_headers/include -I/media/gwind/windcode/openwrt-ssd20x/18.06/staging_dir/target-arm-linux-gnueabihf_glibc/usr/include -I/media/gwind/windcode/openwrt-ssd20x/18.06/staging_dir/target-arm-linux-gnueabihf_glibc/include -Wall -Waggregate-return -Wmissing-declarations -Wmissing-prototypes -Wredundant-decls -Wshadow -Wstrict-prototypes -Winline -pipe -Os -pipe -Wno-implicit-fallthrough -mfpu=neon -Wno-format-overflow -fno-caller-saves -fno-plt -mfloat-abi=hard -D_FORTIFY_SOURCE=1 -Wl,-z,now -Wl,-z,relro -I/media/gwind/windcode/openwrt-ssd20x/18.06/build_dir/target-arm-linux-gnueabihf_glibc/linux-sstar_ssd20x/iptables-1.6.2/include -I/media/gwind/windcode/openwrt-ssd20x/18.06/build_dir/target-arm-linux-gnueabihf_glibc/linux-sstar_ssd20x/linux-4.9.84/user_headers/include -ffunction-sections -fdata-sections -DNO_LEGACY -MT libxtables_la-xtoptions.lo -MD -MP -MF .deps/libxtables_la-xtoptions.Tpo -c xtoptions.c  -fPIC -DPIC -o .libs/libxtables_la-xtoptions.o
OpenWrt-libtool: compile:  arm-linux-gnueabihf-gcc -DHAVE_CONFIG_H -I. -I.. -D_LARGEFILE_SOURCE=1 -D_LARGE_FILES -D_FILE_OFFSET_BITS=64 -D_REENTRANT -DXTABLES_LIBDIR=\"/usr/lib/iptables\" -DXTABLES_INTERNAL -I../include -I../include -I../iptables -I/media/gwind/windcode/openwrt-ssd20x/18.06/build_dir/target-arm-linux-gnueabihf_glibc/linux-sstar_ssd20x/linux-4.9.84/user_headers/include/uapi -I/media/gwind/windcode/openwrt-ssd20x/18.06/build_dir/target-arm-linux-gnueabihf_glibc/linux-sstar_ssd20x/linux-4.9.84/user_headers/include -I/media/gwind/windcode/openwrt-ssd20x/18.06/build_dir/target-arm-linux-gnueabihf_glibc/linux-sstar_ssd20x/linux-4.9.84/user_headers/include/uapi -I/media/gwind/windcode/openwrt-ssd20x/18.06/build_dir/target-arm-linux-gnueabihf_glibc/linux-sstar_ssd20x/linux-4.9.84/user_headers/include -I/media/gwind/windcode/openwrt-ssd20x/18.06/build_dir/target-arm-linux-gnueabihf_glibc/linux-sstar_ssd20x/iptables-1.6.2/include -I/media/gwind/windcode/openwrt-ssd20x/18.06/build_dir/target-arm-linux-gnueabihf_glibc/linux-sstar_ssd20x/linux-4.9.84/user_headers/include -I/media/gwind/windcode/openwrt-ssd20x/18.06/staging_dir/target-arm-linux-gnueabihf_glibc/usr/include -I/media/gwind/windcode/openwrt-ssd20x/18.06/staging_dir/target-arm-linux-gnueabihf_glibc/include -Wall -Waggregate-return -Wmissing-declarations -Wmissing-prototypes -Wredundant-decls -Wshadow -Wstrict-prototypes -Winline -pipe -Os -pipe -Wno-implicit-fallthrough -mfpu=neon -Wno-format-overflow -fno-caller-saves -fno-plt -mfloat-abi=hard -D_FORTIFY_SOURCE=1 -Wl,-z,now -Wl,-z,relro -I/media/gwind/windcode/openwrt-ssd20x/18.06/build_dir/target-arm-linux-gnueabihf_glibc/linux-sstar_ssd20x/iptables-1.6.2/include -I/media/gwind/windcode/openwrt-ssd20x/18.06/build_dir/target-arm-linux-gnueabihf_glibc/linux-sstar_ssd20x/linux-4.9.84/user_headers/include -ffunction-sections -fdata-sections -DNO_LEGACY -MT libxtables_la-xtoptions.lo -MD -MP -MF .deps/libxtables_la-xtoptions.Tpo -c xtoptions.c -o libxtables_la-xtoptions.o >/dev/null 2>&1
mv -f .deps/libxtables_la-xtoptions.Tpo .deps/libxtables_la-xtoptions.Plo
/bin/bash ../libtool  --tag=CC   --mode=link arm-linux-gnueabihf-gcc -Wall -Waggregate-return -Wmissing-declarations 	-Wmissing-prototypes -Wredundant-decls -Wshadow -Wstrict-prototypes 	-Winline -pipe -Os -pipe -Wno-implicit-fallthrough -mfpu=neon -Wno-format-overflow -fno-caller-saves -fno-plt -mfloat-abi=hard  -D_FORTIFY_SOURCE=1 -Wl,-z,now -Wl,-z,relro -I/media/gwind/windcode/openwrt-ssd20x/18.06/build_dir/target-arm-linux-gnueabihf_glibc/linux-sstar_ssd20x/iptables-1.6.2/include -I/media/gwind/windcode/openwrt-ssd20x/18.06/build_dir/target-arm-linux-gnueabihf_glibc/linux-sstar_ssd20x/linux-4.9.84/user_headers/include -ffunction-sections -fdata-sections -DNO_LEGACY  -version-info 12:0:0 -L/media/gwind/windcode/openwrt-ssd20x/18.06/staging_dir/target-arm-linux-gnueabihf_glibc/usr/lib -L/media/gwind/windcode/openwrt-ssd20x/18.06/staging_dir/target-arm-linux-gnueabihf_glibc/lib -L/opt/ssd20x/gcc-arm-8.2-2018.08-x86_64-arm-linux-gnueabihf/arm-linux-gnueabihf/libc/usr/lib -L/opt/ssd20x/gcc-arm-8.2-2018.08-x86_64-arm-linux-gnueabihf/arm-linux-gnueabihf/libc/lib -znow -zrelro -Wl,--gc-sections  -o libxtables.la -rpath /usr/lib libxtables_la-xtables.lo libxtables_la-xtoptions.lo -lm  -ldl 
OpenWrt-libtool: link: arm-linux-gnueabihf-gcc -shared  -fPIC -DPIC  .libs/libxtables_la-xtables.o .libs/libxtables_la-xtoptions.o   -L/media/gwind/windcode/openwrt-ssd20x/18.06/staging_dir/target-arm-linux-gnueabihf_glibc/usr/lib -L/media/gwind/windcode/openwrt-ssd20x/18.06/staging_dir/target-arm-linux-gnueabihf_glibc/lib -L/opt/ssd20x/gcc-arm-8.2-2018.08-x86_64-arm-linux-gnueabihf/arm-linux-gnueabihf/libc/usr/lib -L/opt/ssd20x/gcc-arm-8.2-2018.08-x86_64-arm-linux-gnueabihf/arm-linux-gnueabihf/libc/lib -lm -ldl  -Os -mfpu=neon -mfloat-abi=hard -Wl,-z -Wl,now -Wl,-z -Wl,relro -Wl,--gc-sections   -Wl,-soname -Wl,libxtables.so.12 -o .libs/libxtables.so.12.0.0
OpenWrt-libtool: link: (cd ".libs" && rm -f "libxtables.so.12" && ln -s "libxtables.so.12.0.0" "libxtables.so.12")
OpenWrt-libtool: link: (cd ".libs" && rm -f "libxtables.so" && ln -s "libxtables.so.12.0.0" "libxtables.so")
OpenWrt-libtool: link: arm-linux-gnueabihf-ar cru .libs/libxtables.a  libxtables_la-xtables.o libxtables_la-xtoptions.o
OpenWrt-libtool: link: arm-linux-gnueabihf-ranlib .libs/libxtables.a
OpenWrt-libtool: link: ( cd ".libs" && rm -f "libxtables.la" && ln -s "../libxtables.la" "libxtables.la" )
make[6]: Leaving directory '/media/gwind/windcode/openwrt-ssd20x/18.06/build_dir/target-arm-linux-gnueabihf_glibc/linux-sstar_ssd20x/iptables-1.6.2/libxtables'
Making all in include
make[6]: Entering directory '/media/gwind/windcode/openwrt-ssd20x/18.06/build_dir/target-arm-linux-gnueabihf_glibc/linux-sstar_ssd20x/iptables-1.6.2/include'
make[6]: Nothing to be done for 'all'.
make[6]: Leaving directory '/media/gwind/windcode/openwrt-ssd20x/18.06/build_dir/target-arm-linux-gnueabihf_glibc/linux-sstar_ssd20x/iptables-1.6.2/include'
Making all in utils
make[6]: Entering directory '/media/gwind/windcode/openwrt-ssd20x/18.06/build_dir/target-arm-linux-gnueabihf_glibc/linux-sstar_ssd20x/iptables-1.6.2/utils'
make[6]: Nothing to be done for 'all'.
make[6]: Leaving directory '/media/gwind/windcode/openwrt-ssd20x/18.06/build_dir/target-arm-linux-gnueabihf_glibc/linux-sstar_ssd20x/iptables-1.6.2/utils'
Making all in extensions
make[6]: Entering directory '/media/gwind/windcode/openwrt-ssd20x/18.06/build_dir/target-arm-linux-gnueabihf_glibc/linux-sstar_ssd20x/iptables-1.6.2/extensions'
arm-linux-gnueabihf-gcc -D_LARGEFILE_SOURCE=1 -D_LARGE_FILES -D_FILE_OFFSET_BITS=64 -D_REENTRANT 	-DXTABLES_LIBDIR=\"/usr/lib/iptables\" -DXTABLES_INTERNAL -I../include -I.. -I../include -I.. -I/media/gwind/windcode/openwrt-ssd20x/18.06/build_dir/target-arm-linux-gnueabihf_glibc/linux-sstar_ssd20x/linux-4.9.84/user_headers/include/uapi -I/media/gwind/windcode/openwrt-ssd20x/18.06/build_dir/target-arm-linux-gnueabihf_glibc/linux-sstar_ssd20x/linux-4.9.84/user_headers/include -I/media/gwind/windcode/openwrt-ssd20x/18.06/build_dir/target-arm-linux-gnueabihf_glibc/linux-sstar_ssd20x/linux-4.9.84/user_headers/include/uapi -I/media/gwind/windcode/openwrt-ssd20x/18.06/build_dir/target-arm-linux-gnueabihf_glibc/linux-sstar_ssd20x/linux-4.9.84/user_headers/include -I/media/gwind/windcode/openwrt-ssd20x/18.06/build_dir/target-arm-linux-gnueabihf_glibc/linux-sstar_ssd20x/iptables-1.6.2/include -I/media/gwind/windcode/openwrt-ssd20x/18.06/build_dir/target-arm-linux-gnueabihf_glibc/linux-sstar_ssd20x/linux-4.9.84/user_headers/include -I/media/gwind/windcode/openwrt-ssd20x/18.06/staging_dir/target-arm-linux-gnueabihf_glibc/usr/include -I/media/gwind/windcode/openwrt-ssd20x/18.06/staging_dir/target-arm-linux-gnueabihf_glibc/include    -Wp,-MMD,./.initext.o.d,-MT,initext.o -Wall -Waggregate-return -Wmissing-declarations 	-Wmissing-prototypes -Wredundant-decls -Wshadow -Wstrict-prototypes 	-Winline -pipe -D_INIT=ext_init  -DPIC -fPIC -Os -pipe -Wno-implicit-fallthrough -mfpu=neon -Wno-format-overflow -fno-caller-saves -fno-plt -mfloat-abi=hard  -D_FORTIFY_SOURCE=1 -Wl,-z,now -Wl,-z,relro -I/media/gwind/windcode/openwrt-ssd20x/18.06/build_dir/target-arm-linux-gnueabihf_glibc/linux-sstar_ssd20x/iptables-1.6.2/include -I/media/gwind/windcode/openwrt-ssd20x/18.06/build_dir/target-arm-linux-gnueabihf_glibc/linux-sstar_ssd20x/linux-4.9.84/user_headers/include -ffunction-sections -fdata-sections -DNO_LEGACY  -o initext.o -c initext.c;
arm-linux-gnueabihf-gcc -D_LARGEFILE_SOURCE=1 -D_LARGE_FILES -D_FILE_OFFSET_BITS=64 -D_REENTRANT 	-DXTABLES_LIBDIR=\"/usr/lib/iptables\" -DXTABLES_INTERNAL -I../include -I.. -I../include -I.. -I/media/gwind/windcode/openwrt-ssd20x/18.06/build_dir/target-arm-linux-gnueabihf_glibc/linux-sstar_ssd20x/linux-4.9.84/user_headers/include/uapi -I/media/gwind/windcode/openwrt-ssd20x/18.06/build_dir/target-arm-linux-gnueabihf_glibc/linux-sstar_ssd20x/linux-4.9.84/user_headers/include -I/media/gwind/windcode/openwrt-ssd20x/18.06/build_dir/target-arm-linux-gnueabihf_glibc/linux-sstar_ssd20x/linux-4.9.84/user_headers/include/uapi -I/media/gwind/windcode/openwrt-ssd20x/18.06/build_dir/target-arm-linux-gnueabihf_glibc/linux-sstar_ssd20x/linux-4.9.84/user_headers/include -I/media/gwind/windcode/openwrt-ssd20x/18.06/build_dir/target-arm-linux-gnueabihf_glibc/linux-sstar_ssd20x/iptables-1.6.2/include -I/media/gwind/windcode/openwrt-ssd20x/18.06/build_dir/target-arm-linux-gnueabihf_glibc/linux-sstar_ssd20x/linux-4.9.84/user_headers/include -I/media/gwind/windcode/openwrt-ssd20x/18.06/staging_dir/target-arm-linux-gnueabihf_glibc/usr/include -I/media/gwind/windcode/openwrt-ssd20x/18.06/staging_dir/target-arm-linux-gnueabihf_glibc/include    -Wp,-MMD,./.libxt_MARK.o.d,-MT,libxt_MARK.o -Wall -Waggregate-return -Wmissing-declarations 	-Wmissing-prototypes -Wredundant-decls -Wshadow -Wstrict-prototypes 	-Winline -pipe -DNO_SHARED_LIBS=1 -D_INIT=libxt_MARK_init -DPIC -fPIC -Os -pipe -Wno-implicit-fallthrough -mfpu=neon -Wno-format-overflow -fno-caller-saves -fno-plt -mfloat-abi=hard  -D_FORTIFY_SOURCE=1 -Wl,-z,now -Wl,-z,relro -I/media/gwind/windcode/openwrt-ssd20x/18.06/build_dir/target-arm-linux-gnueabihf_glibc/linux-sstar_ssd20x/iptables-1.6.2/include -I/media/gwind/windcode/openwrt-ssd20x/18.06/build_dir/target-arm-linux-gnueabihf_glibc/linux-sstar_ssd20x/linux-4.9.84/user_headers/include -ffunction-sections -fdata-sections -DNO_LEGACY  -o libxt_MARK.o -c libxt_MARK.c;
arm-linux-gnueabihf-gcc -D_LARGEFILE_SOURCE=1 -D_LARGE_FILES -D_FILE_OFFSET_BITS=64 -D_REENTRANT 	-DXTABLES_LIBDIR=\"/usr/lib/iptables\" -DXTABLES_INTERNAL -I../include -I.. -I../include -I.. -I/media/gwind/windcode/openwrt-ssd20x/18.06/build_dir/target-arm-linux-gnueabihf_glibc/linux-sstar_ssd20x/linux-4.9.84/user_headers/include/uapi -I/media/gwind/windcode/openwrt-ssd20x/18.06/build_dir/target-arm-linux-gnueabihf_glibc/linux-sstar_ssd20x/linux-4.9.84/user_headers/include -I/media/gwind/windcode/openwrt-ssd20x/18.06/build_dir/target-arm-linux-gnueabihf_glibc/linux-sstar_ssd20x/linux-4.9.84/user_headers/include/uapi -I/media/gwind/windcode/openwrt-ssd20x/18.06/build_dir/target-arm-linux-gnueabihf_glibc/linux-sstar_ssd20x/linux-4.9.84/user_headers/include -I/media/gwind/windcode/openwrt-ssd20x/18.06/build_dir/target-arm-linux-gnueabihf_glibc/linux-sstar_ssd20x/iptables-1.6.2/include -I/media/gwind/windcode/openwrt-ssd20x/18.06/build_dir/target-arm-linux-gnueabihf_glibc/linux-sstar_ssd20x/linux-4.9.84/user_headers/include -I/media/gwind/windcode/openwrt-ssd20x/18.06/staging_dir/target-arm-linux-gnueabihf_glibc/usr/include -I/media/gwind/windcode/openwrt-ssd20x/18.06/staging_dir/target-arm-linux-gnueabihf_glibc/include    -Wp,-MMD,./.libxt_SET.o.d,-MT,libxt_SET.o -Wall -Waggregate-return -Wmissing-declarations 	-Wmissing-prototypes -Wredundant-decls -Wshadow -Wstrict-prototypes 	-Winline -pipe -DNO_SHARED_LIBS=1 -D_INIT=libxt_SET_init -DPIC -fPIC -Os -pipe -Wno-implicit-fallthrough -mfpu=neon -Wno-format-overflow -fno-caller-saves -fno-plt -mfloat-abi=hard  -D_FORTIFY_SOURCE=1 -Wl,-z,now -Wl,-z,relro -I/media/gwind/windcode/openwrt-ssd20x/18.06/build_dir/target-arm-linux-gnueabihf_glibc/linux-sstar_ssd20x/iptables-1.6.2/include -I/media/gwind/windcode/openwrt-ssd20x/18.06/build_dir/target-arm-linux-gnueabihf_glibc/linux-sstar_ssd20x/linux-4.9.84/user_headers/include -ffunction-sections -fdata-sections -DNO_LEGACY  -o libxt_SET.o -c libxt_SET.c;
arm-linux-gnueabihf-gcc -D_LARGEFILE_SOURCE=1 -D_LARGE_FILES -D_FILE_OFFSET_BITS=64 -D_REENTRANT 	-DXTABLES_LIBDIR=\"/usr/lib/iptables\" -DXTABLES_INTERNAL -I../include -I.. -I../include -I.. -I/media/gwind/windcode/openwrt-ssd20x/18.06/build_dir/target-arm-linux-gnueabihf_glibc/linux-sstar_ssd20x/linux-4.9.84/user_headers/include/uapi -I/media/gwind/windcode/openwrt-ssd20x/18.06/build_dir/target-arm-linux-gnueabihf_glibc/linux-sstar_ssd20x/linux-4.9.84/user_headers/include -I/media/gwind/windcode/openwrt-ssd20x/18.06/build_dir/target-arm-linux-gnueabihf_glibc/linux-sstar_ssd20x/linux-4.9.84/user_headers/include/uapi -I/media/gwind/windcode/openwrt-ssd20x/18.06/build_dir/target-arm-linux-gnueabihf_glibc/linux-sstar_ssd20x/linux-4.9.84/user_headers/include -I/media/gwind/windcode/openwrt-ssd20x/18.06/build_dir/target-arm-linux-gnueabihf_glibc/linux-sstar_ssd20x/iptables-1.6.2/include -I/media/gwind/windcode/openwrt-ssd20x/18.06/build_dir/target-arm-linux-gnueabihf_glibc/linux-sstar_ssd20x/linux-4.9.84/user_headers/include -I/media/gwind/windcode/openwrt-ssd20x/18.06/staging_dir/target-arm-linux-gnueabihf_glibc/usr/include -I/media/gwind/windcode/openwrt-ssd20x/18.06/staging_dir/target-arm-linux-gnueabihf_glibc/include    -Wp,-MMD,./.libxt_TCPMSS.o.d,-MT,libxt_TCPMSS.o -Wall -Waggregate-return -Wmissing-declarations 	-Wmissing-prototypes -Wredundant-decls -Wshadow -Wstrict-prototypes 	-Winline -pipe -DNO_SHARED_LIBS=1 -D_INIT=libxt_TCPMSS_init -DPIC -fPIC -Os -pipe -Wno-implicit-fallthrough -mfpu=neon -Wno-format-overflow -fno-caller-saves -fno-plt -mfloat-abi=hard  -D_FORTIFY_SOURCE=1 -Wl,-z,now -Wl,-z,relro -I/media/gwind/windcode/openwrt-ssd20x/18.06/build_dir/target-arm-linux-gnueabihf_glibc/linux-sstar_ssd20x/iptables-1.6.2/include -I/media/gwind/windcode/openwrt-ssd20x/18.06/build_dir/target-arm-linux-gnueabihf_glibc/linux-sstar_ssd20x/linux-4.9.84/user_headers/include -ffunction-sections -fdata-sections -DNO_LEGACY  -o libxt_TCPMSS.o -c libxt_TCPMSS.c;
arm-linux-gnueabihf-gcc -D_LARGEFILE_SOURCE=1 -D_LARGE_FILES -D_FILE_OFFSET_BITS=64 -D_REENTRANT 	-DXTABLES_LIBDIR=\"/usr/lib/iptables\" -DXTABLES_INTERNAL -I../include -I.. -I../include -I.. -I/media/gwind/windcode/openwrt-ssd20x/18.06/build_dir/target-arm-linux-gnueabihf_glibc/linux-sstar_ssd20x/linux-4.9.84/user_headers/include/uapi -I/media/gwind/windcode/openwrt-ssd20x/18.06/build_dir/target-arm-linux-gnueabihf_glibc/linux-sstar_ssd20x/linux-4.9.84/user_headers/include -I/media/gwind/windcode/openwrt-ssd20x/18.06/build_dir/target-arm-linux-gnueabihf_glibc/linux-sstar_ssd20x/linux-4.9.84/user_headers/include/uapi -I/media/gwind/windcode/openwrt-ssd20x/18.06/build_dir/target-arm-linux-gnueabihf_glibc/linux-sstar_ssd20x/linux-4.9.84/user_headers/include -I/media/gwind/windcode/openwrt-ssd20x/18.06/build_dir/target-arm-linux-gnueabihf_glibc/linux-sstar_ssd20x/iptables-1.6.2/include -I/media/gwind/windcode/openwrt-ssd20x/18.06/build_dir/target-arm-linux-gnueabihf_glibc/linux-sstar_ssd20x/linux-4.9.84/user_headers/include -I/media/gwind/windcode/openwrt-ssd20x/18.06/staging_dir/target-arm-linux-gnueabihf_glibc/usr/include -I/media/gwind/windcode/openwrt-ssd20x/18.06/staging_dir/target-arm-linux-gnueabihf_glibc/include    -Wp,-MMD,./.libxt_comment.o.d,-MT,libxt_comment.o -Wall -Waggregate-return -Wmissing-declarations 	-Wmissing-prototypes -Wredundant-decls -Wshadow -Wstrict-prototypes 	-Winline -pipe -DNO_SHARED_LIBS=1 -D_INIT=libxt_comment_init -DPIC -fPIC -Os -pipe -Wno-implicit-fallthrough -mfpu=neon -Wno-format-overflow -fno-caller-saves -fno-plt -mfloat-abi=hard  -D_FORTIFY_SOURCE=1 -Wl,-z,now -Wl,-z,relro -I/media/gwind/windcode/openwrt-ssd20x/18.06/build_dir/target-arm-linux-gnueabihf_glibc/linux-sstar_ssd20x/iptables-1.6.2/include -I/media/gwind/windcode/openwrt-ssd20x/18.06/build_dir/target-arm-linux-gnueabihf_glibc/linux-sstar_ssd20x/linux-4.9.84/user_headers/include -ffunction-sections -fdata-sections -DNO_LEGACY  -o libxt_comment.o -c libxt_comment.c;
arm-linux-gnueabihf-gcc -D_LARGEFILE_SOURCE=1 -D_LARGE_FILES -D_FILE_OFFSET_BITS=64 -D_REENTRANT 	-DXTABLES_LIBDIR=\"/usr/lib/iptables\" -DXTABLES_INTERNAL -I../include -I.. -I../include -I.. -I/media/gwind/windcode/openwrt-ssd20x/18.06/build_dir/target-arm-linux-gnueabihf_glibc/linux-sstar_ssd20x/linux-4.9.84/user_headers/include/uapi -I/media/gwind/windcode/openwrt-ssd20x/18.06/build_dir/target-arm-linux-gnueabihf_glibc/linux-sstar_ssd20x/linux-4.9.84/user_headers/include -I/media/gwind/windcode/openwrt-ssd20x/18.06/build_dir/target-arm-linux-gnueabihf_glibc/linux-sstar_ssd20x/linux-4.9.84/user_headers/include/uapi -I/media/gwind/windcode/openwrt-ssd20x/18.06/build_dir/target-arm-linux-gnueabihf_glibc/linux-sstar_ssd20x/linux-4.9.84/user_headers/include -I/media/gwind/windcode/openwrt-ssd20x/18.06/build_dir/target-arm-linux-gnueabihf_glibc/linux-sstar_ssd20x/iptables-1.6.2/include -I/media/gwind/windcode/openwrt-ssd20x/18.06/build_dir/target-arm-linux-gnueabihf_glibc/linux-sstar_ssd20x/linux-4.9.84/user_headers/include -I/media/gwind/windcode/openwrt-ssd20x/18.06/staging_dir/target-arm-linux-gnueabihf_glibc/usr/include -I/media/gwind/windcode/openwrt-ssd20x/18.06/staging_dir/target-arm-linux-gnueabihf_glibc/include    -Wp,-MMD,./.libxt_conntrack.o.d,-MT,libxt_conntrack.o -Wall -Waggregate-return -Wmissing-declarations 	-Wmissing-prototypes -Wredundant-decls -Wshadow -Wstrict-prototypes 	-Winline -pipe -DNO_SHARED_LIBS=1 -D_INIT=libxt_conntrack_init -DPIC -fPIC -Os -pipe -Wno-implicit-fallthrough -mfpu=neon -Wno-format-overflow -fno-caller-saves -fno-plt -mfloat-abi=hard  -D_FORTIFY_SOURCE=1 -Wl,-z,now -Wl,-z,relro -I/media/gwind/windcode/openwrt-ssd20x/18.06/build_dir/target-arm-linux-gnueabihf_glibc/linux-sstar_ssd20x/iptables-1.6.2/include -I/media/gwind/windcode/openwrt-ssd20x/18.06/build_dir/target-arm-linux-gnueabihf_glibc/linux-sstar_ssd20x/linux-4.9.84/user_headers/include -ffunction-sections -fdata-sections -DNO_LEGACY  -o libxt_conntrack.o -c libxt_conntrack.c;
arm-linux-gnueabihf-gcc -D_LARGEFILE_SOURCE=1 -D_LARGE_FILES -D_FILE_OFFSET_BITS=64 -D_REENTRANT 	-DXTABLES_LIBDIR=\"/usr/lib/iptables\" -DXTABLES_INTERNAL -I../include -I.. -I../include -I.. -I/media/gwind/windcode/openwrt-ssd20x/18.06/build_dir/target-arm-linux-gnueabihf_glibc/linux-sstar_ssd20x/linux-4.9.84/user_headers/include/uapi -I/media/gwind/windcode/openwrt-ssd20x/18.06/build_dir/target-arm-linux-gnueabihf_glibc/linux-sstar_ssd20x/linux-4.9.84/user_headers/include -I/media/gwind/windcode/openwrt-ssd20x/18.06/build_dir/target-arm-linux-gnueabihf_glibc/linux-sstar_ssd20x/linux-4.9.84/user_headers/include/uapi -I/media/gwind/windcode/openwrt-ssd20x/18.06/build_dir/target-arm-linux-gnueabihf_glibc/linux-sstar_ssd20x/linux-4.9.84/user_headers/include -I/media/gwind/windcode/openwrt-ssd20x/18.06/build_dir/target-arm-linux-gnueabihf_glibc/linux-sstar_ssd20x/iptables-1.6.2/include -I/media/gwind/windcode/openwrt-ssd20x/18.06/build_dir/target-arm-linux-gnueabihf_glibc/linux-sstar_ssd20x/linux-4.9.84/user_headers/include -I/media/gwind/windcode/openwrt-ssd20x/18.06/staging_dir/target-arm-linux-gnueabihf_glibc/usr/include -I/media/gwind/windcode/openwrt-ssd20x/18.06/staging_dir/target-arm-linux-gnueabihf_glibc/include    -Wp,-MMD,./.libxt_limit.o.d,-MT,libxt_limit.o -Wall -Waggregate-return -Wmissing-declarations 	-Wmissing-prototypes -Wredundant-decls -Wshadow -Wstrict-prototypes 	-Winline -pipe -DNO_SHARED_LIBS=1 -D_INIT=libxt_limit_init -DPIC -fPIC -Os -pipe -Wno-implicit-fallthrough -mfpu=neon -Wno-format-overflow -fno-caller-saves -fno-plt -mfloat-abi=hard  -D_FORTIFY_SOURCE=1 -Wl,-z,now -Wl,-z,relro -I/media/gwind/windcode/openwrt-ssd20x/18.06/build_dir/target-arm-linux-gnueabihf_glibc/linux-sstar_ssd20x/iptables-1.6.2/include -I/media/gwind/windcode/openwrt-ssd20x/18.06/build_dir/target-arm-linux-gnueabihf_glibc/linux-sstar_ssd20x/linux-4.9.84/user_headers/include -ffunction-sections -fdata-sections -DNO_LEGACY  -o libxt_limit.o -c libxt_limit.c;
arm-linux-gnueabihf-gcc -D_LARGEFILE_SOURCE=1 -D_LARGE_FILES -D_FILE_OFFSET_BITS=64 -D_REENTRANT 	-DXTABLES_LIBDIR=\"/usr/lib/iptables\" -DXTABLES_INTERNAL -I../include -I.. -I../include -I.. -I/media/gwind/windcode/openwrt-ssd20x/18.06/build_dir/target-arm-linux-gnueabihf_glibc/linux-sstar_ssd20x/linux-4.9.84/user_headers/include/uapi -I/media/gwind/windcode/openwrt-ssd20x/18.06/build_dir/target-arm-linux-gnueabihf_glibc/linux-sstar_ssd20x/linux-4.9.84/user_headers/include -I/media/gwind/windcode/openwrt-ssd20x/18.06/build_dir/target-arm-linux-gnueabihf_glibc/linux-sstar_ssd20x/linux-4.9.84/user_headers/include/uapi -I/media/gwind/windcode/openwrt-ssd20x/18.06/build_dir/target-arm-linux-gnueabihf_glibc/linux-sstar_ssd20x/linux-4.9.84/user_headers/include -I/media/gwind/windcode/openwrt-ssd20x/18.06/build_dir/target-arm-linux-gnueabihf_glibc/linux-sstar_ssd20x/iptables-1.6.2/include -I/media/gwind/windcode/openwrt-ssd20x/18.06/build_dir/target-arm-linux-gnueabihf_glibc/linux-sstar_ssd20x/linux-4.9.84/user_headers/include -I/media/gwind/windcode/openwrt-ssd20x/18.06/staging_dir/target-arm-linux-gnueabihf_glibc/usr/include -I/media/gwind/windcode/openwrt-ssd20x/18.06/staging_dir/target-arm-linux-gnueabihf_glibc/include    -Wp,-MMD,./.libxt_mac.o.d,-MT,libxt_mac.o -Wall -Waggregate-return -Wmissing-declarations 	-Wmissing-prototypes -Wredundant-decls -Wshadow -Wstrict-prototypes 	-Winline -pipe -DNO_SHARED_LIBS=1 -D_INIT=libxt_mac_init -DPIC -fPIC -Os -pipe -Wno-implicit-fallthrough -mfpu=neon -Wno-format-overflow -fno-caller-saves -fno-plt -mfloat-abi=hard  -D_FORTIFY_SOURCE=1 -Wl,-z,now -Wl,-z,relro -I/media/gwind/windcode/openwrt-ssd20x/18.06/build_dir/target-arm-linux-gnueabihf_glibc/linux-sstar_ssd20x/iptables-1.6.2/include -I/media/gwind/windcode/openwrt-ssd20x/18.06/build_dir/target-arm-linux-gnueabihf_glibc/linux-sstar_ssd20x/linux-4.9.84/user_headers/include -ffunction-sections -fdata-sections -DNO_LEGACY  -o libxt_mac.o -c libxt_mac.c;
arm-linux-gnueabihf-gcc -D_LARGEFILE_SOURCE=1 -D_LARGE_FILES -D_FILE_OFFSET_BITS=64 -D_REENTRANT 	-DXTABLES_LIBDIR=\"/usr/lib/iptables\" -DXTABLES_INTERNAL -I../include -I.. -I../include -I.. -I/media/gwind/windcode/openwrt-ssd20x/18.06/build_dir/target-arm-linux-gnueabihf_glibc/linux-sstar_ssd20x/linux-4.9.84/user_headers/include/uapi -I/media/gwind/windcode/openwrt-ssd20x/18.06/build_dir/target-arm-linux-gnueabihf_glibc/linux-sstar_ssd20x/linux-4.9.84/user_headers/include -I/media/gwind/windcode/openwrt-ssd20x/18.06/build_dir/target-arm-linux-gnueabihf_glibc/linux-sstar_ssd20x/linux-4.9.84/user_headers/include/uapi -I/media/gwind/windcode/openwrt-ssd20x/18.06/build_dir/target-arm-linux-gnueabihf_glibc/linux-sstar_ssd20x/linux-4.9.84/user_headers/include -I/media/gwind/windcode/openwrt-ssd20x/18.06/build_dir/target-arm-linux-gnueabihf_glibc/linux-sstar_ssd20x/iptables-1.6.2/include -I/media/gwind/windcode/openwrt-ssd20x/18.06/build_dir/target-arm-linux-gnueabihf_glibc/linux-sstar_ssd20x/linux-4.9.84/user_headers/include -I/media/gwind/windcode/openwrt-ssd20x/18.06/staging_dir/target-arm-linux-gnueabihf_glibc/usr/include -I/media/gwind/windcode/openwrt-ssd20x/18.06/staging_dir/target-arm-linux-gnueabihf_glibc/include    -Wp,-MMD,./.libxt_mark.o.d,-MT,libxt_mark.o -Wall -Waggregate-return -Wmissing-declarations 	-Wmissing-prototypes -Wredundant-decls -Wshadow -Wstrict-prototypes 	-Winline -pipe -DNO_SHARED_LIBS=1 -D_INIT=libxt_mark_init -DPIC -fPIC -Os -pipe -Wno-implicit-fallthrough -mfpu=neon -Wno-format-overflow -fno-caller-saves -fno-plt -mfloat-abi=hard  -D_FORTIFY_SOURCE=1 -Wl,-z,now -Wl,-z,relro -I/media/gwind/windcode/openwrt-ssd20x/18.06/build_dir/target-arm-linux-gnueabihf_glibc/linux-sstar_ssd20x/iptables-1.6.2/include -I/media/gwind/windcode/openwrt-ssd20x/18.06/build_dir/target-arm-linux-gnueabihf_glibc/linux-sstar_ssd20x/linux-4.9.84/user_headers/include -ffunction-sections -fdata-sections -DNO_LEGACY  -o libxt_mark.o -c libxt_mark.c;
arm-linux-gnueabihf-gcc -D_LARGEFILE_SOURCE=1 -D_LARGE_FILES -D_FILE_OFFSET_BITS=64 -D_REENTRANT 	-DXTABLES_LIBDIR=\"/usr/lib/iptables\" -DXTABLES_INTERNAL -I../include -I.. -I../include -I.. -I/media/gwind/windcode/openwrt-ssd20x/18.06/build_dir/target-arm-linux-gnueabihf_glibc/linux-sstar_ssd20x/linux-4.9.84/user_headers/include/uapi -I/media/gwind/windcode/openwrt-ssd20x/18.06/build_dir/target-arm-linux-gnueabihf_glibc/linux-sstar_ssd20x/linux-4.9.84/user_headers/include -I/media/gwind/windcode/openwrt-ssd20x/18.06/build_dir/target-arm-linux-gnueabihf_glibc/linux-sstar_ssd20x/linux-4.9.84/user_headers/include/uapi -I/media/gwind/windcode/openwrt-ssd20x/18.06/build_dir/target-arm-linux-gnueabihf_glibc/linux-sstar_ssd20x/linux-4.9.84/user_headers/include -I/media/gwind/windcode/openwrt-ssd20x/18.06/build_dir/target-arm-linux-gnueabihf_glibc/linux-sstar_ssd20x/iptables-1.6.2/include -I/media/gwind/windcode/openwrt-ssd20x/18.06/build_dir/target-arm-linux-gnueabihf_glibc/linux-sstar_ssd20x/linux-4.9.84/user_headers/include -I/media/gwind/windcode/openwrt-ssd20x/18.06/staging_dir/target-arm-linux-gnueabihf_glibc/usr/include -I/media/gwind/windcode/openwrt-ssd20x/18.06/staging_dir/target-arm-linux-gnueabihf_glibc/include    -Wp,-MMD,./.libxt_multiport.o.d,-MT,libxt_multiport.o -Wall -Waggregate-return -Wmissing-declarations 	-Wmissing-prototypes -Wredundant-decls -Wshadow -Wstrict-prototypes 	-Winline -pipe -DNO_SHARED_LIBS=1 -D_INIT=libxt_multiport_init -DPIC -fPIC -Os -pipe -Wno-implicit-fallthrough -mfpu=neon -Wno-format-overflow -fno-caller-saves -fno-plt -mfloat-abi=hard  -D_FORTIFY_SOURCE=1 -Wl,-z,now -Wl,-z,relro -I/media/gwind/windcode/openwrt-ssd20x/18.06/build_dir/target-arm-linux-gnueabihf_glibc/linux-sstar_ssd20x/iptables-1.6.2/include -I/media/gwind/windcode/openwrt-ssd20x/18.06/build_dir/target-arm-linux-gnueabihf_glibc/linux-sstar_ssd20x/linux-4.9.84/user_headers/include -ffunction-sections -fdata-sections -DNO_LEGACY  -o libxt_multiport.o -c libxt_multiport.c;
arm-linux-gnueabihf-gcc -D_LARGEFILE_SOURCE=1 -D_LARGE_FILES -D_FILE_OFFSET_BITS=64 -D_REENTRANT 	-DXTABLES_LIBDIR=\"/usr/lib/iptables\" -DXTABLES_INTERNAL -I../include -I.. -I../include -I.. -I/media/gwind/windcode/openwrt-ssd20x/18.06/build_dir/target-arm-linux-gnueabihf_glibc/linux-sstar_ssd20x/linux-4.9.84/user_headers/include/uapi -I/media/gwind/windcode/openwrt-ssd20x/18.06/build_dir/target-arm-linux-gnueabihf_glibc/linux-sstar_ssd20x/linux-4.9.84/user_headers/include -I/media/gwind/windcode/openwrt-ssd20x/18.06/build_dir/target-arm-linux-gnueabihf_glibc/linux-sstar_ssd20x/linux-4.9.84/user_headers/include/uapi -I/media/gwind/windcode/openwrt-ssd20x/18.06/build_dir/target-arm-linux-gnueabihf_glibc/linux-sstar_ssd20x/linux-4.9.84/user_headers/include -I/media/gwind/windcode/openwrt-ssd20x/18.06/build_dir/target-arm-linux-gnueabihf_glibc/linux-sstar_ssd20x/iptables-1.6.2/include -I/media/gwind/windcode/openwrt-ssd20x/18.06/build_dir/target-arm-linux-gnueabihf_glibc/linux-sstar_ssd20x/linux-4.9.84/user_headers/include -I/media/gwind/windcode/openwrt-ssd20x/18.06/staging_dir/target-arm-linux-gnueabihf_glibc/usr/include -I/media/gwind/windcode/openwrt-ssd20x/18.06/staging_dir/target-arm-linux-gnueabihf_glibc/include    -Wp,-MMD,./.libxt_set.o.d,-MT,libxt_set.o -Wall -Waggregate-return -Wmissing-declarations 	-Wmissing-prototypes -Wredundant-decls -Wshadow -Wstrict-prototypes 	-Winline -pipe -DNO_SHARED_LIBS=1 -D_INIT=libxt_set_init -DPIC -fPIC -Os -pipe -Wno-implicit-fallthrough -mfpu=neon -Wno-format-overflow -fno-caller-saves -fno-plt -mfloat-abi=hard  -D_FORTIFY_SOURCE=1 -Wl,-z,now -Wl,-z,relro -I/media/gwind/windcode/openwrt-ssd20x/18.06/build_dir/target-arm-linux-gnueabihf_glibc/linux-sstar_ssd20x/iptables-1.6.2/include -I/media/gwind/windcode/openwrt-ssd20x/18.06/build_dir/target-arm-linux-gnueabihf_glibc/linux-sstar_ssd20x/linux-4.9.84/user_headers/include -ffunction-sections -fdata-sections -DNO_LEGACY  -o libxt_set.o -c libxt_set.c;
arm-linux-gnueabihf-gcc -D_LARGEFILE_SOURCE=1 -D_LARGE_FILES -D_FILE_OFFSET_BITS=64 -D_REENTRANT 	-DXTABLES_LIBDIR=\"/usr/lib/iptables\" -DXTABLES_INTERNAL -I../include -I.. -I../include -I.. -I/media/gwind/windcode/openwrt-ssd20x/18.06/build_dir/target-arm-linux-gnueabihf_glibc/linux-sstar_ssd20x/linux-4.9.84/user_headers/include/uapi -I/media/gwind/windcode/openwrt-ssd20x/18.06/build_dir/target-arm-linux-gnueabihf_glibc/linux-sstar_ssd20x/linux-4.9.84/user_headers/include -I/media/gwind/windcode/openwrt-ssd20x/18.06/build_dir/target-arm-linux-gnueabihf_glibc/linux-sstar_ssd20x/linux-4.9.84/user_headers/include/uapi -I/media/gwind/windcode/openwrt-ssd20x/18.06/build_dir/target-arm-linux-gnueabihf_glibc/linux-sstar_ssd20x/linux-4.9.84/user_headers/include -I/media/gwind/windcode/openwrt-ssd20x/18.06/build_dir/target-arm-linux-gnueabihf_glibc/linux-sstar_ssd20x/iptables-1.6.2/include -I/media/gwind/windcode/openwrt-ssd20x/18.06/build_dir/target-arm-linux-gnueabihf_glibc/linux-sstar_ssd20x/linux-4.9.84/user_headers/include -I/media/gwind/windcode/openwrt-ssd20x/18.06/staging_dir/target-arm-linux-gnueabihf_glibc/usr/include -I/media/gwind/windcode/openwrt-ssd20x/18.06/staging_dir/target-arm-linux-gnueabihf_glibc/include    -Wp,-MMD,./.libxt_standard.o.d,-MT,libxt_standard.o -Wall -Waggregate-return -Wmissing-declarations 	-Wmissing-prototypes -Wredundant-decls -Wshadow -Wstrict-prototypes 	-Winline -pipe -DNO_SHARED_LIBS=1 -D_INIT=libxt_standard_init -DPIC -fPIC -Os -pipe -Wno-implicit-fallthrough -mfpu=neon -Wno-format-overflow -fno-caller-saves -fno-plt -mfloat-abi=hard  -D_FORTIFY_SOURCE=1 -Wl,-z,now -Wl,-z,relro -I/media/gwind/windcode/openwrt-ssd20x/18.06/build_dir/target-arm-linux-gnueabihf_glibc/linux-sstar_ssd20x/iptables-1.6.2/include -I/media/gwind/windcode/openwrt-ssd20x/18.06/build_dir/target-arm-linux-gnueabihf_glibc/linux-sstar_ssd20x/linux-4.9.84/user_headers/include -ffunction-sections -fdata-sections -DNO_LEGACY  -o libxt_standard.o -c libxt_standard.c;
arm-linux-gnueabihf-gcc -D_LARGEFILE_SOURCE=1 -D_LARGE_FILES -D_FILE_OFFSET_BITS=64 -D_REENTRANT 	-DXTABLES_LIBDIR=\"/usr/lib/iptables\" -DXTABLES_INTERNAL -I../include -I.. -I../include -I.. -I/media/gwind/windcode/openwrt-ssd20x/18.06/build_dir/target-arm-linux-gnueabihf_glibc/linux-sstar_ssd20x/linux-4.9.84/user_headers/include/uapi -I/media/gwind/windcode/openwrt-ssd20x/18.06/build_dir/target-arm-linux-gnueabihf_glibc/linux-sstar_ssd20x/linux-4.9.84/user_headers/include -I/media/gwind/windcode/openwrt-ssd20x/18.06/build_dir/target-arm-linux-gnueabihf_glibc/linux-sstar_ssd20x/linux-4.9.84/user_headers/include/uapi -I/media/gwind/windcode/openwrt-ssd20x/18.06/build_dir/target-arm-linux-gnueabihf_glibc/linux-sstar_ssd20x/linux-4.9.84/user_headers/include -I/media/gwind/windcode/openwrt-ssd20x/18.06/build_dir/target-arm-linux-gnueabihf_glibc/linux-sstar_ssd20x/iptables-1.6.2/include -I/media/gwind/windcode/openwrt-ssd20x/18.06/build_dir/target-arm-linux-gnueabihf_glibc/linux-sstar_ssd20x/linux-4.9.84/user_headers/include -I/media/gwind/windcode/openwrt-ssd20x/18.06/staging_dir/target-arm-linux-gnueabihf_glibc/usr/include -I/media/gwind/windcode/openwrt-ssd20x/18.06/staging_dir/target-arm-linux-gnueabihf_glibc/include    -Wp,-MMD,./.libxt_tcp.o.d,-MT,libxt_tcp.o -Wall -Waggregate-return -Wmissing-declarations 	-Wmissing-prototypes -Wredundant-decls -Wshadow -Wstrict-prototypes 	-Winline -pipe -DNO_SHARED_LIBS=1 -D_INIT=libxt_tcp_init -DPIC -fPIC -Os -pipe -Wno-implicit-fallthrough -mfpu=neon -Wno-format-overflow -fno-caller-saves -fno-plt -mfloat-abi=hard  -D_FORTIFY_SOURCE=1 -Wl,-z,now -Wl,-z,relro -I/media/gwind/windcode/openwrt-ssd20x/18.06/build_dir/target-arm-linux-gnueabihf_glibc/linux-sstar_ssd20x/iptables-1.6.2/include -I/media/gwind/windcode/openwrt-ssd20x/18.06/build_dir/target-arm-linux-gnueabihf_glibc/linux-sstar_ssd20x/linux-4.9.84/user_headers/include -ffunction-sections -fdata-sections -DNO_LEGACY  -o libxt_tcp.o -c libxt_tcp.c;
arm-linux-gnueabihf-gcc -D_LARGEFILE_SOURCE=1 -D_LARGE_FILES -D_FILE_OFFSET_BITS=64 -D_REENTRANT 	-DXTABLES_LIBDIR=\"/usr/lib/iptables\" -DXTABLES_INTERNAL -I../include -I.. -I../include -I.. -I/media/gwind/windcode/openwrt-ssd20x/18.06/build_dir/target-arm-linux-gnueabihf_glibc/linux-sstar_ssd20x/linux-4.9.84/user_headers/include/uapi -I/media/gwind/windcode/openwrt-ssd20x/18.06/build_dir/target-arm-linux-gnueabihf_glibc/linux-sstar_ssd20x/linux-4.9.84/user_headers/include -I/media/gwind/windcode/openwrt-ssd20x/18.06/build_dir/target-arm-linux-gnueabihf_glibc/linux-sstar_ssd20x/linux-4.9.84/user_headers/include/uapi -I/media/gwind/windcode/openwrt-ssd20x/18.06/build_dir/target-arm-linux-gnueabihf_glibc/linux-sstar_ssd20x/linux-4.9.84/user_headers/include -I/media/gwind/windcode/openwrt-ssd20x/18.06/build_dir/target-arm-linux-gnueabihf_glibc/linux-sstar_ssd20x/iptables-1.6.2/include -I/media/gwind/windcode/openwrt-ssd20x/18.06/build_dir/target-arm-linux-gnueabihf_glibc/linux-sstar_ssd20x/linux-4.9.84/user_headers/include -I/media/gwind/windcode/openwrt-ssd20x/18.06/staging_dir/target-arm-linux-gnueabihf_glibc/usr/include -I/media/gwind/windcode/openwrt-ssd20x/18.06/staging_dir/target-arm-linux-gnueabihf_glibc/include    -Wp,-MMD,./.libxt_time.o.d,-MT,libxt_time.o -Wall -Waggregate-return -Wmissing-declarations 	-Wmissing-prototypes -Wredundant-decls -Wshadow -Wstrict-prototypes 	-Winline -pipe -DNO_SHARED_LIBS=1 -D_INIT=libxt_time_init -DPIC -fPIC -Os -pipe -Wno-implicit-fallthrough -mfpu=neon -Wno-format-overflow -fno-caller-saves -fno-plt -mfloat-abi=hard  -D_FORTIFY_SOURCE=1 -Wl,-z,now -Wl,-z,relro -I/media/gwind/windcode/openwrt-ssd20x/18.06/build_dir/target-arm-linux-gnueabihf_glibc/linux-sstar_ssd20x/iptables-1.6.2/include -I/media/gwind/windcode/openwrt-ssd20x/18.06/build_dir/target-arm-linux-gnueabihf_glibc/linux-sstar_ssd20x/linux-4.9.84/user_headers/include -ffunction-sections -fdata-sections -DNO_LEGACY  -o libxt_time.o -c libxt_time.c;
arm-linux-gnueabihf-gcc -D_LARGEFILE_SOURCE=1 -D_LARGE_FILES -D_FILE_OFFSET_BITS=64 -D_REENTRANT 	-DXTABLES_LIBDIR=\"/usr/lib/iptables\" -DXTABLES_INTERNAL -I../include -I.. -I../include -I.. -I/media/gwind/windcode/openwrt-ssd20x/18.06/build_dir/target-arm-linux-gnueabihf_glibc/linux-sstar_ssd20x/linux-4.9.84/user_headers/include/uapi -I/media/gwind/windcode/openwrt-ssd20x/18.06/build_dir/target-arm-linux-gnueabihf_glibc/linux-sstar_ssd20x/linux-4.9.84/user_headers/include -I/media/gwind/windcode/openwrt-ssd20x/18.06/build_dir/target-arm-linux-gnueabihf_glibc/linux-sstar_ssd20x/linux-4.9.84/user_headers/include/uapi -I/media/gwind/windcode/openwrt-ssd20x/18.06/build_dir/target-arm-linux-gnueabihf_glibc/linux-sstar_ssd20x/linux-4.9.84/user_headers/include -I/media/gwind/windcode/openwrt-ssd20x/18.06/build_dir/target-arm-linux-gnueabihf_glibc/linux-sstar_ssd20x/iptables-1.6.2/include -I/media/gwind/windcode/openwrt-ssd20x/18.06/build_dir/target-arm-linux-gnueabihf_glibc/linux-sstar_ssd20x/linux-4.9.84/user_headers/include -I/media/gwind/windcode/openwrt-ssd20x/18.06/staging_dir/target-arm-linux-gnueabihf_glibc/usr/include -I/media/gwind/windcode/openwrt-ssd20x/18.06/staging_dir/target-arm-linux-gnueabihf_glibc/include    -Wp,-MMD,./.libxt_udp.o.d,-MT,libxt_udp.o -Wall -Waggregate-return -Wmissing-declarations 	-Wmissing-prototypes -Wredundant-decls -Wshadow -Wstrict-prototypes 	-Winline -pipe -DNO_SHARED_LIBS=1 -D_INIT=libxt_udp_init -DPIC -fPIC -Os -pipe -Wno-implicit-fallthrough -mfpu=neon -Wno-format-overflow -fno-caller-saves -fno-plt -mfloat-abi=hard  -D_FORTIFY_SOURCE=1 -Wl,-z,now -Wl,-z,relro -I/media/gwind/windcode/openwrt-ssd20x/18.06/build_dir/target-arm-linux-gnueabihf_glibc/linux-sstar_ssd20x/iptables-1.6.2/include -I/media/gwind/windcode/openwrt-ssd20x/18.06/build_dir/target-arm-linux-gnueabihf_glibc/linux-sstar_ssd20x/linux-4.9.84/user_headers/include -ffunction-sections -fdata-sections -DNO_LEGACY  -o libxt_udp.o -c libxt_udp.c;
arm-linux-gnueabihf-gcc -Wl,--no-undefined -shared -L/media/gwind/windcode/openwrt-ssd20x/18.06/staging_dir/target-arm-linux-gnueabihf_glibc/usr/lib -L/media/gwind/windcode/openwrt-ssd20x/18.06/staging_dir/target-arm-linux-gnueabihf_glibc/lib -L/opt/ssd20x/gcc-arm-8.2-2018.08-x86_64-arm-linux-gnueabihf/arm-linux-gnueabihf/libc/usr/lib -L/opt/ssd20x/gcc-arm-8.2-2018.08-x86_64-arm-linux-gnueabihf/arm-linux-gnueabihf/libc/lib -znow -zrelro -Wl,--gc-sections  -o libiptext.so initext.o libxt_MARK.o libxt_SET.o libxt_TCPMSS.o libxt_comment.o libxt_conntrack.o libxt_limit.o libxt_mac.o libxt_mark.o libxt_multiport.o libxt_set.o libxt_standard.o libxt_tcp.o libxt_time.o libxt_udp.o -L../libxtables/.libs -lxtables               ;
arm-linux-gnueabihf-gcc -D_LARGEFILE_SOURCE=1 -D_LARGE_FILES -D_FILE_OFFSET_BITS=64 -D_REENTRANT 	-DXTABLES_LIBDIR=\"/usr/lib/iptables\" -DXTABLES_INTERNAL -I../include -I.. -I../include -I.. -I/media/gwind/windcode/openwrt-ssd20x/18.06/build_dir/target-arm-linux-gnueabihf_glibc/linux-sstar_ssd20x/linux-4.9.84/user_headers/include/uapi -I/media/gwind/windcode/openwrt-ssd20x/18.06/build_dir/target-arm-linux-gnueabihf_glibc/linux-sstar_ssd20x/linux-4.9.84/user_headers/include -I/media/gwind/windcode/openwrt-ssd20x/18.06/build_dir/target-arm-linux-gnueabihf_glibc/linux-sstar_ssd20x/linux-4.9.84/user_headers/include/uapi -I/media/gwind/windcode/openwrt-ssd20x/18.06/build_dir/target-arm-linux-gnueabihf_glibc/linux-sstar_ssd20x/linux-4.9.84/user_headers/include -I/media/gwind/windcode/openwrt-ssd20x/18.06/build_dir/target-arm-linux-gnueabihf_glibc/linux-sstar_ssd20x/iptables-1.6.2/include -I/media/gwind/windcode/openwrt-ssd20x/18.06/build_dir/target-arm-linux-gnueabihf_glibc/linux-sstar_ssd20x/linux-4.9.84/user_headers/include -I/media/gwind/windcode/openwrt-ssd20x/18.06/staging_dir/target-arm-linux-gnueabihf_glibc/usr/include -I/media/gwind/windcode/openwrt-ssd20x/18.06/staging_dir/target-arm-linux-gnueabihf_glibc/include    -Wp,-MMD,./.initext4.o.d,-MT,initext4.o -Wall -Waggregate-return -Wmissing-declarations 	-Wmissing-prototypes -Wredundant-decls -Wshadow -Wstrict-prototypes 	-Winline -pipe -D_INIT=ext4_init  -DPIC -fPIC -Os -pipe -Wno-implicit-fallthrough -mfpu=neon -Wno-format-overflow -fno-caller-saves -fno-plt -mfloat-abi=hard  -D_FORTIFY_SOURCE=1 -Wl,-z,now -Wl,-z,relro -I/media/gwind/windcode/openwrt-ssd20x/18.06/build_dir/target-arm-linux-gnueabihf_glibc/linux-sstar_ssd20x/iptables-1.6.2/include -I/media/gwind/windcode/openwrt-ssd20x/18.06/build_dir/target-arm-linux-gnueabihf_glibc/linux-sstar_ssd20x/linux-4.9.84/user_headers/include -ffunction-sections -fdata-sections -DNO_LEGACY  -o initext4.o -c initext4.c;
arm-linux-gnueabihf-gcc -D_LARGEFILE_SOURCE=1 -D_LARGE_FILES -D_FILE_OFFSET_BITS=64 -D_REENTRANT 	-DXTABLES_LIBDIR=\"/usr/lib/iptables\" -DXTABLES_INTERNAL -I../include -I.. -I../include -I.. -I/media/gwind/windcode/openwrt-ssd20x/18.06/build_dir/target-arm-linux-gnueabihf_glibc/linux-sstar_ssd20x/linux-4.9.84/user_headers/include/uapi -I/media/gwind/windcode/openwrt-ssd20x/18.06/build_dir/target-arm-linux-gnueabihf_glibc/linux-sstar_ssd20x/linux-4.9.84/user_headers/include -I/media/gwind/windcode/openwrt-ssd20x/18.06/build_dir/target-arm-linux-gnueabihf_glibc/linux-sstar_ssd20x/linux-4.9.84/user_headers/include/uapi -I/media/gwind/windcode/openwrt-ssd20x/18.06/build_dir/target-arm-linux-gnueabihf_glibc/linux-sstar_ssd20x/linux-4.9.84/user_headers/include -I/media/gwind/windcode/openwrt-ssd20x/18.06/build_dir/target-arm-linux-gnueabihf_glibc/linux-sstar_ssd20x/iptables-1.6.2/include -I/media/gwind/windcode/openwrt-ssd20x/18.06/build_dir/target-arm-linux-gnueabihf_glibc/linux-sstar_ssd20x/linux-4.9.84/user_headers/include -I/media/gwind/windcode/openwrt-ssd20x/18.06/staging_dir/target-arm-linux-gnueabihf_glibc/usr/include -I/media/gwind/windcode/openwrt-ssd20x/18.06/staging_dir/target-arm-linux-gnueabihf_glibc/include    -Wp,-MMD,./.libipt_DNAT.o.d,-MT,libipt_DNAT.o -Wall -Waggregate-return -Wmissing-declarations 	-Wmissing-prototypes -Wredundant-decls -Wshadow -Wstrict-prototypes 	-Winline -pipe -DNO_SHARED_LIBS=1 -D_INIT=libipt_DNAT_init -DPIC -fPIC -Os -pipe -Wno-implicit-fallthrough -mfpu=neon -Wno-format-overflow -fno-caller-saves -fno-plt -mfloat-abi=hard  -D_FORTIFY_SOURCE=1 -Wl,-z,now -Wl,-z,relro -I/media/gwind/windcode/openwrt-ssd20x/18.06/build_dir/target-arm-linux-gnueabihf_glibc/linux-sstar_ssd20x/iptables-1.6.2/include -I/media/gwind/windcode/openwrt-ssd20x/18.06/build_dir/target-arm-linux-gnueabihf_glibc/linux-sstar_ssd20x/linux-4.9.84/user_headers/include -ffunction-sections -fdata-sections -DNO_LEGACY  -o libipt_DNAT.o -c libipt_DNAT.c;
arm-linux-gnueabihf-gcc -D_LARGEFILE_SOURCE=1 -D_LARGE_FILES -D_FILE_OFFSET_BITS=64 -D_REENTRANT 	-DXTABLES_LIBDIR=\"/usr/lib/iptables\" -DXTABLES_INTERNAL -I../include -I.. -I../include -I.. -I/media/gwind/windcode/openwrt-ssd20x/18.06/build_dir/target-arm-linux-gnueabihf_glibc/linux-sstar_ssd20x/linux-4.9.84/user_headers/include/uapi -I/media/gwind/windcode/openwrt-ssd20x/18.06/build_dir/target-arm-linux-gnueabihf_glibc/linux-sstar_ssd20x/linux-4.9.84/user_headers/include -I/media/gwind/windcode/openwrt-ssd20x/18.06/build_dir/target-arm-linux-gnueabihf_glibc/linux-sstar_ssd20x/linux-4.9.84/user_headers/include/uapi -I/media/gwind/windcode/openwrt-ssd20x/18.06/build_dir/target-arm-linux-gnueabihf_glibc/linux-sstar_ssd20x/linux-4.9.84/user_headers/include -I/media/gwind/windcode/openwrt-ssd20x/18.06/build_dir/target-arm-linux-gnueabihf_glibc/linux-sstar_ssd20x/iptables-1.6.2/include -I/media/gwind/windcode/openwrt-ssd20x/18.06/build_dir/target-arm-linux-gnueabihf_glibc/linux-sstar_ssd20x/linux-4.9.84/user_headers/include -I/media/gwind/windcode/openwrt-ssd20x/18.06/staging_dir/target-arm-linux-gnueabihf_glibc/usr/include -I/media/gwind/windcode/openwrt-ssd20x/18.06/staging_dir/target-arm-linux-gnueabihf_glibc/include    -Wp,-MMD,./.libipt_LOG.o.d,-MT,libipt_LOG.o -Wall -Waggregate-return -Wmissing-declarations 	-Wmissing-prototypes -Wredundant-decls -Wshadow -Wstrict-prototypes 	-Winline -pipe -DNO_SHARED_LIBS=1 -D_INIT=libipt_LOG_init -DPIC -fPIC -Os -pipe -Wno-implicit-fallthrough -mfpu=neon -Wno-format-overflow -fno-caller-saves -fno-plt -mfloat-abi=hard  -D_FORTIFY_SOURCE=1 -Wl,-z,now -Wl,-z,relro -I/media/gwind/windcode/openwrt-ssd20x/18.06/build_dir/target-arm-linux-gnueabihf_glibc/linux-sstar_ssd20x/iptables-1.6.2/include -I/media/gwind/windcode/openwrt-ssd20x/18.06/build_dir/target-arm-linux-gnueabihf_glibc/linux-sstar_ssd20x/linux-4.9.84/user_headers/include -ffunction-sections -fdata-sections -DNO_LEGACY  -o libipt_LOG.o -c libipt_LOG.c;
arm-linux-gnueabihf-gcc -D_LARGEFILE_SOURCE=1 -D_LARGE_FILES -D_FILE_OFFSET_BITS=64 -D_REENTRANT 	-DXTABLES_LIBDIR=\"/usr/lib/iptables\" -DXTABLES_INTERNAL -I../include -I.. -I../include -I.. -I/media/gwind/windcode/openwrt-ssd20x/18.06/build_dir/target-arm-linux-gnueabihf_glibc/linux-sstar_ssd20x/linux-4.9.84/user_headers/include/uapi -I/media/gwind/windcode/openwrt-ssd20x/18.06/build_dir/target-arm-linux-gnueabihf_glibc/linux-sstar_ssd20x/linux-4.9.84/user_headers/include -I/media/gwind/windcode/openwrt-ssd20x/18.06/build_dir/target-arm-linux-gnueabihf_glibc/linux-sstar_ssd20x/linux-4.9.84/user_headers/include/uapi -I/media/gwind/windcode/openwrt-ssd20x/18.06/build_dir/target-arm-linux-gnueabihf_glibc/linux-sstar_ssd20x/linux-4.9.84/user_headers/include -I/media/gwind/windcode/openwrt-ssd20x/18.06/build_dir/target-arm-linux-gnueabihf_glibc/linux-sstar_ssd20x/iptables-1.6.2/include -I/media/gwind/windcode/openwrt-ssd20x/18.06/build_dir/target-arm-linux-gnueabihf_glibc/linux-sstar_ssd20x/linux-4.9.84/user_headers/include -I/media/gwind/windcode/openwrt-ssd20x/18.06/staging_dir/target-arm-linux-gnueabihf_glibc/usr/include -I/media/gwind/windcode/openwrt-ssd20x/18.06/staging_dir/target-arm-linux-gnueabihf_glibc/include    -Wp,-MMD,./.libipt_MASQUERADE.o.d,-MT,libipt_MASQUERADE.o -Wall -Waggregate-return -Wmissing-declarations 	-Wmissing-prototypes -Wredundant-decls -Wshadow -Wstrict-prototypes 	-Winline -pipe -DNO_SHARED_LIBS=1 -D_INIT=libipt_MASQUERADE_init -DPIC -fPIC -Os -pipe -Wno-implicit-fallthrough -mfpu=neon -Wno-format-overflow -fno-caller-saves -fno-plt -mfloat-abi=hard  -D_FORTIFY_SOURCE=1 -Wl,-z,now -Wl,-z,relro -I/media/gwind/windcode/openwrt-ssd20x/18.06/build_dir/target-arm-linux-gnueabihf_glibc/linux-sstar_ssd20x/iptables-1.6.2/include -I/media/gwind/windcode/openwrt-ssd20x/18.06/build_dir/target-arm-linux-gnueabihf_glibc/linux-sstar_ssd20x/linux-4.9.84/user_headers/include -ffunction-sections -fdata-sections -DNO_LEGACY  -o libipt_MASQUERADE.o -c libipt_MASQUERADE.c;
arm-linux-gnueabihf-gcc -D_LARGEFILE_SOURCE=1 -D_LARGE_FILES -D_FILE_OFFSET_BITS=64 -D_REENTRANT 	-DXTABLES_LIBDIR=\"/usr/lib/iptables\" -DXTABLES_INTERNAL -I../include -I.. -I../include -I.. -I/media/gwind/windcode/openwrt-ssd20x/18.06/build_dir/target-arm-linux-gnueabihf_glibc/linux-sstar_ssd20x/linux-4.9.84/user_headers/include/uapi -I/media/gwind/windcode/openwrt-ssd20x/18.06/build_dir/target-arm-linux-gnueabihf_glibc/linux-sstar_ssd20x/linux-4.9.84/user_headers/include -I/media/gwind/windcode/openwrt-ssd20x/18.06/build_dir/target-arm-linux-gnueabihf_glibc/linux-sstar_ssd20x/linux-4.9.84/user_headers/include/uapi -I/media/gwind/windcode/openwrt-ssd20x/18.06/build_dir/target-arm-linux-gnueabihf_glibc/linux-sstar_ssd20x/linux-4.9.84/user_headers/include -I/media/gwind/windcode/openwrt-ssd20x/18.06/build_dir/target-arm-linux-gnueabihf_glibc/linux-sstar_ssd20x/iptables-1.6.2/include -I/media/gwind/windcode/openwrt-ssd20x/18.06/build_dir/target-arm-linux-gnueabihf_glibc/linux-sstar_ssd20x/linux-4.9.84/user_headers/include -I/media/gwind/windcode/openwrt-ssd20x/18.06/staging_dir/target-arm-linux-gnueabihf_glibc/usr/include -I/media/gwind/windcode/openwrt-ssd20x/18.06/staging_dir/target-arm-linux-gnueabihf_glibc/include    -Wp,-MMD,./.libipt_REDIRECT.o.d,-MT,libipt_REDIRECT.o -Wall -Waggregate-return -Wmissing-declarations 	-Wmissing-prototypes -Wredundant-decls -Wshadow -Wstrict-prototypes 	-Winline -pipe -DNO_SHARED_LIBS=1 -D_INIT=libipt_REDIRECT_init -DPIC -fPIC -Os -pipe -Wno-implicit-fallthrough -mfpu=neon -Wno-format-overflow -fno-caller-saves -fno-plt -mfloat-abi=hard  -D_FORTIFY_SOURCE=1 -Wl,-z,now -Wl,-z,relro -I/media/gwind/windcode/openwrt-ssd20x/18.06/build_dir/target-arm-linux-gnueabihf_glibc/linux-sstar_ssd20x/iptables-1.6.2/include -I/media/gwind/windcode/openwrt-ssd20x/18.06/build_dir/target-arm-linux-gnueabihf_glibc/linux-sstar_ssd20x/linux-4.9.84/user_headers/include -ffunction-sections -fdata-sections -DNO_LEGACY  -o libipt_REDIRECT.o -c libipt_REDIRECT.c;
arm-linux-gnueabihf-gcc -D_LARGEFILE_SOURCE=1 -D_LARGE_FILES -D_FILE_OFFSET_BITS=64 -D_REENTRANT 	-DXTABLES_LIBDIR=\"/usr/lib/iptables\" -DXTABLES_INTERNAL -I../include -I.. -I../include -I.. -I/media/gwind/windcode/openwrt-ssd20x/18.06/build_dir/target-arm-linux-gnueabihf_glibc/linux-sstar_ssd20x/linux-4.9.84/user_headers/include/uapi -I/media/gwind/windcode/openwrt-ssd20x/18.06/build_dir/target-arm-linux-gnueabihf_glibc/linux-sstar_ssd20x/linux-4.9.84/user_headers/include -I/media/gwind/windcode/openwrt-ssd20x/18.06/build_dir/target-arm-linux-gnueabihf_glibc/linux-sstar_ssd20x/linux-4.9.84/user_headers/include/uapi -I/media/gwind/windcode/openwrt-ssd20x/18.06/build_dir/target-arm-linux-gnueabihf_glibc/linux-sstar_ssd20x/linux-4.9.84/user_headers/include -I/media/gwind/windcode/openwrt-ssd20x/18.06/build_dir/target-arm-linux-gnueabihf_glibc/linux-sstar_ssd20x/iptables-1.6.2/include -I/media/gwind/windcode/openwrt-ssd20x/18.06/build_dir/target-arm-linux-gnueabihf_glibc/linux-sstar_ssd20x/linux-4.9.84/user_headers/include -I/media/gwind/windcode/openwrt-ssd20x/18.06/staging_dir/target-arm-linux-gnueabihf_glibc/usr/include -I/media/gwind/windcode/openwrt-ssd20x/18.06/staging_dir/target-arm-linux-gnueabihf_glibc/include    -Wp,-MMD,./.libipt_REJECT.o.d,-MT,libipt_REJECT.o -Wall -Waggregate-return -Wmissing-declarations 	-Wmissing-prototypes -Wredundant-decls -Wshadow -Wstrict-prototypes 	-Winline -pipe -DNO_SHARED_LIBS=1 -D_INIT=libipt_REJECT_init -DPIC -fPIC -Os -pipe -Wno-implicit-fallthrough -mfpu=neon -Wno-format-overflow -fno-caller-saves -fno-plt -mfloat-abi=hard  -D_FORTIFY_SOURCE=1 -Wl,-z,now -Wl,-z,relro -I/media/gwind/windcode/openwrt-ssd20x/18.06/build_dir/target-arm-linux-gnueabihf_glibc/linux-sstar_ssd20x/iptables-1.6.2/include -I/media/gwind/windcode/openwrt-ssd20x/18.06/build_dir/target-arm-linux-gnueabihf_glibc/linux-sstar_ssd20x/linux-4.9.84/user_headers/include -ffunction-sections -fdata-sections -DNO_LEGACY  -o libipt_REJECT.o -c libipt_REJECT.c;
arm-linux-gnueabihf-gcc -D_LARGEFILE_SOURCE=1 -D_LARGE_FILES -D_FILE_OFFSET_BITS=64 -D_REENTRANT 	-DXTABLES_LIBDIR=\"/usr/lib/iptables\" -DXTABLES_INTERNAL -I../include -I.. -I../include -I.. -I/media/gwind/windcode/openwrt-ssd20x/18.06/build_dir/target-arm-linux-gnueabihf_glibc/linux-sstar_ssd20x/linux-4.9.84/user_headers/include/uapi -I/media/gwind/windcode/openwrt-ssd20x/18.06/build_dir/target-arm-linux-gnueabihf_glibc/linux-sstar_ssd20x/linux-4.9.84/user_headers/include -I/media/gwind/windcode/openwrt-ssd20x/18.06/build_dir/target-arm-linux-gnueabihf_glibc/linux-sstar_ssd20x/linux-4.9.84/user_headers/include/uapi -I/media/gwind/windcode/openwrt-ssd20x/18.06/build_dir/target-arm-linux-gnueabihf_glibc/linux-sstar_ssd20x/linux-4.9.84/user_headers/include -I/media/gwind/windcode/openwrt-ssd20x/18.06/build_dir/target-arm-linux-gnueabihf_glibc/linux-sstar_ssd20x/iptables-1.6.2/include -I/media/gwind/windcode/openwrt-ssd20x/18.06/build_dir/target-arm-linux-gnueabihf_glibc/linux-sstar_ssd20x/linux-4.9.84/user_headers/include -I/media/gwind/windcode/openwrt-ssd20x/18.06/staging_dir/target-arm-linux-gnueabihf_glibc/usr/include -I/media/gwind/windcode/openwrt-ssd20x/18.06/staging_dir/target-arm-linux-gnueabihf_glibc/include    -Wp,-MMD,./.libipt_SNAT.o.d,-MT,libipt_SNAT.o -Wall -Waggregate-return -Wmissing-declarations 	-Wmissing-prototypes -Wredundant-decls -Wshadow -Wstrict-prototypes 	-Winline -pipe -DNO_SHARED_LIBS=1 -D_INIT=libipt_SNAT_init -DPIC -fPIC -Os -pipe -Wno-implicit-fallthrough -mfpu=neon -Wno-format-overflow -fno-caller-saves -fno-plt -mfloat-abi=hard  -D_FORTIFY_SOURCE=1 -Wl,-z,now -Wl,-z,relro -I/media/gwind/windcode/openwrt-ssd20x/18.06/build_dir/target-arm-linux-gnueabihf_glibc/linux-sstar_ssd20x/iptables-1.6.2/include -I/media/gwind/windcode/openwrt-ssd20x/18.06/build_dir/target-arm-linux-gnueabihf_glibc/linux-sstar_ssd20x/linux-4.9.84/user_headers/include -ffunction-sections -fdata-sections -DNO_LEGACY  -o libipt_SNAT.o -c libipt_SNAT.c;
arm-linux-gnueabihf-gcc -D_LARGEFILE_SOURCE=1 -D_LARGE_FILES -D_FILE_OFFSET_BITS=64 -D_REENTRANT 	-DXTABLES_LIBDIR=\"/usr/lib/iptables\" -DXTABLES_INTERNAL -I../include -I.. -I../include -I.. -I/media/gwind/windcode/openwrt-ssd20x/18.06/build_dir/target-arm-linux-gnueabihf_glibc/linux-sstar_ssd20x/linux-4.9.84/user_headers/include/uapi -I/media/gwind/windcode/openwrt-ssd20x/18.06/build_dir/target-arm-linux-gnueabihf_glibc/linux-sstar_ssd20x/linux-4.9.84/user_headers/include -I/media/gwind/windcode/openwrt-ssd20x/18.06/build_dir/target-arm-linux-gnueabihf_glibc/linux-sstar_ssd20x/linux-4.9.84/user_headers/include/uapi -I/media/gwind/windcode/openwrt-ssd20x/18.06/build_dir/target-arm-linux-gnueabihf_glibc/linux-sstar_ssd20x/linux-4.9.84/user_headers/include -I/media/gwind/windcode/openwrt-ssd20x/18.06/build_dir/target-arm-linux-gnueabihf_glibc/linux-sstar_ssd20x/iptables-1.6.2/include -I/media/gwind/windcode/openwrt-ssd20x/18.06/build_dir/target-arm-linux-gnueabihf_glibc/linux-sstar_ssd20x/linux-4.9.84/user_headers/include -I/media/gwind/windcode/openwrt-ssd20x/18.06/staging_dir/target-arm-linux-gnueabihf_glibc/usr/include -I/media/gwind/windcode/openwrt-ssd20x/18.06/staging_dir/target-arm-linux-gnueabihf_glibc/include    -Wp,-MMD,./.libipt_icmp.o.d,-MT,libipt_icmp.o -Wall -Waggregate-return -Wmissing-declarations 	-Wmissing-prototypes -Wredundant-decls -Wshadow -Wstrict-prototypes 	-Winline -pipe -DNO_SHARED_LIBS=1 -D_INIT=libipt_icmp_init -DPIC -fPIC -Os -pipe -Wno-implicit-fallthrough -mfpu=neon -Wno-format-overflow -fno-caller-saves -fno-plt -mfloat-abi=hard  -D_FORTIFY_SOURCE=1 -Wl,-z,now -Wl,-z,relro -I/media/gwind/windcode/openwrt-ssd20x/18.06/build_dir/target-arm-linux-gnueabihf_glibc/linux-sstar_ssd20x/iptables-1.6.2/include -I/media/gwind/windcode/openwrt-ssd20x/18.06/build_dir/target-arm-linux-gnueabihf_glibc/linux-sstar_ssd20x/linux-4.9.84/user_headers/include -ffunction-sections -fdata-sections -DNO_LEGACY  -o libipt_icmp.o -c libipt_icmp.c;
arm-linux-gnueabihf-gcc -Wl,--no-undefined -shared -L/media/gwind/windcode/openwrt-ssd20x/18.06/staging_dir/target-arm-linux-gnueabihf_glibc/usr/lib -L/media/gwind/windcode/openwrt-ssd20x/18.06/staging_dir/target-arm-linux-gnueabihf_glibc/lib -L/opt/ssd20x/gcc-arm-8.2-2018.08-x86_64-arm-linux-gnueabihf/arm-linux-gnueabihf/libc/usr/lib -L/opt/ssd20x/gcc-arm-8.2-2018.08-x86_64-arm-linux-gnueabihf/arm-linux-gnueabihf/libc/lib -znow -zrelro -Wl,--gc-sections  -o libiptext4.so initext4.o libipt_DNAT.o libipt_LOG.o libipt_MASQUERADE.o libipt_REDIRECT.o libipt_REJECT.o libipt_SNAT.o libipt_icmp.o -L../libxtables/.libs -lxtables        ;
arm-linux-gnueabihf-gcc -D_LARGEFILE_SOURCE=1 -D_LARGE_FILES -D_FILE_OFFSET_BITS=64 -D_REENTRANT 	-DXTABLES_LIBDIR=\"/usr/lib/iptables\" -DXTABLES_INTERNAL -I../include -I.. -I../include -I.. -I/media/gwind/windcode/openwrt-ssd20x/18.06/build_dir/target-arm-linux-gnueabihf_glibc/linux-sstar_ssd20x/linux-4.9.84/user_headers/include/uapi -I/media/gwind/windcode/openwrt-ssd20x/18.06/build_dir/target-arm-linux-gnueabihf_glibc/linux-sstar_ssd20x/linux-4.9.84/user_headers/include -I/media/gwind/windcode/openwrt-ssd20x/18.06/build_dir/target-arm-linux-gnueabihf_glibc/linux-sstar_ssd20x/linux-4.9.84/user_headers/include/uapi -I/media/gwind/windcode/openwrt-ssd20x/18.06/build_dir/target-arm-linux-gnueabihf_glibc/linux-sstar_ssd20x/linux-4.9.84/user_headers/include -I/media/gwind/windcode/openwrt-ssd20x/18.06/build_dir/target-arm-linux-gnueabihf_glibc/linux-sstar_ssd20x/iptables-1.6.2/include -I/media/gwind/windcode/openwrt-ssd20x/18.06/build_dir/target-arm-linux-gnueabihf_glibc/linux-sstar_ssd20x/linux-4.9.84/user_headers/include -I/media/gwind/windcode/openwrt-ssd20x/18.06/staging_dir/target-arm-linux-gnueabihf_glibc/usr/include -I/media/gwind/windcode/openwrt-ssd20x/18.06/staging_dir/target-arm-linux-gnueabihf_glibc/include    -Wp,-MMD,./.initext6.o.d,-MT,initext6.o -Wall -Waggregate-return -Wmissing-declarations 	-Wmissing-prototypes -Wredundant-decls -Wshadow -Wstrict-prototypes 	-Winline -pipe -D_INIT=ext6_init  -DPIC -fPIC -Os -pipe -Wno-implicit-fallthrough -mfpu=neon -Wno-format-overflow -fno-caller-saves -fno-plt -mfloat-abi=hard  -D_FORTIFY_SOURCE=1 -Wl,-z,now -Wl,-z,relro -I/media/gwind/windcode/openwrt-ssd20x/18.06/build_dir/target-arm-linux-gnueabihf_glibc/linux-sstar_ssd20x/iptables-1.6.2/include -I/media/gwind/windcode/openwrt-ssd20x/18.06/build_dir/target-arm-linux-gnueabihf_glibc/linux-sstar_ssd20x/linux-4.9.84/user_headers/include -ffunction-sections -fdata-sections -DNO_LEGACY  -o initext6.o -c initext6.c;
arm-linux-gnueabihf-gcc -D_LARGEFILE_SOURCE=1 -D_LARGE_FILES -D_FILE_OFFSET_BITS=64 -D_REENTRANT 	-DXTABLES_LIBDIR=\"/usr/lib/iptables\" -DXTABLES_INTERNAL -I../include -I.. -I../include -I.. -I/media/gwind/windcode/openwrt-ssd20x/18.06/build_dir/target-arm-linux-gnueabihf_glibc/linux-sstar_ssd20x/linux-4.9.84/user_headers/include/uapi -I/media/gwind/windcode/openwrt-ssd20x/18.06/build_dir/target-arm-linux-gnueabihf_glibc/linux-sstar_ssd20x/linux-4.9.84/user_headers/include -I/media/gwind/windcode/openwrt-ssd20x/18.06/build_dir/target-arm-linux-gnueabihf_glibc/linux-sstar_ssd20x/linux-4.9.84/user_headers/include/uapi -I/media/gwind/windcode/openwrt-ssd20x/18.06/build_dir/target-arm-linux-gnueabihf_glibc/linux-sstar_ssd20x/linux-4.9.84/user_headers/include -I/media/gwind/windcode/openwrt-ssd20x/18.06/build_dir/target-arm-linux-gnueabihf_glibc/linux-sstar_ssd20x/iptables-1.6.2/include -I/media/gwind/windcode/openwrt-ssd20x/18.06/build_dir/target-arm-linux-gnueabihf_glibc/linux-sstar_ssd20x/linux-4.9.84/user_headers/include -I/media/gwind/windcode/openwrt-ssd20x/18.06/staging_dir/target-arm-linux-gnueabihf_glibc/usr/include -I/media/gwind/windcode/openwrt-ssd20x/18.06/staging_dir/target-arm-linux-gnueabihf_glibc/include    -Wp,-MMD,./.libip6t_DNAT.o.d,-MT,libip6t_DNAT.o -Wall -Waggregate-return -Wmissing-declarations 	-Wmissing-prototypes -Wredundant-decls -Wshadow -Wstrict-prototypes 	-Winline -pipe -DNO_SHARED_LIBS=1 -D_INIT=libip6t_DNAT_init -DPIC -fPIC -Os -pipe -Wno-implicit-fallthrough -mfpu=neon -Wno-format-overflow -fno-caller-saves -fno-plt -mfloat-abi=hard  -D_FORTIFY_SOURCE=1 -Wl,-z,now -Wl,-z,relro -I/media/gwind/windcode/openwrt-ssd20x/18.06/build_dir/target-arm-linux-gnueabihf_glibc/linux-sstar_ssd20x/iptables-1.6.2/include -I/media/gwind/windcode/openwrt-ssd20x/18.06/build_dir/target-arm-linux-gnueabihf_glibc/linux-sstar_ssd20x/linux-4.9.84/user_headers/include -ffunction-sections -fdata-sections -DNO_LEGACY  -o libip6t_DNAT.o -c libip6t_DNAT.c;
arm-linux-gnueabihf-gcc -D_LARGEFILE_SOURCE=1 -D_LARGE_FILES -D_FILE_OFFSET_BITS=64 -D_REENTRANT 	-DXTABLES_LIBDIR=\"/usr/lib/iptables\" -DXTABLES_INTERNAL -I../include -I.. -I../include -I.. -I/media/gwind/windcode/openwrt-ssd20x/18.06/build_dir/target-arm-linux-gnueabihf_glibc/linux-sstar_ssd20x/linux-4.9.84/user_headers/include/uapi -I/media/gwind/windcode/openwrt-ssd20x/18.06/build_dir/target-arm-linux-gnueabihf_glibc/linux-sstar_ssd20x/linux-4.9.84/user_headers/include -I/media/gwind/windcode/openwrt-ssd20x/18.06/build_dir/target-arm-linux-gnueabihf_glibc/linux-sstar_ssd20x/linux-4.9.84/user_headers/include/uapi -I/media/gwind/windcode/openwrt-ssd20x/18.06/build_dir/target-arm-linux-gnueabihf_glibc/linux-sstar_ssd20x/linux-4.9.84/user_headers/include -I/media/gwind/windcode/openwrt-ssd20x/18.06/build_dir/target-arm-linux-gnueabihf_glibc/linux-sstar_ssd20x/iptables-1.6.2/include -I/media/gwind/windcode/openwrt-ssd20x/18.06/build_dir/target-arm-linux-gnueabihf_glibc/linux-sstar_ssd20x/linux-4.9.84/user_headers/include -I/media/gwind/windcode/openwrt-ssd20x/18.06/staging_dir/target-arm-linux-gnueabihf_glibc/usr/include -I/media/gwind/windcode/openwrt-ssd20x/18.06/staging_dir/target-arm-linux-gnueabihf_glibc/include    -Wp,-MMD,./.libip6t_LOG.o.d,-MT,libip6t_LOG.o -Wall -Waggregate-return -Wmissing-declarations 	-Wmissing-prototypes -Wredundant-decls -Wshadow -Wstrict-prototypes 	-Winline -pipe -DNO_SHARED_LIBS=1 -D_INIT=libip6t_LOG_init -DPIC -fPIC -Os -pipe -Wno-implicit-fallthrough -mfpu=neon -Wno-format-overflow -fno-caller-saves -fno-plt -mfloat-abi=hard  -D_FORTIFY_SOURCE=1 -Wl,-z,now -Wl,-z,relro -I/media/gwind/windcode/openwrt-ssd20x/18.06/build_dir/target-arm-linux-gnueabihf_glibc/linux-sstar_ssd20x/iptables-1.6.2/include -I/media/gwind/windcode/openwrt-ssd20x/18.06/build_dir/target-arm-linux-gnueabihf_glibc/linux-sstar_ssd20x/linux-4.9.84/user_headers/include -ffunction-sections -fdata-sections -DNO_LEGACY  -o libip6t_LOG.o -c libip6t_LOG.c;
arm-linux-gnueabihf-gcc -D_LARGEFILE_SOURCE=1 -D_LARGE_FILES -D_FILE_OFFSET_BITS=64 -D_REENTRANT 	-DXTABLES_LIBDIR=\"/usr/lib/iptables\" -DXTABLES_INTERNAL -I../include -I.. -I../include -I.. -I/media/gwind/windcode/openwrt-ssd20x/18.06/build_dir/target-arm-linux-gnueabihf_glibc/linux-sstar_ssd20x/linux-4.9.84/user_headers/include/uapi -I/media/gwind/windcode/openwrt-ssd20x/18.06/build_dir/target-arm-linux-gnueabihf_glibc/linux-sstar_ssd20x/linux-4.9.84/user_headers/include -I/media/gwind/windcode/openwrt-ssd20x/18.06/build_dir/target-arm-linux-gnueabihf_glibc/linux-sstar_ssd20x/linux-4.9.84/user_headers/include/uapi -I/media/gwind/windcode/openwrt-ssd20x/18.06/build_dir/target-arm-linux-gnueabihf_glibc/linux-sstar_ssd20x/linux-4.9.84/user_headers/include -I/media/gwind/windcode/openwrt-ssd20x/18.06/build_dir/target-arm-linux-gnueabihf_glibc/linux-sstar_ssd20x/iptables-1.6.2/include -I/media/gwind/windcode/openwrt-ssd20x/18.06/build_dir/target-arm-linux-gnueabihf_glibc/linux-sstar_ssd20x/linux-4.9.84/user_headers/include -I/media/gwind/windcode/openwrt-ssd20x/18.06/staging_dir/target-arm-linux-gnueabihf_glibc/usr/include -I/media/gwind/windcode/openwrt-ssd20x/18.06/staging_dir/target-arm-linux-gnueabihf_glibc/include    -Wp,-MMD,./.libip6t_MASQUERADE.o.d,-MT,libip6t_MASQUERADE.o -Wall -Waggregate-return -Wmissing-declarations 	-Wmissing-prototypes -Wredundant-decls -Wshadow -Wstrict-prototypes 	-Winline -pipe -DNO_SHARED_LIBS=1 -D_INIT=libip6t_MASQUERADE_init -DPIC -fPIC -Os -pipe -Wno-implicit-fallthrough -mfpu=neon -Wno-format-overflow -fno-caller-saves -fno-plt -mfloat-abi=hard  -D_FORTIFY_SOURCE=1 -Wl,-z,now -Wl,-z,relro -I/media/gwind/windcode/openwrt-ssd20x/18.06/build_dir/target-arm-linux-gnueabihf_glibc/linux-sstar_ssd20x/iptables-1.6.2/include -I/media/gwind/windcode/openwrt-ssd20x/18.06/build_dir/target-arm-linux-gnueabihf_glibc/linux-sstar_ssd20x/linux-4.9.84/user_headers/include -ffunction-sections -fdata-sections -DNO_LEGACY  -o libip6t_MASQUERADE.o -c libip6t_MASQUERADE.c;
arm-linux-gnueabihf-gcc -D_LARGEFILE_SOURCE=1 -D_LARGE_FILES -D_FILE_OFFSET_BITS=64 -D_REENTRANT 	-DXTABLES_LIBDIR=\"/usr/lib/iptables\" -DXTABLES_INTERNAL -I../include -I.. -I../include -I.. -I/media/gwind/windcode/openwrt-ssd20x/18.06/build_dir/target-arm-linux-gnueabihf_glibc/linux-sstar_ssd20x/linux-4.9.84/user_headers/include/uapi -I/media/gwind/windcode/openwrt-ssd20x/18.06/build_dir/target-arm-linux-gnueabihf_glibc/linux-sstar_ssd20x/linux-4.9.84/user_headers/include -I/media/gwind/windcode/openwrt-ssd20x/18.06/build_dir/target-arm-linux-gnueabihf_glibc/linux-sstar_ssd20x/linux-4.9.84/user_headers/include/uapi -I/media/gwind/windcode/openwrt-ssd20x/18.06/build_dir/target-arm-linux-gnueabihf_glibc/linux-sstar_ssd20x/linux-4.9.84/user_headers/include -I/media/gwind/windcode/openwrt-ssd20x/18.06/build_dir/target-arm-linux-gnueabihf_glibc/linux-sstar_ssd20x/iptables-1.6.2/include -I/media/gwind/windcode/openwrt-ssd20x/18.06/build_dir/target-arm-linux-gnueabihf_glibc/linux-sstar_ssd20x/linux-4.9.84/user_headers/include -I/media/gwind/windcode/openwrt-ssd20x/18.06/staging_dir/target-arm-linux-gnueabihf_glibc/usr/include -I/media/gwind/windcode/openwrt-ssd20x/18.06/staging_dir/target-arm-linux-gnueabihf_glibc/include    -Wp,-MMD,./.libip6t_REDIRECT.o.d,-MT,libip6t_REDIRECT.o -Wall -Waggregate-return -Wmissing-declarations 	-Wmissing-prototypes -Wredundant-decls -Wshadow -Wstrict-prototypes 	-Winline -pipe -DNO_SHARED_LIBS=1 -D_INIT=libip6t_REDIRECT_init -DPIC -fPIC -Os -pipe -Wno-implicit-fallthrough -mfpu=neon -Wno-format-overflow -fno-caller-saves -fno-plt -mfloat-abi=hard  -D_FORTIFY_SOURCE=1 -Wl,-z,now -Wl,-z,relro -I/media/gwind/windcode/openwrt-ssd20x/18.06/build_dir/target-arm-linux-gnueabihf_glibc/linux-sstar_ssd20x/iptables-1.6.2/include -I/media/gwind/windcode/openwrt-ssd20x/18.06/build_dir/target-arm-linux-gnueabihf_glibc/linux-sstar_ssd20x/linux-4.9.84/user_headers/include -ffunction-sections -fdata-sections -DNO_LEGACY  -o libip6t_REDIRECT.o -c libip6t_REDIRECT.c;
arm-linux-gnueabihf-gcc -D_LARGEFILE_SOURCE=1 -D_LARGE_FILES -D_FILE_OFFSET_BITS=64 -D_REENTRANT 	-DXTABLES_LIBDIR=\"/usr/lib/iptables\" -DXTABLES_INTERNAL -I../include -I.. -I../include -I.. -I/media/gwind/windcode/openwrt-ssd20x/18.06/build_dir/target-arm-linux-gnueabihf_glibc/linux-sstar_ssd20x/linux-4.9.84/user_headers/include/uapi -I/media/gwind/windcode/openwrt-ssd20x/18.06/build_dir/target-arm-linux-gnueabihf_glibc/linux-sstar_ssd20x/linux-4.9.84/user_headers/include -I/media/gwind/windcode/openwrt-ssd20x/18.06/build_dir/target-arm-linux-gnueabihf_glibc/linux-sstar_ssd20x/linux-4.9.84/user_headers/include/uapi -I/media/gwind/windcode/openwrt-ssd20x/18.06/build_dir/target-arm-linux-gnueabihf_glibc/linux-sstar_ssd20x/linux-4.9.84/user_headers/include -I/media/gwind/windcode/openwrt-ssd20x/18.06/build_dir/target-arm-linux-gnueabihf_glibc/linux-sstar_ssd20x/iptables-1.6.2/include -I/media/gwind/windcode/openwrt-ssd20x/18.06/build_dir/target-arm-linux-gnueabihf_glibc/linux-sstar_ssd20x/linux-4.9.84/user_headers/include -I/media/gwind/windcode/openwrt-ssd20x/18.06/staging_dir/target-arm-linux-gnueabihf_glibc/usr/include -I/media/gwind/windcode/openwrt-ssd20x/18.06/staging_dir/target-arm-linux-gnueabihf_glibc/include    -Wp,-MMD,./.libip6t_REJECT.o.d,-MT,libip6t_REJECT.o -Wall -Waggregate-return -Wmissing-declarations 	-Wmissing-prototypes -Wredundant-decls -Wshadow -Wstrict-prototypes 	-Winline -pipe -DNO_SHARED_LIBS=1 -D_INIT=libip6t_REJECT_init -DPIC -fPIC -Os -pipe -Wno-implicit-fallthrough -mfpu=neon -Wno-format-overflow -fno-caller-saves -fno-plt -mfloat-abi=hard  -D_FORTIFY_SOURCE=1 -Wl,-z,now -Wl,-z,relro -I/media/gwind/windcode/openwrt-ssd20x/18.06/build_dir/target-arm-linux-gnueabihf_glibc/linux-sstar_ssd20x/iptables-1.6.2/include -I/media/gwind/windcode/openwrt-ssd20x/18.06/build_dir/target-arm-linux-gnueabihf_glibc/linux-sstar_ssd20x/linux-4.9.84/user_headers/include -ffunction-sections -fdata-sections -DNO_LEGACY  -o libip6t_REJECT.o -c libip6t_REJECT.c;
arm-linux-gnueabihf-gcc -D_LARGEFILE_SOURCE=1 -D_LARGE_FILES -D_FILE_OFFSET_BITS=64 -D_REENTRANT 	-DXTABLES_LIBDIR=\"/usr/lib/iptables\" -DXTABLES_INTERNAL -I../include -I.. -I../include -I.. -I/media/gwind/windcode/openwrt-ssd20x/18.06/build_dir/target-arm-linux-gnueabihf_glibc/linux-sstar_ssd20x/linux-4.9.84/user_headers/include/uapi -I/media/gwind/windcode/openwrt-ssd20x/18.06/build_dir/target-arm-linux-gnueabihf_glibc/linux-sstar_ssd20x/linux-4.9.84/user_headers/include -I/media/gwind/windcode/openwrt-ssd20x/18.06/build_dir/target-arm-linux-gnueabihf_glibc/linux-sstar_ssd20x/linux-4.9.84/user_headers/include/uapi -I/media/gwind/windcode/openwrt-ssd20x/18.06/build_dir/target-arm-linux-gnueabihf_glibc/linux-sstar_ssd20x/linux-4.9.84/user_headers/include -I/media/gwind/windcode/openwrt-ssd20x/18.06/build_dir/target-arm-linux-gnueabihf_glibc/linux-sstar_ssd20x/iptables-1.6.2/include -I/media/gwind/windcode/openwrt-ssd20x/18.06/build_dir/target-arm-linux-gnueabihf_glibc/linux-sstar_ssd20x/linux-4.9.84/user_headers/include -I/media/gwind/windcode/openwrt-ssd20x/18.06/staging_dir/target-arm-linux-gnueabihf_glibc/usr/include -I/media/gwind/windcode/openwrt-ssd20x/18.06/staging_dir/target-arm-linux-gnueabihf_glibc/include    -Wp,-MMD,./.libip6t_SNAT.o.d,-MT,libip6t_SNAT.o -Wall -Waggregate-return -Wmissing-declarations 	-Wmissing-prototypes -Wredundant-decls -Wshadow -Wstrict-prototypes 	-Winline -pipe -DNO_SHARED_LIBS=1 -D_INIT=libip6t_SNAT_init -DPIC -fPIC -Os -pipe -Wno-implicit-fallthrough -mfpu=neon -Wno-format-overflow -fno-caller-saves -fno-plt -mfloat-abi=hard  -D_FORTIFY_SOURCE=1 -Wl,-z,now -Wl,-z,relro -I/media/gwind/windcode/openwrt-ssd20x/18.06/build_dir/target-arm-linux-gnueabihf_glibc/linux-sstar_ssd20x/iptables-1.6.2/include -I/media/gwind/windcode/openwrt-ssd20x/18.06/build_dir/target-arm-linux-gnueabihf_glibc/linux-sstar_ssd20x/linux-4.9.84/user_headers/include -ffunction-sections -fdata-sections -DNO_LEGACY  -o libip6t_SNAT.o -c libip6t_SNAT.c;
arm-linux-gnueabihf-gcc -Wl,--no-undefined -shared -L/media/gwind/windcode/openwrt-ssd20x/18.06/staging_dir/target-arm-linux-gnueabihf_glibc/usr/lib -L/media/gwind/windcode/openwrt-ssd20x/18.06/staging_dir/target-arm-linux-gnueabihf_glibc/lib -L/opt/ssd20x/gcc-arm-8.2-2018.08-x86_64-arm-linux-gnueabihf/arm-linux-gnueabihf/libc/usr/lib -L/opt/ssd20x/gcc-arm-8.2-2018.08-x86_64-arm-linux-gnueabihf/arm-linux-gnueabihf/libc/lib -znow -zrelro -Wl,--gc-sections  -o libiptext6.so initext6.o libip6t_DNAT.o libip6t_LOG.o libip6t_MASQUERADE.o libip6t_REDIRECT.o libip6t_REJECT.o libip6t_SNAT.o -L../libxtables/.libs -lxtables       ;
arm-linux-gnueabihf-gcc -D_LARGEFILE_SOURCE=1 -D_LARGE_FILES -D_FILE_OFFSET_BITS=64 -D_REENTRANT 	-DXTABLES_LIBDIR=\"/usr/lib/iptables\" -DXTABLES_INTERNAL -I../include -I.. -I../include -I.. -I/media/gwind/windcode/openwrt-ssd20x/18.06/build_dir/target-arm-linux-gnueabihf_glibc/linux-sstar_ssd20x/linux-4.9.84/user_headers/include/uapi -I/media/gwind/windcode/openwrt-ssd20x/18.06/build_dir/target-arm-linux-gnueabihf_glibc/linux-sstar_ssd20x/linux-4.9.84/user_headers/include -I/media/gwind/windcode/openwrt-ssd20x/18.06/build_dir/target-arm-linux-gnueabihf_glibc/linux-sstar_ssd20x/linux-4.9.84/user_headers/include/uapi -I/media/gwind/windcode/openwrt-ssd20x/18.06/build_dir/target-arm-linux-gnueabihf_glibc/linux-sstar_ssd20x/linux-4.9.84/user_headers/include -I/media/gwind/windcode/openwrt-ssd20x/18.06/build_dir/target-arm-linux-gnueabihf_glibc/linux-sstar_ssd20x/iptables-1.6.2/include -I/media/gwind/windcode/openwrt-ssd20x/18.06/build_dir/target-arm-linux-gnueabihf_glibc/linux-sstar_ssd20x/linux-4.9.84/user_headers/include -I/media/gwind/windcode/openwrt-ssd20x/18.06/staging_dir/target-arm-linux-gnueabihf_glibc/usr/include -I/media/gwind/windcode/openwrt-ssd20x/18.06/staging_dir/target-arm-linux-gnueabihf_glibc/include    -Wp,-MMD,./.initextb.o.d,-MT,initextb.o -Wall -Waggregate-return -Wmissing-declarations 	-Wmissing-prototypes -Wredundant-decls -Wshadow -Wstrict-prototypes 	-Winline -pipe -D_INIT=extb_init  -DPIC -fPIC -Os -pipe -Wno-implicit-fallthrough -mfpu=neon -Wno-format-overflow -fno-caller-saves -fno-plt -mfloat-abi=hard  -D_FORTIFY_SOURCE=1 -Wl,-z,now -Wl,-z,relro -I/media/gwind/windcode/openwrt-ssd20x/18.06/build_dir/target-arm-linux-gnueabihf_glibc/linux-sstar_ssd20x/iptables-1.6.2/include -I/media/gwind/windcode/openwrt-ssd20x/18.06/build_dir/target-arm-linux-gnueabihf_glibc/linux-sstar_ssd20x/linux-4.9.84/user_headers/include -ffunction-sections -fdata-sections -DNO_LEGACY  -o initextb.o -c initextb.c;
arm-linux-gnueabihf-gcc -Wl,--no-undefined -shared -L/media/gwind/windcode/openwrt-ssd20x/18.06/staging_dir/target-arm-linux-gnueabihf_glibc/usr/lib -L/media/gwind/windcode/openwrt-ssd20x/18.06/staging_dir/target-arm-linux-gnueabihf_glibc/lib -L/opt/ssd20x/gcc-arm-8.2-2018.08-x86_64-arm-linux-gnueabihf/arm-linux-gnueabihf/libc/usr/lib -L/opt/ssd20x/gcc-arm-8.2-2018.08-x86_64-arm-linux-gnueabihf/arm-linux-gnueabihf/libc/lib -znow -zrelro -Wl,--gc-sections  -o libiptext_ebt.so initextb.o -L../libxtables/.libs -lxtables ;
arm-linux-gnueabihf-gcc -D_LARGEFILE_SOURCE=1 -D_LARGE_FILES -D_FILE_OFFSET_BITS=64 -D_REENTRANT 	-DXTABLES_LIBDIR=\"/usr/lib/iptables\" -DXTABLES_INTERNAL -I../include -I.. -I../include -I.. -I/media/gwind/windcode/openwrt-ssd20x/18.06/build_dir/target-arm-linux-gnueabihf_glibc/linux-sstar_ssd20x/linux-4.9.84/user_headers/include/uapi -I/media/gwind/windcode/openwrt-ssd20x/18.06/build_dir/target-arm-linux-gnueabihf_glibc/linux-sstar_ssd20x/linux-4.9.84/user_headers/include -I/media/gwind/windcode/openwrt-ssd20x/18.06/build_dir/target-arm-linux-gnueabihf_glibc/linux-sstar_ssd20x/linux-4.9.84/user_headers/include/uapi -I/media/gwind/windcode/openwrt-ssd20x/18.06/build_dir/target-arm-linux-gnueabihf_glibc/linux-sstar_ssd20x/linux-4.9.84/user_headers/include -I/media/gwind/windcode/openwrt-ssd20x/18.06/build_dir/target-arm-linux-gnueabihf_glibc/linux-sstar_ssd20x/iptables-1.6.2/include -I/media/gwind/windcode/openwrt-ssd20x/18.06/build_dir/target-arm-linux-gnueabihf_glibc/linux-sstar_ssd20x/linux-4.9.84/user_headers/include -I/media/gwind/windcode/openwrt-ssd20x/18.06/staging_dir/target-arm-linux-gnueabihf_glibc/usr/include -I/media/gwind/windcode/openwrt-ssd20x/18.06/staging_dir/target-arm-linux-gnueabihf_glibc/include    -Wp,-MMD,./.initexta.o.d,-MT,initexta.o -Wall -Waggregate-return -Wmissing-declarations 	-Wmissing-prototypes -Wredundant-decls -Wshadow -Wstrict-prototypes 	-Winline -pipe -D_INIT=exta_init  -DPIC -fPIC -Os -pipe -Wno-implicit-fallthrough -mfpu=neon -Wno-format-overflow -fno-caller-saves -fno-plt -mfloat-abi=hard  -D_FORTIFY_SOURCE=1 -Wl,-z,now -Wl,-z,relro -I/media/gwind/windcode/openwrt-ssd20x/18.06/build_dir/target-arm-linux-gnueabihf_glibc/linux-sstar_ssd20x/iptables-1.6.2/include -I/media/gwind/windcode/openwrt-ssd20x/18.06/build_dir/target-arm-linux-gnueabihf_glibc/linux-sstar_ssd20x/linux-4.9.84/user_headers/include -ffunction-sections -fdata-sections -DNO_LEGACY  -o initexta.o -c initexta.c;
arm-linux-gnueabihf-gcc -Wl,--no-undefined -shared -L/media/gwind/windcode/openwrt-ssd20x/18.06/staging_dir/target-arm-linux-gnueabihf_glibc/usr/lib -L/media/gwind/windcode/openwrt-ssd20x/18.06/staging_dir/target-arm-linux-gnueabihf_glibc/lib -L/opt/ssd20x/gcc-arm-8.2-2018.08-x86_64-arm-linux-gnueabihf/arm-linux-gnueabihf/libc/usr/lib -L/opt/ssd20x/gcc-arm-8.2-2018.08-x86_64-arm-linux-gnueabihf/arm-linux-gnueabihf/libc/lib -znow -zrelro -Wl,--gc-sections  -o libiptext_arpt.so initexta.o -L../libxtables/.libs -lxtables ;
for ext in 802_3 addrtype ah bpf cgroup cluster connbytes connlimit connmark cpu dccp devgroup dscp dst ecn esp eui64 frag hashlimit hbh helper hl icmp6 ip ipcomp iprange ipv6header ipvs length log mangle mark_m mh nfacct osf owner physdev pkttype policy quota rateest realm recent rpfilter rt sctp socket srh state statistic string tcpmss tos ttl u32; do f="./libxt_$ext.man"; if [ -f "$f" ]; then echo -e "\t+ $f" >&2; echo ".SS $ext"; cat "$f" || exit $?; fi; f="./libip6t_$ext.man"; if [ -f "$f" ]; then echo -e "\t+ $f" >&2; echo ".SS $ext (IPv6-specific)"; cat "$f" || exit $?; fi; f="./libipt_$ext.man"; if [ -f "$f" ]; then echo -e "\t+ $f" >&2; echo ".SS $ext (IPv4-specific)"; cat "$f" || exit $?; fi; done >matches.man;
for ext in 802_3 AUDIT CHECKSUM CLASSIFY CLUSTERIP CONNMARK CONNSECMARK CT DNPT DSCP ECN FLOWOFFLOAD HL HMARK IDLETIMER LED NETMAP NFLOG NFQUEUE NOTRACK RATEEST SECMARK SNPT SYNPROXY TCPOPTSTRIP TEE TOS TPROXY TRACE TTL ULOG; do f="./libxt_$ext.man"; if [ -f "$f" ]; then echo -e "\t+ $f" >&2; echo ".SS $ext"; cat "$f" || exit $?; fi; f="./libip6t_$ext.man"; if [ -f "$f" ]; then echo -e "\t+ $f" >&2; echo ".SS $ext (IPv6-specific)"; cat "$f" || exit $?; fi; f="./libipt_$ext.man"; if [ -f "$f" ]; then echo -e "\t+ $f" >&2; echo ".SS $ext (IPv4-specific)"; cat "$f" || exit $?; fi; done >targets.man;
arm-linux-gnueabihf-gcc -D_LARGEFILE_SOURCE=1 -D_LARGE_FILES -D_FILE_OFFSET_BITS=64 -D_REENTRANT 	-DXTABLES_LIBDIR=\"/usr/lib/iptables\" -DXTABLES_INTERNAL -I../include -I.. -I../include -I.. -I/media/gwind/windcode/openwrt-ssd20x/18.06/build_dir/target-arm-linux-gnueabihf_glibc/linux-sstar_ssd20x/linux-4.9.84/user_headers/include/uapi -I/media/gwind/windcode/openwrt-ssd20x/18.06/build_dir/target-arm-linux-gnueabihf_glibc/linux-sstar_ssd20x/linux-4.9.84/user_headers/include -I/media/gwind/windcode/openwrt-ssd20x/18.06/build_dir/target-arm-linux-gnueabihf_glibc/linux-sstar_ssd20x/linux-4.9.84/user_headers/include/uapi -I/media/gwind/windcode/openwrt-ssd20x/18.06/build_dir/target-arm-linux-gnueabihf_glibc/linux-sstar_ssd20x/linux-4.9.84/user_headers/include -I/media/gwind/windcode/openwrt-ssd20x/18.06/build_dir/target-arm-linux-gnueabihf_glibc/linux-sstar_ssd20x/iptables-1.6.2/include -I/media/gwind/windcode/openwrt-ssd20x/18.06/build_dir/target-arm-linux-gnueabihf_glibc/linux-sstar_ssd20x/linux-4.9.84/user_headers/include -I/media/gwind/windcode/openwrt-ssd20x/18.06/staging_dir/target-arm-linux-gnueabihf_glibc/usr/include -I/media/gwind/windcode/openwrt-ssd20x/18.06/staging_dir/target-arm-linux-gnueabihf_glibc/include    -Wp,-MMD,./.libxt_AUDIT.oo.d,-MT,libxt_AUDIT.oo -Wall -Waggregate-return -Wmissing-declarations 	-Wmissing-prototypes -Wredundant-decls -Wshadow -Wstrict-prototypes 	-Winline -pipe -D_INIT=libxt_AUDIT_init -DPIC -fPIC -Os -pipe -Wno-implicit-fallthrough -mfpu=neon -Wno-format-overflow -fno-caller-saves -fno-plt -mfloat-abi=hard  -D_FORTIFY_SOURCE=1 -Wl,-z,now -Wl,-z,relro -I/media/gwind/windcode/openwrt-ssd20x/18.06/build_dir/target-arm-linux-gnueabihf_glibc/linux-sstar_ssd20x/iptables-1.6.2/include -I/media/gwind/windcode/openwrt-ssd20x/18.06/build_dir/target-arm-linux-gnueabihf_glibc/linux-sstar_ssd20x/linux-4.9.84/user_headers/include -ffunction-sections -fdata-sections -DNO_LEGACY  -o libxt_AUDIT.oo -c libxt_AUDIT.c;
arm-linux-gnueabihf-gcc -Wl,--no-undefined -L/media/gwind/windcode/openwrt-ssd20x/18.06/staging_dir/target-arm-linux-gnueabihf_glibc/usr/lib -L/media/gwind/windcode/openwrt-ssd20x/18.06/staging_dir/target-arm-linux-gnueabihf_glibc/lib -L/opt/ssd20x/gcc-arm-8.2-2018.08-x86_64-arm-linux-gnueabihf/arm-linux-gnueabihf/libc/usr/lib -L/opt/ssd20x/gcc-arm-8.2-2018.08-x86_64-arm-linux-gnueabihf/arm-linux-gnueabihf/libc/lib -znow -zrelro -Wl,--gc-sections  -shared -o libxt_AUDIT.so libxt_AUDIT.oo -L../libxtables/.libs -lxtables ;
arm-linux-gnueabihf-gcc -D_LARGEFILE_SOURCE=1 -D_LARGE_FILES -D_FILE_OFFSET_BITS=64 -D_REENTRANT 	-DXTABLES_LIBDIR=\"/usr/lib/iptables\" -DXTABLES_INTERNAL -I../include -I.. -I../include -I.. -I/media/gwind/windcode/openwrt-ssd20x/18.06/build_dir/target-arm-linux-gnueabihf_glibc/linux-sstar_ssd20x/linux-4.9.84/user_headers/include/uapi -I/media/gwind/windcode/openwrt-ssd20x/18.06/build_dir/target-arm-linux-gnueabihf_glibc/linux-sstar_ssd20x/linux-4.9.84/user_headers/include -I/media/gwind/windcode/openwrt-ssd20x/18.06/build_dir/target-arm-linux-gnueabihf_glibc/linux-sstar_ssd20x/linux-4.9.84/user_headers/include/uapi -I/media/gwind/windcode/openwrt-ssd20x/18.06/build_dir/target-arm-linux-gnueabihf_glibc/linux-sstar_ssd20x/linux-4.9.84/user_headers/include -I/media/gwind/windcode/openwrt-ssd20x/18.06/build_dir/target-arm-linux-gnueabihf_glibc/linux-sstar_ssd20x/iptables-1.6.2/include -I/media/gwind/windcode/openwrt-ssd20x/18.06/build_dir/target-arm-linux-gnueabihf_glibc/linux-sstar_ssd20x/linux-4.9.84/user_headers/include -I/media/gwind/windcode/openwrt-ssd20x/18.06/staging_dir/target-arm-linux-gnueabihf_glibc/usr/include -I/media/gwind/windcode/openwrt-ssd20x/18.06/staging_dir/target-arm-linux-gnueabihf_glibc/include    -Wp,-MMD,./.libxt_CHECKSUM.oo.d,-MT,libxt_CHECKSUM.oo -Wall -Waggregate-return -Wmissing-declarations 	-Wmissing-prototypes -Wredundant-decls -Wshadow -Wstrict-prototypes 	-Winline -pipe -D_INIT=libxt_CHECKSUM_init -DPIC -fPIC -Os -pipe -Wno-implicit-fallthrough -mfpu=neon -Wno-format-overflow -fno-caller-saves -fno-plt -mfloat-abi=hard  -D_FORTIFY_SOURCE=1 -Wl,-z,now -Wl,-z,relro -I/media/gwind/windcode/openwrt-ssd20x/18.06/build_dir/target-arm-linux-gnueabihf_glibc/linux-sstar_ssd20x/iptables-1.6.2/include -I/media/gwind/windcode/openwrt-ssd20x/18.06/build_dir/target-arm-linux-gnueabihf_glibc/linux-sstar_ssd20x/linux-4.9.84/user_headers/include -ffunction-sections -fdata-sections -DNO_LEGACY  -o libxt_CHECKSUM.oo -c libxt_CHECKSUM.c;
arm-linux-gnueabihf-gcc -Wl,--no-undefined -L/media/gwind/windcode/openwrt-ssd20x/18.06/staging_dir/target-arm-linux-gnueabihf_glibc/usr/lib -L/media/gwind/windcode/openwrt-ssd20x/18.06/staging_dir/target-arm-linux-gnueabihf_glibc/lib -L/opt/ssd20x/gcc-arm-8.2-2018.08-x86_64-arm-linux-gnueabihf/arm-linux-gnueabihf/libc/usr/lib -L/opt/ssd20x/gcc-arm-8.2-2018.08-x86_64-arm-linux-gnueabihf/arm-linux-gnueabihf/libc/lib -znow -zrelro -Wl,--gc-sections  -shared -o libxt_CHECKSUM.so libxt_CHECKSUM.oo -L../libxtables/.libs -lxtables ;
arm-linux-gnueabihf-gcc -D_LARGEFILE_SOURCE=1 -D_LARGE_FILES -D_FILE_OFFSET_BITS=64 -D_REENTRANT 	-DXTABLES_LIBDIR=\"/usr/lib/iptables\" -DXTABLES_INTERNAL -I../include -I.. -I../include -I.. -I/media/gwind/windcode/openwrt-ssd20x/18.06/build_dir/target-arm-linux-gnueabihf_glibc/linux-sstar_ssd20x/linux-4.9.84/user_headers/include/uapi -I/media/gwind/windcode/openwrt-ssd20x/18.06/build_dir/target-arm-linux-gnueabihf_glibc/linux-sstar_ssd20x/linux-4.9.84/user_headers/include -I/media/gwind/windcode/openwrt-ssd20x/18.06/build_dir/target-arm-linux-gnueabihf_glibc/linux-sstar_ssd20x/linux-4.9.84/user_headers/include/uapi -I/media/gwind/windcode/openwrt-ssd20x/18.06/build_dir/target-arm-linux-gnueabihf_glibc/linux-sstar_ssd20x/linux-4.9.84/user_headers/include -I/media/gwind/windcode/openwrt-ssd20x/18.06/build_dir/target-arm-linux-gnueabihf_glibc/linux-sstar_ssd20x/iptables-1.6.2/include -I/media/gwind/windcode/openwrt-ssd20x/18.06/build_dir/target-arm-linux-gnueabihf_glibc/linux-sstar_ssd20x/linux-4.9.84/user_headers/include -I/media/gwind/windcode/openwrt-ssd20x/18.06/staging_dir/target-arm-linux-gnueabihf_glibc/usr/include -I/media/gwind/windcode/openwrt-ssd20x/18.06/staging_dir/target-arm-linux-gnueabihf_glibc/include    -Wp,-MMD,./.libxt_CLASSIFY.oo.d,-MT,libxt_CLASSIFY.oo -Wall -Waggregate-return -Wmissing-declarations 	-Wmissing-prototypes -Wredundant-decls -Wshadow -Wstrict-prototypes 	-Winline -pipe -D_INIT=libxt_CLASSIFY_init -DPIC -fPIC -Os -pipe -Wno-implicit-fallthrough -mfpu=neon -Wno-format-overflow -fno-caller-saves -fno-plt -mfloat-abi=hard  -D_FORTIFY_SOURCE=1 -Wl,-z,now -Wl,-z,relro -I/media/gwind/windcode/openwrt-ssd20x/18.06/build_dir/target-arm-linux-gnueabihf_glibc/linux-sstar_ssd20x/iptables-1.6.2/include -I/media/gwind/windcode/openwrt-ssd20x/18.06/build_dir/target-arm-linux-gnueabihf_glibc/linux-sstar_ssd20x/linux-4.9.84/user_headers/include -ffunction-sections -fdata-sections -DNO_LEGACY  -o libxt_CLASSIFY.oo -c libxt_CLASSIFY.c;
arm-linux-gnueabihf-gcc -Wl,--no-undefined -L/media/gwind/windcode/openwrt-ssd20x/18.06/staging_dir/target-arm-linux-gnueabihf_glibc/usr/lib -L/media/gwind/windcode/openwrt-ssd20x/18.06/staging_dir/target-arm-linux-gnueabihf_glibc/lib -L/opt/ssd20x/gcc-arm-8.2-2018.08-x86_64-arm-linux-gnueabihf/arm-linux-gnueabihf/libc/usr/lib -L/opt/ssd20x/gcc-arm-8.2-2018.08-x86_64-arm-linux-gnueabihf/arm-linux-gnueabihf/libc/lib -znow -zrelro -Wl,--gc-sections  -shared -o libxt_CLASSIFY.so libxt_CLASSIFY.oo -L../libxtables/.libs -lxtables ;
arm-linux-gnueabihf-gcc -D_LARGEFILE_SOURCE=1 -D_LARGE_FILES -D_FILE_OFFSET_BITS=64 -D_REENTRANT 	-DXTABLES_LIBDIR=\"/usr/lib/iptables\" -DXTABLES_INTERNAL -I../include -I.. -I../include -I.. -I/media/gwind/windcode/openwrt-ssd20x/18.06/build_dir/target-arm-linux-gnueabihf_glibc/linux-sstar_ssd20x/linux-4.9.84/user_headers/include/uapi -I/media/gwind/windcode/openwrt-ssd20x/18.06/build_dir/target-arm-linux-gnueabihf_glibc/linux-sstar_ssd20x/linux-4.9.84/user_headers/include -I/media/gwind/windcode/openwrt-ssd20x/18.06/build_dir/target-arm-linux-gnueabihf_glibc/linux-sstar_ssd20x/linux-4.9.84/user_headers/include/uapi -I/media/gwind/windcode/openwrt-ssd20x/18.06/build_dir/target-arm-linux-gnueabihf_glibc/linux-sstar_ssd20x/linux-4.9.84/user_headers/include -I/media/gwind/windcode/openwrt-ssd20x/18.06/build_dir/target-arm-linux-gnueabihf_glibc/linux-sstar_ssd20x/iptables-1.6.2/include -I/media/gwind/windcode/openwrt-ssd20x/18.06/build_dir/target-arm-linux-gnueabihf_glibc/linux-sstar_ssd20x/linux-4.9.84/user_headers/include -I/media/gwind/windcode/openwrt-ssd20x/18.06/staging_dir/target-arm-linux-gnueabihf_glibc/usr/include -I/media/gwind/windcode/openwrt-ssd20x/18.06/staging_dir/target-arm-linux-gnueabihf_glibc/include    -Wp,-MMD,./.libxt_CONNMARK.oo.d,-MT,libxt_CONNMARK.oo -Wall -Waggregate-return -Wmissing-declarations 	-Wmissing-prototypes -Wredundant-decls -Wshadow -Wstrict-prototypes 	-Winline -pipe -D_INIT=libxt_CONNMARK_init -DPIC -fPIC -Os -pipe -Wno-implicit-fallthrough -mfpu=neon -Wno-format-overflow -fno-caller-saves -fno-plt -mfloat-abi=hard  -D_FORTIFY_SOURCE=1 -Wl,-z,now -Wl,-z,relro -I/media/gwind/windcode/openwrt-ssd20x/18.06/build_dir/target-arm-linux-gnueabihf_glibc/linux-sstar_ssd20x/iptables-1.6.2/include -I/media/gwind/windcode/openwrt-ssd20x/18.06/build_dir/target-arm-linux-gnueabihf_glibc/linux-sstar_ssd20x/linux-4.9.84/user_headers/include -ffunction-sections -fdata-sections -DNO_LEGACY  -o libxt_CONNMARK.oo -c libxt_CONNMARK.c;
arm-linux-gnueabihf-gcc -Wl,--no-undefined -L/media/gwind/windcode/openwrt-ssd20x/18.06/staging_dir/target-arm-linux-gnueabihf_glibc/usr/lib -L/media/gwind/windcode/openwrt-ssd20x/18.06/staging_dir/target-arm-linux-gnueabihf_glibc/lib -L/opt/ssd20x/gcc-arm-8.2-2018.08-x86_64-arm-linux-gnueabihf/arm-linux-gnueabihf/libc/usr/lib -L/opt/ssd20x/gcc-arm-8.2-2018.08-x86_64-arm-linux-gnueabihf/arm-linux-gnueabihf/libc/lib -znow -zrelro -Wl,--gc-sections  -shared -o libxt_CONNMARK.so libxt_CONNMARK.oo -L../libxtables/.libs -lxtables ;
arm-linux-gnueabihf-gcc -D_LARGEFILE_SOURCE=1 -D_LARGE_FILES -D_FILE_OFFSET_BITS=64 -D_REENTRANT 	-DXTABLES_LIBDIR=\"/usr/lib/iptables\" -DXTABLES_INTERNAL -I../include -I.. -I../include -I.. -I/media/gwind/windcode/openwrt-ssd20x/18.06/build_dir/target-arm-linux-gnueabihf_glibc/linux-sstar_ssd20x/linux-4.9.84/user_headers/include/uapi -I/media/gwind/windcode/openwrt-ssd20x/18.06/build_dir/target-arm-linux-gnueabihf_glibc/linux-sstar_ssd20x/linux-4.9.84/user_headers/include -I/media/gwind/windcode/openwrt-ssd20x/18.06/build_dir/target-arm-linux-gnueabihf_glibc/linux-sstar_ssd20x/linux-4.9.84/user_headers/include/uapi -I/media/gwind/windcode/openwrt-ssd20x/18.06/build_dir/target-arm-linux-gnueabihf_glibc/linux-sstar_ssd20x/linux-4.9.84/user_headers/include -I/media/gwind/windcode/openwrt-ssd20x/18.06/build_dir/target-arm-linux-gnueabihf_glibc/linux-sstar_ssd20x/iptables-1.6.2/include -I/media/gwind/windcode/openwrt-ssd20x/18.06/build_dir/target-arm-linux-gnueabihf_glibc/linux-sstar_ssd20x/linux-4.9.84/user_headers/include -I/media/gwind/windcode/openwrt-ssd20x/18.06/staging_dir/target-arm-linux-gnueabihf_glibc/usr/include -I/media/gwind/windcode/openwrt-ssd20x/18.06/staging_dir/target-arm-linux-gnueabihf_glibc/include    -Wp,-MMD,./.libxt_CONNSECMARK.oo.d,-MT,libxt_CONNSECMARK.oo -Wall -Waggregate-return -Wmissing-declarations 	-Wmissing-prototypes -Wredundant-decls -Wshadow -Wstrict-prototypes 	-Winline -pipe -D_INIT=libxt_CONNSECMARK_init -DPIC -fPIC -Os -pipe -Wno-implicit-fallthrough -mfpu=neon -Wno-format-overflow -fno-caller-saves -fno-plt -mfloat-abi=hard  -D_FORTIFY_SOURCE=1 -Wl,-z,now -Wl,-z,relro -I/media/gwind/windcode/openwrt-ssd20x/18.06/build_dir/target-arm-linux-gnueabihf_glibc/linux-sstar_ssd20x/iptables-1.6.2/include -I/media/gwind/windcode/openwrt-ssd20x/18.06/build_dir/target-arm-linux-gnueabihf_glibc/linux-sstar_ssd20x/linux-4.9.84/user_headers/include -ffunction-sections -fdata-sections -DNO_LEGACY  -o libxt_CONNSECMARK.oo -c libxt_CONNSECMARK.c;
arm-linux-gnueabihf-gcc -Wl,--no-undefined -L/media/gwind/windcode/openwrt-ssd20x/18.06/staging_dir/target-arm-linux-gnueabihf_glibc/usr/lib -L/media/gwind/windcode/openwrt-ssd20x/18.06/staging_dir/target-arm-linux-gnueabihf_glibc/lib -L/opt/ssd20x/gcc-arm-8.2-2018.08-x86_64-arm-linux-gnueabihf/arm-linux-gnueabihf/libc/usr/lib -L/opt/ssd20x/gcc-arm-8.2-2018.08-x86_64-arm-linux-gnueabihf/arm-linux-gnueabihf/libc/lib -znow -zrelro -Wl,--gc-sections  -shared -o libxt_CONNSECMARK.so libxt_CONNSECMARK.oo -L../libxtables/.libs -lxtables ;
arm-linux-gnueabihf-gcc -D_LARGEFILE_SOURCE=1 -D_LARGE_FILES -D_FILE_OFFSET_BITS=64 -D_REENTRANT 	-DXTABLES_LIBDIR=\"/usr/lib/iptables\" -DXTABLES_INTERNAL -I../include -I.. -I../include -I.. -I/media/gwind/windcode/openwrt-ssd20x/18.06/build_dir/target-arm-linux-gnueabihf_glibc/linux-sstar_ssd20x/linux-4.9.84/user_headers/include/uapi -I/media/gwind/windcode/openwrt-ssd20x/18.06/build_dir/target-arm-linux-gnueabihf_glibc/linux-sstar_ssd20x/linux-4.9.84/user_headers/include -I/media/gwind/windcode/openwrt-ssd20x/18.06/build_dir/target-arm-linux-gnueabihf_glibc/linux-sstar_ssd20x/linux-4.9.84/user_headers/include/uapi -I/media/gwind/windcode/openwrt-ssd20x/18.06/build_dir/target-arm-linux-gnueabihf_glibc/linux-sstar_ssd20x/linux-4.9.84/user_headers/include -I/media/gwind/windcode/openwrt-ssd20x/18.06/build_dir/target-arm-linux-gnueabihf_glibc/linux-sstar_ssd20x/iptables-1.6.2/include -I/media/gwind/windcode/openwrt-ssd20x/18.06/build_dir/target-arm-linux-gnueabihf_glibc/linux-sstar_ssd20x/linux-4.9.84/user_headers/include -I/media/gwind/windcode/openwrt-ssd20x/18.06/staging_dir/target-arm-linux-gnueabihf_glibc/usr/include -I/media/gwind/windcode/openwrt-ssd20x/18.06/staging_dir/target-arm-linux-gnueabihf_glibc/include    -Wp,-MMD,./.libxt_CT.oo.d,-MT,libxt_CT.oo -Wall -Waggregate-return -Wmissing-declarations 	-Wmissing-prototypes -Wredundant-decls -Wshadow -Wstrict-prototypes 	-Winline -pipe -D_INIT=libxt_CT_init -DPIC -fPIC -Os -pipe -Wno-implicit-fallthrough -mfpu=neon -Wno-format-overflow -fno-caller-saves -fno-plt -mfloat-abi=hard  -D_FORTIFY_SOURCE=1 -Wl,-z,now -Wl,-z,relro -I/media/gwind/windcode/openwrt-ssd20x/18.06/build_dir/target-arm-linux-gnueabihf_glibc/linux-sstar_ssd20x/iptables-1.6.2/include -I/media/gwind/windcode/openwrt-ssd20x/18.06/build_dir/target-arm-linux-gnueabihf_glibc/linux-sstar_ssd20x/linux-4.9.84/user_headers/include -ffunction-sections -fdata-sections -DNO_LEGACY  -o libxt_CT.oo -c libxt_CT.c;
arm-linux-gnueabihf-gcc -Wl,--no-undefined -L/media/gwind/windcode/openwrt-ssd20x/18.06/staging_dir/target-arm-linux-gnueabihf_glibc/usr/lib -L/media/gwind/windcode/openwrt-ssd20x/18.06/staging_dir/target-arm-linux-gnueabihf_glibc/lib -L/opt/ssd20x/gcc-arm-8.2-2018.08-x86_64-arm-linux-gnueabihf/arm-linux-gnueabihf/libc/usr/lib -L/opt/ssd20x/gcc-arm-8.2-2018.08-x86_64-arm-linux-gnueabihf/arm-linux-gnueabihf/libc/lib -znow -zrelro -Wl,--gc-sections  -shared -o libxt_CT.so libxt_CT.oo -L../libxtables/.libs -lxtables ;
arm-linux-gnueabihf-gcc -D_LARGEFILE_SOURCE=1 -D_LARGE_FILES -D_FILE_OFFSET_BITS=64 -D_REENTRANT 	-DXTABLES_LIBDIR=\"/usr/lib/iptables\" -DXTABLES_INTERNAL -I../include -I.. -I../include -I.. -I/media/gwind/windcode/openwrt-ssd20x/18.06/build_dir/target-arm-linux-gnueabihf_glibc/linux-sstar_ssd20x/linux-4.9.84/user_headers/include/uapi -I/media/gwind/windcode/openwrt-ssd20x/18.06/build_dir/target-arm-linux-gnueabihf_glibc/linux-sstar_ssd20x/linux-4.9.84/user_headers/include -I/media/gwind/windcode/openwrt-ssd20x/18.06/build_dir/target-arm-linux-gnueabihf_glibc/linux-sstar_ssd20x/linux-4.9.84/user_headers/include/uapi -I/media/gwind/windcode/openwrt-ssd20x/18.06/build_dir/target-arm-linux-gnueabihf_glibc/linux-sstar_ssd20x/linux-4.9.84/user_headers/include -I/media/gwind/windcode/openwrt-ssd20x/18.06/build_dir/target-arm-linux-gnueabihf_glibc/linux-sstar_ssd20x/iptables-1.6.2/include -I/media/gwind/windcode/openwrt-ssd20x/18.06/build_dir/target-arm-linux-gnueabihf_glibc/linux-sstar_ssd20x/linux-4.9.84/user_headers/include -I/media/gwind/windcode/openwrt-ssd20x/18.06/staging_dir/target-arm-linux-gnueabihf_glibc/usr/include -I/media/gwind/windcode/openwrt-ssd20x/18.06/staging_dir/target-arm-linux-gnueabihf_glibc/include    -Wp,-MMD,./.libxt_DSCP.oo.d,-MT,libxt_DSCP.oo -Wall -Waggregate-return -Wmissing-declarations 	-Wmissing-prototypes -Wredundant-decls -Wshadow -Wstrict-prototypes 	-Winline -pipe -D_INIT=libxt_DSCP_init -DPIC -fPIC -Os -pipe -Wno-implicit-fallthrough -mfpu=neon -Wno-format-overflow -fno-caller-saves -fno-plt -mfloat-abi=hard  -D_FORTIFY_SOURCE=1 -Wl,-z,now -Wl,-z,relro -I/media/gwind/windcode/openwrt-ssd20x/18.06/build_dir/target-arm-linux-gnueabihf_glibc/linux-sstar_ssd20x/iptables-1.6.2/include -I/media/gwind/windcode/openwrt-ssd20x/18.06/build_dir/target-arm-linux-gnueabihf_glibc/linux-sstar_ssd20x/linux-4.9.84/user_headers/include -ffunction-sections -fdata-sections -DNO_LEGACY  -o libxt_DSCP.oo -c libxt_DSCP.c;
arm-linux-gnueabihf-gcc -Wl,--no-undefined -L/media/gwind/windcode/openwrt-ssd20x/18.06/staging_dir/target-arm-linux-gnueabihf_glibc/usr/lib -L/media/gwind/windcode/openwrt-ssd20x/18.06/staging_dir/target-arm-linux-gnueabihf_glibc/lib -L/opt/ssd20x/gcc-arm-8.2-2018.08-x86_64-arm-linux-gnueabihf/arm-linux-gnueabihf/libc/usr/lib -L/opt/ssd20x/gcc-arm-8.2-2018.08-x86_64-arm-linux-gnueabihf/arm-linux-gnueabihf/libc/lib -znow -zrelro -Wl,--gc-sections  -shared -o libxt_DSCP.so libxt_DSCP.oo -L../libxtables/.libs -lxtables ;
arm-linux-gnueabihf-gcc -D_LARGEFILE_SOURCE=1 -D_LARGE_FILES -D_FILE_OFFSET_BITS=64 -D_REENTRANT 	-DXTABLES_LIBDIR=\"/usr/lib/iptables\" -DXTABLES_INTERNAL -I../include -I.. -I../include -I.. -I/media/gwind/windcode/openwrt-ssd20x/18.06/build_dir/target-arm-linux-gnueabihf_glibc/linux-sstar_ssd20x/linux-4.9.84/user_headers/include/uapi -I/media/gwind/windcode/openwrt-ssd20x/18.06/build_dir/target-arm-linux-gnueabihf_glibc/linux-sstar_ssd20x/linux-4.9.84/user_headers/include -I/media/gwind/windcode/openwrt-ssd20x/18.06/build_dir/target-arm-linux-gnueabihf_glibc/linux-sstar_ssd20x/linux-4.9.84/user_headers/include/uapi -I/media/gwind/windcode/openwrt-ssd20x/18.06/build_dir/target-arm-linux-gnueabihf_glibc/linux-sstar_ssd20x/linux-4.9.84/user_headers/include -I/media/gwind/windcode/openwrt-ssd20x/18.06/build_dir/target-arm-linux-gnueabihf_glibc/linux-sstar_ssd20x/iptables-1.6.2/include -I/media/gwind/windcode/openwrt-ssd20x/18.06/build_dir/target-arm-linux-gnueabihf_glibc/linux-sstar_ssd20x/linux-4.9.84/user_headers/include -I/media/gwind/windcode/openwrt-ssd20x/18.06/staging_dir/target-arm-linux-gnueabihf_glibc/usr/include -I/media/gwind/windcode/openwrt-ssd20x/18.06/staging_dir/target-arm-linux-gnueabihf_glibc/include    -Wp,-MMD,./.libxt_FLOWOFFLOAD.oo.d,-MT,libxt_FLOWOFFLOAD.oo -Wall -Waggregate-return -Wmissing-declarations 	-Wmissing-prototypes -Wredundant-decls -Wshadow -Wstrict-prototypes 	-Winline -pipe -D_INIT=libxt_FLOWOFFLOAD_init -DPIC -fPIC -Os -pipe -Wno-implicit-fallthrough -mfpu=neon -Wno-format-overflow -fno-caller-saves -fno-plt -mfloat-abi=hard  -D_FORTIFY_SOURCE=1 -Wl,-z,now -Wl,-z,relro -I/media/gwind/windcode/openwrt-ssd20x/18.06/build_dir/target-arm-linux-gnueabihf_glibc/linux-sstar_ssd20x/iptables-1.6.2/include -I/media/gwind/windcode/openwrt-ssd20x/18.06/build_dir/target-arm-linux-gnueabihf_glibc/linux-sstar_ssd20x/linux-4.9.84/user_headers/include -ffunction-sections -fdata-sections -DNO_LEGACY  -o libxt_FLOWOFFLOAD.oo -c libxt_FLOWOFFLOAD.c;
arm-linux-gnueabihf-gcc -Wl,--no-undefined -L/media/gwind/windcode/openwrt-ssd20x/18.06/staging_dir/target-arm-linux-gnueabihf_glibc/usr/lib -L/media/gwind/windcode/openwrt-ssd20x/18.06/staging_dir/target-arm-linux-gnueabihf_glibc/lib -L/opt/ssd20x/gcc-arm-8.2-2018.08-x86_64-arm-linux-gnueabihf/arm-linux-gnueabihf/libc/usr/lib -L/opt/ssd20x/gcc-arm-8.2-2018.08-x86_64-arm-linux-gnueabihf/arm-linux-gnueabihf/libc/lib -znow -zrelro -Wl,--gc-sections  -shared -o libxt_FLOWOFFLOAD.so libxt_FLOWOFFLOAD.oo -L../libxtables/.libs -lxtables ;
arm-linux-gnueabihf-gcc -D_LARGEFILE_SOURCE=1 -D_LARGE_FILES -D_FILE_OFFSET_BITS=64 -D_REENTRANT 	-DXTABLES_LIBDIR=\"/usr/lib/iptables\" -DXTABLES_INTERNAL -I../include -I.. -I../include -I.. -I/media/gwind/windcode/openwrt-ssd20x/18.06/build_dir/target-arm-linux-gnueabihf_glibc/linux-sstar_ssd20x/linux-4.9.84/user_headers/include/uapi -I/media/gwind/windcode/openwrt-ssd20x/18.06/build_dir/target-arm-linux-gnueabihf_glibc/linux-sstar_ssd20x/linux-4.9.84/user_headers/include -I/media/gwind/windcode/openwrt-ssd20x/18.06/build_dir/target-arm-linux-gnueabihf_glibc/linux-sstar_ssd20x/linux-4.9.84/user_headers/include/uapi -I/media/gwind/windcode/openwrt-ssd20x/18.06/build_dir/target-arm-linux-gnueabihf_glibc/linux-sstar_ssd20x/linux-4.9.84/user_headers/include -I/media/gwind/windcode/openwrt-ssd20x/18.06/build_dir/target-arm-linux-gnueabihf_glibc/linux-sstar_ssd20x/iptables-1.6.2/include -I/media/gwind/windcode/openwrt-ssd20x/18.06/build_dir/target-arm-linux-gnueabihf_glibc/linux-sstar_ssd20x/linux-4.9.84/user_headers/include -I/media/gwind/windcode/openwrt-ssd20x/18.06/staging_dir/target-arm-linux-gnueabihf_glibc/usr/include -I/media/gwind/windcode/openwrt-ssd20x/18.06/staging_dir/target-arm-linux-gnueabihf_glibc/include    -Wp,-MMD,./.libxt_HMARK.oo.d,-MT,libxt_HMARK.oo -Wall -Waggregate-return -Wmissing-declarations 	-Wmissing-prototypes -Wredundant-decls -Wshadow -Wstrict-prototypes 	-Winline -pipe -D_INIT=libxt_HMARK_init -DPIC -fPIC -Os -pipe -Wno-implicit-fallthrough -mfpu=neon -Wno-format-overflow -fno-caller-saves -fno-plt -mfloat-abi=hard  -D_FORTIFY_SOURCE=1 -Wl,-z,now -Wl,-z,relro -I/media/gwind/windcode/openwrt-ssd20x/18.06/build_dir/target-arm-linux-gnueabihf_glibc/linux-sstar_ssd20x/iptables-1.6.2/include -I/media/gwind/windcode/openwrt-ssd20x/18.06/build_dir/target-arm-linux-gnueabihf_glibc/linux-sstar_ssd20x/linux-4.9.84/user_headers/include -ffunction-sections -fdata-sections -DNO_LEGACY  -o libxt_HMARK.oo -c libxt_HMARK.c;
arm-linux-gnueabihf-gcc -Wl,--no-undefined -L/media/gwind/windcode/openwrt-ssd20x/18.06/staging_dir/target-arm-linux-gnueabihf_glibc/usr/lib -L/media/gwind/windcode/openwrt-ssd20x/18.06/staging_dir/target-arm-linux-gnueabihf_glibc/lib -L/opt/ssd20x/gcc-arm-8.2-2018.08-x86_64-arm-linux-gnueabihf/arm-linux-gnueabihf/libc/usr/lib -L/opt/ssd20x/gcc-arm-8.2-2018.08-x86_64-arm-linux-gnueabihf/arm-linux-gnueabihf/libc/lib -znow -zrelro -Wl,--gc-sections  -shared -o libxt_HMARK.so libxt_HMARK.oo -L../libxtables/.libs -lxtables ;
arm-linux-gnueabihf-gcc -D_LARGEFILE_SOURCE=1 -D_LARGE_FILES -D_FILE_OFFSET_BITS=64 -D_REENTRANT 	-DXTABLES_LIBDIR=\"/usr/lib/iptables\" -DXTABLES_INTERNAL -I../include -I.. -I../include -I.. -I/media/gwind/windcode/openwrt-ssd20x/18.06/build_dir/target-arm-linux-gnueabihf_glibc/linux-sstar_ssd20x/linux-4.9.84/user_headers/include/uapi -I/media/gwind/windcode/openwrt-ssd20x/18.06/build_dir/target-arm-linux-gnueabihf_glibc/linux-sstar_ssd20x/linux-4.9.84/user_headers/include -I/media/gwind/windcode/openwrt-ssd20x/18.06/build_dir/target-arm-linux-gnueabihf_glibc/linux-sstar_ssd20x/linux-4.9.84/user_headers/include/uapi -I/media/gwind/windcode/openwrt-ssd20x/18.06/build_dir/target-arm-linux-gnueabihf_glibc/linux-sstar_ssd20x/linux-4.9.84/user_headers/include -I/media/gwind/windcode/openwrt-ssd20x/18.06/build_dir/target-arm-linux-gnueabihf_glibc/linux-sstar_ssd20x/iptables-1.6.2/include -I/media/gwind/windcode/openwrt-ssd20x/18.06/build_dir/target-arm-linux-gnueabihf_glibc/linux-sstar_ssd20x/linux-4.9.84/user_headers/include -I/media/gwind/windcode/openwrt-ssd20x/18.06/staging_dir/target-arm-linux-gnueabihf_glibc/usr/include -I/media/gwind/windcode/openwrt-ssd20x/18.06/staging_dir/target-arm-linux-gnueabihf_glibc/include    -Wp,-MMD,./.libxt_IDLETIMER.oo.d,-MT,libxt_IDLETIMER.oo -Wall -Waggregate-return -Wmissing-declarations 	-Wmissing-prototypes -Wredundant-decls -Wshadow -Wstrict-prototypes 	-Winline -pipe -D_INIT=libxt_IDLETIMER_init -DPIC -fPIC -Os -pipe -Wno-implicit-fallthrough -mfpu=neon -Wno-format-overflow -fno-caller-saves -fno-plt -mfloat-abi=hard  -D_FORTIFY_SOURCE=1 -Wl,-z,now -Wl,-z,relro -I/media/gwind/windcode/openwrt-ssd20x/18.06/build_dir/target-arm-linux-gnueabihf_glibc/linux-sstar_ssd20x/iptables-1.6.2/include -I/media/gwind/windcode/openwrt-ssd20x/18.06/build_dir/target-arm-linux-gnueabihf_glibc/linux-sstar_ssd20x/linux-4.9.84/user_headers/include -ffunction-sections -fdata-sections -DNO_LEGACY  -o libxt_IDLETIMER.oo -c libxt_IDLETIMER.c;
arm-linux-gnueabihf-gcc -Wl,--no-undefined -L/media/gwind/windcode/openwrt-ssd20x/18.06/staging_dir/target-arm-linux-gnueabihf_glibc/usr/lib -L/media/gwind/windcode/openwrt-ssd20x/18.06/staging_dir/target-arm-linux-gnueabihf_glibc/lib -L/opt/ssd20x/gcc-arm-8.2-2018.08-x86_64-arm-linux-gnueabihf/arm-linux-gnueabihf/libc/usr/lib -L/opt/ssd20x/gcc-arm-8.2-2018.08-x86_64-arm-linux-gnueabihf/arm-linux-gnueabihf/libc/lib -znow -zrelro -Wl,--gc-sections  -shared -o libxt_IDLETIMER.so libxt_IDLETIMER.oo -L../libxtables/.libs -lxtables ;
arm-linux-gnueabihf-gcc -D_LARGEFILE_SOURCE=1 -D_LARGE_FILES -D_FILE_OFFSET_BITS=64 -D_REENTRANT 	-DXTABLES_LIBDIR=\"/usr/lib/iptables\" -DXTABLES_INTERNAL -I../include -I.. -I../include -I.. -I/media/gwind/windcode/openwrt-ssd20x/18.06/build_dir/target-arm-linux-gnueabihf_glibc/linux-sstar_ssd20x/linux-4.9.84/user_headers/include/uapi -I/media/gwind/windcode/openwrt-ssd20x/18.06/build_dir/target-arm-linux-gnueabihf_glibc/linux-sstar_ssd20x/linux-4.9.84/user_headers/include -I/media/gwind/windcode/openwrt-ssd20x/18.06/build_dir/target-arm-linux-gnueabihf_glibc/linux-sstar_ssd20x/linux-4.9.84/user_headers/include/uapi -I/media/gwind/windcode/openwrt-ssd20x/18.06/build_dir/target-arm-linux-gnueabihf_glibc/linux-sstar_ssd20x/linux-4.9.84/user_headers/include -I/media/gwind/windcode/openwrt-ssd20x/18.06/build_dir/target-arm-linux-gnueabihf_glibc/linux-sstar_ssd20x/iptables-1.6.2/include -I/media/gwind/windcode/openwrt-ssd20x/18.06/build_dir/target-arm-linux-gnueabihf_glibc/linux-sstar_ssd20x/linux-4.9.84/user_headers/include -I/media/gwind/windcode/openwrt-ssd20x/18.06/staging_dir/target-arm-linux-gnueabihf_glibc/usr/include -I/media/gwind/windcode/openwrt-ssd20x/18.06/staging_dir/target-arm-linux-gnueabihf_glibc/include    -Wp,-MMD,./.libxt_LED.oo.d,-MT,libxt_LED.oo -Wall -Waggregate-return -Wmissing-declarations 	-Wmissing-prototypes -Wredundant-decls -Wshadow -Wstrict-prototypes 	-Winline -pipe -D_INIT=libxt_LED_init -DPIC -fPIC -Os -pipe -Wno-implicit-fallthrough -mfpu=neon -Wno-format-overflow -fno-caller-saves -fno-plt -mfloat-abi=hard  -D_FORTIFY_SOURCE=1 -Wl,-z,now -Wl,-z,relro -I/media/gwind/windcode/openwrt-ssd20x/18.06/build_dir/target-arm-linux-gnueabihf_glibc/linux-sstar_ssd20x/iptables-1.6.2/include -I/media/gwind/windcode/openwrt-ssd20x/18.06/build_dir/target-arm-linux-gnueabihf_glibc/linux-sstar_ssd20x/linux-4.9.84/user_headers/include -ffunction-sections -fdata-sections -DNO_LEGACY  -o libxt_LED.oo -c libxt_LED.c;
arm-linux-gnueabihf-gcc -Wl,--no-undefined -L/media/gwind/windcode/openwrt-ssd20x/18.06/staging_dir/target-arm-linux-gnueabihf_glibc/usr/lib -L/media/gwind/windcode/openwrt-ssd20x/18.06/staging_dir/target-arm-linux-gnueabihf_glibc/lib -L/opt/ssd20x/gcc-arm-8.2-2018.08-x86_64-arm-linux-gnueabihf/arm-linux-gnueabihf/libc/usr/lib -L/opt/ssd20x/gcc-arm-8.2-2018.08-x86_64-arm-linux-gnueabihf/arm-linux-gnueabihf/libc/lib -znow -zrelro -Wl,--gc-sections  -shared -o libxt_LED.so libxt_LED.oo -L../libxtables/.libs -lxtables ;
arm-linux-gnueabihf-gcc -D_LARGEFILE_SOURCE=1 -D_LARGE_FILES -D_FILE_OFFSET_BITS=64 -D_REENTRANT 	-DXTABLES_LIBDIR=\"/usr/lib/iptables\" -DXTABLES_INTERNAL -I../include -I.. -I../include -I.. -I/media/gwind/windcode/openwrt-ssd20x/18.06/build_dir/target-arm-linux-gnueabihf_glibc/linux-sstar_ssd20x/linux-4.9.84/user_headers/include/uapi -I/media/gwind/windcode/openwrt-ssd20x/18.06/build_dir/target-arm-linux-gnueabihf_glibc/linux-sstar_ssd20x/linux-4.9.84/user_headers/include -I/media/gwind/windcode/openwrt-ssd20x/18.06/build_dir/target-arm-linux-gnueabihf_glibc/linux-sstar_ssd20x/linux-4.9.84/user_headers/include/uapi -I/media/gwind/windcode/openwrt-ssd20x/18.06/build_dir/target-arm-linux-gnueabihf_glibc/linux-sstar_ssd20x/linux-4.9.84/user_headers/include -I/media/gwind/windcode/openwrt-ssd20x/18.06/build_dir/target-arm-linux-gnueabihf_glibc/linux-sstar_ssd20x/iptables-1.6.2/include -I/media/gwind/windcode/openwrt-ssd20x/18.06/build_dir/target-arm-linux-gnueabihf_glibc/linux-sstar_ssd20x/linux-4.9.84/user_headers/include -I/media/gwind/windcode/openwrt-ssd20x/18.06/staging_dir/target-arm-linux-gnueabihf_glibc/usr/include -I/media/gwind/windcode/openwrt-ssd20x/18.06/staging_dir/target-arm-linux-gnueabihf_glibc/include    -Wp,-MMD,./.libxt_NFLOG.oo.d,-MT,libxt_NFLOG.oo -Wall -Waggregate-return -Wmissing-declarations 	-Wmissing-prototypes -Wredundant-decls -Wshadow -Wstrict-prototypes 	-Winline -pipe -D_INIT=libxt_NFLOG_init -DPIC -fPIC -Os -pipe -Wno-implicit-fallthrough -mfpu=neon -Wno-format-overflow -fno-caller-saves -fno-plt -mfloat-abi=hard  -D_FORTIFY_SOURCE=1 -Wl,-z,now -Wl,-z,relro -I/media/gwind/windcode/openwrt-ssd20x/18.06/build_dir/target-arm-linux-gnueabihf_glibc/linux-sstar_ssd20x/iptables-1.6.2/include -I/media/gwind/windcode/openwrt-ssd20x/18.06/build_dir/target-arm-linux-gnueabihf_glibc/linux-sstar_ssd20x/linux-4.9.84/user_headers/include -ffunction-sections -fdata-sections -DNO_LEGACY  -o libxt_NFLOG.oo -c libxt_NFLOG.c;
arm-linux-gnueabihf-gcc -Wl,--no-undefined -L/media/gwind/windcode/openwrt-ssd20x/18.06/staging_dir/target-arm-linux-gnueabihf_glibc/usr/lib -L/media/gwind/windcode/openwrt-ssd20x/18.06/staging_dir/target-arm-linux-gnueabihf_glibc/lib -L/opt/ssd20x/gcc-arm-8.2-2018.08-x86_64-arm-linux-gnueabihf/arm-linux-gnueabihf/libc/usr/lib -L/opt/ssd20x/gcc-arm-8.2-2018.08-x86_64-arm-linux-gnueabihf/arm-linux-gnueabihf/libc/lib -znow -zrelro -Wl,--gc-sections  -shared -o libxt_NFLOG.so libxt_NFLOG.oo -L../libxtables/.libs -lxtables ;
arm-linux-gnueabihf-gcc -D_LARGEFILE_SOURCE=1 -D_LARGE_FILES -D_FILE_OFFSET_BITS=64 -D_REENTRANT 	-DXTABLES_LIBDIR=\"/usr/lib/iptables\" -DXTABLES_INTERNAL -I../include -I.. -I../include -I.. -I/media/gwind/windcode/openwrt-ssd20x/18.06/build_dir/target-arm-linux-gnueabihf_glibc/linux-sstar_ssd20x/linux-4.9.84/user_headers/include/uapi -I/media/gwind/windcode/openwrt-ssd20x/18.06/build_dir/target-arm-linux-gnueabihf_glibc/linux-sstar_ssd20x/linux-4.9.84/user_headers/include -I/media/gwind/windcode/openwrt-ssd20x/18.06/build_dir/target-arm-linux-gnueabihf_glibc/linux-sstar_ssd20x/linux-4.9.84/user_headers/include/uapi -I/media/gwind/windcode/openwrt-ssd20x/18.06/build_dir/target-arm-linux-gnueabihf_glibc/linux-sstar_ssd20x/linux-4.9.84/user_headers/include -I/media/gwind/windcode/openwrt-ssd20x/18.06/build_dir/target-arm-linux-gnueabihf_glibc/linux-sstar_ssd20x/iptables-1.6.2/include -I/media/gwind/windcode/openwrt-ssd20x/18.06/build_dir/target-arm-linux-gnueabihf_glibc/linux-sstar_ssd20x/linux-4.9.84/user_headers/include -I/media/gwind/windcode/openwrt-ssd20x/18.06/staging_dir/target-arm-linux-gnueabihf_glibc/usr/include -I/media/gwind/windcode/openwrt-ssd20x/18.06/staging_dir/target-arm-linux-gnueabihf_glibc/include    -Wp,-MMD,./.libxt_NFQUEUE.oo.d,-MT,libxt_NFQUEUE.oo -Wall -Waggregate-return -Wmissing-declarations 	-Wmissing-prototypes -Wredundant-decls -Wshadow -Wstrict-prototypes 	-Winline -pipe -D_INIT=libxt_NFQUEUE_init -DPIC -fPIC -Os -pipe -Wno-implicit-fallthrough -mfpu=neon -Wno-format-overflow -fno-caller-saves -fno-plt -mfloat-abi=hard  -D_FORTIFY_SOURCE=1 -Wl,-z,now -Wl,-z,relro -I/media/gwind/windcode/openwrt-ssd20x/18.06/build_dir/target-arm-linux-gnueabihf_glibc/linux-sstar_ssd20x/iptables-1.6.2/include -I/media/gwind/windcode/openwrt-ssd20x/18.06/build_dir/target-arm-linux-gnueabihf_glibc/linux-sstar_ssd20x/linux-4.9.84/user_headers/include -ffunction-sections -fdata-sections -DNO_LEGACY  -o libxt_NFQUEUE.oo -c libxt_NFQUEUE.c;
arm-linux-gnueabihf-gcc -Wl,--no-undefined -L/media/gwind/windcode/openwrt-ssd20x/18.06/staging_dir/target-arm-linux-gnueabihf_glibc/usr/lib -L/media/gwind/windcode/openwrt-ssd20x/18.06/staging_dir/target-arm-linux-gnueabihf_glibc/lib -L/opt/ssd20x/gcc-arm-8.2-2018.08-x86_64-arm-linux-gnueabihf/arm-linux-gnueabihf/libc/usr/lib -L/opt/ssd20x/gcc-arm-8.2-2018.08-x86_64-arm-linux-gnueabihf/arm-linux-gnueabihf/libc/lib -znow -zrelro -Wl,--gc-sections  -shared -o libxt_NFQUEUE.so libxt_NFQUEUE.oo -L../libxtables/.libs -lxtables ;
arm-linux-gnueabihf-gcc -D_LARGEFILE_SOURCE=1 -D_LARGE_FILES -D_FILE_OFFSET_BITS=64 -D_REENTRANT 	-DXTABLES_LIBDIR=\"/usr/lib/iptables\" -DXTABLES_INTERNAL -I../include -I.. -I../include -I.. -I/media/gwind/windcode/openwrt-ssd20x/18.06/build_dir/target-arm-linux-gnueabihf_glibc/linux-sstar_ssd20x/linux-4.9.84/user_headers/include/uapi -I/media/gwind/windcode/openwrt-ssd20x/18.06/build_dir/target-arm-linux-gnueabihf_glibc/linux-sstar_ssd20x/linux-4.9.84/user_headers/include -I/media/gwind/windcode/openwrt-ssd20x/18.06/build_dir/target-arm-linux-gnueabihf_glibc/linux-sstar_ssd20x/linux-4.9.84/user_headers/include/uapi -I/media/gwind/windcode/openwrt-ssd20x/18.06/build_dir/target-arm-linux-gnueabihf_glibc/linux-sstar_ssd20x/linux-4.9.84/user_headers/include -I/media/gwind/windcode/openwrt-ssd20x/18.06/build_dir/target-arm-linux-gnueabihf_glibc/linux-sstar_ssd20x/iptables-1.6.2/include -I/media/gwind/windcode/openwrt-ssd20x/18.06/build_dir/target-arm-linux-gnueabihf_glibc/linux-sstar_ssd20x/linux-4.9.84/user_headers/include -I/media/gwind/windcode/openwrt-ssd20x/18.06/staging_dir/target-arm-linux-gnueabihf_glibc/usr/include -I/media/gwind/windcode/openwrt-ssd20x/18.06/staging_dir/target-arm-linux-gnueabihf_glibc/include    -Wp,-MMD,./.libxt_RATEEST.oo.d,-MT,libxt_RATEEST.oo -Wall -Waggregate-return -Wmissing-declarations 	-Wmissing-prototypes -Wredundant-decls -Wshadow -Wstrict-prototypes 	-Winline -pipe -D_INIT=libxt_RATEEST_init -DPIC -fPIC -Os -pipe -Wno-implicit-fallthrough -mfpu=neon -Wno-format-overflow -fno-caller-saves -fno-plt -mfloat-abi=hard  -D_FORTIFY_SOURCE=1 -Wl,-z,now -Wl,-z,relro -I/media/gwind/windcode/openwrt-ssd20x/18.06/build_dir/target-arm-linux-gnueabihf_glibc/linux-sstar_ssd20x/iptables-1.6.2/include -I/media/gwind/windcode/openwrt-ssd20x/18.06/build_dir/target-arm-linux-gnueabihf_glibc/linux-sstar_ssd20x/linux-4.9.84/user_headers/include -ffunction-sections -fdata-sections -DNO_LEGACY  -o libxt_RATEEST.oo -c libxt_RATEEST.c;
arm-linux-gnueabihf-gcc -Wl,--no-undefined -L/media/gwind/windcode/openwrt-ssd20x/18.06/staging_dir/target-arm-linux-gnueabihf_glibc/usr/lib -L/media/gwind/windcode/openwrt-ssd20x/18.06/staging_dir/target-arm-linux-gnueabihf_glibc/lib -L/opt/ssd20x/gcc-arm-8.2-2018.08-x86_64-arm-linux-gnueabihf/arm-linux-gnueabihf/libc/usr/lib -L/opt/ssd20x/gcc-arm-8.2-2018.08-x86_64-arm-linux-gnueabihf/arm-linux-gnueabihf/libc/lib -znow -zrelro -Wl,--gc-sections  -shared -o libxt_RATEEST.so libxt_RATEEST.oo -L../libxtables/.libs -lxtables -lm;
arm-linux-gnueabihf-gcc -D_LARGEFILE_SOURCE=1 -D_LARGE_FILES -D_FILE_OFFSET_BITS=64 -D_REENTRANT 	-DXTABLES_LIBDIR=\"/usr/lib/iptables\" -DXTABLES_INTERNAL -I../include -I.. -I../include -I.. -I/media/gwind/windcode/openwrt-ssd20x/18.06/build_dir/target-arm-linux-gnueabihf_glibc/linux-sstar_ssd20x/linux-4.9.84/user_headers/include/uapi -I/media/gwind/windcode/openwrt-ssd20x/18.06/build_dir/target-arm-linux-gnueabihf_glibc/linux-sstar_ssd20x/linux-4.9.84/user_headers/include -I/media/gwind/windcode/openwrt-ssd20x/18.06/build_dir/target-arm-linux-gnueabihf_glibc/linux-sstar_ssd20x/linux-4.9.84/user_headers/include/uapi -I/media/gwind/windcode/openwrt-ssd20x/18.06/build_dir/target-arm-linux-gnueabihf_glibc/linux-sstar_ssd20x/linux-4.9.84/user_headers/include -I/media/gwind/windcode/openwrt-ssd20x/18.06/build_dir/target-arm-linux-gnueabihf_glibc/linux-sstar_ssd20x/iptables-1.6.2/include -I/media/gwind/windcode/openwrt-ssd20x/18.06/build_dir/target-arm-linux-gnueabihf_glibc/linux-sstar_ssd20x/linux-4.9.84/user_headers/include -I/media/gwind/windcode/openwrt-ssd20x/18.06/staging_dir/target-arm-linux-gnueabihf_glibc/usr/include -I/media/gwind/windcode/openwrt-ssd20x/18.06/staging_dir/target-arm-linux-gnueabihf_glibc/include    -Wp,-MMD,./.libxt_SECMARK.oo.d,-MT,libxt_SECMARK.oo -Wall -Waggregate-return -Wmissing-declarations 	-Wmissing-prototypes -Wredundant-decls -Wshadow -Wstrict-prototypes 	-Winline -pipe -D_INIT=libxt_SECMARK_init -DPIC -fPIC -Os -pipe -Wno-implicit-fallthrough -mfpu=neon -Wno-format-overflow -fno-caller-saves -fno-plt -mfloat-abi=hard  -D_FORTIFY_SOURCE=1 -Wl,-z,now -Wl,-z,relro -I/media/gwind/windcode/openwrt-ssd20x/18.06/build_dir/target-arm-linux-gnueabihf_glibc/linux-sstar_ssd20x/iptables-1.6.2/include -I/media/gwind/windcode/openwrt-ssd20x/18.06/build_dir/target-arm-linux-gnueabihf_glibc/linux-sstar_ssd20x/linux-4.9.84/user_headers/include -ffunction-sections -fdata-sections -DNO_LEGACY  -o libxt_SECMARK.oo -c libxt_SECMARK.c;
arm-linux-gnueabihf-gcc -Wl,--no-undefined -L/media/gwind/windcode/openwrt-ssd20x/18.06/staging_dir/target-arm-linux-gnueabihf_glibc/usr/lib -L/media/gwind/windcode/openwrt-ssd20x/18.06/staging_dir/target-arm-linux-gnueabihf_glibc/lib -L/opt/ssd20x/gcc-arm-8.2-2018.08-x86_64-arm-linux-gnueabihf/arm-linux-gnueabihf/libc/usr/lib -L/opt/ssd20x/gcc-arm-8.2-2018.08-x86_64-arm-linux-gnueabihf/arm-linux-gnueabihf/libc/lib -znow -zrelro -Wl,--gc-sections  -shared -o libxt_SECMARK.so libxt_SECMARK.oo -L../libxtables/.libs -lxtables ;
arm-linux-gnueabihf-gcc -D_LARGEFILE_SOURCE=1 -D_LARGE_FILES -D_FILE_OFFSET_BITS=64 -D_REENTRANT 	-DXTABLES_LIBDIR=\"/usr/lib/iptables\" -DXTABLES_INTERNAL -I../include -I.. -I../include -I.. -I/media/gwind/windcode/openwrt-ssd20x/18.06/build_dir/target-arm-linux-gnueabihf_glibc/linux-sstar_ssd20x/linux-4.9.84/user_headers/include/uapi -I/media/gwind/windcode/openwrt-ssd20x/18.06/build_dir/target-arm-linux-gnueabihf_glibc/linux-sstar_ssd20x/linux-4.9.84/user_headers/include -I/media/gwind/windcode/openwrt-ssd20x/18.06/build_dir/target-arm-linux-gnueabihf_glibc/linux-sstar_ssd20x/linux-4.9.84/user_headers/include/uapi -I/media/gwind/windcode/openwrt-ssd20x/18.06/build_dir/target-arm-linux-gnueabihf_glibc/linux-sstar_ssd20x/linux-4.9.84/user_headers/include -I/media/gwind/windcode/openwrt-ssd20x/18.06/build_dir/target-arm-linux-gnueabihf_glibc/linux-sstar_ssd20x/iptables-1.6.2/include -I/media/gwind/windcode/openwrt-ssd20x/18.06/build_dir/target-arm-linux-gnueabihf_glibc/linux-sstar_ssd20x/linux-4.9.84/user_headers/include -I/media/gwind/windcode/openwrt-ssd20x/18.06/staging_dir/target-arm-linux-gnueabihf_glibc/usr/include -I/media/gwind/windcode/openwrt-ssd20x/18.06/staging_dir/target-arm-linux-gnueabihf_glibc/include    -Wp,-MMD,./.libxt_SYNPROXY.oo.d,-MT,libxt_SYNPROXY.oo -Wall -Waggregate-return -Wmissing-declarations 	-Wmissing-prototypes -Wredundant-decls -Wshadow -Wstrict-prototypes 	-Winline -pipe -D_INIT=libxt_SYNPROXY_init -DPIC -fPIC -Os -pipe -Wno-implicit-fallthrough -mfpu=neon -Wno-format-overflow -fno-caller-saves -fno-plt -mfloat-abi=hard  -D_FORTIFY_SOURCE=1 -Wl,-z,now -Wl,-z,relro -I/media/gwind/windcode/openwrt-ssd20x/18.06/build_dir/target-arm-linux-gnueabihf_glibc/linux-sstar_ssd20x/iptables-1.6.2/include -I/media/gwind/windcode/openwrt-ssd20x/18.06/build_dir/target-arm-linux-gnueabihf_glibc/linux-sstar_ssd20x/linux-4.9.84/user_headers/include -ffunction-sections -fdata-sections -DNO_LEGACY  -o libxt_SYNPROXY.oo -c libxt_SYNPROXY.c;
arm-linux-gnueabihf-gcc -Wl,--no-undefined -L/media/gwind/windcode/openwrt-ssd20x/18.06/staging_dir/target-arm-linux-gnueabihf_glibc/usr/lib -L/media/gwind/windcode/openwrt-ssd20x/18.06/staging_dir/target-arm-linux-gnueabihf_glibc/lib -L/opt/ssd20x/gcc-arm-8.2-2018.08-x86_64-arm-linux-gnueabihf/arm-linux-gnueabihf/libc/usr/lib -L/opt/ssd20x/gcc-arm-8.2-2018.08-x86_64-arm-linux-gnueabihf/arm-linux-gnueabihf/libc/lib -znow -zrelro -Wl,--gc-sections  -shared -o libxt_SYNPROXY.so libxt_SYNPROXY.oo -L../libxtables/.libs -lxtables ;
arm-linux-gnueabihf-gcc -D_LARGEFILE_SOURCE=1 -D_LARGE_FILES -D_FILE_OFFSET_BITS=64 -D_REENTRANT 	-DXTABLES_LIBDIR=\"/usr/lib/iptables\" -DXTABLES_INTERNAL -I../include -I.. -I../include -I.. -I/media/gwind/windcode/openwrt-ssd20x/18.06/build_dir/target-arm-linux-gnueabihf_glibc/linux-sstar_ssd20x/linux-4.9.84/user_headers/include/uapi -I/media/gwind/windcode/openwrt-ssd20x/18.06/build_dir/target-arm-linux-gnueabihf_glibc/linux-sstar_ssd20x/linux-4.9.84/user_headers/include -I/media/gwind/windcode/openwrt-ssd20x/18.06/build_dir/target-arm-linux-gnueabihf_glibc/linux-sstar_ssd20x/linux-4.9.84/user_headers/include/uapi -I/media/gwind/windcode/openwrt-ssd20x/18.06/build_dir/target-arm-linux-gnueabihf_glibc/linux-sstar_ssd20x/linux-4.9.84/user_headers/include -I/media/gwind/windcode/openwrt-ssd20x/18.06/build_dir/target-arm-linux-gnueabihf_glibc/linux-sstar_ssd20x/iptables-1.6.2/include -I/media/gwind/windcode/openwrt-ssd20x/18.06/build_dir/target-arm-linux-gnueabihf_glibc/linux-sstar_ssd20x/linux-4.9.84/user_headers/include -I/media/gwind/windcode/openwrt-ssd20x/18.06/staging_dir/target-arm-linux-gnueabihf_glibc/usr/include -I/media/gwind/windcode/openwrt-ssd20x/18.06/staging_dir/target-arm-linux-gnueabihf_glibc/include    -Wp,-MMD,./.libxt_TCPOPTSTRIP.oo.d,-MT,libxt_TCPOPTSTRIP.oo -Wall -Waggregate-return -Wmissing-declarations 	-Wmissing-prototypes -Wredundant-decls -Wshadow -Wstrict-prototypes 	-Winline -pipe -D_INIT=libxt_TCPOPTSTRIP_init -DPIC -fPIC -Os -pipe -Wno-implicit-fallthrough -mfpu=neon -Wno-format-overflow -fno-caller-saves -fno-plt -mfloat-abi=hard  -D_FORTIFY_SOURCE=1 -Wl,-z,now -Wl,-z,relro -I/media/gwind/windcode/openwrt-ssd20x/18.06/build_dir/target-arm-linux-gnueabihf_glibc/linux-sstar_ssd20x/iptables-1.6.2/include -I/media/gwind/windcode/openwrt-ssd20x/18.06/build_dir/target-arm-linux-gnueabihf_glibc/linux-sstar_ssd20x/linux-4.9.84/user_headers/include -ffunction-sections -fdata-sections -DNO_LEGACY  -o libxt_TCPOPTSTRIP.oo -c libxt_TCPOPTSTRIP.c;
arm-linux-gnueabihf-gcc -Wl,--no-undefined -L/media/gwind/windcode/openwrt-ssd20x/18.06/staging_dir/target-arm-linux-gnueabihf_glibc/usr/lib -L/media/gwind/windcode/openwrt-ssd20x/18.06/staging_dir/target-arm-linux-gnueabihf_glibc/lib -L/opt/ssd20x/gcc-arm-8.2-2018.08-x86_64-arm-linux-gnueabihf/arm-linux-gnueabihf/libc/usr/lib -L/opt/ssd20x/gcc-arm-8.2-2018.08-x86_64-arm-linux-gnueabihf/arm-linux-gnueabihf/libc/lib -znow -zrelro -Wl,--gc-sections  -shared -o libxt_TCPOPTSTRIP.so libxt_TCPOPTSTRIP.oo -L../libxtables/.libs -lxtables ;
arm-linux-gnueabihf-gcc -D_LARGEFILE_SOURCE=1 -D_LARGE_FILES -D_FILE_OFFSET_BITS=64 -D_REENTRANT 	-DXTABLES_LIBDIR=\"/usr/lib/iptables\" -DXTABLES_INTERNAL -I../include -I.. -I../include -I.. -I/media/gwind/windcode/openwrt-ssd20x/18.06/build_dir/target-arm-linux-gnueabihf_glibc/linux-sstar_ssd20x/linux-4.9.84/user_headers/include/uapi -I/media/gwind/windcode/openwrt-ssd20x/18.06/build_dir/target-arm-linux-gnueabihf_glibc/linux-sstar_ssd20x/linux-4.9.84/user_headers/include -I/media/gwind/windcode/openwrt-ssd20x/18.06/build_dir/target-arm-linux-gnueabihf_glibc/linux-sstar_ssd20x/linux-4.9.84/user_headers/include/uapi -I/media/gwind/windcode/openwrt-ssd20x/18.06/build_dir/target-arm-linux-gnueabihf_glibc/linux-sstar_ssd20x/linux-4.9.84/user_headers/include -I/media/gwind/windcode/openwrt-ssd20x/18.06/build_dir/target-arm-linux-gnueabihf_glibc/linux-sstar_ssd20x/iptables-1.6.2/include -I/media/gwind/windcode/openwrt-ssd20x/18.06/build_dir/target-arm-linux-gnueabihf_glibc/linux-sstar_ssd20x/linux-4.9.84/user_headers/include -I/media/gwind/windcode/openwrt-ssd20x/18.06/staging_dir/target-arm-linux-gnueabihf_glibc/usr/include -I/media/gwind/windcode/openwrt-ssd20x/18.06/staging_dir/target-arm-linux-gnueabihf_glibc/include    -Wp,-MMD,./.libxt_TEE.oo.d,-MT,libxt_TEE.oo -Wall -Waggregate-return -Wmissing-declarations 	-Wmissing-prototypes -Wredundant-decls -Wshadow -Wstrict-prototypes 	-Winline -pipe -D_INIT=libxt_TEE_init -DPIC -fPIC -Os -pipe -Wno-implicit-fallthrough -mfpu=neon -Wno-format-overflow -fno-caller-saves -fno-plt -mfloat-abi=hard  -D_FORTIFY_SOURCE=1 -Wl,-z,now -Wl,-z,relro -I/media/gwind/windcode/openwrt-ssd20x/18.06/build_dir/target-arm-linux-gnueabihf_glibc/linux-sstar_ssd20x/iptables-1.6.2/include -I/media/gwind/windcode/openwrt-ssd20x/18.06/build_dir/target-arm-linux-gnueabihf_glibc/linux-sstar_ssd20x/linux-4.9.84/user_headers/include -ffunction-sections -fdata-sections -DNO_LEGACY  -o libxt_TEE.oo -c libxt_TEE.c;
arm-linux-gnueabihf-gcc -Wl,--no-undefined -L/media/gwind/windcode/openwrt-ssd20x/18.06/staging_dir/target-arm-linux-gnueabihf_glibc/usr/lib -L/media/gwind/windcode/openwrt-ssd20x/18.06/staging_dir/target-arm-linux-gnueabihf_glibc/lib -L/opt/ssd20x/gcc-arm-8.2-2018.08-x86_64-arm-linux-gnueabihf/arm-linux-gnueabihf/libc/usr/lib -L/opt/ssd20x/gcc-arm-8.2-2018.08-x86_64-arm-linux-gnueabihf/arm-linux-gnueabihf/libc/lib -znow -zrelro -Wl,--gc-sections  -shared -o libxt_TEE.so libxt_TEE.oo -L../libxtables/.libs -lxtables ;
arm-linux-gnueabihf-gcc -D_LARGEFILE_SOURCE=1 -D_LARGE_FILES -D_FILE_OFFSET_BITS=64 -D_REENTRANT 	-DXTABLES_LIBDIR=\"/usr/lib/iptables\" -DXTABLES_INTERNAL -I../include -I.. -I../include -I.. -I/media/gwind/windcode/openwrt-ssd20x/18.06/build_dir/target-arm-linux-gnueabihf_glibc/linux-sstar_ssd20x/linux-4.9.84/user_headers/include/uapi -I/media/gwind/windcode/openwrt-ssd20x/18.06/build_dir/target-arm-linux-gnueabihf_glibc/linux-sstar_ssd20x/linux-4.9.84/user_headers/include -I/media/gwind/windcode/openwrt-ssd20x/18.06/build_dir/target-arm-linux-gnueabihf_glibc/linux-sstar_ssd20x/linux-4.9.84/user_headers/include/uapi -I/media/gwind/windcode/openwrt-ssd20x/18.06/build_dir/target-arm-linux-gnueabihf_glibc/linux-sstar_ssd20x/linux-4.9.84/user_headers/include -I/media/gwind/windcode/openwrt-ssd20x/18.06/build_dir/target-arm-linux-gnueabihf_glibc/linux-sstar_ssd20x/iptables-1.6.2/include -I/media/gwind/windcode/openwrt-ssd20x/18.06/build_dir/target-arm-linux-gnueabihf_glibc/linux-sstar_ssd20x/linux-4.9.84/user_headers/include -I/media/gwind/windcode/openwrt-ssd20x/18.06/staging_dir/target-arm-linux-gnueabihf_glibc/usr/include -I/media/gwind/windcode/openwrt-ssd20x/18.06/staging_dir/target-arm-linux-gnueabihf_glibc/include    -Wp,-MMD,./.libxt_TOS.oo.d,-MT,libxt_TOS.oo -Wall -Waggregate-return -Wmissing-declarations 	-Wmissing-prototypes -Wredundant-decls -Wshadow -Wstrict-prototypes 	-Winline -pipe -D_INIT=libxt_TOS_init -DPIC -fPIC -Os -pipe -Wno-implicit-fallthrough -mfpu=neon -Wno-format-overflow -fno-caller-saves -fno-plt -mfloat-abi=hard  -D_FORTIFY_SOURCE=1 -Wl,-z,now -Wl,-z,relro -I/media/gwind/windcode/openwrt-ssd20x/18.06/build_dir/target-arm-linux-gnueabihf_glibc/linux-sstar_ssd20x/iptables-1.6.2/include -I/media/gwind/windcode/openwrt-ssd20x/18.06/build_dir/target-arm-linux-gnueabihf_glibc/linux-sstar_ssd20x/linux-4.9.84/user_headers/include -ffunction-sections -fdata-sections -DNO_LEGACY  -o libxt_TOS.oo -c libxt_TOS.c;
arm-linux-gnueabihf-gcc -Wl,--no-undefined -L/media/gwind/windcode/openwrt-ssd20x/18.06/staging_dir/target-arm-linux-gnueabihf_glibc/usr/lib -L/media/gwind/windcode/openwrt-ssd20x/18.06/staging_dir/target-arm-linux-gnueabihf_glibc/lib -L/opt/ssd20x/gcc-arm-8.2-2018.08-x86_64-arm-linux-gnueabihf/arm-linux-gnueabihf/libc/usr/lib -L/opt/ssd20x/gcc-arm-8.2-2018.08-x86_64-arm-linux-gnueabihf/arm-linux-gnueabihf/libc/lib -znow -zrelro -Wl,--gc-sections  -shared -o libxt_TOS.so libxt_TOS.oo -L../libxtables/.libs -lxtables ;
arm-linux-gnueabihf-gcc -D_LARGEFILE_SOURCE=1 -D_LARGE_FILES -D_FILE_OFFSET_BITS=64 -D_REENTRANT 	-DXTABLES_LIBDIR=\"/usr/lib/iptables\" -DXTABLES_INTERNAL -I../include -I.. -I../include -I.. -I/media/gwind/windcode/openwrt-ssd20x/18.06/build_dir/target-arm-linux-gnueabihf_glibc/linux-sstar_ssd20x/linux-4.9.84/user_headers/include/uapi -I/media/gwind/windcode/openwrt-ssd20x/18.06/build_dir/target-arm-linux-gnueabihf_glibc/linux-sstar_ssd20x/linux-4.9.84/user_headers/include -I/media/gwind/windcode/openwrt-ssd20x/18.06/build_dir/target-arm-linux-gnueabihf_glibc/linux-sstar_ssd20x/linux-4.9.84/user_headers/include/uapi -I/media/gwind/windcode/openwrt-ssd20x/18.06/build_dir/target-arm-linux-gnueabihf_glibc/linux-sstar_ssd20x/linux-4.9.84/user_headers/include -I/media/gwind/windcode/openwrt-ssd20x/18.06/build_dir/target-arm-linux-gnueabihf_glibc/linux-sstar_ssd20x/iptables-1.6.2/include -I/media/gwind/windcode/openwrt-ssd20x/18.06/build_dir/target-arm-linux-gnueabihf_glibc/linux-sstar_ssd20x/linux-4.9.84/user_headers/include -I/media/gwind/windcode/openwrt-ssd20x/18.06/staging_dir/target-arm-linux-gnueabihf_glibc/usr/include -I/media/gwind/windcode/openwrt-ssd20x/18.06/staging_dir/target-arm-linux-gnueabihf_glibc/include    -Wp,-MMD,./.libxt_TPROXY.oo.d,-MT,libxt_TPROXY.oo -Wall -Waggregate-return -Wmissing-declarations 	-Wmissing-prototypes -Wredundant-decls -Wshadow -Wstrict-prototypes 	-Winline -pipe -D_INIT=libxt_TPROXY_init -DPIC -fPIC -Os -pipe -Wno-implicit-fallthrough -mfpu=neon -Wno-format-overflow -fno-caller-saves -fno-plt -mfloat-abi=hard  -D_FORTIFY_SOURCE=1 -Wl,-z,now -Wl,-z,relro -I/media/gwind/windcode/openwrt-ssd20x/18.06/build_dir/target-arm-linux-gnueabihf_glibc/linux-sstar_ssd20x/iptables-1.6.2/include -I/media/gwind/windcode/openwrt-ssd20x/18.06/build_dir/target-arm-linux-gnueabihf_glibc/linux-sstar_ssd20x/linux-4.9.84/user_headers/include -ffunction-sections -fdata-sections -DNO_LEGACY  -o libxt_TPROXY.oo -c libxt_TPROXY.c;
arm-linux-gnueabihf-gcc -Wl,--no-undefined -L/media/gwind/windcode/openwrt-ssd20x/18.06/staging_dir/target-arm-linux-gnueabihf_glibc/usr/lib -L/media/gwind/windcode/openwrt-ssd20x/18.06/staging_dir/target-arm-linux-gnueabihf_glibc/lib -L/opt/ssd20x/gcc-arm-8.2-2018.08-x86_64-arm-linux-gnueabihf/arm-linux-gnueabihf/libc/usr/lib -L/opt/ssd20x/gcc-arm-8.2-2018.08-x86_64-arm-linux-gnueabihf/arm-linux-gnueabihf/libc/lib -znow -zrelro -Wl,--gc-sections  -shared -o libxt_TPROXY.so libxt_TPROXY.oo -L../libxtables/.libs -lxtables ;
arm-linux-gnueabihf-gcc -D_LARGEFILE_SOURCE=1 -D_LARGE_FILES -D_FILE_OFFSET_BITS=64 -D_REENTRANT 	-DXTABLES_LIBDIR=\"/usr/lib/iptables\" -DXTABLES_INTERNAL -I../include -I.. -I../include -I.. -I/media/gwind/windcode/openwrt-ssd20x/18.06/build_dir/target-arm-linux-gnueabihf_glibc/linux-sstar_ssd20x/linux-4.9.84/user_headers/include/uapi -I/media/gwind/windcode/openwrt-ssd20x/18.06/build_dir/target-arm-linux-gnueabihf_glibc/linux-sstar_ssd20x/linux-4.9.84/user_headers/include -I/media/gwind/windcode/openwrt-ssd20x/18.06/build_dir/target-arm-linux-gnueabihf_glibc/linux-sstar_ssd20x/linux-4.9.84/user_headers/include/uapi -I/media/gwind/windcode/openwrt-ssd20x/18.06/build_dir/target-arm-linux-gnueabihf_glibc/linux-sstar_ssd20x/linux-4.9.84/user_headers/include -I/media/gwind/windcode/openwrt-ssd20x/18.06/build_dir/target-arm-linux-gnueabihf_glibc/linux-sstar_ssd20x/iptables-1.6.2/include -I/media/gwind/windcode/openwrt-ssd20x/18.06/build_dir/target-arm-linux-gnueabihf_glibc/linux-sstar_ssd20x/linux-4.9.84/user_headers/include -I/media/gwind/windcode/openwrt-ssd20x/18.06/staging_dir/target-arm-linux-gnueabihf_glibc/usr/include -I/media/gwind/windcode/openwrt-ssd20x/18.06/staging_dir/target-arm-linux-gnueabihf_glibc/include    -Wp,-MMD,./.libxt_TRACE.oo.d,-MT,libxt_TRACE.oo -Wall -Waggregate-return -Wmissing-declarations 	-Wmissing-prototypes -Wredundant-decls -Wshadow -Wstrict-prototypes 	-Winline -pipe -D_INIT=libxt_TRACE_init -DPIC -fPIC -Os -pipe -Wno-implicit-fallthrough -mfpu=neon -Wno-format-overflow -fno-caller-saves -fno-plt -mfloat-abi=hard  -D_FORTIFY_SOURCE=1 -Wl,-z,now -Wl,-z,relro -I/media/gwind/windcode/openwrt-ssd20x/18.06/build_dir/target-arm-linux-gnueabihf_glibc/linux-sstar_ssd20x/iptables-1.6.2/include -I/media/gwind/windcode/openwrt-ssd20x/18.06/build_dir/target-arm-linux-gnueabihf_glibc/linux-sstar_ssd20x/linux-4.9.84/user_headers/include -ffunction-sections -fdata-sections -DNO_LEGACY  -o libxt_TRACE.oo -c libxt_TRACE.c;
arm-linux-gnueabihf-gcc -Wl,--no-undefined -L/media/gwind/windcode/openwrt-ssd20x/18.06/staging_dir/target-arm-linux-gnueabihf_glibc/usr/lib -L/media/gwind/windcode/openwrt-ssd20x/18.06/staging_dir/target-arm-linux-gnueabihf_glibc/lib -L/opt/ssd20x/gcc-arm-8.2-2018.08-x86_64-arm-linux-gnueabihf/arm-linux-gnueabihf/libc/usr/lib -L/opt/ssd20x/gcc-arm-8.2-2018.08-x86_64-arm-linux-gnueabihf/arm-linux-gnueabihf/libc/lib -znow -zrelro -Wl,--gc-sections  -shared -o libxt_TRACE.so libxt_TRACE.oo -L../libxtables/.libs -lxtables ;
arm-linux-gnueabihf-gcc -D_LARGEFILE_SOURCE=1 -D_LARGE_FILES -D_FILE_OFFSET_BITS=64 -D_REENTRANT 	-DXTABLES_LIBDIR=\"/usr/lib/iptables\" -DXTABLES_INTERNAL -I../include -I.. -I../include -I.. -I/media/gwind/windcode/openwrt-ssd20x/18.06/build_dir/target-arm-linux-gnueabihf_glibc/linux-sstar_ssd20x/linux-4.9.84/user_headers/include/uapi -I/media/gwind/windcode/openwrt-ssd20x/18.06/build_dir/target-arm-linux-gnueabihf_glibc/linux-sstar_ssd20x/linux-4.9.84/user_headers/include -I/media/gwind/windcode/openwrt-ssd20x/18.06/build_dir/target-arm-linux-gnueabihf_glibc/linux-sstar_ssd20x/linux-4.9.84/user_headers/include/uapi -I/media/gwind/windcode/openwrt-ssd20x/18.06/build_dir/target-arm-linux-gnueabihf_glibc/linux-sstar_ssd20x/linux-4.9.84/user_headers/include -I/media/gwind/windcode/openwrt-ssd20x/18.06/build_dir/target-arm-linux-gnueabihf_glibc/linux-sstar_ssd20x/iptables-1.6.2/include -I/media/gwind/windcode/openwrt-ssd20x/18.06/build_dir/target-arm-linux-gnueabihf_glibc/linux-sstar_ssd20x/linux-4.9.84/user_headers/include -I/media/gwind/windcode/openwrt-ssd20x/18.06/staging_dir/target-arm-linux-gnueabihf_glibc/usr/include -I/media/gwind/windcode/openwrt-ssd20x/18.06/staging_dir/target-arm-linux-gnueabihf_glibc/include    -Wp,-MMD,./.libxt_addrtype.oo.d,-MT,libxt_addrtype.oo -Wall -Waggregate-return -Wmissing-declarations 	-Wmissing-prototypes -Wredundant-decls -Wshadow -Wstrict-prototypes 	-Winline -pipe -D_INIT=libxt_addrtype_init -DPIC -fPIC -Os -pipe -Wno-implicit-fallthrough -mfpu=neon -Wno-format-overflow -fno-caller-saves -fno-plt -mfloat-abi=hard  -D_FORTIFY_SOURCE=1 -Wl,-z,now -Wl,-z,relro -I/media/gwind/windcode/openwrt-ssd20x/18.06/build_dir/target-arm-linux-gnueabihf_glibc/linux-sstar_ssd20x/iptables-1.6.2/include -I/media/gwind/windcode/openwrt-ssd20x/18.06/build_dir/target-arm-linux-gnueabihf_glibc/linux-sstar_ssd20x/linux-4.9.84/user_headers/include -ffunction-sections -fdata-sections -DNO_LEGACY  -o libxt_addrtype.oo -c libxt_addrtype.c;
arm-linux-gnueabihf-gcc -Wl,--no-undefined -L/media/gwind/windcode/openwrt-ssd20x/18.06/staging_dir/target-arm-linux-gnueabihf_glibc/usr/lib -L/media/gwind/windcode/openwrt-ssd20x/18.06/staging_dir/target-arm-linux-gnueabihf_glibc/lib -L/opt/ssd20x/gcc-arm-8.2-2018.08-x86_64-arm-linux-gnueabihf/arm-linux-gnueabihf/libc/usr/lib -L/opt/ssd20x/gcc-arm-8.2-2018.08-x86_64-arm-linux-gnueabihf/arm-linux-gnueabihf/libc/lib -znow -zrelro -Wl,--gc-sections  -shared -o libxt_addrtype.so libxt_addrtype.oo -L../libxtables/.libs -lxtables ;
arm-linux-gnueabihf-gcc -D_LARGEFILE_SOURCE=1 -D_LARGE_FILES -D_FILE_OFFSET_BITS=64 -D_REENTRANT 	-DXTABLES_LIBDIR=\"/usr/lib/iptables\" -DXTABLES_INTERNAL -I../include -I.. -I../include -I.. -I/media/gwind/windcode/openwrt-ssd20x/18.06/build_dir/target-arm-linux-gnueabihf_glibc/linux-sstar_ssd20x/linux-4.9.84/user_headers/include/uapi -I/media/gwind/windcode/openwrt-ssd20x/18.06/build_dir/target-arm-linux-gnueabihf_glibc/linux-sstar_ssd20x/linux-4.9.84/user_headers/include -I/media/gwind/windcode/openwrt-ssd20x/18.06/build_dir/target-arm-linux-gnueabihf_glibc/linux-sstar_ssd20x/linux-4.9.84/user_headers/include/uapi -I/media/gwind/windcode/openwrt-ssd20x/18.06/build_dir/target-arm-linux-gnueabihf_glibc/linux-sstar_ssd20x/linux-4.9.84/user_headers/include -I/media/gwind/windcode/openwrt-ssd20x/18.06/build_dir/target-arm-linux-gnueabihf_glibc/linux-sstar_ssd20x/iptables-1.6.2/include -I/media/gwind/windcode/openwrt-ssd20x/18.06/build_dir/target-arm-linux-gnueabihf_glibc/linux-sstar_ssd20x/linux-4.9.84/user_headers/include -I/media/gwind/windcode/openwrt-ssd20x/18.06/staging_dir/target-arm-linux-gnueabihf_glibc/usr/include -I/media/gwind/windcode/openwrt-ssd20x/18.06/staging_dir/target-arm-linux-gnueabihf_glibc/include    -Wp,-MMD,./.libxt_bpf.oo.d,-MT,libxt_bpf.oo -Wall -Waggregate-return -Wmissing-declarations 	-Wmissing-prototypes -Wredundant-decls -Wshadow -Wstrict-prototypes 	-Winline -pipe -D_INIT=libxt_bpf_init -DPIC -fPIC -Os -pipe -Wno-implicit-fallthrough -mfpu=neon -Wno-format-overflow -fno-caller-saves -fno-plt -mfloat-abi=hard  -D_FORTIFY_SOURCE=1 -Wl,-z,now -Wl,-z,relro -I/media/gwind/windcode/openwrt-ssd20x/18.06/build_dir/target-arm-linux-gnueabihf_glibc/linux-sstar_ssd20x/iptables-1.6.2/include -I/media/gwind/windcode/openwrt-ssd20x/18.06/build_dir/target-arm-linux-gnueabihf_glibc/linux-sstar_ssd20x/linux-4.9.84/user_headers/include -ffunction-sections -fdata-sections -DNO_LEGACY  -o libxt_bpf.oo -c libxt_bpf.c;
arm-linux-gnueabihf-gcc -Wl,--no-undefined -L/media/gwind/windcode/openwrt-ssd20x/18.06/staging_dir/target-arm-linux-gnueabihf_glibc/usr/lib -L/media/gwind/windcode/openwrt-ssd20x/18.06/staging_dir/target-arm-linux-gnueabihf_glibc/lib -L/opt/ssd20x/gcc-arm-8.2-2018.08-x86_64-arm-linux-gnueabihf/arm-linux-gnueabihf/libc/usr/lib -L/opt/ssd20x/gcc-arm-8.2-2018.08-x86_64-arm-linux-gnueabihf/arm-linux-gnueabihf/libc/lib -znow -zrelro -Wl,--gc-sections  -shared -o libxt_bpf.so libxt_bpf.oo -L../libxtables/.libs -lxtables ;
arm-linux-gnueabihf-gcc -D_LARGEFILE_SOURCE=1 -D_LARGE_FILES -D_FILE_OFFSET_BITS=64 -D_REENTRANT 	-DXTABLES_LIBDIR=\"/usr/lib/iptables\" -DXTABLES_INTERNAL -I../include -I.. -I../include -I.. -I/media/gwind/windcode/openwrt-ssd20x/18.06/build_dir/target-arm-linux-gnueabihf_glibc/linux-sstar_ssd20x/linux-4.9.84/user_headers/include/uapi -I/media/gwind/windcode/openwrt-ssd20x/18.06/build_dir/target-arm-linux-gnueabihf_glibc/linux-sstar_ssd20x/linux-4.9.84/user_headers/include -I/media/gwind/windcode/openwrt-ssd20x/18.06/build_dir/target-arm-linux-gnueabihf_glibc/linux-sstar_ssd20x/linux-4.9.84/user_headers/include/uapi -I/media/gwind/windcode/openwrt-ssd20x/18.06/build_dir/target-arm-linux-gnueabihf_glibc/linux-sstar_ssd20x/linux-4.9.84/user_headers/include -I/media/gwind/windcode/openwrt-ssd20x/18.06/build_dir/target-arm-linux-gnueabihf_glibc/linux-sstar_ssd20x/iptables-1.6.2/include -I/media/gwind/windcode/openwrt-ssd20x/18.06/build_dir/target-arm-linux-gnueabihf_glibc/linux-sstar_ssd20x/linux-4.9.84/user_headers/include -I/media/gwind/windcode/openwrt-ssd20x/18.06/staging_dir/target-arm-linux-gnueabihf_glibc/usr/include -I/media/gwind/windcode/openwrt-ssd20x/18.06/staging_dir/target-arm-linux-gnueabihf_glibc/include    -Wp,-MMD,./.libxt_cgroup.oo.d,-MT,libxt_cgroup.oo -Wall -Waggregate-return -Wmissing-declarations 	-Wmissing-prototypes -Wredundant-decls -Wshadow -Wstrict-prototypes 	-Winline -pipe -D_INIT=libxt_cgroup_init -DPIC -fPIC -Os -pipe -Wno-implicit-fallthrough -mfpu=neon -Wno-format-overflow -fno-caller-saves -fno-plt -mfloat-abi=hard  -D_FORTIFY_SOURCE=1 -Wl,-z,now -Wl,-z,relro -I/media/gwind/windcode/openwrt-ssd20x/18.06/build_dir/target-arm-linux-gnueabihf_glibc/linux-sstar_ssd20x/iptables-1.6.2/include -I/media/gwind/windcode/openwrt-ssd20x/18.06/build_dir/target-arm-linux-gnueabihf_glibc/linux-sstar_ssd20x/linux-4.9.84/user_headers/include -ffunction-sections -fdata-sections -DNO_LEGACY  -o libxt_cgroup.oo -c libxt_cgroup.c;
arm-linux-gnueabihf-gcc -Wl,--no-undefined -L/media/gwind/windcode/openwrt-ssd20x/18.06/staging_dir/target-arm-linux-gnueabihf_glibc/usr/lib -L/media/gwind/windcode/openwrt-ssd20x/18.06/staging_dir/target-arm-linux-gnueabihf_glibc/lib -L/opt/ssd20x/gcc-arm-8.2-2018.08-x86_64-arm-linux-gnueabihf/arm-linux-gnueabihf/libc/usr/lib -L/opt/ssd20x/gcc-arm-8.2-2018.08-x86_64-arm-linux-gnueabihf/arm-linux-gnueabihf/libc/lib -znow -zrelro -Wl,--gc-sections  -shared -o libxt_cgroup.so libxt_cgroup.oo -L../libxtables/.libs -lxtables ;
arm-linux-gnueabihf-gcc -D_LARGEFILE_SOURCE=1 -D_LARGE_FILES -D_FILE_OFFSET_BITS=64 -D_REENTRANT 	-DXTABLES_LIBDIR=\"/usr/lib/iptables\" -DXTABLES_INTERNAL -I../include -I.. -I../include -I.. -I/media/gwind/windcode/openwrt-ssd20x/18.06/build_dir/target-arm-linux-gnueabihf_glibc/linux-sstar_ssd20x/linux-4.9.84/user_headers/include/uapi -I/media/gwind/windcode/openwrt-ssd20x/18.06/build_dir/target-arm-linux-gnueabihf_glibc/linux-sstar_ssd20x/linux-4.9.84/user_headers/include -I/media/gwind/windcode/openwrt-ssd20x/18.06/build_dir/target-arm-linux-gnueabihf_glibc/linux-sstar_ssd20x/linux-4.9.84/user_headers/include/uapi -I/media/gwind/windcode/openwrt-ssd20x/18.06/build_dir/target-arm-linux-gnueabihf_glibc/linux-sstar_ssd20x/linux-4.9.84/user_headers/include -I/media/gwind/windcode/openwrt-ssd20x/18.06/build_dir/target-arm-linux-gnueabihf_glibc/linux-sstar_ssd20x/iptables-1.6.2/include -I/media/gwind/windcode/openwrt-ssd20x/18.06/build_dir/target-arm-linux-gnueabihf_glibc/linux-sstar_ssd20x/linux-4.9.84/user_headers/include -I/media/gwind/windcode/openwrt-ssd20x/18.06/staging_dir/target-arm-linux-gnueabihf_glibc/usr/include -I/media/gwind/windcode/openwrt-ssd20x/18.06/staging_dir/target-arm-linux-gnueabihf_glibc/include    -Wp,-MMD,./.libxt_cluster.oo.d,-MT,libxt_cluster.oo -Wall -Waggregate-return -Wmissing-declarations 	-Wmissing-prototypes -Wredundant-decls -Wshadow -Wstrict-prototypes 	-Winline -pipe -D_INIT=libxt_cluster_init -DPIC -fPIC -Os -pipe -Wno-implicit-fallthrough -mfpu=neon -Wno-format-overflow -fno-caller-saves -fno-plt -mfloat-abi=hard  -D_FORTIFY_SOURCE=1 -Wl,-z,now -Wl,-z,relro -I/media/gwind/windcode/openwrt-ssd20x/18.06/build_dir/target-arm-linux-gnueabihf_glibc/linux-sstar_ssd20x/iptables-1.6.2/include -I/media/gwind/windcode/openwrt-ssd20x/18.06/build_dir/target-arm-linux-gnueabihf_glibc/linux-sstar_ssd20x/linux-4.9.84/user_headers/include -ffunction-sections -fdata-sections -DNO_LEGACY  -o libxt_cluster.oo -c libxt_cluster.c;
arm-linux-gnueabihf-gcc -Wl,--no-undefined -L/media/gwind/windcode/openwrt-ssd20x/18.06/staging_dir/target-arm-linux-gnueabihf_glibc/usr/lib -L/media/gwind/windcode/openwrt-ssd20x/18.06/staging_dir/target-arm-linux-gnueabihf_glibc/lib -L/opt/ssd20x/gcc-arm-8.2-2018.08-x86_64-arm-linux-gnueabihf/arm-linux-gnueabihf/libc/usr/lib -L/opt/ssd20x/gcc-arm-8.2-2018.08-x86_64-arm-linux-gnueabihf/arm-linux-gnueabihf/libc/lib -znow -zrelro -Wl,--gc-sections  -shared -o libxt_cluster.so libxt_cluster.oo -L../libxtables/.libs -lxtables ;
arm-linux-gnueabihf-gcc -D_LARGEFILE_SOURCE=1 -D_LARGE_FILES -D_FILE_OFFSET_BITS=64 -D_REENTRANT 	-DXTABLES_LIBDIR=\"/usr/lib/iptables\" -DXTABLES_INTERNAL -I../include -I.. -I../include -I.. -I/media/gwind/windcode/openwrt-ssd20x/18.06/build_dir/target-arm-linux-gnueabihf_glibc/linux-sstar_ssd20x/linux-4.9.84/user_headers/include/uapi -I/media/gwind/windcode/openwrt-ssd20x/18.06/build_dir/target-arm-linux-gnueabihf_glibc/linux-sstar_ssd20x/linux-4.9.84/user_headers/include -I/media/gwind/windcode/openwrt-ssd20x/18.06/build_dir/target-arm-linux-gnueabihf_glibc/linux-sstar_ssd20x/linux-4.9.84/user_headers/include/uapi -I/media/gwind/windcode/openwrt-ssd20x/18.06/build_dir/target-arm-linux-gnueabihf_glibc/linux-sstar_ssd20x/linux-4.9.84/user_headers/include -I/media/gwind/windcode/openwrt-ssd20x/18.06/build_dir/target-arm-linux-gnueabihf_glibc/linux-sstar_ssd20x/iptables-1.6.2/include -I/media/gwind/windcode/openwrt-ssd20x/18.06/build_dir/target-arm-linux-gnueabihf_glibc/linux-sstar_ssd20x/linux-4.9.84/user_headers/include -I/media/gwind/windcode/openwrt-ssd20x/18.06/staging_dir/target-arm-linux-gnueabihf_glibc/usr/include -I/media/gwind/windcode/openwrt-ssd20x/18.06/staging_dir/target-arm-linux-gnueabihf_glibc/include    -Wp,-MMD,./.libxt_connbytes.oo.d,-MT,libxt_connbytes.oo -Wall -Waggregate-return -Wmissing-declarations 	-Wmissing-prototypes -Wredundant-decls -Wshadow -Wstrict-prototypes 	-Winline -pipe -D_INIT=libxt_connbytes_init -DPIC -fPIC -Os -pipe -Wno-implicit-fallthrough -mfpu=neon -Wno-format-overflow -fno-caller-saves -fno-plt -mfloat-abi=hard  -D_FORTIFY_SOURCE=1 -Wl,-z,now -Wl,-z,relro -I/media/gwind/windcode/openwrt-ssd20x/18.06/build_dir/target-arm-linux-gnueabihf_glibc/linux-sstar_ssd20x/iptables-1.6.2/include -I/media/gwind/windcode/openwrt-ssd20x/18.06/build_dir/target-arm-linux-gnueabihf_glibc/linux-sstar_ssd20x/linux-4.9.84/user_headers/include -ffunction-sections -fdata-sections -DNO_LEGACY  -o libxt_connbytes.oo -c libxt_connbytes.c;
arm-linux-gnueabihf-gcc -Wl,--no-undefined -L/media/gwind/windcode/openwrt-ssd20x/18.06/staging_dir/target-arm-linux-gnueabihf_glibc/usr/lib -L/media/gwind/windcode/openwrt-ssd20x/18.06/staging_dir/target-arm-linux-gnueabihf_glibc/lib -L/opt/ssd20x/gcc-arm-8.2-2018.08-x86_64-arm-linux-gnueabihf/arm-linux-gnueabihf/libc/usr/lib -L/opt/ssd20x/gcc-arm-8.2-2018.08-x86_64-arm-linux-gnueabihf/arm-linux-gnueabihf/libc/lib -znow -zrelro -Wl,--gc-sections  -shared -o libxt_connbytes.so libxt_connbytes.oo -L../libxtables/.libs -lxtables ;
arm-linux-gnueabihf-gcc -D_LARGEFILE_SOURCE=1 -D_LARGE_FILES -D_FILE_OFFSET_BITS=64 -D_REENTRANT 	-DXTABLES_LIBDIR=\"/usr/lib/iptables\" -DXTABLES_INTERNAL -I../include -I.. -I../include -I.. -I/media/gwind/windcode/openwrt-ssd20x/18.06/build_dir/target-arm-linux-gnueabihf_glibc/linux-sstar_ssd20x/linux-4.9.84/user_headers/include/uapi -I/media/gwind/windcode/openwrt-ssd20x/18.06/build_dir/target-arm-linux-gnueabihf_glibc/linux-sstar_ssd20x/linux-4.9.84/user_headers/include -I/media/gwind/windcode/openwrt-ssd20x/18.06/build_dir/target-arm-linux-gnueabihf_glibc/linux-sstar_ssd20x/linux-4.9.84/user_headers/include/uapi -I/media/gwind/windcode/openwrt-ssd20x/18.06/build_dir/target-arm-linux-gnueabihf_glibc/linux-sstar_ssd20x/linux-4.9.84/user_headers/include -I/media/gwind/windcode/openwrt-ssd20x/18.06/build_dir/target-arm-linux-gnueabihf_glibc/linux-sstar_ssd20x/iptables-1.6.2/include -I/media/gwind/windcode/openwrt-ssd20x/18.06/build_dir/target-arm-linux-gnueabihf_glibc/linux-sstar_ssd20x/linux-4.9.84/user_headers/include -I/media/gwind/windcode/openwrt-ssd20x/18.06/staging_dir/target-arm-linux-gnueabihf_glibc/usr/include -I/media/gwind/windcode/openwrt-ssd20x/18.06/staging_dir/target-arm-linux-gnueabihf_glibc/include    -Wp,-MMD,./.libxt_connlimit.oo.d,-MT,libxt_connlimit.oo -Wall -Waggregate-return -Wmissing-declarations 	-Wmissing-prototypes -Wredundant-decls -Wshadow -Wstrict-prototypes 	-Winline -pipe -D_INIT=libxt_connlimit_init -DPIC -fPIC -Os -pipe -Wno-implicit-fallthrough -mfpu=neon -Wno-format-overflow -fno-caller-saves -fno-plt -mfloat-abi=hard  -D_FORTIFY_SOURCE=1 -Wl,-z,now -Wl,-z,relro -I/media/gwind/windcode/openwrt-ssd20x/18.06/build_dir/target-arm-linux-gnueabihf_glibc/linux-sstar_ssd20x/iptables-1.6.2/include -I/media/gwind/windcode/openwrt-ssd20x/18.06/build_dir/target-arm-linux-gnueabihf_glibc/linux-sstar_ssd20x/linux-4.9.84/user_headers/include -ffunction-sections -fdata-sections -DNO_LEGACY  -o libxt_connlimit.oo -c libxt_connlimit.c;
arm-linux-gnueabihf-gcc -Wl,--no-undefined -L/media/gwind/windcode/openwrt-ssd20x/18.06/staging_dir/target-arm-linux-gnueabihf_glibc/usr/lib -L/media/gwind/windcode/openwrt-ssd20x/18.06/staging_dir/target-arm-linux-gnueabihf_glibc/lib -L/opt/ssd20x/gcc-arm-8.2-2018.08-x86_64-arm-linux-gnueabihf/arm-linux-gnueabihf/libc/usr/lib -L/opt/ssd20x/gcc-arm-8.2-2018.08-x86_64-arm-linux-gnueabihf/arm-linux-gnueabihf/libc/lib -znow -zrelro -Wl,--gc-sections  -shared -o libxt_connlimit.so libxt_connlimit.oo -L../libxtables/.libs -lxtables ;
arm-linux-gnueabihf-gcc -D_LARGEFILE_SOURCE=1 -D_LARGE_FILES -D_FILE_OFFSET_BITS=64 -D_REENTRANT 	-DXTABLES_LIBDIR=\"/usr/lib/iptables\" -DXTABLES_INTERNAL -I../include -I.. -I../include -I.. -I/media/gwind/windcode/openwrt-ssd20x/18.06/build_dir/target-arm-linux-gnueabihf_glibc/linux-sstar_ssd20x/linux-4.9.84/user_headers/include/uapi -I/media/gwind/windcode/openwrt-ssd20x/18.06/build_dir/target-arm-linux-gnueabihf_glibc/linux-sstar_ssd20x/linux-4.9.84/user_headers/include -I/media/gwind/windcode/openwrt-ssd20x/18.06/build_dir/target-arm-linux-gnueabihf_glibc/linux-sstar_ssd20x/linux-4.9.84/user_headers/include/uapi -I/media/gwind/windcode/openwrt-ssd20x/18.06/build_dir/target-arm-linux-gnueabihf_glibc/linux-sstar_ssd20x/linux-4.9.84/user_headers/include -I/media/gwind/windcode/openwrt-ssd20x/18.06/build_dir/target-arm-linux-gnueabihf_glibc/linux-sstar_ssd20x/iptables-1.6.2/include -I/media/gwind/windcode/openwrt-ssd20x/18.06/build_dir/target-arm-linux-gnueabihf_glibc/linux-sstar_ssd20x/linux-4.9.84/user_headers/include -I/media/gwind/windcode/openwrt-ssd20x/18.06/staging_dir/target-arm-linux-gnueabihf_glibc/usr/include -I/media/gwind/windcode/openwrt-ssd20x/18.06/staging_dir/target-arm-linux-gnueabihf_glibc/include    -Wp,-MMD,./.libxt_connmark.oo.d,-MT,libxt_connmark.oo -Wall -Waggregate-return -Wmissing-declarations 	-Wmissing-prototypes -Wredundant-decls -Wshadow -Wstrict-prototypes 	-Winline -pipe -D_INIT=libxt_connmark_init -DPIC -fPIC -Os -pipe -Wno-implicit-fallthrough -mfpu=neon -Wno-format-overflow -fno-caller-saves -fno-plt -mfloat-abi=hard  -D_FORTIFY_SOURCE=1 -Wl,-z,now -Wl,-z,relro -I/media/gwind/windcode/openwrt-ssd20x/18.06/build_dir/target-arm-linux-gnueabihf_glibc/linux-sstar_ssd20x/iptables-1.6.2/include -I/media/gwind/windcode/openwrt-ssd20x/18.06/build_dir/target-arm-linux-gnueabihf_glibc/linux-sstar_ssd20x/linux-4.9.84/user_headers/include -ffunction-sections -fdata-sections -DNO_LEGACY  -o libxt_connmark.oo -c libxt_connmark.c;
arm-linux-gnueabihf-gcc -Wl,--no-undefined -L/media/gwind/windcode/openwrt-ssd20x/18.06/staging_dir/target-arm-linux-gnueabihf_glibc/usr/lib -L/media/gwind/windcode/openwrt-ssd20x/18.06/staging_dir/target-arm-linux-gnueabihf_glibc/lib -L/opt/ssd20x/gcc-arm-8.2-2018.08-x86_64-arm-linux-gnueabihf/arm-linux-gnueabihf/libc/usr/lib -L/opt/ssd20x/gcc-arm-8.2-2018.08-x86_64-arm-linux-gnueabihf/arm-linux-gnueabihf/libc/lib -znow -zrelro -Wl,--gc-sections  -shared -o libxt_connmark.so libxt_connmark.oo -L../libxtables/.libs -lxtables ;
arm-linux-gnueabihf-gcc -D_LARGEFILE_SOURCE=1 -D_LARGE_FILES -D_FILE_OFFSET_BITS=64 -D_REENTRANT 	-DXTABLES_LIBDIR=\"/usr/lib/iptables\" -DXTABLES_INTERNAL -I../include -I.. -I../include -I.. -I/media/gwind/windcode/openwrt-ssd20x/18.06/build_dir/target-arm-linux-gnueabihf_glibc/linux-sstar_ssd20x/linux-4.9.84/user_headers/include/uapi -I/media/gwind/windcode/openwrt-ssd20x/18.06/build_dir/target-arm-linux-gnueabihf_glibc/linux-sstar_ssd20x/linux-4.9.84/user_headers/include -I/media/gwind/windcode/openwrt-ssd20x/18.06/build_dir/target-arm-linux-gnueabihf_glibc/linux-sstar_ssd20x/linux-4.9.84/user_headers/include/uapi -I/media/gwind/windcode/openwrt-ssd20x/18.06/build_dir/target-arm-linux-gnueabihf_glibc/linux-sstar_ssd20x/linux-4.9.84/user_headers/include -I/media/gwind/windcode/openwrt-ssd20x/18.06/build_dir/target-arm-linux-gnueabihf_glibc/linux-sstar_ssd20x/iptables-1.6.2/include -I/media/gwind/windcode/openwrt-ssd20x/18.06/build_dir/target-arm-linux-gnueabihf_glibc/linux-sstar_ssd20x/linux-4.9.84/user_headers/include -I/media/gwind/windcode/openwrt-ssd20x/18.06/staging_dir/target-arm-linux-gnueabihf_glibc/usr/include -I/media/gwind/windcode/openwrt-ssd20x/18.06/staging_dir/target-arm-linux-gnueabihf_glibc/include    -Wp,-MMD,./.libxt_cpu.oo.d,-MT,libxt_cpu.oo -Wall -Waggregate-return -Wmissing-declarations 	-Wmissing-prototypes -Wredundant-decls -Wshadow -Wstrict-prototypes 	-Winline -pipe -D_INIT=libxt_cpu_init -DPIC -fPIC -Os -pipe -Wno-implicit-fallthrough -mfpu=neon -Wno-format-overflow -fno-caller-saves -fno-plt -mfloat-abi=hard  -D_FORTIFY_SOURCE=1 -Wl,-z,now -Wl,-z,relro -I/media/gwind/windcode/openwrt-ssd20x/18.06/build_dir/target-arm-linux-gnueabihf_glibc/linux-sstar_ssd20x/iptables-1.6.2/include -I/media/gwind/windcode/openwrt-ssd20x/18.06/build_dir/target-arm-linux-gnueabihf_glibc/linux-sstar_ssd20x/linux-4.9.84/user_headers/include -ffunction-sections -fdata-sections -DNO_LEGACY  -o libxt_cpu.oo -c libxt_cpu.c;
arm-linux-gnueabihf-gcc -Wl,--no-undefined -L/media/gwind/windcode/openwrt-ssd20x/18.06/staging_dir/target-arm-linux-gnueabihf_glibc/usr/lib -L/media/gwind/windcode/openwrt-ssd20x/18.06/staging_dir/target-arm-linux-gnueabihf_glibc/lib -L/opt/ssd20x/gcc-arm-8.2-2018.08-x86_64-arm-linux-gnueabihf/arm-linux-gnueabihf/libc/usr/lib -L/opt/ssd20x/gcc-arm-8.2-2018.08-x86_64-arm-linux-gnueabihf/arm-linux-gnueabihf/libc/lib -znow -zrelro -Wl,--gc-sections  -shared -o libxt_cpu.so libxt_cpu.oo -L../libxtables/.libs -lxtables ;
arm-linux-gnueabihf-gcc -D_LARGEFILE_SOURCE=1 -D_LARGE_FILES -D_FILE_OFFSET_BITS=64 -D_REENTRANT 	-DXTABLES_LIBDIR=\"/usr/lib/iptables\" -DXTABLES_INTERNAL -I../include -I.. -I../include -I.. -I/media/gwind/windcode/openwrt-ssd20x/18.06/build_dir/target-arm-linux-gnueabihf_glibc/linux-sstar_ssd20x/linux-4.9.84/user_headers/include/uapi -I/media/gwind/windcode/openwrt-ssd20x/18.06/build_dir/target-arm-linux-gnueabihf_glibc/linux-sstar_ssd20x/linux-4.9.84/user_headers/include -I/media/gwind/windcode/openwrt-ssd20x/18.06/build_dir/target-arm-linux-gnueabihf_glibc/linux-sstar_ssd20x/linux-4.9.84/user_headers/include/uapi -I/media/gwind/windcode/openwrt-ssd20x/18.06/build_dir/target-arm-linux-gnueabihf_glibc/linux-sstar_ssd20x/linux-4.9.84/user_headers/include -I/media/gwind/windcode/openwrt-ssd20x/18.06/build_dir/target-arm-linux-gnueabihf_glibc/linux-sstar_ssd20x/iptables-1.6.2/include -I/media/gwind/windcode/openwrt-ssd20x/18.06/build_dir/target-arm-linux-gnueabihf_glibc/linux-sstar_ssd20x/linux-4.9.84/user_headers/include -I/media/gwind/windcode/openwrt-ssd20x/18.06/staging_dir/target-arm-linux-gnueabihf_glibc/usr/include -I/media/gwind/windcode/openwrt-ssd20x/18.06/staging_dir/target-arm-linux-gnueabihf_glibc/include    -Wp,-MMD,./.libxt_dccp.oo.d,-MT,libxt_dccp.oo -Wall -Waggregate-return -Wmissing-declarations 	-Wmissing-prototypes -Wredundant-decls -Wshadow -Wstrict-prototypes 	-Winline -pipe -D_INIT=libxt_dccp_init -DPIC -fPIC -Os -pipe -Wno-implicit-fallthrough -mfpu=neon -Wno-format-overflow -fno-caller-saves -fno-plt -mfloat-abi=hard  -D_FORTIFY_SOURCE=1 -Wl,-z,now -Wl,-z,relro -I/media/gwind/windcode/openwrt-ssd20x/18.06/build_dir/target-arm-linux-gnueabihf_glibc/linux-sstar_ssd20x/iptables-1.6.2/include -I/media/gwind/windcode/openwrt-ssd20x/18.06/build_dir/target-arm-linux-gnueabihf_glibc/linux-sstar_ssd20x/linux-4.9.84/user_headers/include -ffunction-sections -fdata-sections -DNO_LEGACY  -o libxt_dccp.oo -c libxt_dccp.c;
arm-linux-gnueabihf-gcc -Wl,--no-undefined -L/media/gwind/windcode/openwrt-ssd20x/18.06/staging_dir/target-arm-linux-gnueabihf_glibc/usr/lib -L/media/gwind/windcode/openwrt-ssd20x/18.06/staging_dir/target-arm-linux-gnueabihf_glibc/lib -L/opt/ssd20x/gcc-arm-8.2-2018.08-x86_64-arm-linux-gnueabihf/arm-linux-gnueabihf/libc/usr/lib -L/opt/ssd20x/gcc-arm-8.2-2018.08-x86_64-arm-linux-gnueabihf/arm-linux-gnueabihf/libc/lib -znow -zrelro -Wl,--gc-sections  -shared -o libxt_dccp.so libxt_dccp.oo -L../libxtables/.libs -lxtables ;
arm-linux-gnueabihf-gcc -D_LARGEFILE_SOURCE=1 -D_LARGE_FILES -D_FILE_OFFSET_BITS=64 -D_REENTRANT 	-DXTABLES_LIBDIR=\"/usr/lib/iptables\" -DXTABLES_INTERNAL -I../include -I.. -I../include -I.. -I/media/gwind/windcode/openwrt-ssd20x/18.06/build_dir/target-arm-linux-gnueabihf_glibc/linux-sstar_ssd20x/linux-4.9.84/user_headers/include/uapi -I/media/gwind/windcode/openwrt-ssd20x/18.06/build_dir/target-arm-linux-gnueabihf_glibc/linux-sstar_ssd20x/linux-4.9.84/user_headers/include -I/media/gwind/windcode/openwrt-ssd20x/18.06/build_dir/target-arm-linux-gnueabihf_glibc/linux-sstar_ssd20x/linux-4.9.84/user_headers/include/uapi -I/media/gwind/windcode/openwrt-ssd20x/18.06/build_dir/target-arm-linux-gnueabihf_glibc/linux-sstar_ssd20x/linux-4.9.84/user_headers/include -I/media/gwind/windcode/openwrt-ssd20x/18.06/build_dir/target-arm-linux-gnueabihf_glibc/linux-sstar_ssd20x/iptables-1.6.2/include -I/media/gwind/windcode/openwrt-ssd20x/18.06/build_dir/target-arm-linux-gnueabihf_glibc/linux-sstar_ssd20x/linux-4.9.84/user_headers/include -I/media/gwind/windcode/openwrt-ssd20x/18.06/staging_dir/target-arm-linux-gnueabihf_glibc/usr/include -I/media/gwind/windcode/openwrt-ssd20x/18.06/staging_dir/target-arm-linux-gnueabihf_glibc/include    -Wp,-MMD,./.libxt_devgroup.oo.d,-MT,libxt_devgroup.oo -Wall -Waggregate-return -Wmissing-declarations 	-Wmissing-prototypes -Wredundant-decls -Wshadow -Wstrict-prototypes 	-Winline -pipe -D_INIT=libxt_devgroup_init -DPIC -fPIC -Os -pipe -Wno-implicit-fallthrough -mfpu=neon -Wno-format-overflow -fno-caller-saves -fno-plt -mfloat-abi=hard  -D_FORTIFY_SOURCE=1 -Wl,-z,now -Wl,-z,relro -I/media/gwind/windcode/openwrt-ssd20x/18.06/build_dir/target-arm-linux-gnueabihf_glibc/linux-sstar_ssd20x/iptables-1.6.2/include -I/media/gwind/windcode/openwrt-ssd20x/18.06/build_dir/target-arm-linux-gnueabihf_glibc/linux-sstar_ssd20x/linux-4.9.84/user_headers/include -ffunction-sections -fdata-sections -DNO_LEGACY  -o libxt_devgroup.oo -c libxt_devgroup.c;
arm-linux-gnueabihf-gcc -Wl,--no-undefined -L/media/gwind/windcode/openwrt-ssd20x/18.06/staging_dir/target-arm-linux-gnueabihf_glibc/usr/lib -L/media/gwind/windcode/openwrt-ssd20x/18.06/staging_dir/target-arm-linux-gnueabihf_glibc/lib -L/opt/ssd20x/gcc-arm-8.2-2018.08-x86_64-arm-linux-gnueabihf/arm-linux-gnueabihf/libc/usr/lib -L/opt/ssd20x/gcc-arm-8.2-2018.08-x86_64-arm-linux-gnueabihf/arm-linux-gnueabihf/libc/lib -znow -zrelro -Wl,--gc-sections  -shared -o libxt_devgroup.so libxt_devgroup.oo -L../libxtables/.libs -lxtables ;
arm-linux-gnueabihf-gcc -D_LARGEFILE_SOURCE=1 -D_LARGE_FILES -D_FILE_OFFSET_BITS=64 -D_REENTRANT 	-DXTABLES_LIBDIR=\"/usr/lib/iptables\" -DXTABLES_INTERNAL -I../include -I.. -I../include -I.. -I/media/gwind/windcode/openwrt-ssd20x/18.06/build_dir/target-arm-linux-gnueabihf_glibc/linux-sstar_ssd20x/linux-4.9.84/user_headers/include/uapi -I/media/gwind/windcode/openwrt-ssd20x/18.06/build_dir/target-arm-linux-gnueabihf_glibc/linux-sstar_ssd20x/linux-4.9.84/user_headers/include -I/media/gwind/windcode/openwrt-ssd20x/18.06/build_dir/target-arm-linux-gnueabihf_glibc/linux-sstar_ssd20x/linux-4.9.84/user_headers/include/uapi -I/media/gwind/windcode/openwrt-ssd20x/18.06/build_dir/target-arm-linux-gnueabihf_glibc/linux-sstar_ssd20x/linux-4.9.84/user_headers/include -I/media/gwind/windcode/openwrt-ssd20x/18.06/build_dir/target-arm-linux-gnueabihf_glibc/linux-sstar_ssd20x/iptables-1.6.2/include -I/media/gwind/windcode/openwrt-ssd20x/18.06/build_dir/target-arm-linux-gnueabihf_glibc/linux-sstar_ssd20x/linux-4.9.84/user_headers/include -I/media/gwind/windcode/openwrt-ssd20x/18.06/staging_dir/target-arm-linux-gnueabihf_glibc/usr/include -I/media/gwind/windcode/openwrt-ssd20x/18.06/staging_dir/target-arm-linux-gnueabihf_glibc/include    -Wp,-MMD,./.libxt_dscp.oo.d,-MT,libxt_dscp.oo -Wall -Waggregate-return -Wmissing-declarations 	-Wmissing-prototypes -Wredundant-decls -Wshadow -Wstrict-prototypes 	-Winline -pipe -D_INIT=libxt_dscp_init -DPIC -fPIC -Os -pipe -Wno-implicit-fallthrough -mfpu=neon -Wno-format-overflow -fno-caller-saves -fno-plt -mfloat-abi=hard  -D_FORTIFY_SOURCE=1 -Wl,-z,now -Wl,-z,relro -I/media/gwind/windcode/openwrt-ssd20x/18.06/build_dir/target-arm-linux-gnueabihf_glibc/linux-sstar_ssd20x/iptables-1.6.2/include -I/media/gwind/windcode/openwrt-ssd20x/18.06/build_dir/target-arm-linux-gnueabihf_glibc/linux-sstar_ssd20x/linux-4.9.84/user_headers/include -ffunction-sections -fdata-sections -DNO_LEGACY  -o libxt_dscp.oo -c libxt_dscp.c;
arm-linux-gnueabihf-gcc -Wl,--no-undefined -L/media/gwind/windcode/openwrt-ssd20x/18.06/staging_dir/target-arm-linux-gnueabihf_glibc/usr/lib -L/media/gwind/windcode/openwrt-ssd20x/18.06/staging_dir/target-arm-linux-gnueabihf_glibc/lib -L/opt/ssd20x/gcc-arm-8.2-2018.08-x86_64-arm-linux-gnueabihf/arm-linux-gnueabihf/libc/usr/lib -L/opt/ssd20x/gcc-arm-8.2-2018.08-x86_64-arm-linux-gnueabihf/arm-linux-gnueabihf/libc/lib -znow -zrelro -Wl,--gc-sections  -shared -o libxt_dscp.so libxt_dscp.oo -L../libxtables/.libs -lxtables ;
arm-linux-gnueabihf-gcc -D_LARGEFILE_SOURCE=1 -D_LARGE_FILES -D_FILE_OFFSET_BITS=64 -D_REENTRANT 	-DXTABLES_LIBDIR=\"/usr/lib/iptables\" -DXTABLES_INTERNAL -I../include -I.. -I../include -I.. -I/media/gwind/windcode/openwrt-ssd20x/18.06/build_dir/target-arm-linux-gnueabihf_glibc/linux-sstar_ssd20x/linux-4.9.84/user_headers/include/uapi -I/media/gwind/windcode/openwrt-ssd20x/18.06/build_dir/target-arm-linux-gnueabihf_glibc/linux-sstar_ssd20x/linux-4.9.84/user_headers/include -I/media/gwind/windcode/openwrt-ssd20x/18.06/build_dir/target-arm-linux-gnueabihf_glibc/linux-sstar_ssd20x/linux-4.9.84/user_headers/include/uapi -I/media/gwind/windcode/openwrt-ssd20x/18.06/build_dir/target-arm-linux-gnueabihf_glibc/linux-sstar_ssd20x/linux-4.9.84/user_headers/include -I/media/gwind/windcode/openwrt-ssd20x/18.06/build_dir/target-arm-linux-gnueabihf_glibc/linux-sstar_ssd20x/iptables-1.6.2/include -I/media/gwind/windcode/openwrt-ssd20x/18.06/build_dir/target-arm-linux-gnueabihf_glibc/linux-sstar_ssd20x/linux-4.9.84/user_headers/include -I/media/gwind/windcode/openwrt-ssd20x/18.06/staging_dir/target-arm-linux-gnueabihf_glibc/usr/include -I/media/gwind/windcode/openwrt-ssd20x/18.06/staging_dir/target-arm-linux-gnueabihf_glibc/include    -Wp,-MMD,./.libxt_ecn.oo.d,-MT,libxt_ecn.oo -Wall -Waggregate-return -Wmissing-declarations 	-Wmissing-prototypes -Wredundant-decls -Wshadow -Wstrict-prototypes 	-Winline -pipe -D_INIT=libxt_ecn_init -DPIC -fPIC -Os -pipe -Wno-implicit-fallthrough -mfpu=neon -Wno-format-overflow -fno-caller-saves -fno-plt -mfloat-abi=hard  -D_FORTIFY_SOURCE=1 -Wl,-z,now -Wl,-z,relro -I/media/gwind/windcode/openwrt-ssd20x/18.06/build_dir/target-arm-linux-gnueabihf_glibc/linux-sstar_ssd20x/iptables-1.6.2/include -I/media/gwind/windcode/openwrt-ssd20x/18.06/build_dir/target-arm-linux-gnueabihf_glibc/linux-sstar_ssd20x/linux-4.9.84/user_headers/include -ffunction-sections -fdata-sections -DNO_LEGACY  -o libxt_ecn.oo -c libxt_ecn.c;
arm-linux-gnueabihf-gcc -Wl,--no-undefined -L/media/gwind/windcode/openwrt-ssd20x/18.06/staging_dir/target-arm-linux-gnueabihf_glibc/usr/lib -L/media/gwind/windcode/openwrt-ssd20x/18.06/staging_dir/target-arm-linux-gnueabihf_glibc/lib -L/opt/ssd20x/gcc-arm-8.2-2018.08-x86_64-arm-linux-gnueabihf/arm-linux-gnueabihf/libc/usr/lib -L/opt/ssd20x/gcc-arm-8.2-2018.08-x86_64-arm-linux-gnueabihf/arm-linux-gnueabihf/libc/lib -znow -zrelro -Wl,--gc-sections  -shared -o libxt_ecn.so libxt_ecn.oo -L../libxtables/.libs -lxtables ;
arm-linux-gnueabihf-gcc -D_LARGEFILE_SOURCE=1 -D_LARGE_FILES -D_FILE_OFFSET_BITS=64 -D_REENTRANT 	-DXTABLES_LIBDIR=\"/usr/lib/iptables\" -DXTABLES_INTERNAL -I../include -I.. -I../include -I.. -I/media/gwind/windcode/openwrt-ssd20x/18.06/build_dir/target-arm-linux-gnueabihf_glibc/linux-sstar_ssd20x/linux-4.9.84/user_headers/include/uapi -I/media/gwind/windcode/openwrt-ssd20x/18.06/build_dir/target-arm-linux-gnueabihf_glibc/linux-sstar_ssd20x/linux-4.9.84/user_headers/include -I/media/gwind/windcode/openwrt-ssd20x/18.06/build_dir/target-arm-linux-gnueabihf_glibc/linux-sstar_ssd20x/linux-4.9.84/user_headers/include/uapi -I/media/gwind/windcode/openwrt-ssd20x/18.06/build_dir/target-arm-linux-gnueabihf_glibc/linux-sstar_ssd20x/linux-4.9.84/user_headers/include -I/media/gwind/windcode/openwrt-ssd20x/18.06/build_dir/target-arm-linux-gnueabihf_glibc/linux-sstar_ssd20x/iptables-1.6.2/include -I/media/gwind/windcode/openwrt-ssd20x/18.06/build_dir/target-arm-linux-gnueabihf_glibc/linux-sstar_ssd20x/linux-4.9.84/user_headers/include -I/media/gwind/windcode/openwrt-ssd20x/18.06/staging_dir/target-arm-linux-gnueabihf_glibc/usr/include -I/media/gwind/windcode/openwrt-ssd20x/18.06/staging_dir/target-arm-linux-gnueabihf_glibc/include    -Wp,-MMD,./.libxt_esp.oo.d,-MT,libxt_esp.oo -Wall -Waggregate-return -Wmissing-declarations 	-Wmissing-prototypes -Wredundant-decls -Wshadow -Wstrict-prototypes 	-Winline -pipe -D_INIT=libxt_esp_init -DPIC -fPIC -Os -pipe -Wno-implicit-fallthrough -mfpu=neon -Wno-format-overflow -fno-caller-saves -fno-plt -mfloat-abi=hard  -D_FORTIFY_SOURCE=1 -Wl,-z,now -Wl,-z,relro -I/media/gwind/windcode/openwrt-ssd20x/18.06/build_dir/target-arm-linux-gnueabihf_glibc/linux-sstar_ssd20x/iptables-1.6.2/include -I/media/gwind/windcode/openwrt-ssd20x/18.06/build_dir/target-arm-linux-gnueabihf_glibc/linux-sstar_ssd20x/linux-4.9.84/user_headers/include -ffunction-sections -fdata-sections -DNO_LEGACY  -o libxt_esp.oo -c libxt_esp.c;
arm-linux-gnueabihf-gcc -Wl,--no-undefined -L/media/gwind/windcode/openwrt-ssd20x/18.06/staging_dir/target-arm-linux-gnueabihf_glibc/usr/lib -L/media/gwind/windcode/openwrt-ssd20x/18.06/staging_dir/target-arm-linux-gnueabihf_glibc/lib -L/opt/ssd20x/gcc-arm-8.2-2018.08-x86_64-arm-linux-gnueabihf/arm-linux-gnueabihf/libc/usr/lib -L/opt/ssd20x/gcc-arm-8.2-2018.08-x86_64-arm-linux-gnueabihf/arm-linux-gnueabihf/libc/lib -znow -zrelro -Wl,--gc-sections  -shared -o libxt_esp.so libxt_esp.oo -L../libxtables/.libs -lxtables ;
arm-linux-gnueabihf-gcc -D_LARGEFILE_SOURCE=1 -D_LARGE_FILES -D_FILE_OFFSET_BITS=64 -D_REENTRANT 	-DXTABLES_LIBDIR=\"/usr/lib/iptables\" -DXTABLES_INTERNAL -I../include -I.. -I../include -I.. -I/media/gwind/windcode/openwrt-ssd20x/18.06/build_dir/target-arm-linux-gnueabihf_glibc/linux-sstar_ssd20x/linux-4.9.84/user_headers/include/uapi -I/media/gwind/windcode/openwrt-ssd20x/18.06/build_dir/target-arm-linux-gnueabihf_glibc/linux-sstar_ssd20x/linux-4.9.84/user_headers/include -I/media/gwind/windcode/openwrt-ssd20x/18.06/build_dir/target-arm-linux-gnueabihf_glibc/linux-sstar_ssd20x/linux-4.9.84/user_headers/include/uapi -I/media/gwind/windcode/openwrt-ssd20x/18.06/build_dir/target-arm-linux-gnueabihf_glibc/linux-sstar_ssd20x/linux-4.9.84/user_headers/include -I/media/gwind/windcode/openwrt-ssd20x/18.06/build_dir/target-arm-linux-gnueabihf_glibc/linux-sstar_ssd20x/iptables-1.6.2/include -I/media/gwind/windcode/openwrt-ssd20x/18.06/build_dir/target-arm-linux-gnueabihf_glibc/linux-sstar_ssd20x/linux-4.9.84/user_headers/include -I/media/gwind/windcode/openwrt-ssd20x/18.06/staging_dir/target-arm-linux-gnueabihf_glibc/usr/include -I/media/gwind/windcode/openwrt-ssd20x/18.06/staging_dir/target-arm-linux-gnueabihf_glibc/include    -Wp,-MMD,./.libxt_hashlimit.oo.d,-MT,libxt_hashlimit.oo -Wall -Waggregate-return -Wmissing-declarations 	-Wmissing-prototypes -Wredundant-decls -Wshadow -Wstrict-prototypes 	-Winline -pipe -D_INIT=libxt_hashlimit_init -DPIC -fPIC -Os -pipe -Wno-implicit-fallthrough -mfpu=neon -Wno-format-overflow -fno-caller-saves -fno-plt -mfloat-abi=hard  -D_FORTIFY_SOURCE=1 -Wl,-z,now -Wl,-z,relro -I/media/gwind/windcode/openwrt-ssd20x/18.06/build_dir/target-arm-linux-gnueabihf_glibc/linux-sstar_ssd20x/iptables-1.6.2/include -I/media/gwind/windcode/openwrt-ssd20x/18.06/build_dir/target-arm-linux-gnueabihf_glibc/linux-sstar_ssd20x/linux-4.9.84/user_headers/include -ffunction-sections -fdata-sections -DNO_LEGACY  -o libxt_hashlimit.oo -c libxt_hashlimit.c;
arm-linux-gnueabihf-gcc -Wl,--no-undefined -L/media/gwind/windcode/openwrt-ssd20x/18.06/staging_dir/target-arm-linux-gnueabihf_glibc/usr/lib -L/media/gwind/windcode/openwrt-ssd20x/18.06/staging_dir/target-arm-linux-gnueabihf_glibc/lib -L/opt/ssd20x/gcc-arm-8.2-2018.08-x86_64-arm-linux-gnueabihf/arm-linux-gnueabihf/libc/usr/lib -L/opt/ssd20x/gcc-arm-8.2-2018.08-x86_64-arm-linux-gnueabihf/arm-linux-gnueabihf/libc/lib -znow -zrelro -Wl,--gc-sections  -shared -o libxt_hashlimit.so libxt_hashlimit.oo -L../libxtables/.libs -lxtables ;
arm-linux-gnueabihf-gcc -D_LARGEFILE_SOURCE=1 -D_LARGE_FILES -D_FILE_OFFSET_BITS=64 -D_REENTRANT 	-DXTABLES_LIBDIR=\"/usr/lib/iptables\" -DXTABLES_INTERNAL -I../include -I.. -I../include -I.. -I/media/gwind/windcode/openwrt-ssd20x/18.06/build_dir/target-arm-linux-gnueabihf_glibc/linux-sstar_ssd20x/linux-4.9.84/user_headers/include/uapi -I/media/gwind/windcode/openwrt-ssd20x/18.06/build_dir/target-arm-linux-gnueabihf_glibc/linux-sstar_ssd20x/linux-4.9.84/user_headers/include -I/media/gwind/windcode/openwrt-ssd20x/18.06/build_dir/target-arm-linux-gnueabihf_glibc/linux-sstar_ssd20x/linux-4.9.84/user_headers/include/uapi -I/media/gwind/windcode/openwrt-ssd20x/18.06/build_dir/target-arm-linux-gnueabihf_glibc/linux-sstar_ssd20x/linux-4.9.84/user_headers/include -I/media/gwind/windcode/openwrt-ssd20x/18.06/build_dir/target-arm-linux-gnueabihf_glibc/linux-sstar_ssd20x/iptables-1.6.2/include -I/media/gwind/windcode/openwrt-ssd20x/18.06/build_dir/target-arm-linux-gnueabihf_glibc/linux-sstar_ssd20x/linux-4.9.84/user_headers/include -I/media/gwind/windcode/openwrt-ssd20x/18.06/staging_dir/target-arm-linux-gnueabihf_glibc/usr/include -I/media/gwind/windcode/openwrt-ssd20x/18.06/staging_dir/target-arm-linux-gnueabihf_glibc/include    -Wp,-MMD,./.libxt_helper.oo.d,-MT,libxt_helper.oo -Wall -Waggregate-return -Wmissing-declarations 	-Wmissing-prototypes -Wredundant-decls -Wshadow -Wstrict-prototypes 	-Winline -pipe -D_INIT=libxt_helper_init -DPIC -fPIC -Os -pipe -Wno-implicit-fallthrough -mfpu=neon -Wno-format-overflow -fno-caller-saves -fno-plt -mfloat-abi=hard  -D_FORTIFY_SOURCE=1 -Wl,-z,now -Wl,-z,relro -I/media/gwind/windcode/openwrt-ssd20x/18.06/build_dir/target-arm-linux-gnueabihf_glibc/linux-sstar_ssd20x/iptables-1.6.2/include -I/media/gwind/windcode/openwrt-ssd20x/18.06/build_dir/target-arm-linux-gnueabihf_glibc/linux-sstar_ssd20x/linux-4.9.84/user_headers/include -ffunction-sections -fdata-sections -DNO_LEGACY  -o libxt_helper.oo -c libxt_helper.c;
arm-linux-gnueabihf-gcc -Wl,--no-undefined -L/media/gwind/windcode/openwrt-ssd20x/18.06/staging_dir/target-arm-linux-gnueabihf_glibc/usr/lib -L/media/gwind/windcode/openwrt-ssd20x/18.06/staging_dir/target-arm-linux-gnueabihf_glibc/lib -L/opt/ssd20x/gcc-arm-8.2-2018.08-x86_64-arm-linux-gnueabihf/arm-linux-gnueabihf/libc/usr/lib -L/opt/ssd20x/gcc-arm-8.2-2018.08-x86_64-arm-linux-gnueabihf/arm-linux-gnueabihf/libc/lib -znow -zrelro -Wl,--gc-sections  -shared -o libxt_helper.so libxt_helper.oo -L../libxtables/.libs -lxtables ;
arm-linux-gnueabihf-gcc -D_LARGEFILE_SOURCE=1 -D_LARGE_FILES -D_FILE_OFFSET_BITS=64 -D_REENTRANT 	-DXTABLES_LIBDIR=\"/usr/lib/iptables\" -DXTABLES_INTERNAL -I../include -I.. -I../include -I.. -I/media/gwind/windcode/openwrt-ssd20x/18.06/build_dir/target-arm-linux-gnueabihf_glibc/linux-sstar_ssd20x/linux-4.9.84/user_headers/include/uapi -I/media/gwind/windcode/openwrt-ssd20x/18.06/build_dir/target-arm-linux-gnueabihf_glibc/linux-sstar_ssd20x/linux-4.9.84/user_headers/include -I/media/gwind/windcode/openwrt-ssd20x/18.06/build_dir/target-arm-linux-gnueabihf_glibc/linux-sstar_ssd20x/linux-4.9.84/user_headers/include/uapi -I/media/gwind/windcode/openwrt-ssd20x/18.06/build_dir/target-arm-linux-gnueabihf_glibc/linux-sstar_ssd20x/linux-4.9.84/user_headers/include -I/media/gwind/windcode/openwrt-ssd20x/18.06/build_dir/target-arm-linux-gnueabihf_glibc/linux-sstar_ssd20x/iptables-1.6.2/include -I/media/gwind/windcode/openwrt-ssd20x/18.06/build_dir/target-arm-linux-gnueabihf_glibc/linux-sstar_ssd20x/linux-4.9.84/user_headers/include -I/media/gwind/windcode/openwrt-ssd20x/18.06/staging_dir/target-arm-linux-gnueabihf_glibc/usr/include -I/media/gwind/windcode/openwrt-ssd20x/18.06/staging_dir/target-arm-linux-gnueabihf_glibc/include    -Wp,-MMD,./.libxt_ipcomp.oo.d,-MT,libxt_ipcomp.oo -Wall -Waggregate-return -Wmissing-declarations 	-Wmissing-prototypes -Wredundant-decls -Wshadow -Wstrict-prototypes 	-Winline -pipe -D_INIT=libxt_ipcomp_init -DPIC -fPIC -Os -pipe -Wno-implicit-fallthrough -mfpu=neon -Wno-format-overflow -fno-caller-saves -fno-plt -mfloat-abi=hard  -D_FORTIFY_SOURCE=1 -Wl,-z,now -Wl,-z,relro -I/media/gwind/windcode/openwrt-ssd20x/18.06/build_dir/target-arm-linux-gnueabihf_glibc/linux-sstar_ssd20x/iptables-1.6.2/include -I/media/gwind/windcode/openwrt-ssd20x/18.06/build_dir/target-arm-linux-gnueabihf_glibc/linux-sstar_ssd20x/linux-4.9.84/user_headers/include -ffunction-sections -fdata-sections -DNO_LEGACY  -o libxt_ipcomp.oo -c libxt_ipcomp.c;
arm-linux-gnueabihf-gcc -Wl,--no-undefined -L/media/gwind/windcode/openwrt-ssd20x/18.06/staging_dir/target-arm-linux-gnueabihf_glibc/usr/lib -L/media/gwind/windcode/openwrt-ssd20x/18.06/staging_dir/target-arm-linux-gnueabihf_glibc/lib -L/opt/ssd20x/gcc-arm-8.2-2018.08-x86_64-arm-linux-gnueabihf/arm-linux-gnueabihf/libc/usr/lib -L/opt/ssd20x/gcc-arm-8.2-2018.08-x86_64-arm-linux-gnueabihf/arm-linux-gnueabihf/libc/lib -znow -zrelro -Wl,--gc-sections  -shared -o libxt_ipcomp.so libxt_ipcomp.oo -L../libxtables/.libs -lxtables ;
arm-linux-gnueabihf-gcc -D_LARGEFILE_SOURCE=1 -D_LARGE_FILES -D_FILE_OFFSET_BITS=64 -D_REENTRANT 	-DXTABLES_LIBDIR=\"/usr/lib/iptables\" -DXTABLES_INTERNAL -I../include -I.. -I../include -I.. -I/media/gwind/windcode/openwrt-ssd20x/18.06/build_dir/target-arm-linux-gnueabihf_glibc/linux-sstar_ssd20x/linux-4.9.84/user_headers/include/uapi -I/media/gwind/windcode/openwrt-ssd20x/18.06/build_dir/target-arm-linux-gnueabihf_glibc/linux-sstar_ssd20x/linux-4.9.84/user_headers/include -I/media/gwind/windcode/openwrt-ssd20x/18.06/build_dir/target-arm-linux-gnueabihf_glibc/linux-sstar_ssd20x/linux-4.9.84/user_headers/include/uapi -I/media/gwind/windcode/openwrt-ssd20x/18.06/build_dir/target-arm-linux-gnueabihf_glibc/linux-sstar_ssd20x/linux-4.9.84/user_headers/include -I/media/gwind/windcode/openwrt-ssd20x/18.06/build_dir/target-arm-linux-gnueabihf_glibc/linux-sstar_ssd20x/iptables-1.6.2/include -I/media/gwind/windcode/openwrt-ssd20x/18.06/build_dir/target-arm-linux-gnueabihf_glibc/linux-sstar_ssd20x/linux-4.9.84/user_headers/include -I/media/gwind/windcode/openwrt-ssd20x/18.06/staging_dir/target-arm-linux-gnueabihf_glibc/usr/include -I/media/gwind/windcode/openwrt-ssd20x/18.06/staging_dir/target-arm-linux-gnueabihf_glibc/include    -Wp,-MMD,./.libxt_iprange.oo.d,-MT,libxt_iprange.oo -Wall -Waggregate-return -Wmissing-declarations 	-Wmissing-prototypes -Wredundant-decls -Wshadow -Wstrict-prototypes 	-Winline -pipe -D_INIT=libxt_iprange_init -DPIC -fPIC -Os -pipe -Wno-implicit-fallthrough -mfpu=neon -Wno-format-overflow -fno-caller-saves -fno-plt -mfloat-abi=hard  -D_FORTIFY_SOURCE=1 -Wl,-z,now -Wl,-z,relro -I/media/gwind/windcode/openwrt-ssd20x/18.06/build_dir/target-arm-linux-gnueabihf_glibc/linux-sstar_ssd20x/iptables-1.6.2/include -I/media/gwind/windcode/openwrt-ssd20x/18.06/build_dir/target-arm-linux-gnueabihf_glibc/linux-sstar_ssd20x/linux-4.9.84/user_headers/include -ffunction-sections -fdata-sections -DNO_LEGACY  -o libxt_iprange.oo -c libxt_iprange.c;
arm-linux-gnueabihf-gcc -Wl,--no-undefined -L/media/gwind/windcode/openwrt-ssd20x/18.06/staging_dir/target-arm-linux-gnueabihf_glibc/usr/lib -L/media/gwind/windcode/openwrt-ssd20x/18.06/staging_dir/target-arm-linux-gnueabihf_glibc/lib -L/opt/ssd20x/gcc-arm-8.2-2018.08-x86_64-arm-linux-gnueabihf/arm-linux-gnueabihf/libc/usr/lib -L/opt/ssd20x/gcc-arm-8.2-2018.08-x86_64-arm-linux-gnueabihf/arm-linux-gnueabihf/libc/lib -znow -zrelro -Wl,--gc-sections  -shared -o libxt_iprange.so libxt_iprange.oo -L../libxtables/.libs -lxtables ;
arm-linux-gnueabihf-gcc -D_LARGEFILE_SOURCE=1 -D_LARGE_FILES -D_FILE_OFFSET_BITS=64 -D_REENTRANT 	-DXTABLES_LIBDIR=\"/usr/lib/iptables\" -DXTABLES_INTERNAL -I../include -I.. -I../include -I.. -I/media/gwind/windcode/openwrt-ssd20x/18.06/build_dir/target-arm-linux-gnueabihf_glibc/linux-sstar_ssd20x/linux-4.9.84/user_headers/include/uapi -I/media/gwind/windcode/openwrt-ssd20x/18.06/build_dir/target-arm-linux-gnueabihf_glibc/linux-sstar_ssd20x/linux-4.9.84/user_headers/include -I/media/gwind/windcode/openwrt-ssd20x/18.06/build_dir/target-arm-linux-gnueabihf_glibc/linux-sstar_ssd20x/linux-4.9.84/user_headers/include/uapi -I/media/gwind/windcode/openwrt-ssd20x/18.06/build_dir/target-arm-linux-gnueabihf_glibc/linux-sstar_ssd20x/linux-4.9.84/user_headers/include -I/media/gwind/windcode/openwrt-ssd20x/18.06/build_dir/target-arm-linux-gnueabihf_glibc/linux-sstar_ssd20x/iptables-1.6.2/include -I/media/gwind/windcode/openwrt-ssd20x/18.06/build_dir/target-arm-linux-gnueabihf_glibc/linux-sstar_ssd20x/linux-4.9.84/user_headers/include -I/media/gwind/windcode/openwrt-ssd20x/18.06/staging_dir/target-arm-linux-gnueabihf_glibc/usr/include -I/media/gwind/windcode/openwrt-ssd20x/18.06/staging_dir/target-arm-linux-gnueabihf_glibc/include    -Wp,-MMD,./.libxt_ipvs.oo.d,-MT,libxt_ipvs.oo -Wall -Waggregate-return -Wmissing-declarations 	-Wmissing-prototypes -Wredundant-decls -Wshadow -Wstrict-prototypes 	-Winline -pipe -D_INIT=libxt_ipvs_init -DPIC -fPIC -Os -pipe -Wno-implicit-fallthrough -mfpu=neon -Wno-format-overflow -fno-caller-saves -fno-plt -mfloat-abi=hard  -D_FORTIFY_SOURCE=1 -Wl,-z,now -Wl,-z,relro -I/media/gwind/windcode/openwrt-ssd20x/18.06/build_dir/target-arm-linux-gnueabihf_glibc/linux-sstar_ssd20x/iptables-1.6.2/include -I/media/gwind/windcode/openwrt-ssd20x/18.06/build_dir/target-arm-linux-gnueabihf_glibc/linux-sstar_ssd20x/linux-4.9.84/user_headers/include -ffunction-sections -fdata-sections -DNO_LEGACY  -o libxt_ipvs.oo -c libxt_ipvs.c;
arm-linux-gnueabihf-gcc -Wl,--no-undefined -L/media/gwind/windcode/openwrt-ssd20x/18.06/staging_dir/target-arm-linux-gnueabihf_glibc/usr/lib -L/media/gwind/windcode/openwrt-ssd20x/18.06/staging_dir/target-arm-linux-gnueabihf_glibc/lib -L/opt/ssd20x/gcc-arm-8.2-2018.08-x86_64-arm-linux-gnueabihf/arm-linux-gnueabihf/libc/usr/lib -L/opt/ssd20x/gcc-arm-8.2-2018.08-x86_64-arm-linux-gnueabihf/arm-linux-gnueabihf/libc/lib -znow -zrelro -Wl,--gc-sections  -shared -o libxt_ipvs.so libxt_ipvs.oo -L../libxtables/.libs -lxtables ;
arm-linux-gnueabihf-gcc -D_LARGEFILE_SOURCE=1 -D_LARGE_FILES -D_FILE_OFFSET_BITS=64 -D_REENTRANT 	-DXTABLES_LIBDIR=\"/usr/lib/iptables\" -DXTABLES_INTERNAL -I../include -I.. -I../include -I.. -I/media/gwind/windcode/openwrt-ssd20x/18.06/build_dir/target-arm-linux-gnueabihf_glibc/linux-sstar_ssd20x/linux-4.9.84/user_headers/include/uapi -I/media/gwind/windcode/openwrt-ssd20x/18.06/build_dir/target-arm-linux-gnueabihf_glibc/linux-sstar_ssd20x/linux-4.9.84/user_headers/include -I/media/gwind/windcode/openwrt-ssd20x/18.06/build_dir/target-arm-linux-gnueabihf_glibc/linux-sstar_ssd20x/linux-4.9.84/user_headers/include/uapi -I/media/gwind/windcode/openwrt-ssd20x/18.06/build_dir/target-arm-linux-gnueabihf_glibc/linux-sstar_ssd20x/linux-4.9.84/user_headers/include -I/media/gwind/windcode/openwrt-ssd20x/18.06/build_dir/target-arm-linux-gnueabihf_glibc/linux-sstar_ssd20x/iptables-1.6.2/include -I/media/gwind/windcode/openwrt-ssd20x/18.06/build_dir/target-arm-linux-gnueabihf_glibc/linux-sstar_ssd20x/linux-4.9.84/user_headers/include -I/media/gwind/windcode/openwrt-ssd20x/18.06/staging_dir/target-arm-linux-gnueabihf_glibc/usr/include -I/media/gwind/windcode/openwrt-ssd20x/18.06/staging_dir/target-arm-linux-gnueabihf_glibc/include    -Wp,-MMD,./.libxt_length.oo.d,-MT,libxt_length.oo -Wall -Waggregate-return -Wmissing-declarations 	-Wmissing-prototypes -Wredundant-decls -Wshadow -Wstrict-prototypes 	-Winline -pipe -D_INIT=libxt_length_init -DPIC -fPIC -Os -pipe -Wno-implicit-fallthrough -mfpu=neon -Wno-format-overflow -fno-caller-saves -fno-plt -mfloat-abi=hard  -D_FORTIFY_SOURCE=1 -Wl,-z,now -Wl,-z,relro -I/media/gwind/windcode/openwrt-ssd20x/18.06/build_dir/target-arm-linux-gnueabihf_glibc/linux-sstar_ssd20x/iptables-1.6.2/include -I/media/gwind/windcode/openwrt-ssd20x/18.06/build_dir/target-arm-linux-gnueabihf_glibc/linux-sstar_ssd20x/linux-4.9.84/user_headers/include -ffunction-sections -fdata-sections -DNO_LEGACY  -o libxt_length.oo -c libxt_length.c;
arm-linux-gnueabihf-gcc -Wl,--no-undefined -L/media/gwind/windcode/openwrt-ssd20x/18.06/staging_dir/target-arm-linux-gnueabihf_glibc/usr/lib -L/media/gwind/windcode/openwrt-ssd20x/18.06/staging_dir/target-arm-linux-gnueabihf_glibc/lib -L/opt/ssd20x/gcc-arm-8.2-2018.08-x86_64-arm-linux-gnueabihf/arm-linux-gnueabihf/libc/usr/lib -L/opt/ssd20x/gcc-arm-8.2-2018.08-x86_64-arm-linux-gnueabihf/arm-linux-gnueabihf/libc/lib -znow -zrelro -Wl,--gc-sections  -shared -o libxt_length.so libxt_length.oo -L../libxtables/.libs -lxtables ;
arm-linux-gnueabihf-gcc -D_LARGEFILE_SOURCE=1 -D_LARGE_FILES -D_FILE_OFFSET_BITS=64 -D_REENTRANT 	-DXTABLES_LIBDIR=\"/usr/lib/iptables\" -DXTABLES_INTERNAL -I../include -I.. -I../include -I.. -I/media/gwind/windcode/openwrt-ssd20x/18.06/build_dir/target-arm-linux-gnueabihf_glibc/linux-sstar_ssd20x/linux-4.9.84/user_headers/include/uapi -I/media/gwind/windcode/openwrt-ssd20x/18.06/build_dir/target-arm-linux-gnueabihf_glibc/linux-sstar_ssd20x/linux-4.9.84/user_headers/include -I/media/gwind/windcode/openwrt-ssd20x/18.06/build_dir/target-arm-linux-gnueabihf_glibc/linux-sstar_ssd20x/linux-4.9.84/user_headers/include/uapi -I/media/gwind/windcode/openwrt-ssd20x/18.06/build_dir/target-arm-linux-gnueabihf_glibc/linux-sstar_ssd20x/linux-4.9.84/user_headers/include -I/media/gwind/windcode/openwrt-ssd20x/18.06/build_dir/target-arm-linux-gnueabihf_glibc/linux-sstar_ssd20x/iptables-1.6.2/include -I/media/gwind/windcode/openwrt-ssd20x/18.06/build_dir/target-arm-linux-gnueabihf_glibc/linux-sstar_ssd20x/linux-4.9.84/user_headers/include -I/media/gwind/windcode/openwrt-ssd20x/18.06/staging_dir/target-arm-linux-gnueabihf_glibc/usr/include -I/media/gwind/windcode/openwrt-ssd20x/18.06/staging_dir/target-arm-linux-gnueabihf_glibc/include    -Wp,-MMD,./.libxt_mangle.oo.d,-MT,libxt_mangle.oo -Wall -Waggregate-return -Wmissing-declarations 	-Wmissing-prototypes -Wredundant-decls -Wshadow -Wstrict-prototypes 	-Winline -pipe -D_INIT=libxt_mangle_init -DPIC -fPIC -Os -pipe -Wno-implicit-fallthrough -mfpu=neon -Wno-format-overflow -fno-caller-saves -fno-plt -mfloat-abi=hard  -D_FORTIFY_SOURCE=1 -Wl,-z,now -Wl,-z,relro -I/media/gwind/windcode/openwrt-ssd20x/18.06/build_dir/target-arm-linux-gnueabihf_glibc/linux-sstar_ssd20x/iptables-1.6.2/include -I/media/gwind/windcode/openwrt-ssd20x/18.06/build_dir/target-arm-linux-gnueabihf_glibc/linux-sstar_ssd20x/linux-4.9.84/user_headers/include -ffunction-sections -fdata-sections -DNO_LEGACY  -o libxt_mangle.oo -c libxt_mangle.c;
arm-linux-gnueabihf-gcc -Wl,--no-undefined -L/media/gwind/windcode/openwrt-ssd20x/18.06/staging_dir/target-arm-linux-gnueabihf_glibc/usr/lib -L/media/gwind/windcode/openwrt-ssd20x/18.06/staging_dir/target-arm-linux-gnueabihf_glibc/lib -L/opt/ssd20x/gcc-arm-8.2-2018.08-x86_64-arm-linux-gnueabihf/arm-linux-gnueabihf/libc/usr/lib -L/opt/ssd20x/gcc-arm-8.2-2018.08-x86_64-arm-linux-gnueabihf/arm-linux-gnueabihf/libc/lib -znow -zrelro -Wl,--gc-sections  -shared -o libxt_mangle.so libxt_mangle.oo -L../libxtables/.libs -lxtables ;
arm-linux-gnueabihf-gcc -D_LARGEFILE_SOURCE=1 -D_LARGE_FILES -D_FILE_OFFSET_BITS=64 -D_REENTRANT 	-DXTABLES_LIBDIR=\"/usr/lib/iptables\" -DXTABLES_INTERNAL -I../include -I.. -I../include -I.. -I/media/gwind/windcode/openwrt-ssd20x/18.06/build_dir/target-arm-linux-gnueabihf_glibc/linux-sstar_ssd20x/linux-4.9.84/user_headers/include/uapi -I/media/gwind/windcode/openwrt-ssd20x/18.06/build_dir/target-arm-linux-gnueabihf_glibc/linux-sstar_ssd20x/linux-4.9.84/user_headers/include -I/media/gwind/windcode/openwrt-ssd20x/18.06/build_dir/target-arm-linux-gnueabihf_glibc/linux-sstar_ssd20x/linux-4.9.84/user_headers/include/uapi -I/media/gwind/windcode/openwrt-ssd20x/18.06/build_dir/target-arm-linux-gnueabihf_glibc/linux-sstar_ssd20x/linux-4.9.84/user_headers/include -I/media/gwind/windcode/openwrt-ssd20x/18.06/build_dir/target-arm-linux-gnueabihf_glibc/linux-sstar_ssd20x/iptables-1.6.2/include -I/media/gwind/windcode/openwrt-ssd20x/18.06/build_dir/target-arm-linux-gnueabihf_glibc/linux-sstar_ssd20x/linux-4.9.84/user_headers/include -I/media/gwind/windcode/openwrt-ssd20x/18.06/staging_dir/target-arm-linux-gnueabihf_glibc/usr/include -I/media/gwind/windcode/openwrt-ssd20x/18.06/staging_dir/target-arm-linux-gnueabihf_glibc/include    -Wp,-MMD,./.libxt_nfacct.oo.d,-MT,libxt_nfacct.oo -Wall -Waggregate-return -Wmissing-declarations 	-Wmissing-prototypes -Wredundant-decls -Wshadow -Wstrict-prototypes 	-Winline -pipe -D_INIT=libxt_nfacct_init -DPIC -fPIC -Os -pipe -Wno-implicit-fallthrough -mfpu=neon -Wno-format-overflow -fno-caller-saves -fno-plt -mfloat-abi=hard  -D_FORTIFY_SOURCE=1 -Wl,-z,now -Wl,-z,relro -I/media/gwind/windcode/openwrt-ssd20x/18.06/build_dir/target-arm-linux-gnueabihf_glibc/linux-sstar_ssd20x/iptables-1.6.2/include -I/media/gwind/windcode/openwrt-ssd20x/18.06/build_dir/target-arm-linux-gnueabihf_glibc/linux-sstar_ssd20x/linux-4.9.84/user_headers/include -ffunction-sections -fdata-sections -DNO_LEGACY  -o libxt_nfacct.oo -c libxt_nfacct.c;
arm-linux-gnueabihf-gcc -Wl,--no-undefined -L/media/gwind/windcode/openwrt-ssd20x/18.06/staging_dir/target-arm-linux-gnueabihf_glibc/usr/lib -L/media/gwind/windcode/openwrt-ssd20x/18.06/staging_dir/target-arm-linux-gnueabihf_glibc/lib -L/opt/ssd20x/gcc-arm-8.2-2018.08-x86_64-arm-linux-gnueabihf/arm-linux-gnueabihf/libc/usr/lib -L/opt/ssd20x/gcc-arm-8.2-2018.08-x86_64-arm-linux-gnueabihf/arm-linux-gnueabihf/libc/lib -znow -zrelro -Wl,--gc-sections  -shared -o libxt_nfacct.so libxt_nfacct.oo -L../libxtables/.libs -lxtables ;
arm-linux-gnueabihf-gcc -D_LARGEFILE_SOURCE=1 -D_LARGE_FILES -D_FILE_OFFSET_BITS=64 -D_REENTRANT 	-DXTABLES_LIBDIR=\"/usr/lib/iptables\" -DXTABLES_INTERNAL -I../include -I.. -I../include -I.. -I/media/gwind/windcode/openwrt-ssd20x/18.06/build_dir/target-arm-linux-gnueabihf_glibc/linux-sstar_ssd20x/linux-4.9.84/user_headers/include/uapi -I/media/gwind/windcode/openwrt-ssd20x/18.06/build_dir/target-arm-linux-gnueabihf_glibc/linux-sstar_ssd20x/linux-4.9.84/user_headers/include -I/media/gwind/windcode/openwrt-ssd20x/18.06/build_dir/target-arm-linux-gnueabihf_glibc/linux-sstar_ssd20x/linux-4.9.84/user_headers/include/uapi -I/media/gwind/windcode/openwrt-ssd20x/18.06/build_dir/target-arm-linux-gnueabihf_glibc/linux-sstar_ssd20x/linux-4.9.84/user_headers/include -I/media/gwind/windcode/openwrt-ssd20x/18.06/build_dir/target-arm-linux-gnueabihf_glibc/linux-sstar_ssd20x/iptables-1.6.2/include -I/media/gwind/windcode/openwrt-ssd20x/18.06/build_dir/target-arm-linux-gnueabihf_glibc/linux-sstar_ssd20x/linux-4.9.84/user_headers/include -I/media/gwind/windcode/openwrt-ssd20x/18.06/staging_dir/target-arm-linux-gnueabihf_glibc/usr/include -I/media/gwind/windcode/openwrt-ssd20x/18.06/staging_dir/target-arm-linux-gnueabihf_glibc/include    -Wp,-MMD,./.libxt_osf.oo.d,-MT,libxt_osf.oo -Wall -Waggregate-return -Wmissing-declarations 	-Wmissing-prototypes -Wredundant-decls -Wshadow -Wstrict-prototypes 	-Winline -pipe -D_INIT=libxt_osf_init -DPIC -fPIC -Os -pipe -Wno-implicit-fallthrough -mfpu=neon -Wno-format-overflow -fno-caller-saves -fno-plt -mfloat-abi=hard  -D_FORTIFY_SOURCE=1 -Wl,-z,now -Wl,-z,relro -I/media/gwind/windcode/openwrt-ssd20x/18.06/build_dir/target-arm-linux-gnueabihf_glibc/linux-sstar_ssd20x/iptables-1.6.2/include -I/media/gwind/windcode/openwrt-ssd20x/18.06/build_dir/target-arm-linux-gnueabihf_glibc/linux-sstar_ssd20x/linux-4.9.84/user_headers/include -ffunction-sections -fdata-sections -DNO_LEGACY  -o libxt_osf.oo -c libxt_osf.c;
arm-linux-gnueabihf-gcc -Wl,--no-undefined -L/media/gwind/windcode/openwrt-ssd20x/18.06/staging_dir/target-arm-linux-gnueabihf_glibc/usr/lib -L/media/gwind/windcode/openwrt-ssd20x/18.06/staging_dir/target-arm-linux-gnueabihf_glibc/lib -L/opt/ssd20x/gcc-arm-8.2-2018.08-x86_64-arm-linux-gnueabihf/arm-linux-gnueabihf/libc/usr/lib -L/opt/ssd20x/gcc-arm-8.2-2018.08-x86_64-arm-linux-gnueabihf/arm-linux-gnueabihf/libc/lib -znow -zrelro -Wl,--gc-sections  -shared -o libxt_osf.so libxt_osf.oo -L../libxtables/.libs -lxtables ;
arm-linux-gnueabihf-gcc -D_LARGEFILE_SOURCE=1 -D_LARGE_FILES -D_FILE_OFFSET_BITS=64 -D_REENTRANT 	-DXTABLES_LIBDIR=\"/usr/lib/iptables\" -DXTABLES_INTERNAL -I../include -I.. -I../include -I.. -I/media/gwind/windcode/openwrt-ssd20x/18.06/build_dir/target-arm-linux-gnueabihf_glibc/linux-sstar_ssd20x/linux-4.9.84/user_headers/include/uapi -I/media/gwind/windcode/openwrt-ssd20x/18.06/build_dir/target-arm-linux-gnueabihf_glibc/linux-sstar_ssd20x/linux-4.9.84/user_headers/include -I/media/gwind/windcode/openwrt-ssd20x/18.06/build_dir/target-arm-linux-gnueabihf_glibc/linux-sstar_ssd20x/linux-4.9.84/user_headers/include/uapi -I/media/gwind/windcode/openwrt-ssd20x/18.06/build_dir/target-arm-linux-gnueabihf_glibc/linux-sstar_ssd20x/linux-4.9.84/user_headers/include -I/media/gwind/windcode/openwrt-ssd20x/18.06/build_dir/target-arm-linux-gnueabihf_glibc/linux-sstar_ssd20x/iptables-1.6.2/include -I/media/gwind/windcode/openwrt-ssd20x/18.06/build_dir/target-arm-linux-gnueabihf_glibc/linux-sstar_ssd20x/linux-4.9.84/user_headers/include -I/media/gwind/windcode/openwrt-ssd20x/18.06/staging_dir/target-arm-linux-gnueabihf_glibc/usr/include -I/media/gwind/windcode/openwrt-ssd20x/18.06/staging_dir/target-arm-linux-gnueabihf_glibc/include    -Wp,-MMD,./.libxt_owner.oo.d,-MT,libxt_owner.oo -Wall -Waggregate-return -Wmissing-declarations 	-Wmissing-prototypes -Wredundant-decls -Wshadow -Wstrict-prototypes 	-Winline -pipe -D_INIT=libxt_owner_init -DPIC -fPIC -Os -pipe -Wno-implicit-fallthrough -mfpu=neon -Wno-format-overflow -fno-caller-saves -fno-plt -mfloat-abi=hard  -D_FORTIFY_SOURCE=1 -Wl,-z,now -Wl,-z,relro -I/media/gwind/windcode/openwrt-ssd20x/18.06/build_dir/target-arm-linux-gnueabihf_glibc/linux-sstar_ssd20x/iptables-1.6.2/include -I/media/gwind/windcode/openwrt-ssd20x/18.06/build_dir/target-arm-linux-gnueabihf_glibc/linux-sstar_ssd20x/linux-4.9.84/user_headers/include -ffunction-sections -fdata-sections -DNO_LEGACY  -o libxt_owner.oo -c libxt_owner.c;
arm-linux-gnueabihf-gcc -Wl,--no-undefined -L/media/gwind/windcode/openwrt-ssd20x/18.06/staging_dir/target-arm-linux-gnueabihf_glibc/usr/lib -L/media/gwind/windcode/openwrt-ssd20x/18.06/staging_dir/target-arm-linux-gnueabihf_glibc/lib -L/opt/ssd20x/gcc-arm-8.2-2018.08-x86_64-arm-linux-gnueabihf/arm-linux-gnueabihf/libc/usr/lib -L/opt/ssd20x/gcc-arm-8.2-2018.08-x86_64-arm-linux-gnueabihf/arm-linux-gnueabihf/libc/lib -znow -zrelro -Wl,--gc-sections  -shared -o libxt_owner.so libxt_owner.oo -L../libxtables/.libs -lxtables ;
arm-linux-gnueabihf-gcc -D_LARGEFILE_SOURCE=1 -D_LARGE_FILES -D_FILE_OFFSET_BITS=64 -D_REENTRANT 	-DXTABLES_LIBDIR=\"/usr/lib/iptables\" -DXTABLES_INTERNAL -I../include -I.. -I../include -I.. -I/media/gwind/windcode/openwrt-ssd20x/18.06/build_dir/target-arm-linux-gnueabihf_glibc/linux-sstar_ssd20x/linux-4.9.84/user_headers/include/uapi -I/media/gwind/windcode/openwrt-ssd20x/18.06/build_dir/target-arm-linux-gnueabihf_glibc/linux-sstar_ssd20x/linux-4.9.84/user_headers/include -I/media/gwind/windcode/openwrt-ssd20x/18.06/build_dir/target-arm-linux-gnueabihf_glibc/linux-sstar_ssd20x/linux-4.9.84/user_headers/include/uapi -I/media/gwind/windcode/openwrt-ssd20x/18.06/build_dir/target-arm-linux-gnueabihf_glibc/linux-sstar_ssd20x/linux-4.9.84/user_headers/include -I/media/gwind/windcode/openwrt-ssd20x/18.06/build_dir/target-arm-linux-gnueabihf_glibc/linux-sstar_ssd20x/iptables-1.6.2/include -I/media/gwind/windcode/openwrt-ssd20x/18.06/build_dir/target-arm-linux-gnueabihf_glibc/linux-sstar_ssd20x/linux-4.9.84/user_headers/include -I/media/gwind/windcode/openwrt-ssd20x/18.06/staging_dir/target-arm-linux-gnueabihf_glibc/usr/include -I/media/gwind/windcode/openwrt-ssd20x/18.06/staging_dir/target-arm-linux-gnueabihf_glibc/include    -Wp,-MMD,./.libxt_physdev.oo.d,-MT,libxt_physdev.oo -Wall -Waggregate-return -Wmissing-declarations 	-Wmissing-prototypes -Wredundant-decls -Wshadow -Wstrict-prototypes 	-Winline -pipe -D_INIT=libxt_physdev_init -DPIC -fPIC -Os -pipe -Wno-implicit-fallthrough -mfpu=neon -Wno-format-overflow -fno-caller-saves -fno-plt -mfloat-abi=hard  -D_FORTIFY_SOURCE=1 -Wl,-z,now -Wl,-z,relro -I/media/gwind/windcode/openwrt-ssd20x/18.06/build_dir/target-arm-linux-gnueabihf_glibc/linux-sstar_ssd20x/iptables-1.6.2/include -I/media/gwind/windcode/openwrt-ssd20x/18.06/build_dir/target-arm-linux-gnueabihf_glibc/linux-sstar_ssd20x/linux-4.9.84/user_headers/include -ffunction-sections -fdata-sections -DNO_LEGACY  -o libxt_physdev.oo -c libxt_physdev.c;
arm-linux-gnueabihf-gcc -Wl,--no-undefined -L/media/gwind/windcode/openwrt-ssd20x/18.06/staging_dir/target-arm-linux-gnueabihf_glibc/usr/lib -L/media/gwind/windcode/openwrt-ssd20x/18.06/staging_dir/target-arm-linux-gnueabihf_glibc/lib -L/opt/ssd20x/gcc-arm-8.2-2018.08-x86_64-arm-linux-gnueabihf/arm-linux-gnueabihf/libc/usr/lib -L/opt/ssd20x/gcc-arm-8.2-2018.08-x86_64-arm-linux-gnueabihf/arm-linux-gnueabihf/libc/lib -znow -zrelro -Wl,--gc-sections  -shared -o libxt_physdev.so libxt_physdev.oo -L../libxtables/.libs -lxtables ;
arm-linux-gnueabihf-gcc -D_LARGEFILE_SOURCE=1 -D_LARGE_FILES -D_FILE_OFFSET_BITS=64 -D_REENTRANT 	-DXTABLES_LIBDIR=\"/usr/lib/iptables\" -DXTABLES_INTERNAL -I../include -I.. -I../include -I.. -I/media/gwind/windcode/openwrt-ssd20x/18.06/build_dir/target-arm-linux-gnueabihf_glibc/linux-sstar_ssd20x/linux-4.9.84/user_headers/include/uapi -I/media/gwind/windcode/openwrt-ssd20x/18.06/build_dir/target-arm-linux-gnueabihf_glibc/linux-sstar_ssd20x/linux-4.9.84/user_headers/include -I/media/gwind/windcode/openwrt-ssd20x/18.06/build_dir/target-arm-linux-gnueabihf_glibc/linux-sstar_ssd20x/linux-4.9.84/user_headers/include/uapi -I/media/gwind/windcode/openwrt-ssd20x/18.06/build_dir/target-arm-linux-gnueabihf_glibc/linux-sstar_ssd20x/linux-4.9.84/user_headers/include -I/media/gwind/windcode/openwrt-ssd20x/18.06/build_dir/target-arm-linux-gnueabihf_glibc/linux-sstar_ssd20x/iptables-1.6.2/include -I/media/gwind/windcode/openwrt-ssd20x/18.06/build_dir/target-arm-linux-gnueabihf_glibc/linux-sstar_ssd20x/linux-4.9.84/user_headers/include -I/media/gwind/windcode/openwrt-ssd20x/18.06/staging_dir/target-arm-linux-gnueabihf_glibc/usr/include -I/media/gwind/windcode/openwrt-ssd20x/18.06/staging_dir/target-arm-linux-gnueabihf_glibc/include    -Wp,-MMD,./.libxt_pkttype.oo.d,-MT,libxt_pkttype.oo -Wall -Waggregate-return -Wmissing-declarations 	-Wmissing-prototypes -Wredundant-decls -Wshadow -Wstrict-prototypes 	-Winline -pipe -D_INIT=libxt_pkttype_init -DPIC -fPIC -Os -pipe -Wno-implicit-fallthrough -mfpu=neon -Wno-format-overflow -fno-caller-saves -fno-plt -mfloat-abi=hard  -D_FORTIFY_SOURCE=1 -Wl,-z,now -Wl,-z,relro -I/media/gwind/windcode/openwrt-ssd20x/18.06/build_dir/target-arm-linux-gnueabihf_glibc/linux-sstar_ssd20x/iptables-1.6.2/include -I/media/gwind/windcode/openwrt-ssd20x/18.06/build_dir/target-arm-linux-gnueabihf_glibc/linux-sstar_ssd20x/linux-4.9.84/user_headers/include -ffunction-sections -fdata-sections -DNO_LEGACY  -o libxt_pkttype.oo -c libxt_pkttype.c;
arm-linux-gnueabihf-gcc -Wl,--no-undefined -L/media/gwind/windcode/openwrt-ssd20x/18.06/staging_dir/target-arm-linux-gnueabihf_glibc/usr/lib -L/media/gwind/windcode/openwrt-ssd20x/18.06/staging_dir/target-arm-linux-gnueabihf_glibc/lib -L/opt/ssd20x/gcc-arm-8.2-2018.08-x86_64-arm-linux-gnueabihf/arm-linux-gnueabihf/libc/usr/lib -L/opt/ssd20x/gcc-arm-8.2-2018.08-x86_64-arm-linux-gnueabihf/arm-linux-gnueabihf/libc/lib -znow -zrelro -Wl,--gc-sections  -shared -o libxt_pkttype.so libxt_pkttype.oo -L../libxtables/.libs -lxtables ;
arm-linux-gnueabihf-gcc -D_LARGEFILE_SOURCE=1 -D_LARGE_FILES -D_FILE_OFFSET_BITS=64 -D_REENTRANT 	-DXTABLES_LIBDIR=\"/usr/lib/iptables\" -DXTABLES_INTERNAL -I../include -I.. -I../include -I.. -I/media/gwind/windcode/openwrt-ssd20x/18.06/build_dir/target-arm-linux-gnueabihf_glibc/linux-sstar_ssd20x/linux-4.9.84/user_headers/include/uapi -I/media/gwind/windcode/openwrt-ssd20x/18.06/build_dir/target-arm-linux-gnueabihf_glibc/linux-sstar_ssd20x/linux-4.9.84/user_headers/include -I/media/gwind/windcode/openwrt-ssd20x/18.06/build_dir/target-arm-linux-gnueabihf_glibc/linux-sstar_ssd20x/linux-4.9.84/user_headers/include/uapi -I/media/gwind/windcode/openwrt-ssd20x/18.06/build_dir/target-arm-linux-gnueabihf_glibc/linux-sstar_ssd20x/linux-4.9.84/user_headers/include -I/media/gwind/windcode/openwrt-ssd20x/18.06/build_dir/target-arm-linux-gnueabihf_glibc/linux-sstar_ssd20x/iptables-1.6.2/include -I/media/gwind/windcode/openwrt-ssd20x/18.06/build_dir/target-arm-linux-gnueabihf_glibc/linux-sstar_ssd20x/linux-4.9.84/user_headers/include -I/media/gwind/windcode/openwrt-ssd20x/18.06/staging_dir/target-arm-linux-gnueabihf_glibc/usr/include -I/media/gwind/windcode/openwrt-ssd20x/18.06/staging_dir/target-arm-linux-gnueabihf_glibc/include    -Wp,-MMD,./.libxt_policy.oo.d,-MT,libxt_policy.oo -Wall -Waggregate-return -Wmissing-declarations 	-Wmissing-prototypes -Wredundant-decls -Wshadow -Wstrict-prototypes 	-Winline -pipe -D_INIT=libxt_policy_init -DPIC -fPIC -Os -pipe -Wno-implicit-fallthrough -mfpu=neon -Wno-format-overflow -fno-caller-saves -fno-plt -mfloat-abi=hard  -D_FORTIFY_SOURCE=1 -Wl,-z,now -Wl,-z,relro -I/media/gwind/windcode/openwrt-ssd20x/18.06/build_dir/target-arm-linux-gnueabihf_glibc/linux-sstar_ssd20x/iptables-1.6.2/include -I/media/gwind/windcode/openwrt-ssd20x/18.06/build_dir/target-arm-linux-gnueabihf_glibc/linux-sstar_ssd20x/linux-4.9.84/user_headers/include -ffunction-sections -fdata-sections -DNO_LEGACY  -o libxt_policy.oo -c libxt_policy.c;
arm-linux-gnueabihf-gcc -Wl,--no-undefined -L/media/gwind/windcode/openwrt-ssd20x/18.06/staging_dir/target-arm-linux-gnueabihf_glibc/usr/lib -L/media/gwind/windcode/openwrt-ssd20x/18.06/staging_dir/target-arm-linux-gnueabihf_glibc/lib -L/opt/ssd20x/gcc-arm-8.2-2018.08-x86_64-arm-linux-gnueabihf/arm-linux-gnueabihf/libc/usr/lib -L/opt/ssd20x/gcc-arm-8.2-2018.08-x86_64-arm-linux-gnueabihf/arm-linux-gnueabihf/libc/lib -znow -zrelro -Wl,--gc-sections  -shared -o libxt_policy.so libxt_policy.oo -L../libxtables/.libs -lxtables ;
arm-linux-gnueabihf-gcc -D_LARGEFILE_SOURCE=1 -D_LARGE_FILES -D_FILE_OFFSET_BITS=64 -D_REENTRANT 	-DXTABLES_LIBDIR=\"/usr/lib/iptables\" -DXTABLES_INTERNAL -I../include -I.. -I../include -I.. -I/media/gwind/windcode/openwrt-ssd20x/18.06/build_dir/target-arm-linux-gnueabihf_glibc/linux-sstar_ssd20x/linux-4.9.84/user_headers/include/uapi -I/media/gwind/windcode/openwrt-ssd20x/18.06/build_dir/target-arm-linux-gnueabihf_glibc/linux-sstar_ssd20x/linux-4.9.84/user_headers/include -I/media/gwind/windcode/openwrt-ssd20x/18.06/build_dir/target-arm-linux-gnueabihf_glibc/linux-sstar_ssd20x/linux-4.9.84/user_headers/include/uapi -I/media/gwind/windcode/openwrt-ssd20x/18.06/build_dir/target-arm-linux-gnueabihf_glibc/linux-sstar_ssd20x/linux-4.9.84/user_headers/include -I/media/gwind/windcode/openwrt-ssd20x/18.06/build_dir/target-arm-linux-gnueabihf_glibc/linux-sstar_ssd20x/iptables-1.6.2/include -I/media/gwind/windcode/openwrt-ssd20x/18.06/build_dir/target-arm-linux-gnueabihf_glibc/linux-sstar_ssd20x/linux-4.9.84/user_headers/include -I/media/gwind/windcode/openwrt-ssd20x/18.06/staging_dir/target-arm-linux-gnueabihf_glibc/usr/include -I/media/gwind/windcode/openwrt-ssd20x/18.06/staging_dir/target-arm-linux-gnueabihf_glibc/include    -Wp,-MMD,./.libxt_quota.oo.d,-MT,libxt_quota.oo -Wall -Waggregate-return -Wmissing-declarations 	-Wmissing-prototypes -Wredundant-decls -Wshadow -Wstrict-prototypes 	-Winline -pipe -D_INIT=libxt_quota_init -DPIC -fPIC -Os -pipe -Wno-implicit-fallthrough -mfpu=neon -Wno-format-overflow -fno-caller-saves -fno-plt -mfloat-abi=hard  -D_FORTIFY_SOURCE=1 -Wl,-z,now -Wl,-z,relro -I/media/gwind/windcode/openwrt-ssd20x/18.06/build_dir/target-arm-linux-gnueabihf_glibc/linux-sstar_ssd20x/iptables-1.6.2/include -I/media/gwind/windcode/openwrt-ssd20x/18.06/build_dir/target-arm-linux-gnueabihf_glibc/linux-sstar_ssd20x/linux-4.9.84/user_headers/include -ffunction-sections -fdata-sections -DNO_LEGACY  -o libxt_quota.oo -c libxt_quota.c;
arm-linux-gnueabihf-gcc -Wl,--no-undefined -L/media/gwind/windcode/openwrt-ssd20x/18.06/staging_dir/target-arm-linux-gnueabihf_glibc/usr/lib -L/media/gwind/windcode/openwrt-ssd20x/18.06/staging_dir/target-arm-linux-gnueabihf_glibc/lib -L/opt/ssd20x/gcc-arm-8.2-2018.08-x86_64-arm-linux-gnueabihf/arm-linux-gnueabihf/libc/usr/lib -L/opt/ssd20x/gcc-arm-8.2-2018.08-x86_64-arm-linux-gnueabihf/arm-linux-gnueabihf/libc/lib -znow -zrelro -Wl,--gc-sections  -shared -o libxt_quota.so libxt_quota.oo -L../libxtables/.libs -lxtables ;
arm-linux-gnueabihf-gcc -D_LARGEFILE_SOURCE=1 -D_LARGE_FILES -D_FILE_OFFSET_BITS=64 -D_REENTRANT 	-DXTABLES_LIBDIR=\"/usr/lib/iptables\" -DXTABLES_INTERNAL -I../include -I.. -I../include -I.. -I/media/gwind/windcode/openwrt-ssd20x/18.06/build_dir/target-arm-linux-gnueabihf_glibc/linux-sstar_ssd20x/linux-4.9.84/user_headers/include/uapi -I/media/gwind/windcode/openwrt-ssd20x/18.06/build_dir/target-arm-linux-gnueabihf_glibc/linux-sstar_ssd20x/linux-4.9.84/user_headers/include -I/media/gwind/windcode/openwrt-ssd20x/18.06/build_dir/target-arm-linux-gnueabihf_glibc/linux-sstar_ssd20x/linux-4.9.84/user_headers/include/uapi -I/media/gwind/windcode/openwrt-ssd20x/18.06/build_dir/target-arm-linux-gnueabihf_glibc/linux-sstar_ssd20x/linux-4.9.84/user_headers/include -I/media/gwind/windcode/openwrt-ssd20x/18.06/build_dir/target-arm-linux-gnueabihf_glibc/linux-sstar_ssd20x/iptables-1.6.2/include -I/media/gwind/windcode/openwrt-ssd20x/18.06/build_dir/target-arm-linux-gnueabihf_glibc/linux-sstar_ssd20x/linux-4.9.84/user_headers/include -I/media/gwind/windcode/openwrt-ssd20x/18.06/staging_dir/target-arm-linux-gnueabihf_glibc/usr/include -I/media/gwind/windcode/openwrt-ssd20x/18.06/staging_dir/target-arm-linux-gnueabihf_glibc/include    -Wp,-MMD,./.libxt_rateest.oo.d,-MT,libxt_rateest.oo -Wall -Waggregate-return -Wmissing-declarations 	-Wmissing-prototypes -Wredundant-decls -Wshadow -Wstrict-prototypes 	-Winline -pipe -D_INIT=libxt_rateest_init -DPIC -fPIC -Os -pipe -Wno-implicit-fallthrough -mfpu=neon -Wno-format-overflow -fno-caller-saves -fno-plt -mfloat-abi=hard  -D_FORTIFY_SOURCE=1 -Wl,-z,now -Wl,-z,relro -I/media/gwind/windcode/openwrt-ssd20x/18.06/build_dir/target-arm-linux-gnueabihf_glibc/linux-sstar_ssd20x/iptables-1.6.2/include -I/media/gwind/windcode/openwrt-ssd20x/18.06/build_dir/target-arm-linux-gnueabihf_glibc/linux-sstar_ssd20x/linux-4.9.84/user_headers/include -ffunction-sections -fdata-sections -DNO_LEGACY  -o libxt_rateest.oo -c libxt_rateest.c;
arm-linux-gnueabihf-gcc -Wl,--no-undefined -L/media/gwind/windcode/openwrt-ssd20x/18.06/staging_dir/target-arm-linux-gnueabihf_glibc/usr/lib -L/media/gwind/windcode/openwrt-ssd20x/18.06/staging_dir/target-arm-linux-gnueabihf_glibc/lib -L/opt/ssd20x/gcc-arm-8.2-2018.08-x86_64-arm-linux-gnueabihf/arm-linux-gnueabihf/libc/usr/lib -L/opt/ssd20x/gcc-arm-8.2-2018.08-x86_64-arm-linux-gnueabihf/arm-linux-gnueabihf/libc/lib -znow -zrelro -Wl,--gc-sections  -shared -o libxt_rateest.so libxt_rateest.oo -L../libxtables/.libs -lxtables ;
arm-linux-gnueabihf-gcc -D_LARGEFILE_SOURCE=1 -D_LARGE_FILES -D_FILE_OFFSET_BITS=64 -D_REENTRANT 	-DXTABLES_LIBDIR=\"/usr/lib/iptables\" -DXTABLES_INTERNAL -I../include -I.. -I../include -I.. -I/media/gwind/windcode/openwrt-ssd20x/18.06/build_dir/target-arm-linux-gnueabihf_glibc/linux-sstar_ssd20x/linux-4.9.84/user_headers/include/uapi -I/media/gwind/windcode/openwrt-ssd20x/18.06/build_dir/target-arm-linux-gnueabihf_glibc/linux-sstar_ssd20x/linux-4.9.84/user_headers/include -I/media/gwind/windcode/openwrt-ssd20x/18.06/build_dir/target-arm-linux-gnueabihf_glibc/linux-sstar_ssd20x/linux-4.9.84/user_headers/include/uapi -I/media/gwind/windcode/openwrt-ssd20x/18.06/build_dir/target-arm-linux-gnueabihf_glibc/linux-sstar_ssd20x/linux-4.9.84/user_headers/include -I/media/gwind/windcode/openwrt-ssd20x/18.06/build_dir/target-arm-linux-gnueabihf_glibc/linux-sstar_ssd20x/iptables-1.6.2/include -I/media/gwind/windcode/openwrt-ssd20x/18.06/build_dir/target-arm-linux-gnueabihf_glibc/linux-sstar_ssd20x/linux-4.9.84/user_headers/include -I/media/gwind/windcode/openwrt-ssd20x/18.06/staging_dir/target-arm-linux-gnueabihf_glibc/usr/include -I/media/gwind/windcode/openwrt-ssd20x/18.06/staging_dir/target-arm-linux-gnueabihf_glibc/include    -Wp,-MMD,./.libxt_recent.oo.d,-MT,libxt_recent.oo -Wall -Waggregate-return -Wmissing-declarations 	-Wmissing-prototypes -Wredundant-decls -Wshadow -Wstrict-prototypes 	-Winline -pipe -D_INIT=libxt_recent_init -DPIC -fPIC -Os -pipe -Wno-implicit-fallthrough -mfpu=neon -Wno-format-overflow -fno-caller-saves -fno-plt -mfloat-abi=hard  -D_FORTIFY_SOURCE=1 -Wl,-z,now -Wl,-z,relro -I/media/gwind/windcode/openwrt-ssd20x/18.06/build_dir/target-arm-linux-gnueabihf_glibc/linux-sstar_ssd20x/iptables-1.6.2/include -I/media/gwind/windcode/openwrt-ssd20x/18.06/build_dir/target-arm-linux-gnueabihf_glibc/linux-sstar_ssd20x/linux-4.9.84/user_headers/include -ffunction-sections -fdata-sections -DNO_LEGACY  -o libxt_recent.oo -c libxt_recent.c;
arm-linux-gnueabihf-gcc -Wl,--no-undefined -L/media/gwind/windcode/openwrt-ssd20x/18.06/staging_dir/target-arm-linux-gnueabihf_glibc/usr/lib -L/media/gwind/windcode/openwrt-ssd20x/18.06/staging_dir/target-arm-linux-gnueabihf_glibc/lib -L/opt/ssd20x/gcc-arm-8.2-2018.08-x86_64-arm-linux-gnueabihf/arm-linux-gnueabihf/libc/usr/lib -L/opt/ssd20x/gcc-arm-8.2-2018.08-x86_64-arm-linux-gnueabihf/arm-linux-gnueabihf/libc/lib -znow -zrelro -Wl,--gc-sections  -shared -o libxt_recent.so libxt_recent.oo -L../libxtables/.libs -lxtables ;
arm-linux-gnueabihf-gcc -D_LARGEFILE_SOURCE=1 -D_LARGE_FILES -D_FILE_OFFSET_BITS=64 -D_REENTRANT 	-DXTABLES_LIBDIR=\"/usr/lib/iptables\" -DXTABLES_INTERNAL -I../include -I.. -I../include -I.. -I/media/gwind/windcode/openwrt-ssd20x/18.06/build_dir/target-arm-linux-gnueabihf_glibc/linux-sstar_ssd20x/linux-4.9.84/user_headers/include/uapi -I/media/gwind/windcode/openwrt-ssd20x/18.06/build_dir/target-arm-linux-gnueabihf_glibc/linux-sstar_ssd20x/linux-4.9.84/user_headers/include -I/media/gwind/windcode/openwrt-ssd20x/18.06/build_dir/target-arm-linux-gnueabihf_glibc/linux-sstar_ssd20x/linux-4.9.84/user_headers/include/uapi -I/media/gwind/windcode/openwrt-ssd20x/18.06/build_dir/target-arm-linux-gnueabihf_glibc/linux-sstar_ssd20x/linux-4.9.84/user_headers/include -I/media/gwind/windcode/openwrt-ssd20x/18.06/build_dir/target-arm-linux-gnueabihf_glibc/linux-sstar_ssd20x/iptables-1.6.2/include -I/media/gwind/windcode/openwrt-ssd20x/18.06/build_dir/target-arm-linux-gnueabihf_glibc/linux-sstar_ssd20x/linux-4.9.84/user_headers/include -I/media/gwind/windcode/openwrt-ssd20x/18.06/staging_dir/target-arm-linux-gnueabihf_glibc/usr/include -I/media/gwind/windcode/openwrt-ssd20x/18.06/staging_dir/target-arm-linux-gnueabihf_glibc/include    -Wp,-MMD,./.libxt_rpfilter.oo.d,-MT,libxt_rpfilter.oo -Wall -Waggregate-return -Wmissing-declarations 	-Wmissing-prototypes -Wredundant-decls -Wshadow -Wstrict-prototypes 	-Winline -pipe -D_INIT=libxt_rpfilter_init -DPIC -fPIC -Os -pipe -Wno-implicit-fallthrough -mfpu=neon -Wno-format-overflow -fno-caller-saves -fno-plt -mfloat-abi=hard  -D_FORTIFY_SOURCE=1 -Wl,-z,now -Wl,-z,relro -I/media/gwind/windcode/openwrt-ssd20x/18.06/build_dir/target-arm-linux-gnueabihf_glibc/linux-sstar_ssd20x/iptables-1.6.2/include -I/media/gwind/windcode/openwrt-ssd20x/18.06/build_dir/target-arm-linux-gnueabihf_glibc/linux-sstar_ssd20x/linux-4.9.84/user_headers/include -ffunction-sections -fdata-sections -DNO_LEGACY  -o libxt_rpfilter.oo -c libxt_rpfilter.c;
arm-linux-gnueabihf-gcc -Wl,--no-undefined -L/media/gwind/windcode/openwrt-ssd20x/18.06/staging_dir/target-arm-linux-gnueabihf_glibc/usr/lib -L/media/gwind/windcode/openwrt-ssd20x/18.06/staging_dir/target-arm-linux-gnueabihf_glibc/lib -L/opt/ssd20x/gcc-arm-8.2-2018.08-x86_64-arm-linux-gnueabihf/arm-linux-gnueabihf/libc/usr/lib -L/opt/ssd20x/gcc-arm-8.2-2018.08-x86_64-arm-linux-gnueabihf/arm-linux-gnueabihf/libc/lib -znow -zrelro -Wl,--gc-sections  -shared -o libxt_rpfilter.so libxt_rpfilter.oo -L../libxtables/.libs -lxtables ;
arm-linux-gnueabihf-gcc -D_LARGEFILE_SOURCE=1 -D_LARGE_FILES -D_FILE_OFFSET_BITS=64 -D_REENTRANT 	-DXTABLES_LIBDIR=\"/usr/lib/iptables\" -DXTABLES_INTERNAL -I../include -I.. -I../include -I.. -I/media/gwind/windcode/openwrt-ssd20x/18.06/build_dir/target-arm-linux-gnueabihf_glibc/linux-sstar_ssd20x/linux-4.9.84/user_headers/include/uapi -I/media/gwind/windcode/openwrt-ssd20x/18.06/build_dir/target-arm-linux-gnueabihf_glibc/linux-sstar_ssd20x/linux-4.9.84/user_headers/include -I/media/gwind/windcode/openwrt-ssd20x/18.06/build_dir/target-arm-linux-gnueabihf_glibc/linux-sstar_ssd20x/linux-4.9.84/user_headers/include/uapi -I/media/gwind/windcode/openwrt-ssd20x/18.06/build_dir/target-arm-linux-gnueabihf_glibc/linux-sstar_ssd20x/linux-4.9.84/user_headers/include -I/media/gwind/windcode/openwrt-ssd20x/18.06/build_dir/target-arm-linux-gnueabihf_glibc/linux-sstar_ssd20x/iptables-1.6.2/include -I/media/gwind/windcode/openwrt-ssd20x/18.06/build_dir/target-arm-linux-gnueabihf_glibc/linux-sstar_ssd20x/linux-4.9.84/user_headers/include -I/media/gwind/windcode/openwrt-ssd20x/18.06/staging_dir/target-arm-linux-gnueabihf_glibc/usr/include -I/media/gwind/windcode/openwrt-ssd20x/18.06/staging_dir/target-arm-linux-gnueabihf_glibc/include    -Wp,-MMD,./.libxt_sctp.oo.d,-MT,libxt_sctp.oo -Wall -Waggregate-return -Wmissing-declarations 	-Wmissing-prototypes -Wredundant-decls -Wshadow -Wstrict-prototypes 	-Winline -pipe -D_INIT=libxt_sctp_init -DPIC -fPIC -Os -pipe -Wno-implicit-fallthrough -mfpu=neon -Wno-format-overflow -fno-caller-saves -fno-plt -mfloat-abi=hard  -D_FORTIFY_SOURCE=1 -Wl,-z,now -Wl,-z,relro -I/media/gwind/windcode/openwrt-ssd20x/18.06/build_dir/target-arm-linux-gnueabihf_glibc/linux-sstar_ssd20x/iptables-1.6.2/include -I/media/gwind/windcode/openwrt-ssd20x/18.06/build_dir/target-arm-linux-gnueabihf_glibc/linux-sstar_ssd20x/linux-4.9.84/user_headers/include -ffunction-sections -fdata-sections -DNO_LEGACY  -o libxt_sctp.oo -c libxt_sctp.c;
arm-linux-gnueabihf-gcc -Wl,--no-undefined -L/media/gwind/windcode/openwrt-ssd20x/18.06/staging_dir/target-arm-linux-gnueabihf_glibc/usr/lib -L/media/gwind/windcode/openwrt-ssd20x/18.06/staging_dir/target-arm-linux-gnueabihf_glibc/lib -L/opt/ssd20x/gcc-arm-8.2-2018.08-x86_64-arm-linux-gnueabihf/arm-linux-gnueabihf/libc/usr/lib -L/opt/ssd20x/gcc-arm-8.2-2018.08-x86_64-arm-linux-gnueabihf/arm-linux-gnueabihf/libc/lib -znow -zrelro -Wl,--gc-sections  -shared -o libxt_sctp.so libxt_sctp.oo -L../libxtables/.libs -lxtables ;
arm-linux-gnueabihf-gcc -D_LARGEFILE_SOURCE=1 -D_LARGE_FILES -D_FILE_OFFSET_BITS=64 -D_REENTRANT 	-DXTABLES_LIBDIR=\"/usr/lib/iptables\" -DXTABLES_INTERNAL -I../include -I.. -I../include -I.. -I/media/gwind/windcode/openwrt-ssd20x/18.06/build_dir/target-arm-linux-gnueabihf_glibc/linux-sstar_ssd20x/linux-4.9.84/user_headers/include/uapi -I/media/gwind/windcode/openwrt-ssd20x/18.06/build_dir/target-arm-linux-gnueabihf_glibc/linux-sstar_ssd20x/linux-4.9.84/user_headers/include -I/media/gwind/windcode/openwrt-ssd20x/18.06/build_dir/target-arm-linux-gnueabihf_glibc/linux-sstar_ssd20x/linux-4.9.84/user_headers/include/uapi -I/media/gwind/windcode/openwrt-ssd20x/18.06/build_dir/target-arm-linux-gnueabihf_glibc/linux-sstar_ssd20x/linux-4.9.84/user_headers/include -I/media/gwind/windcode/openwrt-ssd20x/18.06/build_dir/target-arm-linux-gnueabihf_glibc/linux-sstar_ssd20x/iptables-1.6.2/include -I/media/gwind/windcode/openwrt-ssd20x/18.06/build_dir/target-arm-linux-gnueabihf_glibc/linux-sstar_ssd20x/linux-4.9.84/user_headers/include -I/media/gwind/windcode/openwrt-ssd20x/18.06/staging_dir/target-arm-linux-gnueabihf_glibc/usr/include -I/media/gwind/windcode/openwrt-ssd20x/18.06/staging_dir/target-arm-linux-gnueabihf_glibc/include    -Wp,-MMD,./.libxt_socket.oo.d,-MT,libxt_socket.oo -Wall -Waggregate-return -Wmissing-declarations 	-Wmissing-prototypes -Wredundant-decls -Wshadow -Wstrict-prototypes 	-Winline -pipe -D_INIT=libxt_socket_init -DPIC -fPIC -Os -pipe -Wno-implicit-fallthrough -mfpu=neon -Wno-format-overflow -fno-caller-saves -fno-plt -mfloat-abi=hard  -D_FORTIFY_SOURCE=1 -Wl,-z,now -Wl,-z,relro -I/media/gwind/windcode/openwrt-ssd20x/18.06/build_dir/target-arm-linux-gnueabihf_glibc/linux-sstar_ssd20x/iptables-1.6.2/include -I/media/gwind/windcode/openwrt-ssd20x/18.06/build_dir/target-arm-linux-gnueabihf_glibc/linux-sstar_ssd20x/linux-4.9.84/user_headers/include -ffunction-sections -fdata-sections -DNO_LEGACY  -o libxt_socket.oo -c libxt_socket.c;
arm-linux-gnueabihf-gcc -Wl,--no-undefined -L/media/gwind/windcode/openwrt-ssd20x/18.06/staging_dir/target-arm-linux-gnueabihf_glibc/usr/lib -L/media/gwind/windcode/openwrt-ssd20x/18.06/staging_dir/target-arm-linux-gnueabihf_glibc/lib -L/opt/ssd20x/gcc-arm-8.2-2018.08-x86_64-arm-linux-gnueabihf/arm-linux-gnueabihf/libc/usr/lib -L/opt/ssd20x/gcc-arm-8.2-2018.08-x86_64-arm-linux-gnueabihf/arm-linux-gnueabihf/libc/lib -znow -zrelro -Wl,--gc-sections  -shared -o libxt_socket.so libxt_socket.oo -L../libxtables/.libs -lxtables ;
arm-linux-gnueabihf-gcc -D_LARGEFILE_SOURCE=1 -D_LARGE_FILES -D_FILE_OFFSET_BITS=64 -D_REENTRANT 	-DXTABLES_LIBDIR=\"/usr/lib/iptables\" -DXTABLES_INTERNAL -I../include -I.. -I../include -I.. -I/media/gwind/windcode/openwrt-ssd20x/18.06/build_dir/target-arm-linux-gnueabihf_glibc/linux-sstar_ssd20x/linux-4.9.84/user_headers/include/uapi -I/media/gwind/windcode/openwrt-ssd20x/18.06/build_dir/target-arm-linux-gnueabihf_glibc/linux-sstar_ssd20x/linux-4.9.84/user_headers/include -I/media/gwind/windcode/openwrt-ssd20x/18.06/build_dir/target-arm-linux-gnueabihf_glibc/linux-sstar_ssd20x/linux-4.9.84/user_headers/include/uapi -I/media/gwind/windcode/openwrt-ssd20x/18.06/build_dir/target-arm-linux-gnueabihf_glibc/linux-sstar_ssd20x/linux-4.9.84/user_headers/include -I/media/gwind/windcode/openwrt-ssd20x/18.06/build_dir/target-arm-linux-gnueabihf_glibc/linux-sstar_ssd20x/iptables-1.6.2/include -I/media/gwind/windcode/openwrt-ssd20x/18.06/build_dir/target-arm-linux-gnueabihf_glibc/linux-sstar_ssd20x/linux-4.9.84/user_headers/include -I/media/gwind/windcode/openwrt-ssd20x/18.06/staging_dir/target-arm-linux-gnueabihf_glibc/usr/include -I/media/gwind/windcode/openwrt-ssd20x/18.06/staging_dir/target-arm-linux-gnueabihf_glibc/include    -Wp,-MMD,./.libxt_statistic.oo.d,-MT,libxt_statistic.oo -Wall -Waggregate-return -Wmissing-declarations 	-Wmissing-prototypes -Wredundant-decls -Wshadow -Wstrict-prototypes 	-Winline -pipe -D_INIT=libxt_statistic_init -DPIC -fPIC -Os -pipe -Wno-implicit-fallthrough -mfpu=neon -Wno-format-overflow -fno-caller-saves -fno-plt -mfloat-abi=hard  -D_FORTIFY_SOURCE=1 -Wl,-z,now -Wl,-z,relro -I/media/gwind/windcode/openwrt-ssd20x/18.06/build_dir/target-arm-linux-gnueabihf_glibc/linux-sstar_ssd20x/iptables-1.6.2/include -I/media/gwind/windcode/openwrt-ssd20x/18.06/build_dir/target-arm-linux-gnueabihf_glibc/linux-sstar_ssd20x/linux-4.9.84/user_headers/include -ffunction-sections -fdata-sections -DNO_LEGACY  -o libxt_statistic.oo -c libxt_statistic.c;
arm-linux-gnueabihf-gcc -Wl,--no-undefined -L/media/gwind/windcode/openwrt-ssd20x/18.06/staging_dir/target-arm-linux-gnueabihf_glibc/usr/lib -L/media/gwind/windcode/openwrt-ssd20x/18.06/staging_dir/target-arm-linux-gnueabihf_glibc/lib -L/opt/ssd20x/gcc-arm-8.2-2018.08-x86_64-arm-linux-gnueabihf/arm-linux-gnueabihf/libc/usr/lib -L/opt/ssd20x/gcc-arm-8.2-2018.08-x86_64-arm-linux-gnueabihf/arm-linux-gnueabihf/libc/lib -znow -zrelro -Wl,--gc-sections  -shared -o libxt_statistic.so libxt_statistic.oo -L../libxtables/.libs -lxtables -lm;
arm-linux-gnueabihf-gcc -D_LARGEFILE_SOURCE=1 -D_LARGE_FILES -D_FILE_OFFSET_BITS=64 -D_REENTRANT 	-DXTABLES_LIBDIR=\"/usr/lib/iptables\" -DXTABLES_INTERNAL -I../include -I.. -I../include -I.. -I/media/gwind/windcode/openwrt-ssd20x/18.06/build_dir/target-arm-linux-gnueabihf_glibc/linux-sstar_ssd20x/linux-4.9.84/user_headers/include/uapi -I/media/gwind/windcode/openwrt-ssd20x/18.06/build_dir/target-arm-linux-gnueabihf_glibc/linux-sstar_ssd20x/linux-4.9.84/user_headers/include -I/media/gwind/windcode/openwrt-ssd20x/18.06/build_dir/target-arm-linux-gnueabihf_glibc/linux-sstar_ssd20x/linux-4.9.84/user_headers/include/uapi -I/media/gwind/windcode/openwrt-ssd20x/18.06/build_dir/target-arm-linux-gnueabihf_glibc/linux-sstar_ssd20x/linux-4.9.84/user_headers/include -I/media/gwind/windcode/openwrt-ssd20x/18.06/build_dir/target-arm-linux-gnueabihf_glibc/linux-sstar_ssd20x/iptables-1.6.2/include -I/media/gwind/windcode/openwrt-ssd20x/18.06/build_dir/target-arm-linux-gnueabihf_glibc/linux-sstar_ssd20x/linux-4.9.84/user_headers/include -I/media/gwind/windcode/openwrt-ssd20x/18.06/staging_dir/target-arm-linux-gnueabihf_glibc/usr/include -I/media/gwind/windcode/openwrt-ssd20x/18.06/staging_dir/target-arm-linux-gnueabihf_glibc/include    -Wp,-MMD,./.libxt_string.oo.d,-MT,libxt_string.oo -Wall -Waggregate-return -Wmissing-declarations 	-Wmissing-prototypes -Wredundant-decls -Wshadow -Wstrict-prototypes 	-Winline -pipe -D_INIT=libxt_string_init -DPIC -fPIC -Os -pipe -Wno-implicit-fallthrough -mfpu=neon -Wno-format-overflow -fno-caller-saves -fno-plt -mfloat-abi=hard  -D_FORTIFY_SOURCE=1 -Wl,-z,now -Wl,-z,relro -I/media/gwind/windcode/openwrt-ssd20x/18.06/build_dir/target-arm-linux-gnueabihf_glibc/linux-sstar_ssd20x/iptables-1.6.2/include -I/media/gwind/windcode/openwrt-ssd20x/18.06/build_dir/target-arm-linux-gnueabihf_glibc/linux-sstar_ssd20x/linux-4.9.84/user_headers/include -ffunction-sections -fdata-sections -DNO_LEGACY  -o libxt_string.oo -c libxt_string.c;
arm-linux-gnueabihf-gcc -Wl,--no-undefined -L/media/gwind/windcode/openwrt-ssd20x/18.06/staging_dir/target-arm-linux-gnueabihf_glibc/usr/lib -L/media/gwind/windcode/openwrt-ssd20x/18.06/staging_dir/target-arm-linux-gnueabihf_glibc/lib -L/opt/ssd20x/gcc-arm-8.2-2018.08-x86_64-arm-linux-gnueabihf/arm-linux-gnueabihf/libc/usr/lib -L/opt/ssd20x/gcc-arm-8.2-2018.08-x86_64-arm-linux-gnueabihf/arm-linux-gnueabihf/libc/lib -znow -zrelro -Wl,--gc-sections  -shared -o libxt_string.so libxt_string.oo -L../libxtables/.libs -lxtables ;
arm-linux-gnueabihf-gcc -D_LARGEFILE_SOURCE=1 -D_LARGE_FILES -D_FILE_OFFSET_BITS=64 -D_REENTRANT 	-DXTABLES_LIBDIR=\"/usr/lib/iptables\" -DXTABLES_INTERNAL -I../include -I.. -I../include -I.. -I/media/gwind/windcode/openwrt-ssd20x/18.06/build_dir/target-arm-linux-gnueabihf_glibc/linux-sstar_ssd20x/linux-4.9.84/user_headers/include/uapi -I/media/gwind/windcode/openwrt-ssd20x/18.06/build_dir/target-arm-linux-gnueabihf_glibc/linux-sstar_ssd20x/linux-4.9.84/user_headers/include -I/media/gwind/windcode/openwrt-ssd20x/18.06/build_dir/target-arm-linux-gnueabihf_glibc/linux-sstar_ssd20x/linux-4.9.84/user_headers/include/uapi -I/media/gwind/windcode/openwrt-ssd20x/18.06/build_dir/target-arm-linux-gnueabihf_glibc/linux-sstar_ssd20x/linux-4.9.84/user_headers/include -I/media/gwind/windcode/openwrt-ssd20x/18.06/build_dir/target-arm-linux-gnueabihf_glibc/linux-sstar_ssd20x/iptables-1.6.2/include -I/media/gwind/windcode/openwrt-ssd20x/18.06/build_dir/target-arm-linux-gnueabihf_glibc/linux-sstar_ssd20x/linux-4.9.84/user_headers/include -I/media/gwind/windcode/openwrt-ssd20x/18.06/staging_dir/target-arm-linux-gnueabihf_glibc/usr/include -I/media/gwind/windcode/openwrt-ssd20x/18.06/staging_dir/target-arm-linux-gnueabihf_glibc/include    -Wp,-MMD,./.libxt_tcpmss.oo.d,-MT,libxt_tcpmss.oo -Wall -Waggregate-return -Wmissing-declarations 	-Wmissing-prototypes -Wredundant-decls -Wshadow -Wstrict-prototypes 	-Winline -pipe -D_INIT=libxt_tcpmss_init -DPIC -fPIC -Os -pipe -Wno-implicit-fallthrough -mfpu=neon -Wno-format-overflow -fno-caller-saves -fno-plt -mfloat-abi=hard  -D_FORTIFY_SOURCE=1 -Wl,-z,now -Wl,-z,relro -I/media/gwind/windcode/openwrt-ssd20x/18.06/build_dir/target-arm-linux-gnueabihf_glibc/linux-sstar_ssd20x/iptables-1.6.2/include -I/media/gwind/windcode/openwrt-ssd20x/18.06/build_dir/target-arm-linux-gnueabihf_glibc/linux-sstar_ssd20x/linux-4.9.84/user_headers/include -ffunction-sections -fdata-sections -DNO_LEGACY  -o libxt_tcpmss.oo -c libxt_tcpmss.c;
arm-linux-gnueabihf-gcc -Wl,--no-undefined -L/media/gwind/windcode/openwrt-ssd20x/18.06/staging_dir/target-arm-linux-gnueabihf_glibc/usr/lib -L/media/gwind/windcode/openwrt-ssd20x/18.06/staging_dir/target-arm-linux-gnueabihf_glibc/lib -L/opt/ssd20x/gcc-arm-8.2-2018.08-x86_64-arm-linux-gnueabihf/arm-linux-gnueabihf/libc/usr/lib -L/opt/ssd20x/gcc-arm-8.2-2018.08-x86_64-arm-linux-gnueabihf/arm-linux-gnueabihf/libc/lib -znow -zrelro -Wl,--gc-sections  -shared -o libxt_tcpmss.so libxt_tcpmss.oo -L../libxtables/.libs -lxtables ;
arm-linux-gnueabihf-gcc -D_LARGEFILE_SOURCE=1 -D_LARGE_FILES -D_FILE_OFFSET_BITS=64 -D_REENTRANT 	-DXTABLES_LIBDIR=\"/usr/lib/iptables\" -DXTABLES_INTERNAL -I../include -I.. -I../include -I.. -I/media/gwind/windcode/openwrt-ssd20x/18.06/build_dir/target-arm-linux-gnueabihf_glibc/linux-sstar_ssd20x/linux-4.9.84/user_headers/include/uapi -I/media/gwind/windcode/openwrt-ssd20x/18.06/build_dir/target-arm-linux-gnueabihf_glibc/linux-sstar_ssd20x/linux-4.9.84/user_headers/include -I/media/gwind/windcode/openwrt-ssd20x/18.06/build_dir/target-arm-linux-gnueabihf_glibc/linux-sstar_ssd20x/linux-4.9.84/user_headers/include/uapi -I/media/gwind/windcode/openwrt-ssd20x/18.06/build_dir/target-arm-linux-gnueabihf_glibc/linux-sstar_ssd20x/linux-4.9.84/user_headers/include -I/media/gwind/windcode/openwrt-ssd20x/18.06/build_dir/target-arm-linux-gnueabihf_glibc/linux-sstar_ssd20x/iptables-1.6.2/include -I/media/gwind/windcode/openwrt-ssd20x/18.06/build_dir/target-arm-linux-gnueabihf_glibc/linux-sstar_ssd20x/linux-4.9.84/user_headers/include -I/media/gwind/windcode/openwrt-ssd20x/18.06/staging_dir/target-arm-linux-gnueabihf_glibc/usr/include -I/media/gwind/windcode/openwrt-ssd20x/18.06/staging_dir/target-arm-linux-gnueabihf_glibc/include    -Wp,-MMD,./.libxt_tos.oo.d,-MT,libxt_tos.oo -Wall -Waggregate-return -Wmissing-declarations 	-Wmissing-prototypes -Wredundant-decls -Wshadow -Wstrict-prototypes 	-Winline -pipe -D_INIT=libxt_tos_init -DPIC -fPIC -Os -pipe -Wno-implicit-fallthrough -mfpu=neon -Wno-format-overflow -fno-caller-saves -fno-plt -mfloat-abi=hard  -D_FORTIFY_SOURCE=1 -Wl,-z,now -Wl,-z,relro -I/media/gwind/windcode/openwrt-ssd20x/18.06/build_dir/target-arm-linux-gnueabihf_glibc/linux-sstar_ssd20x/iptables-1.6.2/include -I/media/gwind/windcode/openwrt-ssd20x/18.06/build_dir/target-arm-linux-gnueabihf_glibc/linux-sstar_ssd20x/linux-4.9.84/user_headers/include -ffunction-sections -fdata-sections -DNO_LEGACY  -o libxt_tos.oo -c libxt_tos.c;
arm-linux-gnueabihf-gcc -Wl,--no-undefined -L/media/gwind/windcode/openwrt-ssd20x/18.06/staging_dir/target-arm-linux-gnueabihf_glibc/usr/lib -L/media/gwind/windcode/openwrt-ssd20x/18.06/staging_dir/target-arm-linux-gnueabihf_glibc/lib -L/opt/ssd20x/gcc-arm-8.2-2018.08-x86_64-arm-linux-gnueabihf/arm-linux-gnueabihf/libc/usr/lib -L/opt/ssd20x/gcc-arm-8.2-2018.08-x86_64-arm-linux-gnueabihf/arm-linux-gnueabihf/libc/lib -znow -zrelro -Wl,--gc-sections  -shared -o libxt_tos.so libxt_tos.oo -L../libxtables/.libs -lxtables ;
arm-linux-gnueabihf-gcc -D_LARGEFILE_SOURCE=1 -D_LARGE_FILES -D_FILE_OFFSET_BITS=64 -D_REENTRANT 	-DXTABLES_LIBDIR=\"/usr/lib/iptables\" -DXTABLES_INTERNAL -I../include -I.. -I../include -I.. -I/media/gwind/windcode/openwrt-ssd20x/18.06/build_dir/target-arm-linux-gnueabihf_glibc/linux-sstar_ssd20x/linux-4.9.84/user_headers/include/uapi -I/media/gwind/windcode/openwrt-ssd20x/18.06/build_dir/target-arm-linux-gnueabihf_glibc/linux-sstar_ssd20x/linux-4.9.84/user_headers/include -I/media/gwind/windcode/openwrt-ssd20x/18.06/build_dir/target-arm-linux-gnueabihf_glibc/linux-sstar_ssd20x/linux-4.9.84/user_headers/include/uapi -I/media/gwind/windcode/openwrt-ssd20x/18.06/build_dir/target-arm-linux-gnueabihf_glibc/linux-sstar_ssd20x/linux-4.9.84/user_headers/include -I/media/gwind/windcode/openwrt-ssd20x/18.06/build_dir/target-arm-linux-gnueabihf_glibc/linux-sstar_ssd20x/iptables-1.6.2/include -I/media/gwind/windcode/openwrt-ssd20x/18.06/build_dir/target-arm-linux-gnueabihf_glibc/linux-sstar_ssd20x/linux-4.9.84/user_headers/include -I/media/gwind/windcode/openwrt-ssd20x/18.06/staging_dir/target-arm-linux-gnueabihf_glibc/usr/include -I/media/gwind/windcode/openwrt-ssd20x/18.06/staging_dir/target-arm-linux-gnueabihf_glibc/include    -Wp,-MMD,./.libxt_u32.oo.d,-MT,libxt_u32.oo -Wall -Waggregate-return -Wmissing-declarations 	-Wmissing-prototypes -Wredundant-decls -Wshadow -Wstrict-prototypes 	-Winline -pipe -D_INIT=libxt_u32_init -DPIC -fPIC -Os -pipe -Wno-implicit-fallthrough -mfpu=neon -Wno-format-overflow -fno-caller-saves -fno-plt -mfloat-abi=hard  -D_FORTIFY_SOURCE=1 -Wl,-z,now -Wl,-z,relro -I/media/gwind/windcode/openwrt-ssd20x/18.06/build_dir/target-arm-linux-gnueabihf_glibc/linux-sstar_ssd20x/iptables-1.6.2/include -I/media/gwind/windcode/openwrt-ssd20x/18.06/build_dir/target-arm-linux-gnueabihf_glibc/linux-sstar_ssd20x/linux-4.9.84/user_headers/include -ffunction-sections -fdata-sections -DNO_LEGACY  -o libxt_u32.oo -c libxt_u32.c;
arm-linux-gnueabihf-gcc -Wl,--no-undefined -L/media/gwind/windcode/openwrt-ssd20x/18.06/staging_dir/target-arm-linux-gnueabihf_glibc/usr/lib -L/media/gwind/windcode/openwrt-ssd20x/18.06/staging_dir/target-arm-linux-gnueabihf_glibc/lib -L/opt/ssd20x/gcc-arm-8.2-2018.08-x86_64-arm-linux-gnueabihf/arm-linux-gnueabihf/libc/usr/lib -L/opt/ssd20x/gcc-arm-8.2-2018.08-x86_64-arm-linux-gnueabihf/arm-linux-gnueabihf/libc/lib -znow -zrelro -Wl,--gc-sections  -shared -o libxt_u32.so libxt_u32.oo -L../libxtables/.libs -lxtables ;
ln -fs libxt_CT.so libxt_NOTRACK.so
arm-linux-gnueabihf-gcc -D_LARGEFILE_SOURCE=1 -D_LARGE_FILES -D_FILE_OFFSET_BITS=64 -D_REENTRANT 	-DXTABLES_LIBDIR=\"/usr/lib/iptables\" -DXTABLES_INTERNAL -I../include -I.. -I../include -I.. -I/media/gwind/windcode/openwrt-ssd20x/18.06/build_dir/target-arm-linux-gnueabihf_glibc/linux-sstar_ssd20x/linux-4.9.84/user_headers/include/uapi -I/media/gwind/windcode/openwrt-ssd20x/18.06/build_dir/target-arm-linux-gnueabihf_glibc/linux-sstar_ssd20x/linux-4.9.84/user_headers/include -I/media/gwind/windcode/openwrt-ssd20x/18.06/build_dir/target-arm-linux-gnueabihf_glibc/linux-sstar_ssd20x/linux-4.9.84/user_headers/include/uapi -I/media/gwind/windcode/openwrt-ssd20x/18.06/build_dir/target-arm-linux-gnueabihf_glibc/linux-sstar_ssd20x/linux-4.9.84/user_headers/include -I/media/gwind/windcode/openwrt-ssd20x/18.06/build_dir/target-arm-linux-gnueabihf_glibc/linux-sstar_ssd20x/iptables-1.6.2/include -I/media/gwind/windcode/openwrt-ssd20x/18.06/build_dir/target-arm-linux-gnueabihf_glibc/linux-sstar_ssd20x/linux-4.9.84/user_headers/include -I/media/gwind/windcode/openwrt-ssd20x/18.06/staging_dir/target-arm-linux-gnueabihf_glibc/usr/include -I/media/gwind/windcode/openwrt-ssd20x/18.06/staging_dir/target-arm-linux-gnueabihf_glibc/include    -Wp,-MMD,./.libxt_conntrack.oo.d,-MT,libxt_conntrack.oo -Wall -Waggregate-return -Wmissing-declarations 	-Wmissing-prototypes -Wredundant-decls -Wshadow -Wstrict-prototypes 	-Winline -pipe -D_INIT=libxt_conntrack_init -DPIC -fPIC -Os -pipe -Wno-implicit-fallthrough -mfpu=neon -Wno-format-overflow -fno-caller-saves -fno-plt -mfloat-abi=hard  -D_FORTIFY_SOURCE=1 -Wl,-z,now -Wl,-z,relro -I/media/gwind/windcode/openwrt-ssd20x/18.06/build_dir/target-arm-linux-gnueabihf_glibc/linux-sstar_ssd20x/iptables-1.6.2/include -I/media/gwind/windcode/openwrt-ssd20x/18.06/build_dir/target-arm-linux-gnueabihf_glibc/linux-sstar_ssd20x/linux-4.9.84/user_headers/include -ffunction-sections -fdata-sections -DNO_LEGACY  -o libxt_conntrack.oo -c libxt_conntrack.c;
arm-linux-gnueabihf-gcc -Wl,--no-undefined -L/media/gwind/windcode/openwrt-ssd20x/18.06/staging_dir/target-arm-linux-gnueabihf_glibc/usr/lib -L/media/gwind/windcode/openwrt-ssd20x/18.06/staging_dir/target-arm-linux-gnueabihf_glibc/lib -L/opt/ssd20x/gcc-arm-8.2-2018.08-x86_64-arm-linux-gnueabihf/arm-linux-gnueabihf/libc/usr/lib -L/opt/ssd20x/gcc-arm-8.2-2018.08-x86_64-arm-linux-gnueabihf/arm-linux-gnueabihf/libc/lib -znow -zrelro -Wl,--gc-sections  -shared -o libxt_conntrack.so libxt_conntrack.oo -L../libxtables/.libs -lxtables ;
ln -fs libxt_conntrack.so libxt_state.so
arm-linux-gnueabihf-gcc -D_LARGEFILE_SOURCE=1 -D_LARGE_FILES -D_FILE_OFFSET_BITS=64 -D_REENTRANT 	-DXTABLES_LIBDIR=\"/usr/lib/iptables\" -DXTABLES_INTERNAL -I../include -I.. -I../include -I.. -I/media/gwind/windcode/openwrt-ssd20x/18.06/build_dir/target-arm-linux-gnueabihf_glibc/linux-sstar_ssd20x/linux-4.9.84/user_headers/include/uapi -I/media/gwind/windcode/openwrt-ssd20x/18.06/build_dir/target-arm-linux-gnueabihf_glibc/linux-sstar_ssd20x/linux-4.9.84/user_headers/include -I/media/gwind/windcode/openwrt-ssd20x/18.06/build_dir/target-arm-linux-gnueabihf_glibc/linux-sstar_ssd20x/linux-4.9.84/user_headers/include/uapi -I/media/gwind/windcode/openwrt-ssd20x/18.06/build_dir/target-arm-linux-gnueabihf_glibc/linux-sstar_ssd20x/linux-4.9.84/user_headers/include -I/media/gwind/windcode/openwrt-ssd20x/18.06/build_dir/target-arm-linux-gnueabihf_glibc/linux-sstar_ssd20x/iptables-1.6.2/include -I/media/gwind/windcode/openwrt-ssd20x/18.06/build_dir/target-arm-linux-gnueabihf_glibc/linux-sstar_ssd20x/linux-4.9.84/user_headers/include -I/media/gwind/windcode/openwrt-ssd20x/18.06/staging_dir/target-arm-linux-gnueabihf_glibc/usr/include -I/media/gwind/windcode/openwrt-ssd20x/18.06/staging_dir/target-arm-linux-gnueabihf_glibc/include    -Wp,-MMD,./.libebt_802_3.oo.d,-MT,libebt_802_3.oo -Wall -Waggregate-return -Wmissing-declarations 	-Wmissing-prototypes -Wredundant-decls -Wshadow -Wstrict-prototypes 	-Winline -pipe -D_INIT=libebt_802_3_init -DPIC -fPIC -Os -pipe -Wno-implicit-fallthrough -mfpu=neon -Wno-format-overflow -fno-caller-saves -fno-plt -mfloat-abi=hard  -D_FORTIFY_SOURCE=1 -Wl,-z,now -Wl,-z,relro -I/media/gwind/windcode/openwrt-ssd20x/18.06/build_dir/target-arm-linux-gnueabihf_glibc/linux-sstar_ssd20x/iptables-1.6.2/include -I/media/gwind/windcode/openwrt-ssd20x/18.06/build_dir/target-arm-linux-gnueabihf_glibc/linux-sstar_ssd20x/linux-4.9.84/user_headers/include -ffunction-sections -fdata-sections -DNO_LEGACY  -o libebt_802_3.oo -c libebt_802_3.c;
arm-linux-gnueabihf-gcc -Wl,--no-undefined -L/media/gwind/windcode/openwrt-ssd20x/18.06/staging_dir/target-arm-linux-gnueabihf_glibc/usr/lib -L/media/gwind/windcode/openwrt-ssd20x/18.06/staging_dir/target-arm-linux-gnueabihf_glibc/lib -L/opt/ssd20x/gcc-arm-8.2-2018.08-x86_64-arm-linux-gnueabihf/arm-linux-gnueabihf/libc/usr/lib -L/opt/ssd20x/gcc-arm-8.2-2018.08-x86_64-arm-linux-gnueabihf/arm-linux-gnueabihf/libc/lib -znow -zrelro -Wl,--gc-sections  -shared -o libebt_802_3.so libebt_802_3.oo -L../libxtables/.libs -lxtables ;
arm-linux-gnueabihf-gcc -D_LARGEFILE_SOURCE=1 -D_LARGE_FILES -D_FILE_OFFSET_BITS=64 -D_REENTRANT 	-DXTABLES_LIBDIR=\"/usr/lib/iptables\" -DXTABLES_INTERNAL -I../include -I.. -I../include -I.. -I/media/gwind/windcode/openwrt-ssd20x/18.06/build_dir/target-arm-linux-gnueabihf_glibc/linux-sstar_ssd20x/linux-4.9.84/user_headers/include/uapi -I/media/gwind/windcode/openwrt-ssd20x/18.06/build_dir/target-arm-linux-gnueabihf_glibc/linux-sstar_ssd20x/linux-4.9.84/user_headers/include -I/media/gwind/windcode/openwrt-ssd20x/18.06/build_dir/target-arm-linux-gnueabihf_glibc/linux-sstar_ssd20x/linux-4.9.84/user_headers/include/uapi -I/media/gwind/windcode/openwrt-ssd20x/18.06/build_dir/target-arm-linux-gnueabihf_glibc/linux-sstar_ssd20x/linux-4.9.84/user_headers/include -I/media/gwind/windcode/openwrt-ssd20x/18.06/build_dir/target-arm-linux-gnueabihf_glibc/linux-sstar_ssd20x/iptables-1.6.2/include -I/media/gwind/windcode/openwrt-ssd20x/18.06/build_dir/target-arm-linux-gnueabihf_glibc/linux-sstar_ssd20x/linux-4.9.84/user_headers/include -I/media/gwind/windcode/openwrt-ssd20x/18.06/staging_dir/target-arm-linux-gnueabihf_glibc/usr/include -I/media/gwind/windcode/openwrt-ssd20x/18.06/staging_dir/target-arm-linux-gnueabihf_glibc/include    -Wp,-MMD,./.libebt_ip.oo.d,-MT,libebt_ip.oo -Wall -Waggregate-return -Wmissing-declarations 	-Wmissing-prototypes -Wredundant-decls -Wshadow -Wstrict-prototypes 	-Winline -pipe -D_INIT=libebt_ip_init -DPIC -fPIC -Os -pipe -Wno-implicit-fallthrough -mfpu=neon -Wno-format-overflow -fno-caller-saves -fno-plt -mfloat-abi=hard  -D_FORTIFY_SOURCE=1 -Wl,-z,now -Wl,-z,relro -I/media/gwind/windcode/openwrt-ssd20x/18.06/build_dir/target-arm-linux-gnueabihf_glibc/linux-sstar_ssd20x/iptables-1.6.2/include -I/media/gwind/windcode/openwrt-ssd20x/18.06/build_dir/target-arm-linux-gnueabihf_glibc/linux-sstar_ssd20x/linux-4.9.84/user_headers/include -ffunction-sections -fdata-sections -DNO_LEGACY  -o libebt_ip.oo -c libebt_ip.c;
arm-linux-gnueabihf-gcc -Wl,--no-undefined -L/media/gwind/windcode/openwrt-ssd20x/18.06/staging_dir/target-arm-linux-gnueabihf_glibc/usr/lib -L/media/gwind/windcode/openwrt-ssd20x/18.06/staging_dir/target-arm-linux-gnueabihf_glibc/lib -L/opt/ssd20x/gcc-arm-8.2-2018.08-x86_64-arm-linux-gnueabihf/arm-linux-gnueabihf/libc/usr/lib -L/opt/ssd20x/gcc-arm-8.2-2018.08-x86_64-arm-linux-gnueabihf/arm-linux-gnueabihf/libc/lib -znow -zrelro -Wl,--gc-sections  -shared -o libebt_ip.so libebt_ip.oo -L../libxtables/.libs -lxtables ;
arm-linux-gnueabihf-gcc -D_LARGEFILE_SOURCE=1 -D_LARGE_FILES -D_FILE_OFFSET_BITS=64 -D_REENTRANT 	-DXTABLES_LIBDIR=\"/usr/lib/iptables\" -DXTABLES_INTERNAL -I../include -I.. -I../include -I.. -I/media/gwind/windcode/openwrt-ssd20x/18.06/build_dir/target-arm-linux-gnueabihf_glibc/linux-sstar_ssd20x/linux-4.9.84/user_headers/include/uapi -I/media/gwind/windcode/openwrt-ssd20x/18.06/build_dir/target-arm-linux-gnueabihf_glibc/linux-sstar_ssd20x/linux-4.9.84/user_headers/include -I/media/gwind/windcode/openwrt-ssd20x/18.06/build_dir/target-arm-linux-gnueabihf_glibc/linux-sstar_ssd20x/linux-4.9.84/user_headers/include/uapi -I/media/gwind/windcode/openwrt-ssd20x/18.06/build_dir/target-arm-linux-gnueabihf_glibc/linux-sstar_ssd20x/linux-4.9.84/user_headers/include -I/media/gwind/windcode/openwrt-ssd20x/18.06/build_dir/target-arm-linux-gnueabihf_glibc/linux-sstar_ssd20x/iptables-1.6.2/include -I/media/gwind/windcode/openwrt-ssd20x/18.06/build_dir/target-arm-linux-gnueabihf_glibc/linux-sstar_ssd20x/linux-4.9.84/user_headers/include -I/media/gwind/windcode/openwrt-ssd20x/18.06/staging_dir/target-arm-linux-gnueabihf_glibc/usr/include -I/media/gwind/windcode/openwrt-ssd20x/18.06/staging_dir/target-arm-linux-gnueabihf_glibc/include    -Wp,-MMD,./.libebt_log.oo.d,-MT,libebt_log.oo -Wall -Waggregate-return -Wmissing-declarations 	-Wmissing-prototypes -Wredundant-decls -Wshadow -Wstrict-prototypes 	-Winline -pipe -D_INIT=libebt_log_init -DPIC -fPIC -Os -pipe -Wno-implicit-fallthrough -mfpu=neon -Wno-format-overflow -fno-caller-saves -fno-plt -mfloat-abi=hard  -D_FORTIFY_SOURCE=1 -Wl,-z,now -Wl,-z,relro -I/media/gwind/windcode/openwrt-ssd20x/18.06/build_dir/target-arm-linux-gnueabihf_glibc/linux-sstar_ssd20x/iptables-1.6.2/include -I/media/gwind/windcode/openwrt-ssd20x/18.06/build_dir/target-arm-linux-gnueabihf_glibc/linux-sstar_ssd20x/linux-4.9.84/user_headers/include -ffunction-sections -fdata-sections -DNO_LEGACY  -o libebt_log.oo -c libebt_log.c;
arm-linux-gnueabihf-gcc -Wl,--no-undefined -L/media/gwind/windcode/openwrt-ssd20x/18.06/staging_dir/target-arm-linux-gnueabihf_glibc/usr/lib -L/media/gwind/windcode/openwrt-ssd20x/18.06/staging_dir/target-arm-linux-gnueabihf_glibc/lib -L/opt/ssd20x/gcc-arm-8.2-2018.08-x86_64-arm-linux-gnueabihf/arm-linux-gnueabihf/libc/usr/lib -L/opt/ssd20x/gcc-arm-8.2-2018.08-x86_64-arm-linux-gnueabihf/arm-linux-gnueabihf/libc/lib -znow -zrelro -Wl,--gc-sections  -shared -o libebt_log.so libebt_log.oo -L../libxtables/.libs -lxtables ;
arm-linux-gnueabihf-gcc -D_LARGEFILE_SOURCE=1 -D_LARGE_FILES -D_FILE_OFFSET_BITS=64 -D_REENTRANT 	-DXTABLES_LIBDIR=\"/usr/lib/iptables\" -DXTABLES_INTERNAL -I../include -I.. -I../include -I.. -I/media/gwind/windcode/openwrt-ssd20x/18.06/build_dir/target-arm-linux-gnueabihf_glibc/linux-sstar_ssd20x/linux-4.9.84/user_headers/include/uapi -I/media/gwind/windcode/openwrt-ssd20x/18.06/build_dir/target-arm-linux-gnueabihf_glibc/linux-sstar_ssd20x/linux-4.9.84/user_headers/include -I/media/gwind/windcode/openwrt-ssd20x/18.06/build_dir/target-arm-linux-gnueabihf_glibc/linux-sstar_ssd20x/linux-4.9.84/user_headers/include/uapi -I/media/gwind/windcode/openwrt-ssd20x/18.06/build_dir/target-arm-linux-gnueabihf_glibc/linux-sstar_ssd20x/linux-4.9.84/user_headers/include -I/media/gwind/windcode/openwrt-ssd20x/18.06/build_dir/target-arm-linux-gnueabihf_glibc/linux-sstar_ssd20x/iptables-1.6.2/include -I/media/gwind/windcode/openwrt-ssd20x/18.06/build_dir/target-arm-linux-gnueabihf_glibc/linux-sstar_ssd20x/linux-4.9.84/user_headers/include -I/media/gwind/windcode/openwrt-ssd20x/18.06/staging_dir/target-arm-linux-gnueabihf_glibc/usr/include -I/media/gwind/windcode/openwrt-ssd20x/18.06/staging_dir/target-arm-linux-gnueabihf_glibc/include    -Wp,-MMD,./.libebt_mark_m.oo.d,-MT,libebt_mark_m.oo -Wall -Waggregate-return -Wmissing-declarations 	-Wmissing-prototypes -Wredundant-decls -Wshadow -Wstrict-prototypes 	-Winline -pipe -D_INIT=libebt_mark_m_init -DPIC -fPIC -Os -pipe -Wno-implicit-fallthrough -mfpu=neon -Wno-format-overflow -fno-caller-saves -fno-plt -mfloat-abi=hard  -D_FORTIFY_SOURCE=1 -Wl,-z,now -Wl,-z,relro -I/media/gwind/windcode/openwrt-ssd20x/18.06/build_dir/target-arm-linux-gnueabihf_glibc/linux-sstar_ssd20x/iptables-1.6.2/include -I/media/gwind/windcode/openwrt-ssd20x/18.06/build_dir/target-arm-linux-gnueabihf_glibc/linux-sstar_ssd20x/linux-4.9.84/user_headers/include -ffunction-sections -fdata-sections -DNO_LEGACY  -o libebt_mark_m.oo -c libebt_mark_m.c;
arm-linux-gnueabihf-gcc -Wl,--no-undefined -L/media/gwind/windcode/openwrt-ssd20x/18.06/staging_dir/target-arm-linux-gnueabihf_glibc/usr/lib -L/media/gwind/windcode/openwrt-ssd20x/18.06/staging_dir/target-arm-linux-gnueabihf_glibc/lib -L/opt/ssd20x/gcc-arm-8.2-2018.08-x86_64-arm-linux-gnueabihf/arm-linux-gnueabihf/libc/usr/lib -L/opt/ssd20x/gcc-arm-8.2-2018.08-x86_64-arm-linux-gnueabihf/arm-linux-gnueabihf/libc/lib -znow -zrelro -Wl,--gc-sections  -shared -o libebt_mark_m.so libebt_mark_m.oo -L../libxtables/.libs -lxtables ;
arm-linux-gnueabihf-gcc -D_LARGEFILE_SOURCE=1 -D_LARGE_FILES -D_FILE_OFFSET_BITS=64 -D_REENTRANT 	-DXTABLES_LIBDIR=\"/usr/lib/iptables\" -DXTABLES_INTERNAL -I../include -I.. -I../include -I.. -I/media/gwind/windcode/openwrt-ssd20x/18.06/build_dir/target-arm-linux-gnueabihf_glibc/linux-sstar_ssd20x/linux-4.9.84/user_headers/include/uapi -I/media/gwind/windcode/openwrt-ssd20x/18.06/build_dir/target-arm-linux-gnueabihf_glibc/linux-sstar_ssd20x/linux-4.9.84/user_headers/include -I/media/gwind/windcode/openwrt-ssd20x/18.06/build_dir/target-arm-linux-gnueabihf_glibc/linux-sstar_ssd20x/linux-4.9.84/user_headers/include/uapi -I/media/gwind/windcode/openwrt-ssd20x/18.06/build_dir/target-arm-linux-gnueabihf_glibc/linux-sstar_ssd20x/linux-4.9.84/user_headers/include -I/media/gwind/windcode/openwrt-ssd20x/18.06/build_dir/target-arm-linux-gnueabihf_glibc/linux-sstar_ssd20x/iptables-1.6.2/include -I/media/gwind/windcode/openwrt-ssd20x/18.06/build_dir/target-arm-linux-gnueabihf_glibc/linux-sstar_ssd20x/linux-4.9.84/user_headers/include -I/media/gwind/windcode/openwrt-ssd20x/18.06/staging_dir/target-arm-linux-gnueabihf_glibc/usr/include -I/media/gwind/windcode/openwrt-ssd20x/18.06/staging_dir/target-arm-linux-gnueabihf_glibc/include    -Wp,-MMD,./.libipt_CLUSTERIP.oo.d,-MT,libipt_CLUSTERIP.oo -Wall -Waggregate-return -Wmissing-declarations 	-Wmissing-prototypes -Wredundant-decls -Wshadow -Wstrict-prototypes 	-Winline -pipe -D_INIT=libipt_CLUSTERIP_init -DPIC -fPIC -Os -pipe -Wno-implicit-fallthrough -mfpu=neon -Wno-format-overflow -fno-caller-saves -fno-plt -mfloat-abi=hard  -D_FORTIFY_SOURCE=1 -Wl,-z,now -Wl,-z,relro -I/media/gwind/windcode/openwrt-ssd20x/18.06/build_dir/target-arm-linux-gnueabihf_glibc/linux-sstar_ssd20x/iptables-1.6.2/include -I/media/gwind/windcode/openwrt-ssd20x/18.06/build_dir/target-arm-linux-gnueabihf_glibc/linux-sstar_ssd20x/linux-4.9.84/user_headers/include -ffunction-sections -fdata-sections -DNO_LEGACY  -o libipt_CLUSTERIP.oo -c libipt_CLUSTERIP.c;
arm-linux-gnueabihf-gcc -Wl,--no-undefined -L/media/gwind/windcode/openwrt-ssd20x/18.06/staging_dir/target-arm-linux-gnueabihf_glibc/usr/lib -L/media/gwind/windcode/openwrt-ssd20x/18.06/staging_dir/target-arm-linux-gnueabihf_glibc/lib -L/opt/ssd20x/gcc-arm-8.2-2018.08-x86_64-arm-linux-gnueabihf/arm-linux-gnueabihf/libc/usr/lib -L/opt/ssd20x/gcc-arm-8.2-2018.08-x86_64-arm-linux-gnueabihf/arm-linux-gnueabihf/libc/lib -znow -zrelro -Wl,--gc-sections  -shared -o libipt_CLUSTERIP.so libipt_CLUSTERIP.oo -L../libxtables/.libs -lxtables ;
arm-linux-gnueabihf-gcc -D_LARGEFILE_SOURCE=1 -D_LARGE_FILES -D_FILE_OFFSET_BITS=64 -D_REENTRANT 	-DXTABLES_LIBDIR=\"/usr/lib/iptables\" -DXTABLES_INTERNAL -I../include -I.. -I../include -I.. -I/media/gwind/windcode/openwrt-ssd20x/18.06/build_dir/target-arm-linux-gnueabihf_glibc/linux-sstar_ssd20x/linux-4.9.84/user_headers/include/uapi -I/media/gwind/windcode/openwrt-ssd20x/18.06/build_dir/target-arm-linux-gnueabihf_glibc/linux-sstar_ssd20x/linux-4.9.84/user_headers/include -I/media/gwind/windcode/openwrt-ssd20x/18.06/build_dir/target-arm-linux-gnueabihf_glibc/linux-sstar_ssd20x/linux-4.9.84/user_headers/include/uapi -I/media/gwind/windcode/openwrt-ssd20x/18.06/build_dir/target-arm-linux-gnueabihf_glibc/linux-sstar_ssd20x/linux-4.9.84/user_headers/include -I/media/gwind/windcode/openwrt-ssd20x/18.06/build_dir/target-arm-linux-gnueabihf_glibc/linux-sstar_ssd20x/iptables-1.6.2/include -I/media/gwind/windcode/openwrt-ssd20x/18.06/build_dir/target-arm-linux-gnueabihf_glibc/linux-sstar_ssd20x/linux-4.9.84/user_headers/include -I/media/gwind/windcode/openwrt-ssd20x/18.06/staging_dir/target-arm-linux-gnueabihf_glibc/usr/include -I/media/gwind/windcode/openwrt-ssd20x/18.06/staging_dir/target-arm-linux-gnueabihf_glibc/include    -Wp,-MMD,./.libipt_ECN.oo.d,-MT,libipt_ECN.oo -Wall -Waggregate-return -Wmissing-declarations 	-Wmissing-prototypes -Wredundant-decls -Wshadow -Wstrict-prototypes 	-Winline -pipe -D_INIT=libipt_ECN_init -DPIC -fPIC -Os -pipe -Wno-implicit-fallthrough -mfpu=neon -Wno-format-overflow -fno-caller-saves -fno-plt -mfloat-abi=hard  -D_FORTIFY_SOURCE=1 -Wl,-z,now -Wl,-z,relro -I/media/gwind/windcode/openwrt-ssd20x/18.06/build_dir/target-arm-linux-gnueabihf_glibc/linux-sstar_ssd20x/iptables-1.6.2/include -I/media/gwind/windcode/openwrt-ssd20x/18.06/build_dir/target-arm-linux-gnueabihf_glibc/linux-sstar_ssd20x/linux-4.9.84/user_headers/include -ffunction-sections -fdata-sections -DNO_LEGACY  -o libipt_ECN.oo -c libipt_ECN.c;
arm-linux-gnueabihf-gcc -Wl,--no-undefined -L/media/gwind/windcode/openwrt-ssd20x/18.06/staging_dir/target-arm-linux-gnueabihf_glibc/usr/lib -L/media/gwind/windcode/openwrt-ssd20x/18.06/staging_dir/target-arm-linux-gnueabihf_glibc/lib -L/opt/ssd20x/gcc-arm-8.2-2018.08-x86_64-arm-linux-gnueabihf/arm-linux-gnueabihf/libc/usr/lib -L/opt/ssd20x/gcc-arm-8.2-2018.08-x86_64-arm-linux-gnueabihf/arm-linux-gnueabihf/libc/lib -znow -zrelro -Wl,--gc-sections  -shared -o libipt_ECN.so libipt_ECN.oo -L../libxtables/.libs -lxtables ;
arm-linux-gnueabihf-gcc -D_LARGEFILE_SOURCE=1 -D_LARGE_FILES -D_FILE_OFFSET_BITS=64 -D_REENTRANT 	-DXTABLES_LIBDIR=\"/usr/lib/iptables\" -DXTABLES_INTERNAL -I../include -I.. -I../include -I.. -I/media/gwind/windcode/openwrt-ssd20x/18.06/build_dir/target-arm-linux-gnueabihf_glibc/linux-sstar_ssd20x/linux-4.9.84/user_headers/include/uapi -I/media/gwind/windcode/openwrt-ssd20x/18.06/build_dir/target-arm-linux-gnueabihf_glibc/linux-sstar_ssd20x/linux-4.9.84/user_headers/include -I/media/gwind/windcode/openwrt-ssd20x/18.06/build_dir/target-arm-linux-gnueabihf_glibc/linux-sstar_ssd20x/linux-4.9.84/user_headers/include/uapi -I/media/gwind/windcode/openwrt-ssd20x/18.06/build_dir/target-arm-linux-gnueabihf_glibc/linux-sstar_ssd20x/linux-4.9.84/user_headers/include -I/media/gwind/windcode/openwrt-ssd20x/18.06/build_dir/target-arm-linux-gnueabihf_glibc/linux-sstar_ssd20x/iptables-1.6.2/include -I/media/gwind/windcode/openwrt-ssd20x/18.06/build_dir/target-arm-linux-gnueabihf_glibc/linux-sstar_ssd20x/linux-4.9.84/user_headers/include -I/media/gwind/windcode/openwrt-ssd20x/18.06/staging_dir/target-arm-linux-gnueabihf_glibc/usr/include -I/media/gwind/windcode/openwrt-ssd20x/18.06/staging_dir/target-arm-linux-gnueabihf_glibc/include    -Wp,-MMD,./.libipt_NETMAP.oo.d,-MT,libipt_NETMAP.oo -Wall -Waggregate-return -Wmissing-declarations 	-Wmissing-prototypes -Wredundant-decls -Wshadow -Wstrict-prototypes 	-Winline -pipe -D_INIT=libipt_NETMAP_init -DPIC -fPIC -Os -pipe -Wno-implicit-fallthrough -mfpu=neon -Wno-format-overflow -fno-caller-saves -fno-plt -mfloat-abi=hard  -D_FORTIFY_SOURCE=1 -Wl,-z,now -Wl,-z,relro -I/media/gwind/windcode/openwrt-ssd20x/18.06/build_dir/target-arm-linux-gnueabihf_glibc/linux-sstar_ssd20x/iptables-1.6.2/include -I/media/gwind/windcode/openwrt-ssd20x/18.06/build_dir/target-arm-linux-gnueabihf_glibc/linux-sstar_ssd20x/linux-4.9.84/user_headers/include -ffunction-sections -fdata-sections -DNO_LEGACY  -o libipt_NETMAP.oo -c libipt_NETMAP.c;
arm-linux-gnueabihf-gcc -Wl,--no-undefined -L/media/gwind/windcode/openwrt-ssd20x/18.06/staging_dir/target-arm-linux-gnueabihf_glibc/usr/lib -L/media/gwind/windcode/openwrt-ssd20x/18.06/staging_dir/target-arm-linux-gnueabihf_glibc/lib -L/opt/ssd20x/gcc-arm-8.2-2018.08-x86_64-arm-linux-gnueabihf/arm-linux-gnueabihf/libc/usr/lib -L/opt/ssd20x/gcc-arm-8.2-2018.08-x86_64-arm-linux-gnueabihf/arm-linux-gnueabihf/libc/lib -znow -zrelro -Wl,--gc-sections  -shared -o libipt_NETMAP.so libipt_NETMAP.oo -L../libxtables/.libs -lxtables ;
arm-linux-gnueabihf-gcc -D_LARGEFILE_SOURCE=1 -D_LARGE_FILES -D_FILE_OFFSET_BITS=64 -D_REENTRANT 	-DXTABLES_LIBDIR=\"/usr/lib/iptables\" -DXTABLES_INTERNAL -I../include -I.. -I../include -I.. -I/media/gwind/windcode/openwrt-ssd20x/18.06/build_dir/target-arm-linux-gnueabihf_glibc/linux-sstar_ssd20x/linux-4.9.84/user_headers/include/uapi -I/media/gwind/windcode/openwrt-ssd20x/18.06/build_dir/target-arm-linux-gnueabihf_glibc/linux-sstar_ssd20x/linux-4.9.84/user_headers/include -I/media/gwind/windcode/openwrt-ssd20x/18.06/build_dir/target-arm-linux-gnueabihf_glibc/linux-sstar_ssd20x/linux-4.9.84/user_headers/include/uapi -I/media/gwind/windcode/openwrt-ssd20x/18.06/build_dir/target-arm-linux-gnueabihf_glibc/linux-sstar_ssd20x/linux-4.9.84/user_headers/include -I/media/gwind/windcode/openwrt-ssd20x/18.06/build_dir/target-arm-linux-gnueabihf_glibc/linux-sstar_ssd20x/iptables-1.6.2/include -I/media/gwind/windcode/openwrt-ssd20x/18.06/build_dir/target-arm-linux-gnueabihf_glibc/linux-sstar_ssd20x/linux-4.9.84/user_headers/include -I/media/gwind/windcode/openwrt-ssd20x/18.06/staging_dir/target-arm-linux-gnueabihf_glibc/usr/include -I/media/gwind/windcode/openwrt-ssd20x/18.06/staging_dir/target-arm-linux-gnueabihf_glibc/include    -Wp,-MMD,./.libipt_TTL.oo.d,-MT,libipt_TTL.oo -Wall -Waggregate-return -Wmissing-declarations 	-Wmissing-prototypes -Wredundant-decls -Wshadow -Wstrict-prototypes 	-Winline -pipe -D_INIT=libipt_TTL_init -DPIC -fPIC -Os -pipe -Wno-implicit-fallthrough -mfpu=neon -Wno-format-overflow -fno-caller-saves -fno-plt -mfloat-abi=hard  -D_FORTIFY_SOURCE=1 -Wl,-z,now -Wl,-z,relro -I/media/gwind/windcode/openwrt-ssd20x/18.06/build_dir/target-arm-linux-gnueabihf_glibc/linux-sstar_ssd20x/iptables-1.6.2/include -I/media/gwind/windcode/openwrt-ssd20x/18.06/build_dir/target-arm-linux-gnueabihf_glibc/linux-sstar_ssd20x/linux-4.9.84/user_headers/include -ffunction-sections -fdata-sections -DNO_LEGACY  -o libipt_TTL.oo -c libipt_TTL.c;
arm-linux-gnueabihf-gcc -Wl,--no-undefined -L/media/gwind/windcode/openwrt-ssd20x/18.06/staging_dir/target-arm-linux-gnueabihf_glibc/usr/lib -L/media/gwind/windcode/openwrt-ssd20x/18.06/staging_dir/target-arm-linux-gnueabihf_glibc/lib -L/opt/ssd20x/gcc-arm-8.2-2018.08-x86_64-arm-linux-gnueabihf/arm-linux-gnueabihf/libc/usr/lib -L/opt/ssd20x/gcc-arm-8.2-2018.08-x86_64-arm-linux-gnueabihf/arm-linux-gnueabihf/libc/lib -znow -zrelro -Wl,--gc-sections  -shared -o libipt_TTL.so libipt_TTL.oo -L../libxtables/.libs -lxtables ;
arm-linux-gnueabihf-gcc -D_LARGEFILE_SOURCE=1 -D_LARGE_FILES -D_FILE_OFFSET_BITS=64 -D_REENTRANT 	-DXTABLES_LIBDIR=\"/usr/lib/iptables\" -DXTABLES_INTERNAL -I../include -I.. -I../include -I.. -I/media/gwind/windcode/openwrt-ssd20x/18.06/build_dir/target-arm-linux-gnueabihf_glibc/linux-sstar_ssd20x/linux-4.9.84/user_headers/include/uapi -I/media/gwind/windcode/openwrt-ssd20x/18.06/build_dir/target-arm-linux-gnueabihf_glibc/linux-sstar_ssd20x/linux-4.9.84/user_headers/include -I/media/gwind/windcode/openwrt-ssd20x/18.06/build_dir/target-arm-linux-gnueabihf_glibc/linux-sstar_ssd20x/linux-4.9.84/user_headers/include/uapi -I/media/gwind/windcode/openwrt-ssd20x/18.06/build_dir/target-arm-linux-gnueabihf_glibc/linux-sstar_ssd20x/linux-4.9.84/user_headers/include -I/media/gwind/windcode/openwrt-ssd20x/18.06/build_dir/target-arm-linux-gnueabihf_glibc/linux-sstar_ssd20x/iptables-1.6.2/include -I/media/gwind/windcode/openwrt-ssd20x/18.06/build_dir/target-arm-linux-gnueabihf_glibc/linux-sstar_ssd20x/linux-4.9.84/user_headers/include -I/media/gwind/windcode/openwrt-ssd20x/18.06/staging_dir/target-arm-linux-gnueabihf_glibc/usr/include -I/media/gwind/windcode/openwrt-ssd20x/18.06/staging_dir/target-arm-linux-gnueabihf_glibc/include    -Wp,-MMD,./.libipt_ULOG.oo.d,-MT,libipt_ULOG.oo -Wall -Waggregate-return -Wmissing-declarations 	-Wmissing-prototypes -Wredundant-decls -Wshadow -Wstrict-prototypes 	-Winline -pipe -D_INIT=libipt_ULOG_init -DPIC -fPIC -Os -pipe -Wno-implicit-fallthrough -mfpu=neon -Wno-format-overflow -fno-caller-saves -fno-plt -mfloat-abi=hard  -D_FORTIFY_SOURCE=1 -Wl,-z,now -Wl,-z,relro -I/media/gwind/windcode/openwrt-ssd20x/18.06/build_dir/target-arm-linux-gnueabihf_glibc/linux-sstar_ssd20x/iptables-1.6.2/include -I/media/gwind/windcode/openwrt-ssd20x/18.06/build_dir/target-arm-linux-gnueabihf_glibc/linux-sstar_ssd20x/linux-4.9.84/user_headers/include -ffunction-sections -fdata-sections -DNO_LEGACY  -o libipt_ULOG.oo -c libipt_ULOG.c;
arm-linux-gnueabihf-gcc -Wl,--no-undefined -L/media/gwind/windcode/openwrt-ssd20x/18.06/staging_dir/target-arm-linux-gnueabihf_glibc/usr/lib -L/media/gwind/windcode/openwrt-ssd20x/18.06/staging_dir/target-arm-linux-gnueabihf_glibc/lib -L/opt/ssd20x/gcc-arm-8.2-2018.08-x86_64-arm-linux-gnueabihf/arm-linux-gnueabihf/libc/usr/lib -L/opt/ssd20x/gcc-arm-8.2-2018.08-x86_64-arm-linux-gnueabihf/arm-linux-gnueabihf/libc/lib -znow -zrelro -Wl,--gc-sections  -shared -o libipt_ULOG.so libipt_ULOG.oo -L../libxtables/.libs -lxtables ;
arm-linux-gnueabihf-gcc -D_LARGEFILE_SOURCE=1 -D_LARGE_FILES -D_FILE_OFFSET_BITS=64 -D_REENTRANT 	-DXTABLES_LIBDIR=\"/usr/lib/iptables\" -DXTABLES_INTERNAL -I../include -I.. -I../include -I.. -I/media/gwind/windcode/openwrt-ssd20x/18.06/build_dir/target-arm-linux-gnueabihf_glibc/linux-sstar_ssd20x/linux-4.9.84/user_headers/include/uapi -I/media/gwind/windcode/openwrt-ssd20x/18.06/build_dir/target-arm-linux-gnueabihf_glibc/linux-sstar_ssd20x/linux-4.9.84/user_headers/include -I/media/gwind/windcode/openwrt-ssd20x/18.06/build_dir/target-arm-linux-gnueabihf_glibc/linux-sstar_ssd20x/linux-4.9.84/user_headers/include/uapi -I/media/gwind/windcode/openwrt-ssd20x/18.06/build_dir/target-arm-linux-gnueabihf_glibc/linux-sstar_ssd20x/linux-4.9.84/user_headers/include -I/media/gwind/windcode/openwrt-ssd20x/18.06/build_dir/target-arm-linux-gnueabihf_glibc/linux-sstar_ssd20x/iptables-1.6.2/include -I/media/gwind/windcode/openwrt-ssd20x/18.06/build_dir/target-arm-linux-gnueabihf_glibc/linux-sstar_ssd20x/linux-4.9.84/user_headers/include -I/media/gwind/windcode/openwrt-ssd20x/18.06/staging_dir/target-arm-linux-gnueabihf_glibc/usr/include -I/media/gwind/windcode/openwrt-ssd20x/18.06/staging_dir/target-arm-linux-gnueabihf_glibc/include    -Wp,-MMD,./.libipt_ah.oo.d,-MT,libipt_ah.oo -Wall -Waggregate-return -Wmissing-declarations 	-Wmissing-prototypes -Wredundant-decls -Wshadow -Wstrict-prototypes 	-Winline -pipe -D_INIT=libipt_ah_init -DPIC -fPIC -Os -pipe -Wno-implicit-fallthrough -mfpu=neon -Wno-format-overflow -fno-caller-saves -fno-plt -mfloat-abi=hard  -D_FORTIFY_SOURCE=1 -Wl,-z,now -Wl,-z,relro -I/media/gwind/windcode/openwrt-ssd20x/18.06/build_dir/target-arm-linux-gnueabihf_glibc/linux-sstar_ssd20x/iptables-1.6.2/include -I/media/gwind/windcode/openwrt-ssd20x/18.06/build_dir/target-arm-linux-gnueabihf_glibc/linux-sstar_ssd20x/linux-4.9.84/user_headers/include -ffunction-sections -fdata-sections -DNO_LEGACY  -o libipt_ah.oo -c libipt_ah.c;
arm-linux-gnueabihf-gcc -Wl,--no-undefined -L/media/gwind/windcode/openwrt-ssd20x/18.06/staging_dir/target-arm-linux-gnueabihf_glibc/usr/lib -L/media/gwind/windcode/openwrt-ssd20x/18.06/staging_dir/target-arm-linux-gnueabihf_glibc/lib -L/opt/ssd20x/gcc-arm-8.2-2018.08-x86_64-arm-linux-gnueabihf/arm-linux-gnueabihf/libc/usr/lib -L/opt/ssd20x/gcc-arm-8.2-2018.08-x86_64-arm-linux-gnueabihf/arm-linux-gnueabihf/libc/lib -znow -zrelro -Wl,--gc-sections  -shared -o libipt_ah.so libipt_ah.oo -L../libxtables/.libs -lxtables ;
arm-linux-gnueabihf-gcc -D_LARGEFILE_SOURCE=1 -D_LARGE_FILES -D_FILE_OFFSET_BITS=64 -D_REENTRANT 	-DXTABLES_LIBDIR=\"/usr/lib/iptables\" -DXTABLES_INTERNAL -I../include -I.. -I../include -I.. -I/media/gwind/windcode/openwrt-ssd20x/18.06/build_dir/target-arm-linux-gnueabihf_glibc/linux-sstar_ssd20x/linux-4.9.84/user_headers/include/uapi -I/media/gwind/windcode/openwrt-ssd20x/18.06/build_dir/target-arm-linux-gnueabihf_glibc/linux-sstar_ssd20x/linux-4.9.84/user_headers/include -I/media/gwind/windcode/openwrt-ssd20x/18.06/build_dir/target-arm-linux-gnueabihf_glibc/linux-sstar_ssd20x/linux-4.9.84/user_headers/include/uapi -I/media/gwind/windcode/openwrt-ssd20x/18.06/build_dir/target-arm-linux-gnueabihf_glibc/linux-sstar_ssd20x/linux-4.9.84/user_headers/include -I/media/gwind/windcode/openwrt-ssd20x/18.06/build_dir/target-arm-linux-gnueabihf_glibc/linux-sstar_ssd20x/iptables-1.6.2/include -I/media/gwind/windcode/openwrt-ssd20x/18.06/build_dir/target-arm-linux-gnueabihf_glibc/linux-sstar_ssd20x/linux-4.9.84/user_headers/include -I/media/gwind/windcode/openwrt-ssd20x/18.06/staging_dir/target-arm-linux-gnueabihf_glibc/usr/include -I/media/gwind/windcode/openwrt-ssd20x/18.06/staging_dir/target-arm-linux-gnueabihf_glibc/include    -Wp,-MMD,./.libipt_realm.oo.d,-MT,libipt_realm.oo -Wall -Waggregate-return -Wmissing-declarations 	-Wmissing-prototypes -Wredundant-decls -Wshadow -Wstrict-prototypes 	-Winline -pipe -D_INIT=libipt_realm_init -DPIC -fPIC -Os -pipe -Wno-implicit-fallthrough -mfpu=neon -Wno-format-overflow -fno-caller-saves -fno-plt -mfloat-abi=hard  -D_FORTIFY_SOURCE=1 -Wl,-z,now -Wl,-z,relro -I/media/gwind/windcode/openwrt-ssd20x/18.06/build_dir/target-arm-linux-gnueabihf_glibc/linux-sstar_ssd20x/iptables-1.6.2/include -I/media/gwind/windcode/openwrt-ssd20x/18.06/build_dir/target-arm-linux-gnueabihf_glibc/linux-sstar_ssd20x/linux-4.9.84/user_headers/include -ffunction-sections -fdata-sections -DNO_LEGACY  -o libipt_realm.oo -c libipt_realm.c;
arm-linux-gnueabihf-gcc -Wl,--no-undefined -L/media/gwind/windcode/openwrt-ssd20x/18.06/staging_dir/target-arm-linux-gnueabihf_glibc/usr/lib -L/media/gwind/windcode/openwrt-ssd20x/18.06/staging_dir/target-arm-linux-gnueabihf_glibc/lib -L/opt/ssd20x/gcc-arm-8.2-2018.08-x86_64-arm-linux-gnueabihf/arm-linux-gnueabihf/libc/usr/lib -L/opt/ssd20x/gcc-arm-8.2-2018.08-x86_64-arm-linux-gnueabihf/arm-linux-gnueabihf/libc/lib -znow -zrelro -Wl,--gc-sections  -shared -o libipt_realm.so libipt_realm.oo -L../libxtables/.libs -lxtables ;
arm-linux-gnueabihf-gcc -D_LARGEFILE_SOURCE=1 -D_LARGE_FILES -D_FILE_OFFSET_BITS=64 -D_REENTRANT 	-DXTABLES_LIBDIR=\"/usr/lib/iptables\" -DXTABLES_INTERNAL -I../include -I.. -I../include -I.. -I/media/gwind/windcode/openwrt-ssd20x/18.06/build_dir/target-arm-linux-gnueabihf_glibc/linux-sstar_ssd20x/linux-4.9.84/user_headers/include/uapi -I/media/gwind/windcode/openwrt-ssd20x/18.06/build_dir/target-arm-linux-gnueabihf_glibc/linux-sstar_ssd20x/linux-4.9.84/user_headers/include -I/media/gwind/windcode/openwrt-ssd20x/18.06/build_dir/target-arm-linux-gnueabihf_glibc/linux-sstar_ssd20x/linux-4.9.84/user_headers/include/uapi -I/media/gwind/windcode/openwrt-ssd20x/18.06/build_dir/target-arm-linux-gnueabihf_glibc/linux-sstar_ssd20x/linux-4.9.84/user_headers/include -I/media/gwind/windcode/openwrt-ssd20x/18.06/build_dir/target-arm-linux-gnueabihf_glibc/linux-sstar_ssd20x/iptables-1.6.2/include -I/media/gwind/windcode/openwrt-ssd20x/18.06/build_dir/target-arm-linux-gnueabihf_glibc/linux-sstar_ssd20x/linux-4.9.84/user_headers/include -I/media/gwind/windcode/openwrt-ssd20x/18.06/staging_dir/target-arm-linux-gnueabihf_glibc/usr/include -I/media/gwind/windcode/openwrt-ssd20x/18.06/staging_dir/target-arm-linux-gnueabihf_glibc/include    -Wp,-MMD,./.libipt_ttl.oo.d,-MT,libipt_ttl.oo -Wall -Waggregate-return -Wmissing-declarations 	-Wmissing-prototypes -Wredundant-decls -Wshadow -Wstrict-prototypes 	-Winline -pipe -D_INIT=libipt_ttl_init -DPIC -fPIC -Os -pipe -Wno-implicit-fallthrough -mfpu=neon -Wno-format-overflow -fno-caller-saves -fno-plt -mfloat-abi=hard  -D_FORTIFY_SOURCE=1 -Wl,-z,now -Wl,-z,relro -I/media/gwind/windcode/openwrt-ssd20x/18.06/build_dir/target-arm-linux-gnueabihf_glibc/linux-sstar_ssd20x/iptables-1.6.2/include -I/media/gwind/windcode/openwrt-ssd20x/18.06/build_dir/target-arm-linux-gnueabihf_glibc/linux-sstar_ssd20x/linux-4.9.84/user_headers/include -ffunction-sections -fdata-sections -DNO_LEGACY  -o libipt_ttl.oo -c libipt_ttl.c;
arm-linux-gnueabihf-gcc -Wl,--no-undefined -L/media/gwind/windcode/openwrt-ssd20x/18.06/staging_dir/target-arm-linux-gnueabihf_glibc/usr/lib -L/media/gwind/windcode/openwrt-ssd20x/18.06/staging_dir/target-arm-linux-gnueabihf_glibc/lib -L/opt/ssd20x/gcc-arm-8.2-2018.08-x86_64-arm-linux-gnueabihf/arm-linux-gnueabihf/libc/usr/lib -L/opt/ssd20x/gcc-arm-8.2-2018.08-x86_64-arm-linux-gnueabihf/arm-linux-gnueabihf/libc/lib -znow -zrelro -Wl,--gc-sections  -shared -o libipt_ttl.so libipt_ttl.oo -L../libxtables/.libs -lxtables ;
arm-linux-gnueabihf-gcc -D_LARGEFILE_SOURCE=1 -D_LARGE_FILES -D_FILE_OFFSET_BITS=64 -D_REENTRANT 	-DXTABLES_LIBDIR=\"/usr/lib/iptables\" -DXTABLES_INTERNAL -I../include -I.. -I../include -I.. -I/media/gwind/windcode/openwrt-ssd20x/18.06/build_dir/target-arm-linux-gnueabihf_glibc/linux-sstar_ssd20x/linux-4.9.84/user_headers/include/uapi -I/media/gwind/windcode/openwrt-ssd20x/18.06/build_dir/target-arm-linux-gnueabihf_glibc/linux-sstar_ssd20x/linux-4.9.84/user_headers/include -I/media/gwind/windcode/openwrt-ssd20x/18.06/build_dir/target-arm-linux-gnueabihf_glibc/linux-sstar_ssd20x/linux-4.9.84/user_headers/include/uapi -I/media/gwind/windcode/openwrt-ssd20x/18.06/build_dir/target-arm-linux-gnueabihf_glibc/linux-sstar_ssd20x/linux-4.9.84/user_headers/include -I/media/gwind/windcode/openwrt-ssd20x/18.06/build_dir/target-arm-linux-gnueabihf_glibc/linux-sstar_ssd20x/iptables-1.6.2/include -I/media/gwind/windcode/openwrt-ssd20x/18.06/build_dir/target-arm-linux-gnueabihf_glibc/linux-sstar_ssd20x/linux-4.9.84/user_headers/include -I/media/gwind/windcode/openwrt-ssd20x/18.06/staging_dir/target-arm-linux-gnueabihf_glibc/usr/include -I/media/gwind/windcode/openwrt-ssd20x/18.06/staging_dir/target-arm-linux-gnueabihf_glibc/include    -Wp,-MMD,./.libip6t_DNPT.oo.d,-MT,libip6t_DNPT.oo -Wall -Waggregate-return -Wmissing-declarations 	-Wmissing-prototypes -Wredundant-decls -Wshadow -Wstrict-prototypes 	-Winline -pipe -D_INIT=libip6t_DNPT_init -DPIC -fPIC -Os -pipe -Wno-implicit-fallthrough -mfpu=neon -Wno-format-overflow -fno-caller-saves -fno-plt -mfloat-abi=hard  -D_FORTIFY_SOURCE=1 -Wl,-z,now -Wl,-z,relro -I/media/gwind/windcode/openwrt-ssd20x/18.06/build_dir/target-arm-linux-gnueabihf_glibc/linux-sstar_ssd20x/iptables-1.6.2/include -I/media/gwind/windcode/openwrt-ssd20x/18.06/build_dir/target-arm-linux-gnueabihf_glibc/linux-sstar_ssd20x/linux-4.9.84/user_headers/include -ffunction-sections -fdata-sections -DNO_LEGACY  -o libip6t_DNPT.oo -c libip6t_DNPT.c;
arm-linux-gnueabihf-gcc -Wl,--no-undefined -L/media/gwind/windcode/openwrt-ssd20x/18.06/staging_dir/target-arm-linux-gnueabihf_glibc/usr/lib -L/media/gwind/windcode/openwrt-ssd20x/18.06/staging_dir/target-arm-linux-gnueabihf_glibc/lib -L/opt/ssd20x/gcc-arm-8.2-2018.08-x86_64-arm-linux-gnueabihf/arm-linux-gnueabihf/libc/usr/lib -L/opt/ssd20x/gcc-arm-8.2-2018.08-x86_64-arm-linux-gnueabihf/arm-linux-gnueabihf/libc/lib -znow -zrelro -Wl,--gc-sections  -shared -o libip6t_DNPT.so libip6t_DNPT.oo -L../libxtables/.libs -lxtables ;
arm-linux-gnueabihf-gcc -D_LARGEFILE_SOURCE=1 -D_LARGE_FILES -D_FILE_OFFSET_BITS=64 -D_REENTRANT 	-DXTABLES_LIBDIR=\"/usr/lib/iptables\" -DXTABLES_INTERNAL -I../include -I.. -I../include -I.. -I/media/gwind/windcode/openwrt-ssd20x/18.06/build_dir/target-arm-linux-gnueabihf_glibc/linux-sstar_ssd20x/linux-4.9.84/user_headers/include/uapi -I/media/gwind/windcode/openwrt-ssd20x/18.06/build_dir/target-arm-linux-gnueabihf_glibc/linux-sstar_ssd20x/linux-4.9.84/user_headers/include -I/media/gwind/windcode/openwrt-ssd20x/18.06/build_dir/target-arm-linux-gnueabihf_glibc/linux-sstar_ssd20x/linux-4.9.84/user_headers/include/uapi -I/media/gwind/windcode/openwrt-ssd20x/18.06/build_dir/target-arm-linux-gnueabihf_glibc/linux-sstar_ssd20x/linux-4.9.84/user_headers/include -I/media/gwind/windcode/openwrt-ssd20x/18.06/build_dir/target-arm-linux-gnueabihf_glibc/linux-sstar_ssd20x/iptables-1.6.2/include -I/media/gwind/windcode/openwrt-ssd20x/18.06/build_dir/target-arm-linux-gnueabihf_glibc/linux-sstar_ssd20x/linux-4.9.84/user_headers/include -I/media/gwind/windcode/openwrt-ssd20x/18.06/staging_dir/target-arm-linux-gnueabihf_glibc/usr/include -I/media/gwind/windcode/openwrt-ssd20x/18.06/staging_dir/target-arm-linux-gnueabihf_glibc/include    -Wp,-MMD,./.libip6t_HL.oo.d,-MT,libip6t_HL.oo -Wall -Waggregate-return -Wmissing-declarations 	-Wmissing-prototypes -Wredundant-decls -Wshadow -Wstrict-prototypes 	-Winline -pipe -D_INIT=libip6t_HL_init -DPIC -fPIC -Os -pipe -Wno-implicit-fallthrough -mfpu=neon -Wno-format-overflow -fno-caller-saves -fno-plt -mfloat-abi=hard  -D_FORTIFY_SOURCE=1 -Wl,-z,now -Wl,-z,relro -I/media/gwind/windcode/openwrt-ssd20x/18.06/build_dir/target-arm-linux-gnueabihf_glibc/linux-sstar_ssd20x/iptables-1.6.2/include -I/media/gwind/windcode/openwrt-ssd20x/18.06/build_dir/target-arm-linux-gnueabihf_glibc/linux-sstar_ssd20x/linux-4.9.84/user_headers/include -ffunction-sections -fdata-sections -DNO_LEGACY  -o libip6t_HL.oo -c libip6t_HL.c;
arm-linux-gnueabihf-gcc -Wl,--no-undefined -L/media/gwind/windcode/openwrt-ssd20x/18.06/staging_dir/target-arm-linux-gnueabihf_glibc/usr/lib -L/media/gwind/windcode/openwrt-ssd20x/18.06/staging_dir/target-arm-linux-gnueabihf_glibc/lib -L/opt/ssd20x/gcc-arm-8.2-2018.08-x86_64-arm-linux-gnueabihf/arm-linux-gnueabihf/libc/usr/lib -L/opt/ssd20x/gcc-arm-8.2-2018.08-x86_64-arm-linux-gnueabihf/arm-linux-gnueabihf/libc/lib -znow -zrelro -Wl,--gc-sections  -shared -o libip6t_HL.so libip6t_HL.oo -L../libxtables/.libs -lxtables ;
arm-linux-gnueabihf-gcc -D_LARGEFILE_SOURCE=1 -D_LARGE_FILES -D_FILE_OFFSET_BITS=64 -D_REENTRANT 	-DXTABLES_LIBDIR=\"/usr/lib/iptables\" -DXTABLES_INTERNAL -I../include -I.. -I../include -I.. -I/media/gwind/windcode/openwrt-ssd20x/18.06/build_dir/target-arm-linux-gnueabihf_glibc/linux-sstar_ssd20x/linux-4.9.84/user_headers/include/uapi -I/media/gwind/windcode/openwrt-ssd20x/18.06/build_dir/target-arm-linux-gnueabihf_glibc/linux-sstar_ssd20x/linux-4.9.84/user_headers/include -I/media/gwind/windcode/openwrt-ssd20x/18.06/build_dir/target-arm-linux-gnueabihf_glibc/linux-sstar_ssd20x/linux-4.9.84/user_headers/include/uapi -I/media/gwind/windcode/openwrt-ssd20x/18.06/build_dir/target-arm-linux-gnueabihf_glibc/linux-sstar_ssd20x/linux-4.9.84/user_headers/include -I/media/gwind/windcode/openwrt-ssd20x/18.06/build_dir/target-arm-linux-gnueabihf_glibc/linux-sstar_ssd20x/iptables-1.6.2/include -I/media/gwind/windcode/openwrt-ssd20x/18.06/build_dir/target-arm-linux-gnueabihf_glibc/linux-sstar_ssd20x/linux-4.9.84/user_headers/include -I/media/gwind/windcode/openwrt-ssd20x/18.06/staging_dir/target-arm-linux-gnueabihf_glibc/usr/include -I/media/gwind/windcode/openwrt-ssd20x/18.06/staging_dir/target-arm-linux-gnueabihf_glibc/include    -Wp,-MMD,./.libip6t_NETMAP.oo.d,-MT,libip6t_NETMAP.oo -Wall -Waggregate-return -Wmissing-declarations 	-Wmissing-prototypes -Wredundant-decls -Wshadow -Wstrict-prototypes 	-Winline -pipe -D_INIT=libip6t_NETMAP_init -DPIC -fPIC -Os -pipe -Wno-implicit-fallthrough -mfpu=neon -Wno-format-overflow -fno-caller-saves -fno-plt -mfloat-abi=hard  -D_FORTIFY_SOURCE=1 -Wl,-z,now -Wl,-z,relro -I/media/gwind/windcode/openwrt-ssd20x/18.06/build_dir/target-arm-linux-gnueabihf_glibc/linux-sstar_ssd20x/iptables-1.6.2/include -I/media/gwind/windcode/openwrt-ssd20x/18.06/build_dir/target-arm-linux-gnueabihf_glibc/linux-sstar_ssd20x/linux-4.9.84/user_headers/include -ffunction-sections -fdata-sections -DNO_LEGACY  -o libip6t_NETMAP.oo -c libip6t_NETMAP.c;
arm-linux-gnueabihf-gcc -Wl,--no-undefined -L/media/gwind/windcode/openwrt-ssd20x/18.06/staging_dir/target-arm-linux-gnueabihf_glibc/usr/lib -L/media/gwind/windcode/openwrt-ssd20x/18.06/staging_dir/target-arm-linux-gnueabihf_glibc/lib -L/opt/ssd20x/gcc-arm-8.2-2018.08-x86_64-arm-linux-gnueabihf/arm-linux-gnueabihf/libc/usr/lib -L/opt/ssd20x/gcc-arm-8.2-2018.08-x86_64-arm-linux-gnueabihf/arm-linux-gnueabihf/libc/lib -znow -zrelro -Wl,--gc-sections  -shared -o libip6t_NETMAP.so libip6t_NETMAP.oo -L../libxtables/.libs -lxtables ;
arm-linux-gnueabihf-gcc -D_LARGEFILE_SOURCE=1 -D_LARGE_FILES -D_FILE_OFFSET_BITS=64 -D_REENTRANT 	-DXTABLES_LIBDIR=\"/usr/lib/iptables\" -DXTABLES_INTERNAL -I../include -I.. -I../include -I.. -I/media/gwind/windcode/openwrt-ssd20x/18.06/build_dir/target-arm-linux-gnueabihf_glibc/linux-sstar_ssd20x/linux-4.9.84/user_headers/include/uapi -I/media/gwind/windcode/openwrt-ssd20x/18.06/build_dir/target-arm-linux-gnueabihf_glibc/linux-sstar_ssd20x/linux-4.9.84/user_headers/include -I/media/gwind/windcode/openwrt-ssd20x/18.06/build_dir/target-arm-linux-gnueabihf_glibc/linux-sstar_ssd20x/linux-4.9.84/user_headers/include/uapi -I/media/gwind/windcode/openwrt-ssd20x/18.06/build_dir/target-arm-linux-gnueabihf_glibc/linux-sstar_ssd20x/linux-4.9.84/user_headers/include -I/media/gwind/windcode/openwrt-ssd20x/18.06/build_dir/target-arm-linux-gnueabihf_glibc/linux-sstar_ssd20x/iptables-1.6.2/include -I/media/gwind/windcode/openwrt-ssd20x/18.06/build_dir/target-arm-linux-gnueabihf_glibc/linux-sstar_ssd20x/linux-4.9.84/user_headers/include -I/media/gwind/windcode/openwrt-ssd20x/18.06/staging_dir/target-arm-linux-gnueabihf_glibc/usr/include -I/media/gwind/windcode/openwrt-ssd20x/18.06/staging_dir/target-arm-linux-gnueabihf_glibc/include    -Wp,-MMD,./.libip6t_SNPT.oo.d,-MT,libip6t_SNPT.oo -Wall -Waggregate-return -Wmissing-declarations 	-Wmissing-prototypes -Wredundant-decls -Wshadow -Wstrict-prototypes 	-Winline -pipe -D_INIT=libip6t_SNPT_init -DPIC -fPIC -Os -pipe -Wno-implicit-fallthrough -mfpu=neon -Wno-format-overflow -fno-caller-saves -fno-plt -mfloat-abi=hard  -D_FORTIFY_SOURCE=1 -Wl,-z,now -Wl,-z,relro -I/media/gwind/windcode/openwrt-ssd20x/18.06/build_dir/target-arm-linux-gnueabihf_glibc/linux-sstar_ssd20x/iptables-1.6.2/include -I/media/gwind/windcode/openwrt-ssd20x/18.06/build_dir/target-arm-linux-gnueabihf_glibc/linux-sstar_ssd20x/linux-4.9.84/user_headers/include -ffunction-sections -fdata-sections -DNO_LEGACY  -o libip6t_SNPT.oo -c libip6t_SNPT.c;
arm-linux-gnueabihf-gcc -Wl,--no-undefined -L/media/gwind/windcode/openwrt-ssd20x/18.06/staging_dir/target-arm-linux-gnueabihf_glibc/usr/lib -L/media/gwind/windcode/openwrt-ssd20x/18.06/staging_dir/target-arm-linux-gnueabihf_glibc/lib -L/opt/ssd20x/gcc-arm-8.2-2018.08-x86_64-arm-linux-gnueabihf/arm-linux-gnueabihf/libc/usr/lib -L/opt/ssd20x/gcc-arm-8.2-2018.08-x86_64-arm-linux-gnueabihf/arm-linux-gnueabihf/libc/lib -znow -zrelro -Wl,--gc-sections  -shared -o libip6t_SNPT.so libip6t_SNPT.oo -L../libxtables/.libs -lxtables ;
arm-linux-gnueabihf-gcc -D_LARGEFILE_SOURCE=1 -D_LARGE_FILES -D_FILE_OFFSET_BITS=64 -D_REENTRANT 	-DXTABLES_LIBDIR=\"/usr/lib/iptables\" -DXTABLES_INTERNAL -I../include -I.. -I../include -I.. -I/media/gwind/windcode/openwrt-ssd20x/18.06/build_dir/target-arm-linux-gnueabihf_glibc/linux-sstar_ssd20x/linux-4.9.84/user_headers/include/uapi -I/media/gwind/windcode/openwrt-ssd20x/18.06/build_dir/target-arm-linux-gnueabihf_glibc/linux-sstar_ssd20x/linux-4.9.84/user_headers/include -I/media/gwind/windcode/openwrt-ssd20x/18.06/build_dir/target-arm-linux-gnueabihf_glibc/linux-sstar_ssd20x/linux-4.9.84/user_headers/include/uapi -I/media/gwind/windcode/openwrt-ssd20x/18.06/build_dir/target-arm-linux-gnueabihf_glibc/linux-sstar_ssd20x/linux-4.9.84/user_headers/include -I/media/gwind/windcode/openwrt-ssd20x/18.06/build_dir/target-arm-linux-gnueabihf_glibc/linux-sstar_ssd20x/iptables-1.6.2/include -I/media/gwind/windcode/openwrt-ssd20x/18.06/build_dir/target-arm-linux-gnueabihf_glibc/linux-sstar_ssd20x/linux-4.9.84/user_headers/include -I/media/gwind/windcode/openwrt-ssd20x/18.06/staging_dir/target-arm-linux-gnueabihf_glibc/usr/include -I/media/gwind/windcode/openwrt-ssd20x/18.06/staging_dir/target-arm-linux-gnueabihf_glibc/include    -Wp,-MMD,./.libip6t_ah.oo.d,-MT,libip6t_ah.oo -Wall -Waggregate-return -Wmissing-declarations 	-Wmissing-prototypes -Wredundant-decls -Wshadow -Wstrict-prototypes 	-Winline -pipe -D_INIT=libip6t_ah_init -DPIC -fPIC -Os -pipe -Wno-implicit-fallthrough -mfpu=neon -Wno-format-overflow -fno-caller-saves -fno-plt -mfloat-abi=hard  -D_FORTIFY_SOURCE=1 -Wl,-z,now -Wl,-z,relro -I/media/gwind/windcode/openwrt-ssd20x/18.06/build_dir/target-arm-linux-gnueabihf_glibc/linux-sstar_ssd20x/iptables-1.6.2/include -I/media/gwind/windcode/openwrt-ssd20x/18.06/build_dir/target-arm-linux-gnueabihf_glibc/linux-sstar_ssd20x/linux-4.9.84/user_headers/include -ffunction-sections -fdata-sections -DNO_LEGACY  -o libip6t_ah.oo -c libip6t_ah.c;
arm-linux-gnueabihf-gcc -Wl,--no-undefined -L/media/gwind/windcode/openwrt-ssd20x/18.06/staging_dir/target-arm-linux-gnueabihf_glibc/usr/lib -L/media/gwind/windcode/openwrt-ssd20x/18.06/staging_dir/target-arm-linux-gnueabihf_glibc/lib -L/opt/ssd20x/gcc-arm-8.2-2018.08-x86_64-arm-linux-gnueabihf/arm-linux-gnueabihf/libc/usr/lib -L/opt/ssd20x/gcc-arm-8.2-2018.08-x86_64-arm-linux-gnueabihf/arm-linux-gnueabihf/libc/lib -znow -zrelro -Wl,--gc-sections  -shared -o libip6t_ah.so libip6t_ah.oo -L../libxtables/.libs -lxtables ;
arm-linux-gnueabihf-gcc -D_LARGEFILE_SOURCE=1 -D_LARGE_FILES -D_FILE_OFFSET_BITS=64 -D_REENTRANT 	-DXTABLES_LIBDIR=\"/usr/lib/iptables\" -DXTABLES_INTERNAL -I../include -I.. -I../include -I.. -I/media/gwind/windcode/openwrt-ssd20x/18.06/build_dir/target-arm-linux-gnueabihf_glibc/linux-sstar_ssd20x/linux-4.9.84/user_headers/include/uapi -I/media/gwind/windcode/openwrt-ssd20x/18.06/build_dir/target-arm-linux-gnueabihf_glibc/linux-sstar_ssd20x/linux-4.9.84/user_headers/include -I/media/gwind/windcode/openwrt-ssd20x/18.06/build_dir/target-arm-linux-gnueabihf_glibc/linux-sstar_ssd20x/linux-4.9.84/user_headers/include/uapi -I/media/gwind/windcode/openwrt-ssd20x/18.06/build_dir/target-arm-linux-gnueabihf_glibc/linux-sstar_ssd20x/linux-4.9.84/user_headers/include -I/media/gwind/windcode/openwrt-ssd20x/18.06/build_dir/target-arm-linux-gnueabihf_glibc/linux-sstar_ssd20x/iptables-1.6.2/include -I/media/gwind/windcode/openwrt-ssd20x/18.06/build_dir/target-arm-linux-gnueabihf_glibc/linux-sstar_ssd20x/linux-4.9.84/user_headers/include -I/media/gwind/windcode/openwrt-ssd20x/18.06/staging_dir/target-arm-linux-gnueabihf_glibc/usr/include -I/media/gwind/windcode/openwrt-ssd20x/18.06/staging_dir/target-arm-linux-gnueabihf_glibc/include    -Wp,-MMD,./.libip6t_dst.oo.d,-MT,libip6t_dst.oo -Wall -Waggregate-return -Wmissing-declarations 	-Wmissing-prototypes -Wredundant-decls -Wshadow -Wstrict-prototypes 	-Winline -pipe -D_INIT=libip6t_dst_init -DPIC -fPIC -Os -pipe -Wno-implicit-fallthrough -mfpu=neon -Wno-format-overflow -fno-caller-saves -fno-plt -mfloat-abi=hard  -D_FORTIFY_SOURCE=1 -Wl,-z,now -Wl,-z,relro -I/media/gwind/windcode/openwrt-ssd20x/18.06/build_dir/target-arm-linux-gnueabihf_glibc/linux-sstar_ssd20x/iptables-1.6.2/include -I/media/gwind/windcode/openwrt-ssd20x/18.06/build_dir/target-arm-linux-gnueabihf_glibc/linux-sstar_ssd20x/linux-4.9.84/user_headers/include -ffunction-sections -fdata-sections -DNO_LEGACY  -o libip6t_dst.oo -c libip6t_dst.c;
arm-linux-gnueabihf-gcc -Wl,--no-undefined -L/media/gwind/windcode/openwrt-ssd20x/18.06/staging_dir/target-arm-linux-gnueabihf_glibc/usr/lib -L/media/gwind/windcode/openwrt-ssd20x/18.06/staging_dir/target-arm-linux-gnueabihf_glibc/lib -L/opt/ssd20x/gcc-arm-8.2-2018.08-x86_64-arm-linux-gnueabihf/arm-linux-gnueabihf/libc/usr/lib -L/opt/ssd20x/gcc-arm-8.2-2018.08-x86_64-arm-linux-gnueabihf/arm-linux-gnueabihf/libc/lib -znow -zrelro -Wl,--gc-sections  -shared -o libip6t_dst.so libip6t_dst.oo -L../libxtables/.libs -lxtables ;
arm-linux-gnueabihf-gcc -D_LARGEFILE_SOURCE=1 -D_LARGE_FILES -D_FILE_OFFSET_BITS=64 -D_REENTRANT 	-DXTABLES_LIBDIR=\"/usr/lib/iptables\" -DXTABLES_INTERNAL -I../include -I.. -I../include -I.. -I/media/gwind/windcode/openwrt-ssd20x/18.06/build_dir/target-arm-linux-gnueabihf_glibc/linux-sstar_ssd20x/linux-4.9.84/user_headers/include/uapi -I/media/gwind/windcode/openwrt-ssd20x/18.06/build_dir/target-arm-linux-gnueabihf_glibc/linux-sstar_ssd20x/linux-4.9.84/user_headers/include -I/media/gwind/windcode/openwrt-ssd20x/18.06/build_dir/target-arm-linux-gnueabihf_glibc/linux-sstar_ssd20x/linux-4.9.84/user_headers/include/uapi -I/media/gwind/windcode/openwrt-ssd20x/18.06/build_dir/target-arm-linux-gnueabihf_glibc/linux-sstar_ssd20x/linux-4.9.84/user_headers/include -I/media/gwind/windcode/openwrt-ssd20x/18.06/build_dir/target-arm-linux-gnueabihf_glibc/linux-sstar_ssd20x/iptables-1.6.2/include -I/media/gwind/windcode/openwrt-ssd20x/18.06/build_dir/target-arm-linux-gnueabihf_glibc/linux-sstar_ssd20x/linux-4.9.84/user_headers/include -I/media/gwind/windcode/openwrt-ssd20x/18.06/staging_dir/target-arm-linux-gnueabihf_glibc/usr/include -I/media/gwind/windcode/openwrt-ssd20x/18.06/staging_dir/target-arm-linux-gnueabihf_glibc/include    -Wp,-MMD,./.libip6t_eui64.oo.d,-MT,libip6t_eui64.oo -Wall -Waggregate-return -Wmissing-declarations 	-Wmissing-prototypes -Wredundant-decls -Wshadow -Wstrict-prototypes 	-Winline -pipe -D_INIT=libip6t_eui64_init -DPIC -fPIC -Os -pipe -Wno-implicit-fallthrough -mfpu=neon -Wno-format-overflow -fno-caller-saves -fno-plt -mfloat-abi=hard  -D_FORTIFY_SOURCE=1 -Wl,-z,now -Wl,-z,relro -I/media/gwind/windcode/openwrt-ssd20x/18.06/build_dir/target-arm-linux-gnueabihf_glibc/linux-sstar_ssd20x/iptables-1.6.2/include -I/media/gwind/windcode/openwrt-ssd20x/18.06/build_dir/target-arm-linux-gnueabihf_glibc/linux-sstar_ssd20x/linux-4.9.84/user_headers/include -ffunction-sections -fdata-sections -DNO_LEGACY  -o libip6t_eui64.oo -c libip6t_eui64.c;
arm-linux-gnueabihf-gcc -Wl,--no-undefined -L/media/gwind/windcode/openwrt-ssd20x/18.06/staging_dir/target-arm-linux-gnueabihf_glibc/usr/lib -L/media/gwind/windcode/openwrt-ssd20x/18.06/staging_dir/target-arm-linux-gnueabihf_glibc/lib -L/opt/ssd20x/gcc-arm-8.2-2018.08-x86_64-arm-linux-gnueabihf/arm-linux-gnueabihf/libc/usr/lib -L/opt/ssd20x/gcc-arm-8.2-2018.08-x86_64-arm-linux-gnueabihf/arm-linux-gnueabihf/libc/lib -znow -zrelro -Wl,--gc-sections  -shared -o libip6t_eui64.so libip6t_eui64.oo -L../libxtables/.libs -lxtables ;
arm-linux-gnueabihf-gcc -D_LARGEFILE_SOURCE=1 -D_LARGE_FILES -D_FILE_OFFSET_BITS=64 -D_REENTRANT 	-DXTABLES_LIBDIR=\"/usr/lib/iptables\" -DXTABLES_INTERNAL -I../include -I.. -I../include -I.. -I/media/gwind/windcode/openwrt-ssd20x/18.06/build_dir/target-arm-linux-gnueabihf_glibc/linux-sstar_ssd20x/linux-4.9.84/user_headers/include/uapi -I/media/gwind/windcode/openwrt-ssd20x/18.06/build_dir/target-arm-linux-gnueabihf_glibc/linux-sstar_ssd20x/linux-4.9.84/user_headers/include -I/media/gwind/windcode/openwrt-ssd20x/18.06/build_dir/target-arm-linux-gnueabihf_glibc/linux-sstar_ssd20x/linux-4.9.84/user_headers/include/uapi -I/media/gwind/windcode/openwrt-ssd20x/18.06/build_dir/target-arm-linux-gnueabihf_glibc/linux-sstar_ssd20x/linux-4.9.84/user_headers/include -I/media/gwind/windcode/openwrt-ssd20x/18.06/build_dir/target-arm-linux-gnueabihf_glibc/linux-sstar_ssd20x/iptables-1.6.2/include -I/media/gwind/windcode/openwrt-ssd20x/18.06/build_dir/target-arm-linux-gnueabihf_glibc/linux-sstar_ssd20x/linux-4.9.84/user_headers/include -I/media/gwind/windcode/openwrt-ssd20x/18.06/staging_dir/target-arm-linux-gnueabihf_glibc/usr/include -I/media/gwind/windcode/openwrt-ssd20x/18.06/staging_dir/target-arm-linux-gnueabihf_glibc/include    -Wp,-MMD,./.libip6t_frag.oo.d,-MT,libip6t_frag.oo -Wall -Waggregate-return -Wmissing-declarations 	-Wmissing-prototypes -Wredundant-decls -Wshadow -Wstrict-prototypes 	-Winline -pipe -D_INIT=libip6t_frag_init -DPIC -fPIC -Os -pipe -Wno-implicit-fallthrough -mfpu=neon -Wno-format-overflow -fno-caller-saves -fno-plt -mfloat-abi=hard  -D_FORTIFY_SOURCE=1 -Wl,-z,now -Wl,-z,relro -I/media/gwind/windcode/openwrt-ssd20x/18.06/build_dir/target-arm-linux-gnueabihf_glibc/linux-sstar_ssd20x/iptables-1.6.2/include -I/media/gwind/windcode/openwrt-ssd20x/18.06/build_dir/target-arm-linux-gnueabihf_glibc/linux-sstar_ssd20x/linux-4.9.84/user_headers/include -ffunction-sections -fdata-sections -DNO_LEGACY  -o libip6t_frag.oo -c libip6t_frag.c;
arm-linux-gnueabihf-gcc -Wl,--no-undefined -L/media/gwind/windcode/openwrt-ssd20x/18.06/staging_dir/target-arm-linux-gnueabihf_glibc/usr/lib -L/media/gwind/windcode/openwrt-ssd20x/18.06/staging_dir/target-arm-linux-gnueabihf_glibc/lib -L/opt/ssd20x/gcc-arm-8.2-2018.08-x86_64-arm-linux-gnueabihf/arm-linux-gnueabihf/libc/usr/lib -L/opt/ssd20x/gcc-arm-8.2-2018.08-x86_64-arm-linux-gnueabihf/arm-linux-gnueabihf/libc/lib -znow -zrelro -Wl,--gc-sections  -shared -o libip6t_frag.so libip6t_frag.oo -L../libxtables/.libs -lxtables ;
arm-linux-gnueabihf-gcc -D_LARGEFILE_SOURCE=1 -D_LARGE_FILES -D_FILE_OFFSET_BITS=64 -D_REENTRANT 	-DXTABLES_LIBDIR=\"/usr/lib/iptables\" -DXTABLES_INTERNAL -I../include -I.. -I../include -I.. -I/media/gwind/windcode/openwrt-ssd20x/18.06/build_dir/target-arm-linux-gnueabihf_glibc/linux-sstar_ssd20x/linux-4.9.84/user_headers/include/uapi -I/media/gwind/windcode/openwrt-ssd20x/18.06/build_dir/target-arm-linux-gnueabihf_glibc/linux-sstar_ssd20x/linux-4.9.84/user_headers/include -I/media/gwind/windcode/openwrt-ssd20x/18.06/build_dir/target-arm-linux-gnueabihf_glibc/linux-sstar_ssd20x/linux-4.9.84/user_headers/include/uapi -I/media/gwind/windcode/openwrt-ssd20x/18.06/build_dir/target-arm-linux-gnueabihf_glibc/linux-sstar_ssd20x/linux-4.9.84/user_headers/include -I/media/gwind/windcode/openwrt-ssd20x/18.06/build_dir/target-arm-linux-gnueabihf_glibc/linux-sstar_ssd20x/iptables-1.6.2/include -I/media/gwind/windcode/openwrt-ssd20x/18.06/build_dir/target-arm-linux-gnueabihf_glibc/linux-sstar_ssd20x/linux-4.9.84/user_headers/include -I/media/gwind/windcode/openwrt-ssd20x/18.06/staging_dir/target-arm-linux-gnueabihf_glibc/usr/include -I/media/gwind/windcode/openwrt-ssd20x/18.06/staging_dir/target-arm-linux-gnueabihf_glibc/include    -Wp,-MMD,./.libip6t_hbh.oo.d,-MT,libip6t_hbh.oo -Wall -Waggregate-return -Wmissing-declarations 	-Wmissing-prototypes -Wredundant-decls -Wshadow -Wstrict-prototypes 	-Winline -pipe -D_INIT=libip6t_hbh_init -DPIC -fPIC -Os -pipe -Wno-implicit-fallthrough -mfpu=neon -Wno-format-overflow -fno-caller-saves -fno-plt -mfloat-abi=hard  -D_FORTIFY_SOURCE=1 -Wl,-z,now -Wl,-z,relro -I/media/gwind/windcode/openwrt-ssd20x/18.06/build_dir/target-arm-linux-gnueabihf_glibc/linux-sstar_ssd20x/iptables-1.6.2/include -I/media/gwind/windcode/openwrt-ssd20x/18.06/build_dir/target-arm-linux-gnueabihf_glibc/linux-sstar_ssd20x/linux-4.9.84/user_headers/include -ffunction-sections -fdata-sections -DNO_LEGACY  -o libip6t_hbh.oo -c libip6t_hbh.c;
arm-linux-gnueabihf-gcc -Wl,--no-undefined -L/media/gwind/windcode/openwrt-ssd20x/18.06/staging_dir/target-arm-linux-gnueabihf_glibc/usr/lib -L/media/gwind/windcode/openwrt-ssd20x/18.06/staging_dir/target-arm-linux-gnueabihf_glibc/lib -L/opt/ssd20x/gcc-arm-8.2-2018.08-x86_64-arm-linux-gnueabihf/arm-linux-gnueabihf/libc/usr/lib -L/opt/ssd20x/gcc-arm-8.2-2018.08-x86_64-arm-linux-gnueabihf/arm-linux-gnueabihf/libc/lib -znow -zrelro -Wl,--gc-sections  -shared -o libip6t_hbh.so libip6t_hbh.oo -L../libxtables/.libs -lxtables ;
arm-linux-gnueabihf-gcc -D_LARGEFILE_SOURCE=1 -D_LARGE_FILES -D_FILE_OFFSET_BITS=64 -D_REENTRANT 	-DXTABLES_LIBDIR=\"/usr/lib/iptables\" -DXTABLES_INTERNAL -I../include -I.. -I../include -I.. -I/media/gwind/windcode/openwrt-ssd20x/18.06/build_dir/target-arm-linux-gnueabihf_glibc/linux-sstar_ssd20x/linux-4.9.84/user_headers/include/uapi -I/media/gwind/windcode/openwrt-ssd20x/18.06/build_dir/target-arm-linux-gnueabihf_glibc/linux-sstar_ssd20x/linux-4.9.84/user_headers/include -I/media/gwind/windcode/openwrt-ssd20x/18.06/build_dir/target-arm-linux-gnueabihf_glibc/linux-sstar_ssd20x/linux-4.9.84/user_headers/include/uapi -I/media/gwind/windcode/openwrt-ssd20x/18.06/build_dir/target-arm-linux-gnueabihf_glibc/linux-sstar_ssd20x/linux-4.9.84/user_headers/include -I/media/gwind/windcode/openwrt-ssd20x/18.06/build_dir/target-arm-linux-gnueabihf_glibc/linux-sstar_ssd20x/iptables-1.6.2/include -I/media/gwind/windcode/openwrt-ssd20x/18.06/build_dir/target-arm-linux-gnueabihf_glibc/linux-sstar_ssd20x/linux-4.9.84/user_headers/include -I/media/gwind/windcode/openwrt-ssd20x/18.06/staging_dir/target-arm-linux-gnueabihf_glibc/usr/include -I/media/gwind/windcode/openwrt-ssd20x/18.06/staging_dir/target-arm-linux-gnueabihf_glibc/include    -Wp,-MMD,./.libip6t_hl.oo.d,-MT,libip6t_hl.oo -Wall -Waggregate-return -Wmissing-declarations 	-Wmissing-prototypes -Wredundant-decls -Wshadow -Wstrict-prototypes 	-Winline -pipe -D_INIT=libip6t_hl_init -DPIC -fPIC -Os -pipe -Wno-implicit-fallthrough -mfpu=neon -Wno-format-overflow -fno-caller-saves -fno-plt -mfloat-abi=hard  -D_FORTIFY_SOURCE=1 -Wl,-z,now -Wl,-z,relro -I/media/gwind/windcode/openwrt-ssd20x/18.06/build_dir/target-arm-linux-gnueabihf_glibc/linux-sstar_ssd20x/iptables-1.6.2/include -I/media/gwind/windcode/openwrt-ssd20x/18.06/build_dir/target-arm-linux-gnueabihf_glibc/linux-sstar_ssd20x/linux-4.9.84/user_headers/include -ffunction-sections -fdata-sections -DNO_LEGACY  -o libip6t_hl.oo -c libip6t_hl.c;
arm-linux-gnueabihf-gcc -Wl,--no-undefined -L/media/gwind/windcode/openwrt-ssd20x/18.06/staging_dir/target-arm-linux-gnueabihf_glibc/usr/lib -L/media/gwind/windcode/openwrt-ssd20x/18.06/staging_dir/target-arm-linux-gnueabihf_glibc/lib -L/opt/ssd20x/gcc-arm-8.2-2018.08-x86_64-arm-linux-gnueabihf/arm-linux-gnueabihf/libc/usr/lib -L/opt/ssd20x/gcc-arm-8.2-2018.08-x86_64-arm-linux-gnueabihf/arm-linux-gnueabihf/libc/lib -znow -zrelro -Wl,--gc-sections  -shared -o libip6t_hl.so libip6t_hl.oo -L../libxtables/.libs -lxtables ;
arm-linux-gnueabihf-gcc -D_LARGEFILE_SOURCE=1 -D_LARGE_FILES -D_FILE_OFFSET_BITS=64 -D_REENTRANT 	-DXTABLES_LIBDIR=\"/usr/lib/iptables\" -DXTABLES_INTERNAL -I../include -I.. -I../include -I.. -I/media/gwind/windcode/openwrt-ssd20x/18.06/build_dir/target-arm-linux-gnueabihf_glibc/linux-sstar_ssd20x/linux-4.9.84/user_headers/include/uapi -I/media/gwind/windcode/openwrt-ssd20x/18.06/build_dir/target-arm-linux-gnueabihf_glibc/linux-sstar_ssd20x/linux-4.9.84/user_headers/include -I/media/gwind/windcode/openwrt-ssd20x/18.06/build_dir/target-arm-linux-gnueabihf_glibc/linux-sstar_ssd20x/linux-4.9.84/user_headers/include/uapi -I/media/gwind/windcode/openwrt-ssd20x/18.06/build_dir/target-arm-linux-gnueabihf_glibc/linux-sstar_ssd20x/linux-4.9.84/user_headers/include -I/media/gwind/windcode/openwrt-ssd20x/18.06/build_dir/target-arm-linux-gnueabihf_glibc/linux-sstar_ssd20x/iptables-1.6.2/include -I/media/gwind/windcode/openwrt-ssd20x/18.06/build_dir/target-arm-linux-gnueabihf_glibc/linux-sstar_ssd20x/linux-4.9.84/user_headers/include -I/media/gwind/windcode/openwrt-ssd20x/18.06/staging_dir/target-arm-linux-gnueabihf_glibc/usr/include -I/media/gwind/windcode/openwrt-ssd20x/18.06/staging_dir/target-arm-linux-gnueabihf_glibc/include    -Wp,-MMD,./.libip6t_icmp6.oo.d,-MT,libip6t_icmp6.oo -Wall -Waggregate-return -Wmissing-declarations 	-Wmissing-prototypes -Wredundant-decls -Wshadow -Wstrict-prototypes 	-Winline -pipe -D_INIT=libip6t_icmp6_init -DPIC -fPIC -Os -pipe -Wno-implicit-fallthrough -mfpu=neon -Wno-format-overflow -fno-caller-saves -fno-plt -mfloat-abi=hard  -D_FORTIFY_SOURCE=1 -Wl,-z,now -Wl,-z,relro -I/media/gwind/windcode/openwrt-ssd20x/18.06/build_dir/target-arm-linux-gnueabihf_glibc/linux-sstar_ssd20x/iptables-1.6.2/include -I/media/gwind/windcode/openwrt-ssd20x/18.06/build_dir/target-arm-linux-gnueabihf_glibc/linux-sstar_ssd20x/linux-4.9.84/user_headers/include -ffunction-sections -fdata-sections -DNO_LEGACY  -o libip6t_icmp6.oo -c libip6t_icmp6.c;
arm-linux-gnueabihf-gcc -Wl,--no-undefined -L/media/gwind/windcode/openwrt-ssd20x/18.06/staging_dir/target-arm-linux-gnueabihf_glibc/usr/lib -L/media/gwind/windcode/openwrt-ssd20x/18.06/staging_dir/target-arm-linux-gnueabihf_glibc/lib -L/opt/ssd20x/gcc-arm-8.2-2018.08-x86_64-arm-linux-gnueabihf/arm-linux-gnueabihf/libc/usr/lib -L/opt/ssd20x/gcc-arm-8.2-2018.08-x86_64-arm-linux-gnueabihf/arm-linux-gnueabihf/libc/lib -znow -zrelro -Wl,--gc-sections  -shared -o libip6t_icmp6.so libip6t_icmp6.oo -L../libxtables/.libs -lxtables ;
arm-linux-gnueabihf-gcc -D_LARGEFILE_SOURCE=1 -D_LARGE_FILES -D_FILE_OFFSET_BITS=64 -D_REENTRANT 	-DXTABLES_LIBDIR=\"/usr/lib/iptables\" -DXTABLES_INTERNAL -I../include -I.. -I../include -I.. -I/media/gwind/windcode/openwrt-ssd20x/18.06/build_dir/target-arm-linux-gnueabihf_glibc/linux-sstar_ssd20x/linux-4.9.84/user_headers/include/uapi -I/media/gwind/windcode/openwrt-ssd20x/18.06/build_dir/target-arm-linux-gnueabihf_glibc/linux-sstar_ssd20x/linux-4.9.84/user_headers/include -I/media/gwind/windcode/openwrt-ssd20x/18.06/build_dir/target-arm-linux-gnueabihf_glibc/linux-sstar_ssd20x/linux-4.9.84/user_headers/include/uapi -I/media/gwind/windcode/openwrt-ssd20x/18.06/build_dir/target-arm-linux-gnueabihf_glibc/linux-sstar_ssd20x/linux-4.9.84/user_headers/include -I/media/gwind/windcode/openwrt-ssd20x/18.06/build_dir/target-arm-linux-gnueabihf_glibc/linux-sstar_ssd20x/iptables-1.6.2/include -I/media/gwind/windcode/openwrt-ssd20x/18.06/build_dir/target-arm-linux-gnueabihf_glibc/linux-sstar_ssd20x/linux-4.9.84/user_headers/include -I/media/gwind/windcode/openwrt-ssd20x/18.06/staging_dir/target-arm-linux-gnueabihf_glibc/usr/include -I/media/gwind/windcode/openwrt-ssd20x/18.06/staging_dir/target-arm-linux-gnueabihf_glibc/include    -Wp,-MMD,./.libip6t_ipv6header.oo.d,-MT,libip6t_ipv6header.oo -Wall -Waggregate-return -Wmissing-declarations 	-Wmissing-prototypes -Wredundant-decls -Wshadow -Wstrict-prototypes 	-Winline -pipe -D_INIT=libip6t_ipv6header_init -DPIC -fPIC -Os -pipe -Wno-implicit-fallthrough -mfpu=neon -Wno-format-overflow -fno-caller-saves -fno-plt -mfloat-abi=hard  -D_FORTIFY_SOURCE=1 -Wl,-z,now -Wl,-z,relro -I/media/gwind/windcode/openwrt-ssd20x/18.06/build_dir/target-arm-linux-gnueabihf_glibc/linux-sstar_ssd20x/iptables-1.6.2/include -I/media/gwind/windcode/openwrt-ssd20x/18.06/build_dir/target-arm-linux-gnueabihf_glibc/linux-sstar_ssd20x/linux-4.9.84/user_headers/include -ffunction-sections -fdata-sections -DNO_LEGACY  -o libip6t_ipv6header.oo -c libip6t_ipv6header.c;
arm-linux-gnueabihf-gcc -Wl,--no-undefined -L/media/gwind/windcode/openwrt-ssd20x/18.06/staging_dir/target-arm-linux-gnueabihf_glibc/usr/lib -L/media/gwind/windcode/openwrt-ssd20x/18.06/staging_dir/target-arm-linux-gnueabihf_glibc/lib -L/opt/ssd20x/gcc-arm-8.2-2018.08-x86_64-arm-linux-gnueabihf/arm-linux-gnueabihf/libc/usr/lib -L/opt/ssd20x/gcc-arm-8.2-2018.08-x86_64-arm-linux-gnueabihf/arm-linux-gnueabihf/libc/lib -znow -zrelro -Wl,--gc-sections  -shared -o libip6t_ipv6header.so libip6t_ipv6header.oo -L../libxtables/.libs -lxtables ;
arm-linux-gnueabihf-gcc -D_LARGEFILE_SOURCE=1 -D_LARGE_FILES -D_FILE_OFFSET_BITS=64 -D_REENTRANT 	-DXTABLES_LIBDIR=\"/usr/lib/iptables\" -DXTABLES_INTERNAL -I../include -I.. -I../include -I.. -I/media/gwind/windcode/openwrt-ssd20x/18.06/build_dir/target-arm-linux-gnueabihf_glibc/linux-sstar_ssd20x/linux-4.9.84/user_headers/include/uapi -I/media/gwind/windcode/openwrt-ssd20x/18.06/build_dir/target-arm-linux-gnueabihf_glibc/linux-sstar_ssd20x/linux-4.9.84/user_headers/include -I/media/gwind/windcode/openwrt-ssd20x/18.06/build_dir/target-arm-linux-gnueabihf_glibc/linux-sstar_ssd20x/linux-4.9.84/user_headers/include/uapi -I/media/gwind/windcode/openwrt-ssd20x/18.06/build_dir/target-arm-linux-gnueabihf_glibc/linux-sstar_ssd20x/linux-4.9.84/user_headers/include -I/media/gwind/windcode/openwrt-ssd20x/18.06/build_dir/target-arm-linux-gnueabihf_glibc/linux-sstar_ssd20x/iptables-1.6.2/include -I/media/gwind/windcode/openwrt-ssd20x/18.06/build_dir/target-arm-linux-gnueabihf_glibc/linux-sstar_ssd20x/linux-4.9.84/user_headers/include -I/media/gwind/windcode/openwrt-ssd20x/18.06/staging_dir/target-arm-linux-gnueabihf_glibc/usr/include -I/media/gwind/windcode/openwrt-ssd20x/18.06/staging_dir/target-arm-linux-gnueabihf_glibc/include    -Wp,-MMD,./.libip6t_mh.oo.d,-MT,libip6t_mh.oo -Wall -Waggregate-return -Wmissing-declarations 	-Wmissing-prototypes -Wredundant-decls -Wshadow -Wstrict-prototypes 	-Winline -pipe -D_INIT=libip6t_mh_init -DPIC -fPIC -Os -pipe -Wno-implicit-fallthrough -mfpu=neon -Wno-format-overflow -fno-caller-saves -fno-plt -mfloat-abi=hard  -D_FORTIFY_SOURCE=1 -Wl,-z,now -Wl,-z,relro -I/media/gwind/windcode/openwrt-ssd20x/18.06/build_dir/target-arm-linux-gnueabihf_glibc/linux-sstar_ssd20x/iptables-1.6.2/include -I/media/gwind/windcode/openwrt-ssd20x/18.06/build_dir/target-arm-linux-gnueabihf_glibc/linux-sstar_ssd20x/linux-4.9.84/user_headers/include -ffunction-sections -fdata-sections -DNO_LEGACY  -o libip6t_mh.oo -c libip6t_mh.c;
arm-linux-gnueabihf-gcc -Wl,--no-undefined -L/media/gwind/windcode/openwrt-ssd20x/18.06/staging_dir/target-arm-linux-gnueabihf_glibc/usr/lib -L/media/gwind/windcode/openwrt-ssd20x/18.06/staging_dir/target-arm-linux-gnueabihf_glibc/lib -L/opt/ssd20x/gcc-arm-8.2-2018.08-x86_64-arm-linux-gnueabihf/arm-linux-gnueabihf/libc/usr/lib -L/opt/ssd20x/gcc-arm-8.2-2018.08-x86_64-arm-linux-gnueabihf/arm-linux-gnueabihf/libc/lib -znow -zrelro -Wl,--gc-sections  -shared -o libip6t_mh.so libip6t_mh.oo -L../libxtables/.libs -lxtables ;
arm-linux-gnueabihf-gcc -D_LARGEFILE_SOURCE=1 -D_LARGE_FILES -D_FILE_OFFSET_BITS=64 -D_REENTRANT 	-DXTABLES_LIBDIR=\"/usr/lib/iptables\" -DXTABLES_INTERNAL -I../include -I.. -I../include -I.. -I/media/gwind/windcode/openwrt-ssd20x/18.06/build_dir/target-arm-linux-gnueabihf_glibc/linux-sstar_ssd20x/linux-4.9.84/user_headers/include/uapi -I/media/gwind/windcode/openwrt-ssd20x/18.06/build_dir/target-arm-linux-gnueabihf_glibc/linux-sstar_ssd20x/linux-4.9.84/user_headers/include -I/media/gwind/windcode/openwrt-ssd20x/18.06/build_dir/target-arm-linux-gnueabihf_glibc/linux-sstar_ssd20x/linux-4.9.84/user_headers/include/uapi -I/media/gwind/windcode/openwrt-ssd20x/18.06/build_dir/target-arm-linux-gnueabihf_glibc/linux-sstar_ssd20x/linux-4.9.84/user_headers/include -I/media/gwind/windcode/openwrt-ssd20x/18.06/build_dir/target-arm-linux-gnueabihf_glibc/linux-sstar_ssd20x/iptables-1.6.2/include -I/media/gwind/windcode/openwrt-ssd20x/18.06/build_dir/target-arm-linux-gnueabihf_glibc/linux-sstar_ssd20x/linux-4.9.84/user_headers/include -I/media/gwind/windcode/openwrt-ssd20x/18.06/staging_dir/target-arm-linux-gnueabihf_glibc/usr/include -I/media/gwind/windcode/openwrt-ssd20x/18.06/staging_dir/target-arm-linux-gnueabihf_glibc/include    -Wp,-MMD,./.libip6t_rt.oo.d,-MT,libip6t_rt.oo -Wall -Waggregate-return -Wmissing-declarations 	-Wmissing-prototypes -Wredundant-decls -Wshadow -Wstrict-prototypes 	-Winline -pipe -D_INIT=libip6t_rt_init -DPIC -fPIC -Os -pipe -Wno-implicit-fallthrough -mfpu=neon -Wno-format-overflow -fno-caller-saves -fno-plt -mfloat-abi=hard  -D_FORTIFY_SOURCE=1 -Wl,-z,now -Wl,-z,relro -I/media/gwind/windcode/openwrt-ssd20x/18.06/build_dir/target-arm-linux-gnueabihf_glibc/linux-sstar_ssd20x/iptables-1.6.2/include -I/media/gwind/windcode/openwrt-ssd20x/18.06/build_dir/target-arm-linux-gnueabihf_glibc/linux-sstar_ssd20x/linux-4.9.84/user_headers/include -ffunction-sections -fdata-sections -DNO_LEGACY  -o libip6t_rt.oo -c libip6t_rt.c;
arm-linux-gnueabihf-gcc -Wl,--no-undefined -L/media/gwind/windcode/openwrt-ssd20x/18.06/staging_dir/target-arm-linux-gnueabihf_glibc/usr/lib -L/media/gwind/windcode/openwrt-ssd20x/18.06/staging_dir/target-arm-linux-gnueabihf_glibc/lib -L/opt/ssd20x/gcc-arm-8.2-2018.08-x86_64-arm-linux-gnueabihf/arm-linux-gnueabihf/libc/usr/lib -L/opt/ssd20x/gcc-arm-8.2-2018.08-x86_64-arm-linux-gnueabihf/arm-linux-gnueabihf/libc/lib -znow -zrelro -Wl,--gc-sections  -shared -o libip6t_rt.so libip6t_rt.oo -L../libxtables/.libs -lxtables ;
arm-linux-gnueabihf-gcc -D_LARGEFILE_SOURCE=1 -D_LARGE_FILES -D_FILE_OFFSET_BITS=64 -D_REENTRANT 	-DXTABLES_LIBDIR=\"/usr/lib/iptables\" -DXTABLES_INTERNAL -I../include -I.. -I../include -I.. -I/media/gwind/windcode/openwrt-ssd20x/18.06/build_dir/target-arm-linux-gnueabihf_glibc/linux-sstar_ssd20x/linux-4.9.84/user_headers/include/uapi -I/media/gwind/windcode/openwrt-ssd20x/18.06/build_dir/target-arm-linux-gnueabihf_glibc/linux-sstar_ssd20x/linux-4.9.84/user_headers/include -I/media/gwind/windcode/openwrt-ssd20x/18.06/build_dir/target-arm-linux-gnueabihf_glibc/linux-sstar_ssd20x/linux-4.9.84/user_headers/include/uapi -I/media/gwind/windcode/openwrt-ssd20x/18.06/build_dir/target-arm-linux-gnueabihf_glibc/linux-sstar_ssd20x/linux-4.9.84/user_headers/include -I/media/gwind/windcode/openwrt-ssd20x/18.06/build_dir/target-arm-linux-gnueabihf_glibc/linux-sstar_ssd20x/iptables-1.6.2/include -I/media/gwind/windcode/openwrt-ssd20x/18.06/build_dir/target-arm-linux-gnueabihf_glibc/linux-sstar_ssd20x/linux-4.9.84/user_headers/include -I/media/gwind/windcode/openwrt-ssd20x/18.06/staging_dir/target-arm-linux-gnueabihf_glibc/usr/include -I/media/gwind/windcode/openwrt-ssd20x/18.06/staging_dir/target-arm-linux-gnueabihf_glibc/include    -Wp,-MMD,./.libip6t_srh.oo.d,-MT,libip6t_srh.oo -Wall -Waggregate-return -Wmissing-declarations 	-Wmissing-prototypes -Wredundant-decls -Wshadow -Wstrict-prototypes 	-Winline -pipe -D_INIT=libip6t_srh_init -DPIC -fPIC -Os -pipe -Wno-implicit-fallthrough -mfpu=neon -Wno-format-overflow -fno-caller-saves -fno-plt -mfloat-abi=hard  -D_FORTIFY_SOURCE=1 -Wl,-z,now -Wl,-z,relro -I/media/gwind/windcode/openwrt-ssd20x/18.06/build_dir/target-arm-linux-gnueabihf_glibc/linux-sstar_ssd20x/iptables-1.6.2/include -I/media/gwind/windcode/openwrt-ssd20x/18.06/build_dir/target-arm-linux-gnueabihf_glibc/linux-sstar_ssd20x/linux-4.9.84/user_headers/include -ffunction-sections -fdata-sections -DNO_LEGACY  -o libip6t_srh.oo -c libip6t_srh.c;
arm-linux-gnueabihf-gcc -Wl,--no-undefined -L/media/gwind/windcode/openwrt-ssd20x/18.06/staging_dir/target-arm-linux-gnueabihf_glibc/usr/lib -L/media/gwind/windcode/openwrt-ssd20x/18.06/staging_dir/target-arm-linux-gnueabihf_glibc/lib -L/opt/ssd20x/gcc-arm-8.2-2018.08-x86_64-arm-linux-gnueabihf/arm-linux-gnueabihf/libc/usr/lib -L/opt/ssd20x/gcc-arm-8.2-2018.08-x86_64-arm-linux-gnueabihf/arm-linux-gnueabihf/libc/lib -znow -zrelro -Wl,--gc-sections  -shared -o libip6t_srh.so libip6t_srh.oo -L../libxtables/.libs -lxtables ;
make[6]: Leaving directory '/media/gwind/windcode/openwrt-ssd20x/18.06/build_dir/target-arm-linux-gnueabihf_glibc/linux-sstar_ssd20x/iptables-1.6.2/extensions'
Making all in iptables
make[6]: Entering directory '/media/gwind/windcode/openwrt-ssd20x/18.06/build_dir/target-arm-linux-gnueabihf_glibc/linux-sstar_ssd20x/iptables-1.6.2/iptables'
make  all-am
make[7]: Entering directory '/media/gwind/windcode/openwrt-ssd20x/18.06/build_dir/target-arm-linux-gnueabihf_glibc/linux-sstar_ssd20x/iptables-1.6.2/iptables'
arm-linux-gnueabihf-gcc -DHAVE_CONFIG_H -I. -I..  -D_LARGEFILE_SOURCE=1 -D_LARGE_FILES -D_FILE_OFFSET_BITS=64 -D_REENTRANT 	-DXTABLES_LIBDIR=\"/usr/lib/iptables\" -DXTABLES_INTERNAL -I../include -I../include -I.. -I/media/gwind/windcode/openwrt-ssd20x/18.06/build_dir/target-arm-linux-gnueabihf_glibc/linux-sstar_ssd20x/linux-4.9.84/user_headers/include/uapi -I/media/gwind/windcode/openwrt-ssd20x/18.06/build_dir/target-arm-linux-gnueabihf_glibc/linux-sstar_ssd20x/linux-4.9.84/user_headers/include -I/media/gwind/windcode/openwrt-ssd20x/18.06/build_dir/target-arm-linux-gnueabihf_glibc/linux-sstar_ssd20x/linux-4.9.84/user_headers/include/uapi -I/media/gwind/windcode/openwrt-ssd20x/18.06/build_dir/target-arm-linux-gnueabihf_glibc/linux-sstar_ssd20x/linux-4.9.84/user_headers/include    -I/media/gwind/windcode/openwrt-ssd20x/18.06/build_dir/target-arm-linux-gnueabihf_glibc/linux-sstar_ssd20x/iptables-1.6.2/include -I/media/gwind/windcode/openwrt-ssd20x/18.06/build_dir/target-arm-linux-gnueabihf_glibc/linux-sstar_ssd20x/linux-4.9.84/user_headers/include -I/media/gwind/windcode/openwrt-ssd20x/18.06/staging_dir/target-arm-linux-gnueabihf_glibc/usr/include -I/media/gwind/windcode/openwrt-ssd20x/18.06/staging_dir/target-arm-linux-gnueabihf_glibc/include  -Wall -Waggregate-return -Wmissing-declarations 	-Wmissing-prototypes -Wredundant-decls -Wshadow -Wstrict-prototypes 	-Winline -pipe -DALL_INCLUSIVE -DENABLE_IPV4 -DENABLE_IPV6 -Os -pipe -Wno-implicit-fallthrough -mfpu=neon -Wno-format-overflow -fno-caller-saves -fno-plt -mfloat-abi=hard  -D_FORTIFY_SOURCE=1 -Wl,-z,now -Wl,-z,relro -I/media/gwind/windcode/openwrt-ssd20x/18.06/build_dir/target-arm-linux-gnueabihf_glibc/linux-sstar_ssd20x/iptables-1.6.2/include -I/media/gwind/windcode/openwrt-ssd20x/18.06/build_dir/target-arm-linux-gnueabihf_glibc/linux-sstar_ssd20x/linux-4.9.84/user_headers/include -ffunction-sections -fdata-sections -DNO_LEGACY  -MT xtables_multi-xtables-multi.o -MD -MP -MF .deps/xtables_multi-xtables-multi.Tpo -c -o xtables_multi-xtables-multi.o `test -f 'xtables-multi.c' || echo './'`xtables-multi.c
mv -f .deps/xtables_multi-xtables-multi.Tpo .deps/xtables_multi-xtables-multi.Po
arm-linux-gnueabihf-gcc -DHAVE_CONFIG_H -I. -I..  -D_LARGEFILE_SOURCE=1 -D_LARGE_FILES -D_FILE_OFFSET_BITS=64 -D_REENTRANT 	-DXTABLES_LIBDIR=\"/usr/lib/iptables\" -DXTABLES_INTERNAL -I../include -I../include -I.. -I/media/gwind/windcode/openwrt-ssd20x/18.06/build_dir/target-arm-linux-gnueabihf_glibc/linux-sstar_ssd20x/linux-4.9.84/user_headers/include/uapi -I/media/gwind/windcode/openwrt-ssd20x/18.06/build_dir/target-arm-linux-gnueabihf_glibc/linux-sstar_ssd20x/linux-4.9.84/user_headers/include -I/media/gwind/windcode/openwrt-ssd20x/18.06/build_dir/target-arm-linux-gnueabihf_glibc/linux-sstar_ssd20x/linux-4.9.84/user_headers/include/uapi -I/media/gwind/windcode/openwrt-ssd20x/18.06/build_dir/target-arm-linux-gnueabihf_glibc/linux-sstar_ssd20x/linux-4.9.84/user_headers/include    -I/media/gwind/windcode/openwrt-ssd20x/18.06/build_dir/target-arm-linux-gnueabihf_glibc/linux-sstar_ssd20x/iptables-1.6.2/include -I/media/gwind/windcode/openwrt-ssd20x/18.06/build_dir/target-arm-linux-gnueabihf_glibc/linux-sstar_ssd20x/linux-4.9.84/user_headers/include -I/media/gwind/windcode/openwrt-ssd20x/18.06/staging_dir/target-arm-linux-gnueabihf_glibc/usr/include -I/media/gwind/windcode/openwrt-ssd20x/18.06/staging_dir/target-arm-linux-gnueabihf_glibc/include  -Wall -Waggregate-return -Wmissing-declarations 	-Wmissing-prototypes -Wredundant-decls -Wshadow -Wstrict-prototypes 	-Winline -pipe -DALL_INCLUSIVE -DENABLE_IPV4 -DENABLE_IPV6 -Os -pipe -Wno-implicit-fallthrough -mfpu=neon -Wno-format-overflow -fno-caller-saves -fno-plt -mfloat-abi=hard  -D_FORTIFY_SOURCE=1 -Wl,-z,now -Wl,-z,relro -I/media/gwind/windcode/openwrt-ssd20x/18.06/build_dir/target-arm-linux-gnueabihf_glibc/linux-sstar_ssd20x/iptables-1.6.2/include -I/media/gwind/windcode/openwrt-ssd20x/18.06/build_dir/target-arm-linux-gnueabihf_glibc/linux-sstar_ssd20x/linux-4.9.84/user_headers/include -ffunction-sections -fdata-sections -DNO_LEGACY  -MT xtables_multi-iptables-xml.o -MD -MP -MF .deps/xtables_multi-iptables-xml.Tpo -c -o xtables_multi-iptables-xml.o `test -f 'iptables-xml.c' || echo './'`iptables-xml.c
mv -f .deps/xtables_multi-iptables-xml.Tpo .deps/xtables_multi-iptables-xml.Po
arm-linux-gnueabihf-gcc -DHAVE_CONFIG_H -I. -I..  -D_LARGEFILE_SOURCE=1 -D_LARGE_FILES -D_FILE_OFFSET_BITS=64 -D_REENTRANT 	-DXTABLES_LIBDIR=\"/usr/lib/iptables\" -DXTABLES_INTERNAL -I../include -I../include -I.. -I/media/gwind/windcode/openwrt-ssd20x/18.06/build_dir/target-arm-linux-gnueabihf_glibc/linux-sstar_ssd20x/linux-4.9.84/user_headers/include/uapi -I/media/gwind/windcode/openwrt-ssd20x/18.06/build_dir/target-arm-linux-gnueabihf_glibc/linux-sstar_ssd20x/linux-4.9.84/user_headers/include -I/media/gwind/windcode/openwrt-ssd20x/18.06/build_dir/target-arm-linux-gnueabihf_glibc/linux-sstar_ssd20x/linux-4.9.84/user_headers/include/uapi -I/media/gwind/windcode/openwrt-ssd20x/18.06/build_dir/target-arm-linux-gnueabihf_glibc/linux-sstar_ssd20x/linux-4.9.84/user_headers/include    -I/media/gwind/windcode/openwrt-ssd20x/18.06/build_dir/target-arm-linux-gnueabihf_glibc/linux-sstar_ssd20x/iptables-1.6.2/include -I/media/gwind/windcode/openwrt-ssd20x/18.06/build_dir/target-arm-linux-gnueabihf_glibc/linux-sstar_ssd20x/linux-4.9.84/user_headers/include -I/media/gwind/windcode/openwrt-ssd20x/18.06/staging_dir/target-arm-linux-gnueabihf_glibc/usr/include -I/media/gwind/windcode/openwrt-ssd20x/18.06/staging_dir/target-arm-linux-gnueabihf_glibc/include  -Wall -Waggregate-return -Wmissing-declarations 	-Wmissing-prototypes -Wredundant-decls -Wshadow -Wstrict-prototypes 	-Winline -pipe -DALL_INCLUSIVE -DENABLE_IPV4 -DENABLE_IPV6 -Os -pipe -Wno-implicit-fallthrough -mfpu=neon -Wno-format-overflow -fno-caller-saves -fno-plt -mfloat-abi=hard  -D_FORTIFY_SOURCE=1 -Wl,-z,now -Wl,-z,relro -I/media/gwind/windcode/openwrt-ssd20x/18.06/build_dir/target-arm-linux-gnueabihf_glibc/linux-sstar_ssd20x/iptables-1.6.2/include -I/media/gwind/windcode/openwrt-ssd20x/18.06/build_dir/target-arm-linux-gnueabihf_glibc/linux-sstar_ssd20x/linux-4.9.84/user_headers/include -ffunction-sections -fdata-sections -DNO_LEGACY  -MT xtables_multi-iptables-save.o -MD -MP -MF .deps/xtables_multi-iptables-save.Tpo -c -o xtables_multi-iptables-save.o `test -f 'iptables-save.c' || echo './'`iptables-save.c
mv -f .deps/xtables_multi-iptables-save.Tpo .deps/xtables_multi-iptables-save.Po
arm-linux-gnueabihf-gcc -DHAVE_CONFIG_H -I. -I..  -D_LARGEFILE_SOURCE=1 -D_LARGE_FILES -D_FILE_OFFSET_BITS=64 -D_REENTRANT 	-DXTABLES_LIBDIR=\"/usr/lib/iptables\" -DXTABLES_INTERNAL -I../include -I../include -I.. -I/media/gwind/windcode/openwrt-ssd20x/18.06/build_dir/target-arm-linux-gnueabihf_glibc/linux-sstar_ssd20x/linux-4.9.84/user_headers/include/uapi -I/media/gwind/windcode/openwrt-ssd20x/18.06/build_dir/target-arm-linux-gnueabihf_glibc/linux-sstar_ssd20x/linux-4.9.84/user_headers/include -I/media/gwind/windcode/openwrt-ssd20x/18.06/build_dir/target-arm-linux-gnueabihf_glibc/linux-sstar_ssd20x/linux-4.9.84/user_headers/include/uapi -I/media/gwind/windcode/openwrt-ssd20x/18.06/build_dir/target-arm-linux-gnueabihf_glibc/linux-sstar_ssd20x/linux-4.9.84/user_headers/include    -I/media/gwind/windcode/openwrt-ssd20x/18.06/build_dir/target-arm-linux-gnueabihf_glibc/linux-sstar_ssd20x/iptables-1.6.2/include -I/media/gwind/windcode/openwrt-ssd20x/18.06/build_dir/target-arm-linux-gnueabihf_glibc/linux-sstar_ssd20x/linux-4.9.84/user_headers/include -I/media/gwind/windcode/openwrt-ssd20x/18.06/staging_dir/target-arm-linux-gnueabihf_glibc/usr/include -I/media/gwind/windcode/openwrt-ssd20x/18.06/staging_dir/target-arm-linux-gnueabihf_glibc/include  -Wall -Waggregate-return -Wmissing-declarations 	-Wmissing-prototypes -Wredundant-decls -Wshadow -Wstrict-prototypes 	-Winline -pipe -DALL_INCLUSIVE -DENABLE_IPV4 -DENABLE_IPV6 -Os -pipe -Wno-implicit-fallthrough -mfpu=neon -Wno-format-overflow -fno-caller-saves -fno-plt -mfloat-abi=hard  -D_FORTIFY_SOURCE=1 -Wl,-z,now -Wl,-z,relro -I/media/gwind/windcode/openwrt-ssd20x/18.06/build_dir/target-arm-linux-gnueabihf_glibc/linux-sstar_ssd20x/iptables-1.6.2/include -I/media/gwind/windcode/openwrt-ssd20x/18.06/build_dir/target-arm-linux-gnueabihf_glibc/linux-sstar_ssd20x/linux-4.9.84/user_headers/include -ffunction-sections -fdata-sections -DNO_LEGACY  -MT xtables_multi-iptables-restore.o -MD -MP -MF .deps/xtables_multi-iptables-restore.Tpo -c -o xtables_multi-iptables-restore.o `test -f 'iptables-restore.c' || echo './'`iptables-restore.c
mv -f .deps/xtables_multi-iptables-restore.Tpo .deps/xtables_multi-iptables-restore.Po
arm-linux-gnueabihf-gcc -DHAVE_CONFIG_H -I. -I..  -D_LARGEFILE_SOURCE=1 -D_LARGE_FILES -D_FILE_OFFSET_BITS=64 -D_REENTRANT 	-DXTABLES_LIBDIR=\"/usr/lib/iptables\" -DXTABLES_INTERNAL -I../include -I../include -I.. -I/media/gwind/windcode/openwrt-ssd20x/18.06/build_dir/target-arm-linux-gnueabihf_glibc/linux-sstar_ssd20x/linux-4.9.84/user_headers/include/uapi -I/media/gwind/windcode/openwrt-ssd20x/18.06/build_dir/target-arm-linux-gnueabihf_glibc/linux-sstar_ssd20x/linux-4.9.84/user_headers/include -I/media/gwind/windcode/openwrt-ssd20x/18.06/build_dir/target-arm-linux-gnueabihf_glibc/linux-sstar_ssd20x/linux-4.9.84/user_headers/include/uapi -I/media/gwind/windcode/openwrt-ssd20x/18.06/build_dir/target-arm-linux-gnueabihf_glibc/linux-sstar_ssd20x/linux-4.9.84/user_headers/include    -I/media/gwind/windcode/openwrt-ssd20x/18.06/build_dir/target-arm-linux-gnueabihf_glibc/linux-sstar_ssd20x/iptables-1.6.2/include -I/media/gwind/windcode/openwrt-ssd20x/18.06/build_dir/target-arm-linux-gnueabihf_glibc/linux-sstar_ssd20x/linux-4.9.84/user_headers/include -I/media/gwind/windcode/openwrt-ssd20x/18.06/staging_dir/target-arm-linux-gnueabihf_glibc/usr/include -I/media/gwind/windcode/openwrt-ssd20x/18.06/staging_dir/target-arm-linux-gnueabihf_glibc/include  -Wall -Waggregate-return -Wmissing-declarations 	-Wmissing-prototypes -Wredundant-decls -Wshadow -Wstrict-prototypes 	-Winline -pipe -DALL_INCLUSIVE -DENABLE_IPV4 -DENABLE_IPV6 -Os -pipe -Wno-implicit-fallthrough -mfpu=neon -Wno-format-overflow -fno-caller-saves -fno-plt -mfloat-abi=hard  -D_FORTIFY_SOURCE=1 -Wl,-z,now -Wl,-z,relro -I/media/gwind/windcode/openwrt-ssd20x/18.06/build_dir/target-arm-linux-gnueabihf_glibc/linux-sstar_ssd20x/iptables-1.6.2/include -I/media/gwind/windcode/openwrt-ssd20x/18.06/build_dir/target-arm-linux-gnueabihf_glibc/linux-sstar_ssd20x/linux-4.9.84/user_headers/include -ffunction-sections -fdata-sections -DNO_LEGACY  -MT xtables_multi-iptables-standalone.o -MD -MP -MF .deps/xtables_multi-iptables-standalone.Tpo -c -o xtables_multi-iptables-standalone.o `test -f 'iptables-standalone.c' || echo './'`iptables-standalone.c
mv -f .deps/xtables_multi-iptables-standalone.Tpo .deps/xtables_multi-iptables-standalone.Po
arm-linux-gnueabihf-gcc -DHAVE_CONFIG_H -I. -I..  -D_LARGEFILE_SOURCE=1 -D_LARGE_FILES -D_FILE_OFFSET_BITS=64 -D_REENTRANT 	-DXTABLES_LIBDIR=\"/usr/lib/iptables\" -DXTABLES_INTERNAL -I../include -I../include -I.. -I/media/gwind/windcode/openwrt-ssd20x/18.06/build_dir/target-arm-linux-gnueabihf_glibc/linux-sstar_ssd20x/linux-4.9.84/user_headers/include/uapi -I/media/gwind/windcode/openwrt-ssd20x/18.06/build_dir/target-arm-linux-gnueabihf_glibc/linux-sstar_ssd20x/linux-4.9.84/user_headers/include -I/media/gwind/windcode/openwrt-ssd20x/18.06/build_dir/target-arm-linux-gnueabihf_glibc/linux-sstar_ssd20x/linux-4.9.84/user_headers/include/uapi -I/media/gwind/windcode/openwrt-ssd20x/18.06/build_dir/target-arm-linux-gnueabihf_glibc/linux-sstar_ssd20x/linux-4.9.84/user_headers/include    -I/media/gwind/windcode/openwrt-ssd20x/18.06/build_dir/target-arm-linux-gnueabihf_glibc/linux-sstar_ssd20x/iptables-1.6.2/include -I/media/gwind/windcode/openwrt-ssd20x/18.06/build_dir/target-arm-linux-gnueabihf_glibc/linux-sstar_ssd20x/linux-4.9.84/user_headers/include -I/media/gwind/windcode/openwrt-ssd20x/18.06/staging_dir/target-arm-linux-gnueabihf_glibc/usr/include -I/media/gwind/windcode/openwrt-ssd20x/18.06/staging_dir/target-arm-linux-gnueabihf_glibc/include  -Wall -Waggregate-return -Wmissing-declarations 	-Wmissing-prototypes -Wredundant-decls -Wshadow -Wstrict-prototypes 	-Winline -pipe -DALL_INCLUSIVE -DENABLE_IPV4 -DENABLE_IPV6 -Os -pipe -Wno-implicit-fallthrough -mfpu=neon -Wno-format-overflow -fno-caller-saves -fno-plt -mfloat-abi=hard  -D_FORTIFY_SOURCE=1 -Wl,-z,now -Wl,-z,relro -I/media/gwind/windcode/openwrt-ssd20x/18.06/build_dir/target-arm-linux-gnueabihf_glibc/linux-sstar_ssd20x/iptables-1.6.2/include -I/media/gwind/windcode/openwrt-ssd20x/18.06/build_dir/target-arm-linux-gnueabihf_glibc/linux-sstar_ssd20x/linux-4.9.84/user_headers/include -ffunction-sections -fdata-sections -DNO_LEGACY  -MT xtables_multi-iptables.o -MD -MP -MF .deps/xtables_multi-iptables.Tpo -c -o xtables_multi-iptables.o `test -f 'iptables.c' || echo './'`iptables.c
mv -f .deps/xtables_multi-iptables.Tpo .deps/xtables_multi-iptables.Po
arm-linux-gnueabihf-gcc -DHAVE_CONFIG_H -I. -I..  -D_LARGEFILE_SOURCE=1 -D_LARGE_FILES -D_FILE_OFFSET_BITS=64 -D_REENTRANT 	-DXTABLES_LIBDIR=\"/usr/lib/iptables\" -DXTABLES_INTERNAL -I../include -I../include -I.. -I/media/gwind/windcode/openwrt-ssd20x/18.06/build_dir/target-arm-linux-gnueabihf_glibc/linux-sstar_ssd20x/linux-4.9.84/user_headers/include/uapi -I/media/gwind/windcode/openwrt-ssd20x/18.06/build_dir/target-arm-linux-gnueabihf_glibc/linux-sstar_ssd20x/linux-4.9.84/user_headers/include -I/media/gwind/windcode/openwrt-ssd20x/18.06/build_dir/target-arm-linux-gnueabihf_glibc/linux-sstar_ssd20x/linux-4.9.84/user_headers/include/uapi -I/media/gwind/windcode/openwrt-ssd20x/18.06/build_dir/target-arm-linux-gnueabihf_glibc/linux-sstar_ssd20x/linux-4.9.84/user_headers/include    -I/media/gwind/windcode/openwrt-ssd20x/18.06/build_dir/target-arm-linux-gnueabihf_glibc/linux-sstar_ssd20x/iptables-1.6.2/include -I/media/gwind/windcode/openwrt-ssd20x/18.06/build_dir/target-arm-linux-gnueabihf_glibc/linux-sstar_ssd20x/linux-4.9.84/user_headers/include -I/media/gwind/windcode/openwrt-ssd20x/18.06/staging_dir/target-arm-linux-gnueabihf_glibc/usr/include -I/media/gwind/windcode/openwrt-ssd20x/18.06/staging_dir/target-arm-linux-gnueabihf_glibc/include  -Wall -Waggregate-return -Wmissing-declarations 	-Wmissing-prototypes -Wredundant-decls -Wshadow -Wstrict-prototypes 	-Winline -pipe -DALL_INCLUSIVE -DENABLE_IPV4 -DENABLE_IPV6 -Os -pipe -Wno-implicit-fallthrough -mfpu=neon -Wno-format-overflow -fno-caller-saves -fno-plt -mfloat-abi=hard  -D_FORTIFY_SOURCE=1 -Wl,-z,now -Wl,-z,relro -I/media/gwind/windcode/openwrt-ssd20x/18.06/build_dir/target-arm-linux-gnueabihf_glibc/linux-sstar_ssd20x/iptables-1.6.2/include -I/media/gwind/windcode/openwrt-ssd20x/18.06/build_dir/target-arm-linux-gnueabihf_glibc/linux-sstar_ssd20x/linux-4.9.84/user_headers/include -ffunction-sections -fdata-sections -DNO_LEGACY  -MT xtables_multi-ip6tables-save.o -MD -MP -MF .deps/xtables_multi-ip6tables-save.Tpo -c -o xtables_multi-ip6tables-save.o `test -f 'ip6tables-save.c' || echo './'`ip6tables-save.c
mv -f .deps/xtables_multi-ip6tables-save.Tpo .deps/xtables_multi-ip6tables-save.Po
arm-linux-gnueabihf-gcc -DHAVE_CONFIG_H -I. -I..  -D_LARGEFILE_SOURCE=1 -D_LARGE_FILES -D_FILE_OFFSET_BITS=64 -D_REENTRANT 	-DXTABLES_LIBDIR=\"/usr/lib/iptables\" -DXTABLES_INTERNAL -I../include -I../include -I.. -I/media/gwind/windcode/openwrt-ssd20x/18.06/build_dir/target-arm-linux-gnueabihf_glibc/linux-sstar_ssd20x/linux-4.9.84/user_headers/include/uapi -I/media/gwind/windcode/openwrt-ssd20x/18.06/build_dir/target-arm-linux-gnueabihf_glibc/linux-sstar_ssd20x/linux-4.9.84/user_headers/include -I/media/gwind/windcode/openwrt-ssd20x/18.06/build_dir/target-arm-linux-gnueabihf_glibc/linux-sstar_ssd20x/linux-4.9.84/user_headers/include/uapi -I/media/gwind/windcode/openwrt-ssd20x/18.06/build_dir/target-arm-linux-gnueabihf_glibc/linux-sstar_ssd20x/linux-4.9.84/user_headers/include    -I/media/gwind/windcode/openwrt-ssd20x/18.06/build_dir/target-arm-linux-gnueabihf_glibc/linux-sstar_ssd20x/iptables-1.6.2/include -I/media/gwind/windcode/openwrt-ssd20x/18.06/build_dir/target-arm-linux-gnueabihf_glibc/linux-sstar_ssd20x/linux-4.9.84/user_headers/include -I/media/gwind/windcode/openwrt-ssd20x/18.06/staging_dir/target-arm-linux-gnueabihf_glibc/usr/include -I/media/gwind/windcode/openwrt-ssd20x/18.06/staging_dir/target-arm-linux-gnueabihf_glibc/include  -Wall -Waggregate-return -Wmissing-declarations 	-Wmissing-prototypes -Wredundant-decls -Wshadow -Wstrict-prototypes 	-Winline -pipe -DALL_INCLUSIVE -DENABLE_IPV4 -DENABLE_IPV6 -Os -pipe -Wno-implicit-fallthrough -mfpu=neon -Wno-format-overflow -fno-caller-saves -fno-plt -mfloat-abi=hard  -D_FORTIFY_SOURCE=1 -Wl,-z,now -Wl,-z,relro -I/media/gwind/windcode/openwrt-ssd20x/18.06/build_dir/target-arm-linux-gnueabihf_glibc/linux-sstar_ssd20x/iptables-1.6.2/include -I/media/gwind/windcode/openwrt-ssd20x/18.06/build_dir/target-arm-linux-gnueabihf_glibc/linux-sstar_ssd20x/linux-4.9.84/user_headers/include -ffunction-sections -fdata-sections -DNO_LEGACY  -MT xtables_multi-ip6tables-restore.o -MD -MP -MF .deps/xtables_multi-ip6tables-restore.Tpo -c -o xtables_multi-ip6tables-restore.o `test -f 'ip6tables-restore.c' || echo './'`ip6tables-restore.c
mv -f .deps/xtables_multi-ip6tables-restore.Tpo .deps/xtables_multi-ip6tables-restore.Po
arm-linux-gnueabihf-gcc -DHAVE_CONFIG_H -I. -I..  -D_LARGEFILE_SOURCE=1 -D_LARGE_FILES -D_FILE_OFFSET_BITS=64 -D_REENTRANT 	-DXTABLES_LIBDIR=\"/usr/lib/iptables\" -DXTABLES_INTERNAL -I../include -I../include -I.. -I/media/gwind/windcode/openwrt-ssd20x/18.06/build_dir/target-arm-linux-gnueabihf_glibc/linux-sstar_ssd20x/linux-4.9.84/user_headers/include/uapi -I/media/gwind/windcode/openwrt-ssd20x/18.06/build_dir/target-arm-linux-gnueabihf_glibc/linux-sstar_ssd20x/linux-4.9.84/user_headers/include -I/media/gwind/windcode/openwrt-ssd20x/18.06/build_dir/target-arm-linux-gnueabihf_glibc/linux-sstar_ssd20x/linux-4.9.84/user_headers/include/uapi -I/media/gwind/windcode/openwrt-ssd20x/18.06/build_dir/target-arm-linux-gnueabihf_glibc/linux-sstar_ssd20x/linux-4.9.84/user_headers/include    -I/media/gwind/windcode/openwrt-ssd20x/18.06/build_dir/target-arm-linux-gnueabihf_glibc/linux-sstar_ssd20x/iptables-1.6.2/include -I/media/gwind/windcode/openwrt-ssd20x/18.06/build_dir/target-arm-linux-gnueabihf_glibc/linux-sstar_ssd20x/linux-4.9.84/user_headers/include -I/media/gwind/windcode/openwrt-ssd20x/18.06/staging_dir/target-arm-linux-gnueabihf_glibc/usr/include -I/media/gwind/windcode/openwrt-ssd20x/18.06/staging_dir/target-arm-linux-gnueabihf_glibc/include  -Wall -Waggregate-return -Wmissing-declarations 	-Wmissing-prototypes -Wredundant-decls -Wshadow -Wstrict-prototypes 	-Winline -pipe -DALL_INCLUSIVE -DENABLE_IPV4 -DENABLE_IPV6 -Os -pipe -Wno-implicit-fallthrough -mfpu=neon -Wno-format-overflow -fno-caller-saves -fno-plt -mfloat-abi=hard  -D_FORTIFY_SOURCE=1 -Wl,-z,now -Wl,-z,relro -I/media/gwind/windcode/openwrt-ssd20x/18.06/build_dir/target-arm-linux-gnueabihf_glibc/linux-sstar_ssd20x/iptables-1.6.2/include -I/media/gwind/windcode/openwrt-ssd20x/18.06/build_dir/target-arm-linux-gnueabihf_glibc/linux-sstar_ssd20x/linux-4.9.84/user_headers/include -ffunction-sections -fdata-sections -DNO_LEGACY  -MT xtables_multi-ip6tables-standalone.o -MD -MP -MF .deps/xtables_multi-ip6tables-standalone.Tpo -c -o xtables_multi-ip6tables-standalone.o `test -f 'ip6tables-standalone.c' || echo './'`ip6tables-standalone.c
mv -f .deps/xtables_multi-ip6tables-standalone.Tpo .deps/xtables_multi-ip6tables-standalone.Po
arm-linux-gnueabihf-gcc -DHAVE_CONFIG_H -I. -I..  -D_LARGEFILE_SOURCE=1 -D_LARGE_FILES -D_FILE_OFFSET_BITS=64 -D_REENTRANT 	-DXTABLES_LIBDIR=\"/usr/lib/iptables\" -DXTABLES_INTERNAL -I../include -I../include -I.. -I/media/gwind/windcode/openwrt-ssd20x/18.06/build_dir/target-arm-linux-gnueabihf_glibc/linux-sstar_ssd20x/linux-4.9.84/user_headers/include/uapi -I/media/gwind/windcode/openwrt-ssd20x/18.06/build_dir/target-arm-linux-gnueabihf_glibc/linux-sstar_ssd20x/linux-4.9.84/user_headers/include -I/media/gwind/windcode/openwrt-ssd20x/18.06/build_dir/target-arm-linux-gnueabihf_glibc/linux-sstar_ssd20x/linux-4.9.84/user_headers/include/uapi -I/media/gwind/windcode/openwrt-ssd20x/18.06/build_dir/target-arm-linux-gnueabihf_glibc/linux-sstar_ssd20x/linux-4.9.84/user_headers/include    -I/media/gwind/windcode/openwrt-ssd20x/18.06/build_dir/target-arm-linux-gnueabihf_glibc/linux-sstar_ssd20x/iptables-1.6.2/include -I/media/gwind/windcode/openwrt-ssd20x/18.06/build_dir/target-arm-linux-gnueabihf_glibc/linux-sstar_ssd20x/linux-4.9.84/user_headers/include -I/media/gwind/windcode/openwrt-ssd20x/18.06/staging_dir/target-arm-linux-gnueabihf_glibc/usr/include -I/media/gwind/windcode/openwrt-ssd20x/18.06/staging_dir/target-arm-linux-gnueabihf_glibc/include  -Wall -Waggregate-return -Wmissing-declarations 	-Wmissing-prototypes -Wredundant-decls -Wshadow -Wstrict-prototypes 	-Winline -pipe -DALL_INCLUSIVE -DENABLE_IPV4 -DENABLE_IPV6 -Os -pipe -Wno-implicit-fallthrough -mfpu=neon -Wno-format-overflow -fno-caller-saves -fno-plt -mfloat-abi=hard  -D_FORTIFY_SOURCE=1 -Wl,-z,now -Wl,-z,relro -I/media/gwind/windcode/openwrt-ssd20x/18.06/build_dir/target-arm-linux-gnueabihf_glibc/linux-sstar_ssd20x/iptables-1.6.2/include -I/media/gwind/windcode/openwrt-ssd20x/18.06/build_dir/target-arm-linux-gnueabihf_glibc/linux-sstar_ssd20x/linux-4.9.84/user_headers/include -ffunction-sections -fdata-sections -DNO_LEGACY  -MT xtables_multi-ip6tables.o -MD -MP -MF .deps/xtables_multi-ip6tables.Tpo -c -o xtables_multi-ip6tables.o `test -f 'ip6tables.c' || echo './'`ip6tables.c
mv -f .deps/xtables_multi-ip6tables.Tpo .deps/xtables_multi-ip6tables.Po
arm-linux-gnueabihf-gcc -DHAVE_CONFIG_H -I. -I..  -D_LARGEFILE_SOURCE=1 -D_LARGE_FILES -D_FILE_OFFSET_BITS=64 -D_REENTRANT 	-DXTABLES_LIBDIR=\"/usr/lib/iptables\" -DXTABLES_INTERNAL -I../include -I../include -I.. -I/media/gwind/windcode/openwrt-ssd20x/18.06/build_dir/target-arm-linux-gnueabihf_glibc/linux-sstar_ssd20x/linux-4.9.84/user_headers/include/uapi -I/media/gwind/windcode/openwrt-ssd20x/18.06/build_dir/target-arm-linux-gnueabihf_glibc/linux-sstar_ssd20x/linux-4.9.84/user_headers/include -I/media/gwind/windcode/openwrt-ssd20x/18.06/build_dir/target-arm-linux-gnueabihf_glibc/linux-sstar_ssd20x/linux-4.9.84/user_headers/include/uapi -I/media/gwind/windcode/openwrt-ssd20x/18.06/build_dir/target-arm-linux-gnueabihf_glibc/linux-sstar_ssd20x/linux-4.9.84/user_headers/include    -I/media/gwind/windcode/openwrt-ssd20x/18.06/build_dir/target-arm-linux-gnueabihf_glibc/linux-sstar_ssd20x/iptables-1.6.2/include -I/media/gwind/windcode/openwrt-ssd20x/18.06/build_dir/target-arm-linux-gnueabihf_glibc/linux-sstar_ssd20x/linux-4.9.84/user_headers/include -I/media/gwind/windcode/openwrt-ssd20x/18.06/staging_dir/target-arm-linux-gnueabihf_glibc/usr/include -I/media/gwind/windcode/openwrt-ssd20x/18.06/staging_dir/target-arm-linux-gnueabihf_glibc/include  -Wall -Waggregate-return -Wmissing-declarations 	-Wmissing-prototypes -Wredundant-decls -Wshadow -Wstrict-prototypes 	-Winline -pipe -DALL_INCLUSIVE -DENABLE_IPV4 -DENABLE_IPV6 -Os -pipe -Wno-implicit-fallthrough -mfpu=neon -Wno-format-overflow -fno-caller-saves -fno-plt -mfloat-abi=hard  -D_FORTIFY_SOURCE=1 -Wl,-z,now -Wl,-z,relro -I/media/gwind/windcode/openwrt-ssd20x/18.06/build_dir/target-arm-linux-gnueabihf_glibc/linux-sstar_ssd20x/iptables-1.6.2/include -I/media/gwind/windcode/openwrt-ssd20x/18.06/build_dir/target-arm-linux-gnueabihf_glibc/linux-sstar_ssd20x/linux-4.9.84/user_headers/include -ffunction-sections -fdata-sections -DNO_LEGACY  -MT xtables_multi-xshared.o -MD -MP -MF .deps/xtables_multi-xshared.Tpo -c -o xtables_multi-xshared.o `test -f 'xshared.c' || echo './'`xshared.c
mv -f .deps/xtables_multi-xshared.Tpo .deps/xtables_multi-xshared.Po
/bin/bash ../libtool  --tag=CC   --mode=link arm-linux-gnueabihf-gcc -Wall -Waggregate-return -Wmissing-declarations 	-Wmissing-prototypes -Wredundant-decls -Wshadow -Wstrict-prototypes 	-Winline -pipe -DALL_INCLUSIVE -DENABLE_IPV4 -DENABLE_IPV6 -Os -pipe -Wno-implicit-fallthrough -mfpu=neon -Wno-format-overflow -fno-caller-saves -fno-plt -mfloat-abi=hard  -D_FORTIFY_SOURCE=1 -Wl,-z,now -Wl,-z,relro -I/media/gwind/windcode/openwrt-ssd20x/18.06/build_dir/target-arm-linux-gnueabihf_glibc/linux-sstar_ssd20x/iptables-1.6.2/include -I/media/gwind/windcode/openwrt-ssd20x/18.06/build_dir/target-arm-linux-gnueabihf_glibc/linux-sstar_ssd20x/linux-4.9.84/user_headers/include -ffunction-sections -fdata-sections -DNO_LEGACY  -L../extensions/ -liptext -liptext4 -liptext6 -L/media/gwind/windcode/openwrt-ssd20x/18.06/staging_dir/target-arm-linux-gnueabihf_glibc/usr/lib -L/media/gwind/windcode/openwrt-ssd20x/18.06/staging_dir/target-arm-linux-gnueabihf_glibc/lib -L/opt/ssd20x/gcc-arm-8.2-2018.08-x86_64-arm-linux-gnueabihf/arm-linux-gnueabihf/libc/usr/lib -L/opt/ssd20x/gcc-arm-8.2-2018.08-x86_64-arm-linux-gnueabihf/arm-linux-gnueabihf/libc/lib -znow -zrelro -Wl,--gc-sections  -o xtables-multi xtables_multi-xtables-multi.o xtables_multi-iptables-xml.o xtables_multi-iptables-save.o xtables_multi-iptables-restore.o xtables_multi-iptables-standalone.o xtables_multi-iptables.o xtables_multi-ip6tables-save.o xtables_multi-ip6tables-restore.o xtables_multi-ip6tables-standalone.o xtables_multi-ip6tables.o xtables_multi-xshared.o ../libiptc/libip4tc.la ../libiptc/libip6tc.la ../libxtables/libxtables.la -lm 
OpenWrt-libtool: link: arm-linux-gnueabihf-gcc -Wall -Waggregate-return -Wmissing-declarations -Wmissing-prototypes -Wredundant-decls -Wshadow -Wstrict-prototypes -Winline -pipe -DALL_INCLUSIVE -DENABLE_IPV4 -DENABLE_IPV6 -Os -pipe -Wno-implicit-fallthrough -mfpu=neon -Wno-format-overflow -fno-caller-saves -fno-plt -mfloat-abi=hard -D_FORTIFY_SOURCE=1 -Wl,-z -Wl,now -Wl,-z -Wl,relro -I/media/gwind/windcode/openwrt-ssd20x/18.06/build_dir/target-arm-linux-gnueabihf_glibc/linux-sstar_ssd20x/iptables-1.6.2/include -I/media/gwind/windcode/openwrt-ssd20x/18.06/build_dir/target-arm-linux-gnueabihf_glibc/linux-sstar_ssd20x/linux-4.9.84/user_headers/include -ffunction-sections -fdata-sections -DNO_LEGACY -znow -zrelro -Wl,--gc-sections -o .libs/xtables-multi xtables_multi-xtables-multi.o xtables_multi-iptables-xml.o xtables_multi-iptables-save.o xtables_multi-iptables-restore.o xtables_multi-iptables-standalone.o xtables_multi-iptables.o xtables_multi-ip6tables-save.o xtables_multi-ip6tables-restore.o xtables_multi-ip6tables-standalone.o xtables_multi-ip6tables.o xtables_multi-xshared.o  -L../extensions/ -liptext -liptext4 -liptext6 -L/media/gwind/windcode/openwrt-ssd20x/18.06/staging_dir/target-arm-linux-gnueabihf_glibc/usr/lib -L/media/gwind/windcode/openwrt-ssd20x/18.06/staging_dir/target-arm-linux-gnueabihf_glibc/lib -L/opt/ssd20x/gcc-arm-8.2-2018.08-x86_64-arm-linux-gnueabihf/arm-linux-gnueabihf/libc/usr/lib -L/opt/ssd20x/gcc-arm-8.2-2018.08-x86_64-arm-linux-gnueabihf/arm-linux-gnueabihf/libc/lib ../libiptc/.libs/libip4tc.so ../libiptc/.libs/libip6tc.so ../libxtables/.libs/libxtables.so -ldl -lm
sed \
	-e '/@MATCH@/ r ../extensions/matches.man' \
	-e '/@TARGET@/ r ../extensions/targets.man' iptables-extensions.8.tmpl >iptables-extensions.8;
make[7]: Leaving directory '/media/gwind/windcode/openwrt-ssd20x/18.06/build_dir/target-arm-linux-gnueabihf_glibc/linux-sstar_ssd20x/iptables-1.6.2/iptables'
make[6]: Leaving directory '/media/gwind/windcode/openwrt-ssd20x/18.06/build_dir/target-arm-linux-gnueabihf_glibc/linux-sstar_ssd20x/iptables-1.6.2/iptables'
make[6]: Entering directory '/media/gwind/windcode/openwrt-ssd20x/18.06/build_dir/target-arm-linux-gnueabihf_glibc/linux-sstar_ssd20x/iptables-1.6.2'
make[6]: Leaving directory '/media/gwind/windcode/openwrt-ssd20x/18.06/build_dir/target-arm-linux-gnueabihf_glibc/linux-sstar_ssd20x/iptables-1.6.2'
make[5]: Leaving directory '/media/gwind/windcode/openwrt-ssd20x/18.06/build_dir/target-arm-linux-gnueabihf_glibc/linux-sstar_ssd20x/iptables-1.6.2'
make[4]: Leaving directory '/media/gwind/windcode/openwrt-ssd20x/18.06/build_dir/target-arm-linux-gnueabihf_glibc/linux-sstar_ssd20x/iptables-1.6.2'
CFLAGS="-Os -pipe -Wno-implicit-fallthrough -mfpu=neon -Wno-format-overflow -fno-caller-saves -fno-plt -mfloat-abi=hard  -D_FORTIFY_SOURCE=1 -Wl,-z,now -Wl,-z,relro -I/media/gwind/windcode/openwrt-ssd20x/18.06/build_dir/target-arm-linux-gnueabihf_glibc/linux-sstar_ssd20x/iptables-1.6.2/include -I/media/gwind/windcode/openwrt-ssd20x/18.06/build_dir/target-arm-linux-gnueabihf_glibc/linux-sstar_ssd20x/linux-4.9.84/user_headers/include -ffunction-sections -fdata-sections -DNO_LEGACY  -I/media/gwind/windcode/openwrt-ssd20x/18.06/build_dir/target-arm-linux-gnueabihf_glibc/linux-sstar_ssd20x/iptables-1.6.2/include -I/media/gwind/windcode/openwrt-ssd20x/18.06/build_dir/target-arm-linux-gnueabihf_glibc/linux-sstar_ssd20x/linux-4.9.84/user_headers/include -I/media/gwind/windcode/openwrt-ssd20x/18.06/staging_dir/target-arm-linux-gnueabihf_glibc/usr/include -I/media/gwind/windcode/openwrt-ssd20x/18.06/staging_dir/target-arm-linux-gnueabihf_glibc/include " CXXFLAGS="-Os -pipe -Wno-implicit-fallthrough -mfpu=neon -Wno-format-overflow -fno-caller-saves -fno-plt -mfloat-abi=hard  -D_FORTIFY_SOURCE=1 -Wl,-z,now -Wl,-z,relro -I/media/gwind/windcode/openwrt-ssd20x/18.06/build_dir/target-arm-linux-gnueabihf_glibc/linux-sstar_ssd20x/iptables-1.6.2/include -I/media/gwind/windcode/openwrt-ssd20x/18.06/build_dir/target-arm-linux-gnueabihf_glibc/linux-sstar_ssd20x/linux-4.9.84/user_headers/include -ffunction-sections -fdata-sections -DNO_LEGACY  -I/media/gwind/windcode/openwrt-ssd20x/18.06/build_dir/target-arm-linux-gnueabihf_glibc/linux-sstar_ssd20x/iptables-1.6.2/include -I/media/gwind/windcode/openwrt-ssd20x/18.06/build_dir/target-arm-linux-gnueabihf_glibc/linux-sstar_ssd20x/linux-4.9.84/user_headers/include -I/media/gwind/windcode/openwrt-ssd20x/18.06/staging_dir/target-arm-linux-gnueabihf_glibc/usr/include -I/media/gwind/windcode/openwrt-ssd20x/18.06/staging_dir/target-arm-linux-gnueabihf_glibc/include " LDFLAGS="-L/media/gwind/windcode/openwrt-ssd20x/18.06/staging_dir/target-arm-linux-gnueabihf_glibc/usr/lib -L/media/gwind/windcode/openwrt-ssd20x/18.06/staging_dir/target-arm-linux-gnueabihf_glibc/lib -L/opt/ssd20x/gcc-arm-8.2-2018.08-x86_64-arm-linux-gnueabihf/arm-linux-gnueabihf/libc/usr/lib -L/opt/ssd20x/gcc-arm-8.2-2018.08-x86_64-arm-linux-gnueabihf/arm-linux-gnueabihf/libc/lib -znow -zrelro -Wl,--gc-sections " make -C /media/gwind/windcode/openwrt-ssd20x/18.06/build_dir/target-arm-linux-gnueabihf_glibc/linux-sstar_ssd20x/iptables-1.6.2/. AR="arm-linux-gnueabihf-ar" AS="arm-linux-gnueabihf-gcc -c -Os -pipe -Wno-implicit-fallthrough -mfpu=neon -Wno-format-overflow -fno-caller-saves -fno-plt -mfloat-abi=hard  -D_FORTIFY_SOURCE=1 -Wl,-z,now -Wl,-z,relro -I/media/gwind/windcode/openwrt-ssd20x/18.06/build_dir/target-arm-linux-gnueabihf_glibc/linux-sstar_ssd20x/iptables-1.6.2/include -I/media/gwind/windcode/openwrt-ssd20x/18.06/build_dir/target-arm-linux-gnueabihf_glibc/linux-sstar_ssd20x/linux-4.9.84/user_headers/include -ffunction-sections -fdata-sections -DNO_LEGACY" LD=arm-linux-gnueabihf-ld NM="arm-linux-gnueabihf-nm" CC="arm-linux-gnueabihf-gcc" GCC="arm-linux-gnueabihf-gcc" CXX="arm-linux-gnueabihf-g++" RANLIB="arm-linux-gnueabihf-ranlib" STRIP=arm-linux-gnueabihf-strip OBJCOPY=arm-linux-gnueabihf-objcopy OBJDUMP=arm-linux-gnueabihf-objdump SIZE=arm-linux-gnueabihf-size COPT_FLAGS="-Os -pipe -Wno-implicit-fallthrough -mfpu=neon -Wno-format-overflow -fno-caller-saves -fno-plt -mfloat-abi=hard  -D_FORTIFY_SOURCE=1 -Wl,-z,now -Wl,-z,relro -I/media/gwind/windcode/openwrt-ssd20x/18.06/build_dir/target-arm-linux-gnueabihf_glibc/linux-sstar_ssd20x/iptables-1.6.2/include -I/media/gwind/windcode/openwrt-ssd20x/18.06/build_dir/target-arm-linux-gnueabihf_glibc/linux-sstar_ssd20x/linux-4.9.84/user_headers/include -ffunction-sections -fdata-sections -DNO_LEGACY" KERNEL_DIR="/media/gwind/windcode/openwrt-ssd20x/18.06/build_dir/target-arm-linux-gnueabihf_glibc/linux-sstar_ssd20x/linux-4.9.84/user_headers/" PREFIX=/usr KBUILD_OUTPUT="/media/gwind/windcode/openwrt-ssd20x/18.06/build_dir/target-arm-linux-gnueabihf_glibc/linux-sstar_ssd20x/linux-4.9.84" BUILTIN_MODULES="standard icmp tcp udp comment set SET limit mac multiport comment LOG nf_log_common nf_log_ipv4 TCPMSS REJECT time mark MARK state conntrack SNAT DNAT MASQUERADE REDIRECT" DESTDIR="/media/gwind/windcode/openwrt-ssd20x/18.06/build_dir/target-arm-linux-gnueabihf_glibc/linux-sstar_ssd20x/iptables-1.6.2/ipkg-install"  install;
make[4]: Entering directory '/media/gwind/windcode/openwrt-ssd20x/18.06/build_dir/target-arm-linux-gnueabihf_glibc/linux-sstar_ssd20x/iptables-1.6.2'
Making install in libiptc
make[5]: Entering directory '/media/gwind/windcode/openwrt-ssd20x/18.06/build_dir/target-arm-linux-gnueabihf_glibc/linux-sstar_ssd20x/iptables-1.6.2/libiptc'
make[6]: Entering directory '/media/gwind/windcode/openwrt-ssd20x/18.06/build_dir/target-arm-linux-gnueabihf_glibc/linux-sstar_ssd20x/iptables-1.6.2/libiptc'
 /bin/mkdir -p '/media/gwind/windcode/openwrt-ssd20x/18.06/build_dir/target-arm-linux-gnueabihf_glibc/linux-sstar_ssd20x/iptables-1.6.2/ipkg-install/usr/lib'
 /bin/bash ../libtool   --mode=install /usr/bin/install -c   libip4tc.la libip6tc.la libiptc.la '/media/gwind/windcode/openwrt-ssd20x/18.06/build_dir/target-arm-linux-gnueabihf_glibc/linux-sstar_ssd20x/iptables-1.6.2/ipkg-install/usr/lib'
OpenWrt-libtool: install: /usr/bin/install -c .libs/libip4tc.so.0.1.0 /media/gwind/windcode/openwrt-ssd20x/18.06/build_dir/target-arm-linux-gnueabihf_glibc/linux-sstar_ssd20x/iptables-1.6.2/ipkg-install/usr/lib/libip4tc.so.0.1.0
OpenWrt-libtool: install: (cd /media/gwind/windcode/openwrt-ssd20x/18.06/build_dir/target-arm-linux-gnueabihf_glibc/linux-sstar_ssd20x/iptables-1.6.2/ipkg-install/usr/lib && { ln -s -f libip4tc.so.0.1.0 libip4tc.so.0 || { rm -f libip4tc.so.0 && ln -s libip4tc.so.0.1.0 libip4tc.so.0; }; })
OpenWrt-libtool: install: (cd /media/gwind/windcode/openwrt-ssd20x/18.06/build_dir/target-arm-linux-gnueabihf_glibc/linux-sstar_ssd20x/iptables-1.6.2/ipkg-install/usr/lib && { ln -s -f libip4tc.so.0.1.0 libip4tc.so || { rm -f libip4tc.so && ln -s libip4tc.so.0.1.0 libip4tc.so; }; })
OpenWrt-libtool: install: /usr/bin/install -c .libs/libip4tc.lai /media/gwind/windcode/openwrt-ssd20x/18.06/build_dir/target-arm-linux-gnueabihf_glibc/linux-sstar_ssd20x/iptables-1.6.2/ipkg-install/usr/lib/libip4tc.la
OpenWrt-libtool: install: /usr/bin/install -c .libs/libip6tc.so.0.1.0 /media/gwind/windcode/openwrt-ssd20x/18.06/build_dir/target-arm-linux-gnueabihf_glibc/linux-sstar_ssd20x/iptables-1.6.2/ipkg-install/usr/lib/libip6tc.so.0.1.0
OpenWrt-libtool: install: (cd /media/gwind/windcode/openwrt-ssd20x/18.06/build_dir/target-arm-linux-gnueabihf_glibc/linux-sstar_ssd20x/iptables-1.6.2/ipkg-install/usr/lib && { ln -s -f libip6tc.so.0.1.0 libip6tc.so.0 || { rm -f libip6tc.so.0 && ln -s libip6tc.so.0.1.0 libip6tc.so.0; }; })
OpenWrt-libtool: install: (cd /media/gwind/windcode/openwrt-ssd20x/18.06/build_dir/target-arm-linux-gnueabihf_glibc/linux-sstar_ssd20x/iptables-1.6.2/ipkg-install/usr/lib && { ln -s -f libip6tc.so.0.1.0 libip6tc.so || { rm -f libip6tc.so && ln -s libip6tc.so.0.1.0 libip6tc.so; }; })
OpenWrt-libtool: install: /usr/bin/install -c .libs/libip6tc.lai /media/gwind/windcode/openwrt-ssd20x/18.06/build_dir/target-arm-linux-gnueabihf_glibc/linux-sstar_ssd20x/iptables-1.6.2/ipkg-install/usr/lib/libip6tc.la
OpenWrt-libtool: install: (cd /media/gwind/windcode/openwrt-ssd20x/18.06/build_dir/target-arm-linux-gnueabihf_glibc/linux-sstar_ssd20x/iptables-1.6.2/libiptc; /bin/bash /media/gwind/windcode/openwrt-ssd20x/18.06/build_dir/target-arm-linux-gnueabihf_glibc/linux-sstar_ssd20x/iptables-1.6.2/libtool  --tag CC --mode=relink arm-linux-gnueabihf-gcc -Wall -Waggregate-return -Wmissing-declarations -Wmissing-prototypes -Wredundant-decls -Wshadow -Wstrict-prototypes -Winline -pipe -Os -pipe -Wno-implicit-fallthrough -mfpu=neon -Wno-format-overflow -fno-caller-saves -fno-plt -mfloat-abi=hard -D_FORTIFY_SOURCE=1 -Wl,-z,now -Wl,-z,relro -I/media/gwind/windcode/openwrt-ssd20x/18.06/build_dir/target-arm-linux-gnueabihf_glibc/linux-sstar_ssd20x/iptables-1.6.2/include -I/media/gwind/windcode/openwrt-ssd20x/18.06/build_dir/target-arm-linux-gnueabihf_glibc/linux-sstar_ssd20x/linux-4.9.84/user_headers/include -ffunction-sections -fdata-sections -DNO_LEGACY -version-info 0:0:0 -Wl,--no-as-needed -L/media/gwind/windcode/openwrt-ssd20x/18.06/staging_dir/target-arm-linux-gnueabihf_glibc/usr/lib -L/media/gwind/windcode/openwrt-ssd20x/18.06/staging_dir/target-arm-linux-gnueabihf_glibc/lib -L/opt/ssd20x/gcc-arm-8.2-2018.08-x86_64-arm-linux-gnueabihf/arm-linux-gnueabihf/libc/usr/lib -L/opt/ssd20x/gcc-arm-8.2-2018.08-x86_64-arm-linux-gnueabihf/arm-linux-gnueabihf/libc/lib -znow -zrelro -Wl,--gc-sections -o libiptc.la -rpath /usr/lib libip4tc.la libip6tc.la -inst-prefix-dir /media/gwind/windcode/openwrt-ssd20x/18.06/build_dir/target-arm-linux-gnueabihf_glibc/linux-sstar_ssd20x/iptables-1.6.2/ipkg-install)
OpenWrt-libtool: relink: arm-linux-gnueabihf-gcc -shared  -fPIC -DPIC   -L/media/gwind/windcode/openwrt-ssd20x/18.06/staging_dir/target-arm-linux-gnueabihf_glibc/usr/lib -L/media/gwind/windcode/openwrt-ssd20x/18.06/staging_dir/target-arm-linux-gnueabihf_glibc/lib -L/opt/ssd20x/gcc-arm-8.2-2018.08-x86_64-arm-linux-gnueabihf/arm-linux-gnueabihf/libc/usr/lib -L/opt/ssd20x/gcc-arm-8.2-2018.08-x86_64-arm-linux-gnueabihf/arm-linux-gnueabihf/libc/lib -L/media/gwind/windcode/openwrt-ssd20x/18.06/build_dir/target-arm-linux-gnueabihf_glibc/linux-sstar_ssd20x/iptables-1.6.2/ipkg-install/usr/lib -lip4tc -lip6tc  -Os -mfpu=neon -mfloat-abi=hard -Wl,-z -Wl,now -Wl,-z -Wl,relro -Wl,--no-as-needed -Wl,--gc-sections   -Wl,-soname -Wl,libiptc.so.0 -o .libs/libiptc.so.0.0.0
OpenWrt-libtool: install: /usr/bin/install -c .libs/libiptc.so.0.0.0T /media/gwind/windcode/openwrt-ssd20x/18.06/build_dir/target-arm-linux-gnueabihf_glibc/linux-sstar_ssd20x/iptables-1.6.2/ipkg-install/usr/lib/libiptc.so.0.0.0
OpenWrt-libtool: install: (cd /media/gwind/windcode/openwrt-ssd20x/18.06/build_dir/target-arm-linux-gnueabihf_glibc/linux-sstar_ssd20x/iptables-1.6.2/ipkg-install/usr/lib && { ln -s -f libiptc.so.0.0.0 libiptc.so.0 || { rm -f libiptc.so.0 && ln -s libiptc.so.0.0.0 libiptc.so.0; }; })
OpenWrt-libtool: install: (cd /media/gwind/windcode/openwrt-ssd20x/18.06/build_dir/target-arm-linux-gnueabihf_glibc/linux-sstar_ssd20x/iptables-1.6.2/ipkg-install/usr/lib && { ln -s -f libiptc.so.0.0.0 libiptc.so || { rm -f libiptc.so && ln -s libiptc.so.0.0.0 libiptc.so; }; })
OpenWrt-libtool: install: /usr/bin/install -c .libs/libiptc.lai /media/gwind/windcode/openwrt-ssd20x/18.06/build_dir/target-arm-linux-gnueabihf_glibc/linux-sstar_ssd20x/iptables-1.6.2/ipkg-install/usr/lib/libiptc.la
OpenWrt-libtool: install: /usr/bin/install -c .libs/libip4tc.a /media/gwind/windcode/openwrt-ssd20x/18.06/build_dir/target-arm-linux-gnueabihf_glibc/linux-sstar_ssd20x/iptables-1.6.2/ipkg-install/usr/lib/libip4tc.a
OpenWrt-libtool: install: chmod 644 /media/gwind/windcode/openwrt-ssd20x/18.06/build_dir/target-arm-linux-gnueabihf_glibc/linux-sstar_ssd20x/iptables-1.6.2/ipkg-install/usr/lib/libip4tc.a
OpenWrt-libtool: install: arm-linux-gnueabihf-ranlib /media/gwind/windcode/openwrt-ssd20x/18.06/build_dir/target-arm-linux-gnueabihf_glibc/linux-sstar_ssd20x/iptables-1.6.2/ipkg-install/usr/lib/libip4tc.a
OpenWrt-libtool: install: /usr/bin/install -c .libs/libip6tc.a /media/gwind/windcode/openwrt-ssd20x/18.06/build_dir/target-arm-linux-gnueabihf_glibc/linux-sstar_ssd20x/iptables-1.6.2/ipkg-install/usr/lib/libip6tc.a
OpenWrt-libtool: install: chmod 644 /media/gwind/windcode/openwrt-ssd20x/18.06/build_dir/target-arm-linux-gnueabihf_glibc/linux-sstar_ssd20x/iptables-1.6.2/ipkg-install/usr/lib/libip6tc.a
OpenWrt-libtool: install: arm-linux-gnueabihf-ranlib /media/gwind/windcode/openwrt-ssd20x/18.06/build_dir/target-arm-linux-gnueabihf_glibc/linux-sstar_ssd20x/iptables-1.6.2/ipkg-install/usr/lib/libip6tc.a
OpenWrt-libtool: install: /usr/bin/install -c .libs/libiptc.a /media/gwind/windcode/openwrt-ssd20x/18.06/build_dir/target-arm-linux-gnueabihf_glibc/linux-sstar_ssd20x/iptables-1.6.2/ipkg-install/usr/lib/libiptc.a
OpenWrt-libtool: install: chmod 644 /media/gwind/windcode/openwrt-ssd20x/18.06/build_dir/target-arm-linux-gnueabihf_glibc/linux-sstar_ssd20x/iptables-1.6.2/ipkg-install/usr/lib/libiptc.a
OpenWrt-libtool: install: arm-linux-gnueabihf-ranlib /media/gwind/windcode/openwrt-ssd20x/18.06/build_dir/target-arm-linux-gnueabihf_glibc/linux-sstar_ssd20x/iptables-1.6.2/ipkg-install/usr/lib/libiptc.a
 /bin/mkdir -p '/media/gwind/windcode/openwrt-ssd20x/18.06/build_dir/target-arm-linux-gnueabihf_glibc/linux-sstar_ssd20x/iptables-1.6.2/ipkg-install/usr/lib/pkgconfig'
 /usr/bin/install -c -m 644 libiptc.pc libip4tc.pc libip6tc.pc '/media/gwind/windcode/openwrt-ssd20x/18.06/build_dir/target-arm-linux-gnueabihf_glibc/linux-sstar_ssd20x/iptables-1.6.2/ipkg-install/usr/lib/pkgconfig'
make[6]: Leaving directory '/media/gwind/windcode/openwrt-ssd20x/18.06/build_dir/target-arm-linux-gnueabihf_glibc/linux-sstar_ssd20x/iptables-1.6.2/libiptc'
make[5]: Leaving directory '/media/gwind/windcode/openwrt-ssd20x/18.06/build_dir/target-arm-linux-gnueabihf_glibc/linux-sstar_ssd20x/iptables-1.6.2/libiptc'
Making install in libxtables
make[5]: Entering directory '/media/gwind/windcode/openwrt-ssd20x/18.06/build_dir/target-arm-linux-gnueabihf_glibc/linux-sstar_ssd20x/iptables-1.6.2/libxtables'
make[6]: Entering directory '/media/gwind/windcode/openwrt-ssd20x/18.06/build_dir/target-arm-linux-gnueabihf_glibc/linux-sstar_ssd20x/iptables-1.6.2/libxtables'
 /bin/mkdir -p '/media/gwind/windcode/openwrt-ssd20x/18.06/build_dir/target-arm-linux-gnueabihf_glibc/linux-sstar_ssd20x/iptables-1.6.2/ipkg-install/usr/lib'
 /bin/bash ../libtool   --mode=install /usr/bin/install -c   libxtables.la '/media/gwind/windcode/openwrt-ssd20x/18.06/build_dir/target-arm-linux-gnueabihf_glibc/linux-sstar_ssd20x/iptables-1.6.2/ipkg-install/usr/lib'
OpenWrt-libtool: install: /usr/bin/install -c .libs/libxtables.so.12.0.0 /media/gwind/windcode/openwrt-ssd20x/18.06/build_dir/target-arm-linux-gnueabihf_glibc/linux-sstar_ssd20x/iptables-1.6.2/ipkg-install/usr/lib/libxtables.so.12.0.0
OpenWrt-libtool: install: (cd /media/gwind/windcode/openwrt-ssd20x/18.06/build_dir/target-arm-linux-gnueabihf_glibc/linux-sstar_ssd20x/iptables-1.6.2/ipkg-install/usr/lib && { ln -s -f libxtables.so.12.0.0 libxtables.so.12 || { rm -f libxtables.so.12 && ln -s libxtables.so.12.0.0 libxtables.so.12; }; })
OpenWrt-libtool: install: (cd /media/gwind/windcode/openwrt-ssd20x/18.06/build_dir/target-arm-linux-gnueabihf_glibc/linux-sstar_ssd20x/iptables-1.6.2/ipkg-install/usr/lib && { ln -s -f libxtables.so.12.0.0 libxtables.so || { rm -f libxtables.so && ln -s libxtables.so.12.0.0 libxtables.so; }; })
OpenWrt-libtool: install: /usr/bin/install -c .libs/libxtables.lai /media/gwind/windcode/openwrt-ssd20x/18.06/build_dir/target-arm-linux-gnueabihf_glibc/linux-sstar_ssd20x/iptables-1.6.2/ipkg-install/usr/lib/libxtables.la
OpenWrt-libtool: install: /usr/bin/install -c .libs/libxtables.a /media/gwind/windcode/openwrt-ssd20x/18.06/build_dir/target-arm-linux-gnueabihf_glibc/linux-sstar_ssd20x/iptables-1.6.2/ipkg-install/usr/lib/libxtables.a
OpenWrt-libtool: install: chmod 644 /media/gwind/windcode/openwrt-ssd20x/18.06/build_dir/target-arm-linux-gnueabihf_glibc/linux-sstar_ssd20x/iptables-1.6.2/ipkg-install/usr/lib/libxtables.a
OpenWrt-libtool: install: arm-linux-gnueabihf-ranlib /media/gwind/windcode/openwrt-ssd20x/18.06/build_dir/target-arm-linux-gnueabihf_glibc/linux-sstar_ssd20x/iptables-1.6.2/ipkg-install/usr/lib/libxtables.a
make[6]: Nothing to be done for 'install-data-am'.
make[6]: Leaving directory '/media/gwind/windcode/openwrt-ssd20x/18.06/build_dir/target-arm-linux-gnueabihf_glibc/linux-sstar_ssd20x/iptables-1.6.2/libxtables'
make[5]: Leaving directory '/media/gwind/windcode/openwrt-ssd20x/18.06/build_dir/target-arm-linux-gnueabihf_glibc/linux-sstar_ssd20x/iptables-1.6.2/libxtables'
Making install in include
make[5]: Entering directory '/media/gwind/windcode/openwrt-ssd20x/18.06/build_dir/target-arm-linux-gnueabihf_glibc/linux-sstar_ssd20x/iptables-1.6.2/include'
make[6]: Entering directory '/media/gwind/windcode/openwrt-ssd20x/18.06/build_dir/target-arm-linux-gnueabihf_glibc/linux-sstar_ssd20x/iptables-1.6.2/include'
make[6]: Nothing to be done for 'install-exec-am'.
 /bin/mkdir -p '/media/gwind/windcode/openwrt-ssd20x/18.06/build_dir/target-arm-linux-gnueabihf_glibc/linux-sstar_ssd20x/iptables-1.6.2/ipkg-install/usr/include'
 /bin/mkdir -p '/media/gwind/windcode/openwrt-ssd20x/18.06/build_dir/target-arm-linux-gnueabihf_glibc/linux-sstar_ssd20x/iptables-1.6.2/ipkg-install/usr/include/libiptc'
 /usr/bin/install -c -m 644  libiptc/ipt_kernel_headers.h libiptc/libiptc.h libiptc/libip6tc.h libiptc/libxtc.h libiptc/xtcshared.h '/media/gwind/windcode/openwrt-ssd20x/18.06/build_dir/target-arm-linux-gnueabihf_glibc/linux-sstar_ssd20x/iptables-1.6.2/ipkg-install/usr/include/libiptc'
 /usr/bin/install -c -m 644  xtables.h xtables-version.h '/media/gwind/windcode/openwrt-ssd20x/18.06/build_dir/target-arm-linux-gnueabihf_glibc/linux-sstar_ssd20x/iptables-1.6.2/ipkg-install/usr/include/.'
make[6]: Leaving directory '/media/gwind/windcode/openwrt-ssd20x/18.06/build_dir/target-arm-linux-gnueabihf_glibc/linux-sstar_ssd20x/iptables-1.6.2/include'
make[5]: Leaving directory '/media/gwind/windcode/openwrt-ssd20x/18.06/build_dir/target-arm-linux-gnueabihf_glibc/linux-sstar_ssd20x/iptables-1.6.2/include'
Making install in utils
make[5]: Entering directory '/media/gwind/windcode/openwrt-ssd20x/18.06/build_dir/target-arm-linux-gnueabihf_glibc/linux-sstar_ssd20x/iptables-1.6.2/utils'
make[6]: Entering directory '/media/gwind/windcode/openwrt-ssd20x/18.06/build_dir/target-arm-linux-gnueabihf_glibc/linux-sstar_ssd20x/iptables-1.6.2/utils'
 /bin/mkdir -p '/media/gwind/windcode/openwrt-ssd20x/18.06/build_dir/target-arm-linux-gnueabihf_glibc/linux-sstar_ssd20x/iptables-1.6.2/ipkg-install/usr/sbin'
make[6]: Leaving directory '/media/gwind/windcode/openwrt-ssd20x/18.06/build_dir/target-arm-linux-gnueabihf_glibc/linux-sstar_ssd20x/iptables-1.6.2/utils'
make[5]: Leaving directory '/media/gwind/windcode/openwrt-ssd20x/18.06/build_dir/target-arm-linux-gnueabihf_glibc/linux-sstar_ssd20x/iptables-1.6.2/utils'
Making install in extensions
make[5]: Entering directory '/media/gwind/windcode/openwrt-ssd20x/18.06/build_dir/target-arm-linux-gnueabihf_glibc/linux-sstar_ssd20x/iptables-1.6.2/extensions'
if test -n "libxt_AUDIT.so libxt_CHECKSUM.so libxt_CLASSIFY.so libxt_CONNMARK.so libxt_CONNSECMARK.so libxt_CT.so libxt_DSCP.so libxt_FLOWOFFLOAD.so libxt_HMARK.so libxt_IDLETIMER.so libxt_LED.so libxt_NFLOG.so libxt_NFQUEUE.so libxt_RATEEST.so libxt_SECMARK.so libxt_SYNPROXY.so libxt_TCPOPTSTRIP.so libxt_TEE.so libxt_TOS.so libxt_TPROXY.so libxt_TRACE.so libxt_addrtype.so libxt_bpf.so libxt_cgroup.so libxt_cluster.so libxt_connbytes.so libxt_connlimit.so libxt_connmark.so libxt_cpu.so libxt_dccp.so libxt_devgroup.so libxt_dscp.so libxt_ecn.so libxt_esp.so libxt_hashlimit.so libxt_helper.so libxt_ipcomp.so libxt_iprange.so libxt_ipvs.so libxt_length.so libxt_mangle.so libxt_nfacct.so libxt_osf.so libxt_owner.so libxt_physdev.so libxt_pkttype.so libxt_policy.so libxt_quota.so libxt_rateest.so libxt_recent.so libxt_rpfilter.so libxt_sctp.so libxt_socket.so libxt_statistic.so libxt_string.so libxt_tcpmss.so libxt_tos.so libxt_u32.so libxt_NOTRACK.so libxt_state.so libebt_802_3.so libebt_ip.so libebt_log.so libebt_mark_m.so libipt_CLUSTERIP.so libipt_ECN.so libipt_NETMAP.so libipt_TTL.so libipt_ULOG.so libipt_ah.so libipt_realm.so libipt_ttl.so libip6t_DNPT.so libip6t_HL.so libip6t_NETMAP.so libip6t_SNPT.so libip6t_ah.so libip6t_dst.so libip6t_eui64.so libip6t_frag.so libip6t_hbh.so libip6t_hl.so libip6t_icmp6.so libip6t_ipv6header.so libip6t_mh.so libip6t_rt.so libip6t_srh.so"; then install -pm0755 libxt_AUDIT.so libxt_CHECKSUM.so libxt_CLASSIFY.so libxt_CONNMARK.so libxt_CONNSECMARK.so libxt_CT.so libxt_DSCP.so libxt_FLOWOFFLOAD.so libxt_HMARK.so libxt_IDLETIMER.so libxt_LED.so libxt_NFLOG.so libxt_NFQUEUE.so libxt_RATEEST.so libxt_SECMARK.so libxt_SYNPROXY.so libxt_TCPOPTSTRIP.so libxt_TEE.so libxt_TOS.so libxt_TPROXY.so libxt_TRACE.so libxt_addrtype.so libxt_bpf.so libxt_cgroup.so libxt_cluster.so libxt_connbytes.so libxt_connlimit.so libxt_connmark.so libxt_cpu.so libxt_dccp.so libxt_devgroup.so libxt_dscp.so libxt_ecn.so libxt_esp.so libxt_hashlimit.so libxt_helper.so libxt_ipcomp.so libxt_iprange.so libxt_ipvs.so libxt_length.so libxt_mangle.so libxt_nfacct.so libxt_osf.so libxt_owner.so libxt_physdev.so libxt_pkttype.so libxt_policy.so libxt_quota.so libxt_rateest.so libxt_recent.so libxt_rpfilter.so libxt_sctp.so libxt_socket.so libxt_statistic.so libxt_string.so libxt_tcpmss.so libxt_tos.so libxt_u32.so libxt_NOTRACK.so libxt_state.so libebt_802_3.so libebt_ip.so libebt_log.so libebt_mark_m.so libipt_CLUSTERIP.so libipt_ECN.so libipt_NETMAP.so libipt_TTL.so libipt_ULOG.so libipt_ah.so libipt_realm.so libipt_ttl.so libip6t_DNPT.so libip6t_HL.so libip6t_NETMAP.so libip6t_SNPT.so libip6t_ah.so libip6t_dst.so libip6t_eui64.so libip6t_frag.so libip6t_hbh.so libip6t_hl.so libip6t_icmp6.so libip6t_ipv6header.so libip6t_mh.so libip6t_rt.so libip6t_srh.so "/media/gwind/windcode/openwrt-ssd20x/18.06/build_dir/target-arm-linux-gnueabihf_glibc/linux-sstar_ssd20x/iptables-1.6.2/ipkg-install/usr/lib/iptables/"; fi;
make[5]: Leaving directory '/media/gwind/windcode/openwrt-ssd20x/18.06/build_dir/target-arm-linux-gnueabihf_glibc/linux-sstar_ssd20x/iptables-1.6.2/extensions'
Making install in iptables
make[5]: Entering directory '/media/gwind/windcode/openwrt-ssd20x/18.06/build_dir/target-arm-linux-gnueabihf_glibc/linux-sstar_ssd20x/iptables-1.6.2/iptables'
make  install-am
make[6]: Entering directory '/media/gwind/windcode/openwrt-ssd20x/18.06/build_dir/target-arm-linux-gnueabihf_glibc/linux-sstar_ssd20x/iptables-1.6.2/iptables'
make[7]: Entering directory '/media/gwind/windcode/openwrt-ssd20x/18.06/build_dir/target-arm-linux-gnueabihf_glibc/linux-sstar_ssd20x/iptables-1.6.2/iptables'
 /bin/mkdir -p '/media/gwind/windcode/openwrt-ssd20x/18.06/build_dir/target-arm-linux-gnueabihf_glibc/linux-sstar_ssd20x/iptables-1.6.2/ipkg-install/usr/sbin'
  /bin/bash ../libtool   --mode=install /usr/bin/install -c xtables-multi '/media/gwind/windcode/openwrt-ssd20x/18.06/build_dir/target-arm-linux-gnueabihf_glibc/linux-sstar_ssd20x/iptables-1.6.2/ipkg-install/usr/sbin'
OpenWrt-libtool: install: /usr/bin/install -c .libs/xtables-multi /media/gwind/windcode/openwrt-ssd20x/18.06/build_dir/target-arm-linux-gnueabihf_glibc/linux-sstar_ssd20x/iptables-1.6.2/ipkg-install/usr/sbin/xtables-multi
make  install-exec-hook
make[8]: Entering directory '/media/gwind/windcode/openwrt-ssd20x/18.06/build_dir/target-arm-linux-gnueabihf_glibc/linux-sstar_ssd20x/iptables-1.6.2/iptables'
if test -z "/media/gwind/windcode/openwrt-ssd20x/18.06/build_dir/target-arm-linux-gnueabihf_glibc/linux-sstar_ssd20x/iptables-1.6.2/ipkg-install"; then /sbin/ldconfig; fi;
/usr/bin/install -c -dm0755 "/media/gwind/windcode/openwrt-ssd20x/18.06/build_dir/target-arm-linux-gnueabihf_glibc/linux-sstar_ssd20x/iptables-1.6.2/ipkg-install/usr/bin";
for i in iptables-xml; do ln -s -f "/usr/sbin/xtables-multi" "/media/gwind/windcode/openwrt-ssd20x/18.06/build_dir/target-arm-linux-gnueabihf_glibc/linux-sstar_ssd20x/iptables-1.6.2/ipkg-install/usr/bin/$i"; done;
for i in iptables iptables-restore iptables-save; do ln -s -f xtables-multi "/media/gwind/windcode/openwrt-ssd20x/18.06/build_dir/target-arm-linux-gnueabihf_glibc/linux-sstar_ssd20x/iptables-1.6.2/ipkg-install/usr/sbin/$i"; done;
for i in ip6tables ip6tables-restore ip6tables-save; do ln -s -f xtables-multi "/media/gwind/windcode/openwrt-ssd20x/18.06/build_dir/target-arm-linux-gnueabihf_glibc/linux-sstar_ssd20x/iptables-1.6.2/ipkg-install/usr/sbin/$i"; done;
for i in ; do ln -s -f xtables-compat-multi "/media/gwind/windcode/openwrt-ssd20x/18.06/build_dir/target-arm-linux-gnueabihf_glibc/linux-sstar_ssd20x/iptables-1.6.2/ipkg-install/usr/sbin/$i"; done;
make[8]: Leaving directory '/media/gwind/windcode/openwrt-ssd20x/18.06/build_dir/target-arm-linux-gnueabihf_glibc/linux-sstar_ssd20x/iptables-1.6.2/iptables'
 /bin/mkdir -p '/media/gwind/windcode/openwrt-ssd20x/18.06/build_dir/target-arm-linux-gnueabihf_glibc/linux-sstar_ssd20x/iptables-1.6.2/ipkg-install/usr/man/man1'
 /usr/bin/install -c -m 644 iptables-xml.1 '/media/gwind/windcode/openwrt-ssd20x/18.06/build_dir/target-arm-linux-gnueabihf_glibc/linux-sstar_ssd20x/iptables-1.6.2/ipkg-install/usr/man/man1'
 /bin/mkdir -p '/media/gwind/windcode/openwrt-ssd20x/18.06/build_dir/target-arm-linux-gnueabihf_glibc/linux-sstar_ssd20x/iptables-1.6.2/ipkg-install/usr/man/man8'
 /usr/bin/install -c -m 644 iptables.8 iptables-restore.8 iptables-save.8 ip6tables.8 ip6tables-restore.8 ip6tables-save.8 iptables-extensions.8 '/media/gwind/windcode/openwrt-ssd20x/18.06/build_dir/target-arm-linux-gnueabihf_glibc/linux-sstar_ssd20x/iptables-1.6.2/ipkg-install/usr/man/man8'
 /bin/mkdir -p '/media/gwind/windcode/openwrt-ssd20x/18.06/build_dir/target-arm-linux-gnueabihf_glibc/linux-sstar_ssd20x/iptables-1.6.2/ipkg-install/usr/lib/pkgconfig'
 /usr/bin/install -c -m 644 xtables.pc '/media/gwind/windcode/openwrt-ssd20x/18.06/build_dir/target-arm-linux-gnueabihf_glibc/linux-sstar_ssd20x/iptables-1.6.2/ipkg-install/usr/lib/pkgconfig'
make[7]: Leaving directory '/media/gwind/windcode/openwrt-ssd20x/18.06/build_dir/target-arm-linux-gnueabihf_glibc/linux-sstar_ssd20x/iptables-1.6.2/iptables'
make[6]: Leaving directory '/media/gwind/windcode/openwrt-ssd20x/18.06/build_dir/target-arm-linux-gnueabihf_glibc/linux-sstar_ssd20x/iptables-1.6.2/iptables'
make[5]: Leaving directory '/media/gwind/windcode/openwrt-ssd20x/18.06/build_dir/target-arm-linux-gnueabihf_glibc/linux-sstar_ssd20x/iptables-1.6.2/iptables'
make[5]: Entering directory '/media/gwind/windcode/openwrt-ssd20x/18.06/build_dir/target-arm-linux-gnueabihf_glibc/linux-sstar_ssd20x/iptables-1.6.2'
make[6]: Entering directory '/media/gwind/windcode/openwrt-ssd20x/18.06/build_dir/target-arm-linux-gnueabihf_glibc/linux-sstar_ssd20x/iptables-1.6.2'
make[6]: Nothing to be done for 'install-exec-am'.
make[6]: Leaving directory '/media/gwind/windcode/openwrt-ssd20x/18.06/build_dir/target-arm-linux-gnueabihf_glibc/linux-sstar_ssd20x/iptables-1.6.2'
make[5]: Leaving directory '/media/gwind/windcode/openwrt-ssd20x/18.06/build_dir/target-arm-linux-gnueabihf_glibc/linux-sstar_ssd20x/iptables-1.6.2'
make[4]: Leaving directory '/media/gwind/windcode/openwrt-ssd20x/18.06/build_dir/target-arm-linux-gnueabihf_glibc/linux-sstar_ssd20x/iptables-1.6.2'
touch /media/gwind/windcode/openwrt-ssd20x/18.06/build_dir/target-arm-linux-gnueabihf_glibc/linux-sstar_ssd20x/iptables-1.6.2/.built
rm -rf /media/gwind/windcode/openwrt-ssd20x/18.06/tmp/stage-iptables
mkdir -p /media/gwind/windcode/openwrt-ssd20x/18.06/tmp/stage-iptables/host /media/gwind/windcode/openwrt-ssd20x/18.06/staging_dir/target-arm-linux-gnueabihf_glibc/packages /media/gwind/windcode/openwrt-ssd20x/18.06/staging_dir/host/packages
install -d -m0755 /media/gwind/windcode/openwrt-ssd20x/18.06/tmp/stage-iptables/usr/include
install -d -m0755 /media/gwind/windcode/openwrt-ssd20x/18.06/tmp/stage-iptables/usr/include/iptables
install -d -m0755 /media/gwind/windcode/openwrt-ssd20x/18.06/tmp/stage-iptables/usr/include/net/netfilter
# XXX: iptables header fixup, some headers are not installed by iptables anymore
cp -fpR /media/gwind/windcode/openwrt-ssd20x/18.06/build_dir/target-arm-linux-gnueabihf_glibc/linux-sstar_ssd20x/iptables-1.6.2/include/iptables/*.h /media/gwind/windcode/openwrt-ssd20x/18.06/tmp/stage-iptables/usr/include/iptables/
cp -fpR /media/gwind/windcode/openwrt-ssd20x/18.06/build_dir/target-arm-linux-gnueabihf_glibc/linux-sstar_ssd20x/iptables-1.6.2/include/iptables.h /media/gwind/windcode/openwrt-ssd20x/18.06/tmp/stage-iptables/usr/include/
cp -fpR /media/gwind/windcode/openwrt-ssd20x/18.06/build_dir/target-arm-linux-gnueabihf_glibc/linux-sstar_ssd20x/iptables-1.6.2/include/ip6tables.h /media/gwind/windcode/openwrt-ssd20x/18.06/tmp/stage-iptables/usr/include/
cp -fpR /media/gwind/windcode/openwrt-ssd20x/18.06/build_dir/target-arm-linux-gnueabihf_glibc/linux-sstar_ssd20x/iptables-1.6.2/include/libipulog /media/gwind/windcode/openwrt-ssd20x/18.06/tmp/stage-iptables/usr/include/
cp -fpR /media/gwind/windcode/openwrt-ssd20x/18.06/build_dir/target-arm-linux-gnueabihf_glibc/linux-sstar_ssd20x/iptables-1.6.2/include/libiptc /media/gwind/windcode/openwrt-ssd20x/18.06/tmp/stage-iptables/usr/include/
cp -fpR /media/gwind/windcode/openwrt-ssd20x/18.06/build_dir/target-arm-linux-gnueabihf_glibc/linux-sstar_ssd20x/iptables-1.6.2/ipkg-install/usr/include/* /media/gwind/windcode/openwrt-ssd20x/18.06/tmp/stage-iptables/usr/include/
install -d -m0755 /media/gwind/windcode/openwrt-ssd20x/18.06/tmp/stage-iptables/usr/lib
cp -fpR /media/gwind/windcode/openwrt-ssd20x/18.06/build_dir/target-arm-linux-gnueabihf_glibc/linux-sstar_ssd20x/iptables-1.6.2/ipkg-install/usr/lib/libxtables.so* /media/gwind/windcode/openwrt-ssd20x/18.06/tmp/stage-iptables/usr/lib/
cp -fpR /media/gwind/windcode/openwrt-ssd20x/18.06/build_dir/target-arm-linux-gnueabihf_glibc/linux-sstar_ssd20x/iptables-1.6.2/ipkg-install/usr/lib/libip*tc.so* /media/gwind/windcode/openwrt-ssd20x/18.06/tmp/stage-iptables/usr/lib/
install -d -m0755 /media/gwind/windcode/openwrt-ssd20x/18.06/tmp/stage-iptables/usr/lib/pkgconfig
cp -fpR /media/gwind/windcode/openwrt-ssd20x/18.06/build_dir/target-arm-linux-gnueabihf_glibc/linux-sstar_ssd20x/iptables-1.6.2/ipkg-install/usr/lib/pkgconfig/xtables.pc /media/gwind/windcode/openwrt-ssd20x/18.06/tmp/stage-iptables/usr/lib/pkgconfig/
cp -fpR /media/gwind/windcode/openwrt-ssd20x/18.06/build_dir/target-arm-linux-gnueabihf_glibc/linux-sstar_ssd20x/iptables-1.6.2/ipkg-install/usr/lib/pkgconfig/libip*tc.pc /media/gwind/windcode/openwrt-ssd20x/18.06/tmp/stage-iptables/usr/lib/pkgconfig/
# XXX: needed by firewall3
cp -fpR /media/gwind/windcode/openwrt-ssd20x/18.06/build_dir/target-arm-linux-gnueabihf_glibc/linux-sstar_ssd20x/iptables-1.6.2/extensions/libiptext*.so /media/gwind/windcode/openwrt-ssd20x/18.06/tmp/stage-iptables/usr/lib/
find /media/gwind/windcode/openwrt-ssd20x/18.06/tmp/stage-iptables -name '*.la' | xargs -r rm -f; 
if [ -f /media/gwind/windcode/openwrt-ssd20x/18.06/staging_dir/target-arm-linux-gnueabihf_glibc/packages/iptables.list ]; then /media/gwind/windcode/openwrt-ssd20x/18.06/scripts/clean-package.sh "/media/gwind/windcode/openwrt-ssd20x/18.06/staging_dir/target-arm-linux-gnueabihf_glibc/packages/iptables.list" "/media/gwind/windcode/openwrt-ssd20x/18.06/staging_dir/target-arm-linux-gnueabihf_glibc"; fi
if [ -d /media/gwind/windcode/openwrt-ssd20x/18.06/tmp/stage-iptables ]; then (cd /media/gwind/windcode/openwrt-ssd20x/18.06/tmp/stage-iptables; find ./ > /media/gwind/windcode/openwrt-ssd20x/18.06/tmp/stage-iptables.files); 	SHELL= flock /media/gwind/windcode/openwrt-ssd20x/18.06/tmp/.staging-dir.flock -c ' mv /media/gwind/windcode/openwrt-ssd20x/18.06/tmp/stage-iptables.files /media/gwind/windcode/openwrt-ssd20x/18.06/staging_dir/target-arm-linux-gnueabihf_glibc/packages/iptables.list && cp -fpR /media/gwind/windcode/openwrt-ssd20x/18.06/tmp/stage-iptables/* /media/gwind/windcode/openwrt-ssd20x/18.06/staging_dir/target-arm-linux-gnueabihf_glibc/; '; fi
rm -rf /media/gwind/windcode/openwrt-ssd20x/18.06/tmp/stage-iptables
touch /media/gwind/windcode/openwrt-ssd20x/18.06/staging_dir/target-arm-linux-gnueabihf_glibc/stamp/.iptables_installed
mkdir -p /media/gwind/windcode/openwrt-ssd20x/18.06/bin/targets/sstar/ssd20x/packages /media/gwind/windcode/openwrt-ssd20x/18.06/build_dir/target-arm-linux-gnueabihf_glibc/linux-sstar_ssd20x/iptables-1.6.2/ipkg-arm_cortex-a7_neon/libxtables/CONTROL /media/gwind/windcode/openwrt-ssd20x/18.06/staging_dir/target-arm-linux-gnueabihf_glibc/pkginfo
install -d -m0755 /media/gwind/windcode/openwrt-ssd20x/18.06/build_dir/target-arm-linux-gnueabihf_glibc/linux-sstar_ssd20x/iptables-1.6.2/ipkg-arm_cortex-a7_neon/libxtables/usr/lib
cp -fpR /media/gwind/windcode/openwrt-ssd20x/18.06/build_dir/target-arm-linux-gnueabihf_glibc/linux-sstar_ssd20x/iptables-1.6.2/ipkg-install/usr/lib/libxtables.so* /media/gwind/windcode/openwrt-ssd20x/18.06/build_dir/target-arm-linux-gnueabihf_glibc/linux-sstar_ssd20x/iptables-1.6.2/ipkg-arm_cortex-a7_neon/libxtables/usr/lib/
cp -fpR /media/gwind/windcode/openwrt-ssd20x/18.06/build_dir/target-arm-linux-gnueabihf_glibc/linux-sstar_ssd20x/iptables-1.6.2/extensions/libiptext.so /media/gwind/windcode/openwrt-ssd20x/18.06/build_dir/target-arm-linux-gnueabihf_glibc/linux-sstar_ssd20x/iptables-1.6.2/ipkg-arm_cortex-a7_neon/libxtables/usr/lib/
find /media/gwind/windcode/openwrt-ssd20x/18.06/build_dir/target-arm-linux-gnueabihf_glibc/linux-sstar_ssd20x/iptables-1.6.2/ipkg-arm_cortex-a7_neon/libxtables -name 'CVS' -o -name '.svn' -o -name '.#*' -o -name '*~'| xargs -r rm -rf
export CROSS="arm-linux-gnueabihf-"  NO_RENAME=1 ; NM="arm-linux-gnueabihf-nm" STRIP="arm-linux-gnueabihf-strip --strip-all" STRIP_KMOD="/media/gwind/windcode/openwrt-ssd20x/18.06/scripts/strip-kmod.sh" PATCHELF="/media/gwind/windcode/openwrt-ssd20x/18.06/staging_dir/host/bin/patchelf" /media/gwind/windcode/openwrt-ssd20x/18.06/scripts/rstrip.sh /media/gwind/windcode/openwrt-ssd20x/18.06/build_dir/target-arm-linux-gnueabihf_glibc/linux-sstar_ssd20x/iptables-1.6.2/ipkg-arm_cortex-a7_neon/libxtables
rstrip.sh: /media/gwind/windcode/openwrt-ssd20x/18.06/build_dir/target-arm-linux-gnueabihf_glibc/linux-sstar_ssd20x/iptables-1.6.2/ipkg-arm_cortex-a7_neon/libxtables/usr/lib/libiptext.so: shared object
rstrip.sh: /media/gwind/windcode/openwrt-ssd20x/18.06/build_dir/target-arm-linux-gnueabihf_glibc/linux-sstar_ssd20x/iptables-1.6.2/ipkg-arm_cortex-a7_neon/libxtables/usr/lib/libxtables.so.12.0.0: shared object
(cd /media/gwind/windcode/openwrt-ssd20x/18.06/build_dir/target-arm-linux-gnueabihf_glibc/linux-sstar_ssd20x/iptables-1.6.2/ipkg-arm_cortex-a7_neon/libxtables/CONTROL; ( echo "$CONTROL"; printf "Description: "; echo "$DESCRIPTION" | sed -e 's,^[[:space:]]*, ,g'; ) > control; chmod 644 control; ( echo "#!/bin/sh"; echo "[ \"\${IPKG_NO_SCRIPT}\" = \"1\" ] && exit 0"; echo "[ -x "\${IPKG_INSTROOT}/lib/functions.sh" ] || exit 0"; echo ". \${IPKG_INSTROOT}/lib/functions.sh"; echo "default_postinst \$0 \$@"; ) > postinst; ( echo "#!/bin/sh"; echo "[ -x "\${IPKG_INSTROOT}/lib/functions.sh" ] || exit 0"; echo ". \${IPKG_INSTROOT}/lib/functions.sh"; echo "default_prerm \$0 \$@"; ) > prerm; chmod 0755 postinst prerm;  )
install -d -m0755 /media/gwind/windcode/openwrt-ssd20x/18.06/bin/targets/sstar/ssd20x/packages
/media/gwind/windcode/openwrt-ssd20x/18.06/scripts/ipkg-build -c -o 0 -g 0 /media/gwind/windcode/openwrt-ssd20x/18.06/build_dir/target-arm-linux-gnueabihf_glibc/linux-sstar_ssd20x/iptables-1.6.2/ipkg-arm_cortex-a7_neon/libxtables /media/gwind/windcode/openwrt-ssd20x/18.06/bin/targets/sstar/ssd20x/packages
Packaged contents of /media/gwind/windcode/openwrt-ssd20x/18.06/build_dir/target-arm-linux-gnueabihf_glibc/linux-sstar_ssd20x/iptables-1.6.2/ipkg-arm_cortex-a7_neon/libxtables into /media/gwind/windcode/openwrt-ssd20x/18.06/bin/targets/sstar/ssd20x/packages/libxtables_1.6.2-3_arm_cortex-a7_neon.ipk
mkdir -p /media/gwind/windcode/openwrt-ssd20x/18.06/bin/targets/sstar/ssd20x/packages /media/gwind/windcode/openwrt-ssd20x/18.06/build_dir/target-arm-linux-gnueabihf_glibc/linux-sstar_ssd20x/iptables-1.6.2/ipkg-arm_cortex-a7_neon/libip4tc/CONTROL /media/gwind/windcode/openwrt-ssd20x/18.06/staging_dir/target-arm-linux-gnueabihf_glibc/pkginfo
install -d -m0755 /media/gwind/windcode/openwrt-ssd20x/18.06/build_dir/target-arm-linux-gnueabihf_glibc/linux-sstar_ssd20x/iptables-1.6.2/ipkg-arm_cortex-a7_neon/libip4tc/usr/lib
cp -fpR /media/gwind/windcode/openwrt-ssd20x/18.06/build_dir/target-arm-linux-gnueabihf_glibc/linux-sstar_ssd20x/iptables-1.6.2/ipkg-install/usr/lib/libip4tc.so* /media/gwind/windcode/openwrt-ssd20x/18.06/build_dir/target-arm-linux-gnueabihf_glibc/linux-sstar_ssd20x/iptables-1.6.2/ipkg-arm_cortex-a7_neon/libip4tc/usr/lib/
cp -fpR /media/gwind/windcode/openwrt-ssd20x/18.06/build_dir/target-arm-linux-gnueabihf_glibc/linux-sstar_ssd20x/iptables-1.6.2/extensions/libiptext4.so /media/gwind/windcode/openwrt-ssd20x/18.06/build_dir/target-arm-linux-gnueabihf_glibc/linux-sstar_ssd20x/iptables-1.6.2/ipkg-arm_cortex-a7_neon/libip4tc/usr/lib/
find /media/gwind/windcode/openwrt-ssd20x/18.06/build_dir/target-arm-linux-gnueabihf_glibc/linux-sstar_ssd20x/iptables-1.6.2/ipkg-arm_cortex-a7_neon/libip4tc -name 'CVS' -o -name '.svn' -o -name '.#*' -o -name '*~'| xargs -r rm -rf
export CROSS="arm-linux-gnueabihf-"  NO_RENAME=1 ; NM="arm-linux-gnueabihf-nm" STRIP="arm-linux-gnueabihf-strip --strip-all" STRIP_KMOD="/media/gwind/windcode/openwrt-ssd20x/18.06/scripts/strip-kmod.sh" PATCHELF="/media/gwind/windcode/openwrt-ssd20x/18.06/staging_dir/host/bin/patchelf" /media/gwind/windcode/openwrt-ssd20x/18.06/scripts/rstrip.sh /media/gwind/windcode/openwrt-ssd20x/18.06/build_dir/target-arm-linux-gnueabihf_glibc/linux-sstar_ssd20x/iptables-1.6.2/ipkg-arm_cortex-a7_neon/libip4tc
rstrip.sh: /media/gwind/windcode/openwrt-ssd20x/18.06/build_dir/target-arm-linux-gnueabihf_glibc/linux-sstar_ssd20x/iptables-1.6.2/ipkg-arm_cortex-a7_neon/libip4tc/usr/lib/libip4tc.so.0.1.0: shared object
rstrip.sh: /media/gwind/windcode/openwrt-ssd20x/18.06/build_dir/target-arm-linux-gnueabihf_glibc/linux-sstar_ssd20x/iptables-1.6.2/ipkg-arm_cortex-a7_neon/libip4tc/usr/lib/libiptext4.so: shared object
(cd /media/gwind/windcode/openwrt-ssd20x/18.06/build_dir/target-arm-linux-gnueabihf_glibc/linux-sstar_ssd20x/iptables-1.6.2/ipkg-arm_cortex-a7_neon/libip4tc/CONTROL; ( echo "$CONTROL"; printf "Description: "; echo "$DESCRIPTION" | sed -e 's,^[[:space:]]*, ,g'; ) > control; chmod 644 control; ( echo "#!/bin/sh"; echo "[ \"\${IPKG_NO_SCRIPT}\" = \"1\" ] && exit 0"; echo "[ -x "\${IPKG_INSTROOT}/lib/functions.sh" ] || exit 0"; echo ". \${IPKG_INSTROOT}/lib/functions.sh"; echo "default_postinst \$0 \$@"; ) > postinst; ( echo "#!/bin/sh"; echo "[ -x "\${IPKG_INSTROOT}/lib/functions.sh" ] || exit 0"; echo ". \${IPKG_INSTROOT}/lib/functions.sh"; echo "default_prerm \$0 \$@"; ) > prerm; chmod 0755 postinst prerm;  )
install -d -m0755 /media/gwind/windcode/openwrt-ssd20x/18.06/bin/targets/sstar/ssd20x/packages
/media/gwind/windcode/openwrt-ssd20x/18.06/scripts/ipkg-build -c -o 0 -g 0 /media/gwind/windcode/openwrt-ssd20x/18.06/build_dir/target-arm-linux-gnueabihf_glibc/linux-sstar_ssd20x/iptables-1.6.2/ipkg-arm_cortex-a7_neon/libip4tc /media/gwind/windcode/openwrt-ssd20x/18.06/bin/targets/sstar/ssd20x/packages
Packaged contents of /media/gwind/windcode/openwrt-ssd20x/18.06/build_dir/target-arm-linux-gnueabihf_glibc/linux-sstar_ssd20x/iptables-1.6.2/ipkg-arm_cortex-a7_neon/libip4tc into /media/gwind/windcode/openwrt-ssd20x/18.06/bin/targets/sstar/ssd20x/packages/libip4tc_1.6.2-3_arm_cortex-a7_neon.ipk
rm -rf /media/gwind/windcode/openwrt-ssd20x/18.06/build_dir/target-arm-linux-gnueabihf_glibc/linux-sstar_ssd20x/iptables-1.6.2/.pkgdir/libip4tc.installed /media/gwind/windcode/openwrt-ssd20x/18.06/build_dir/target-arm-linux-gnueabihf_glibc/linux-sstar_ssd20x/iptables-1.6.2/.pkgdir/libip4tc
mkdir -p /media/gwind/windcode/openwrt-ssd20x/18.06/build_dir/target-arm-linux-gnueabihf_glibc/linux-sstar_ssd20x/iptables-1.6.2/.pkgdir/libip4tc
install -d -m0755 /media/gwind/windcode/openwrt-ssd20x/18.06/build_dir/target-arm-linux-gnueabihf_glibc/linux-sstar_ssd20x/iptables-1.6.2/.pkgdir/libip4tc/usr/lib
cp -fpR /media/gwind/windcode/openwrt-ssd20x/18.06/build_dir/target-arm-linux-gnueabihf_glibc/linux-sstar_ssd20x/iptables-1.6.2/ipkg-install/usr/lib/libip4tc.so* /media/gwind/windcode/openwrt-ssd20x/18.06/build_dir/target-arm-linux-gnueabihf_glibc/linux-sstar_ssd20x/iptables-1.6.2/.pkgdir/libip4tc/usr/lib/
cp -fpR /media/gwind/windcode/openwrt-ssd20x/18.06/build_dir/target-arm-linux-gnueabihf_glibc/linux-sstar_ssd20x/iptables-1.6.2/extensions/libiptext4.so /media/gwind/windcode/openwrt-ssd20x/18.06/build_dir/target-arm-linux-gnueabihf_glibc/linux-sstar_ssd20x/iptables-1.6.2/.pkgdir/libip4tc/usr/lib/
touch /media/gwind/windcode/openwrt-ssd20x/18.06/build_dir/target-arm-linux-gnueabihf_glibc/linux-sstar_ssd20x/iptables-1.6.2/.pkgdir/libip4tc.installed
mkdir -p /media/gwind/windcode/openwrt-ssd20x/18.06/bin/targets/sstar/ssd20x/packages /media/gwind/windcode/openwrt-ssd20x/18.06/build_dir/target-arm-linux-gnueabihf_glibc/linux-sstar_ssd20x/iptables-1.6.2/ipkg-arm_cortex-a7_neon/libip6tc/CONTROL /media/gwind/windcode/openwrt-ssd20x/18.06/staging_dir/target-arm-linux-gnueabihf_glibc/pkginfo
install -d -m0755 /media/gwind/windcode/openwrt-ssd20x/18.06/build_dir/target-arm-linux-gnueabihf_glibc/linux-sstar_ssd20x/iptables-1.6.2/ipkg-arm_cortex-a7_neon/libip6tc/usr/lib
cp -fpR /media/gwind/windcode/openwrt-ssd20x/18.06/build_dir/target-arm-linux-gnueabihf_glibc/linux-sstar_ssd20x/iptables-1.6.2/ipkg-install/usr/lib/libip6tc.so* /media/gwind/windcode/openwrt-ssd20x/18.06/build_dir/target-arm-linux-gnueabihf_glibc/linux-sstar_ssd20x/iptables-1.6.2/ipkg-arm_cortex-a7_neon/libip6tc/usr/lib/
cp -fpR /media/gwind/windcode/openwrt-ssd20x/18.06/build_dir/target-arm-linux-gnueabihf_glibc/linux-sstar_ssd20x/iptables-1.6.2/extensions/libiptext6.so /media/gwind/windcode/openwrt-ssd20x/18.06/build_dir/target-arm-linux-gnueabihf_glibc/linux-sstar_ssd20x/iptables-1.6.2/ipkg-arm_cortex-a7_neon/libip6tc/usr/lib/
find /media/gwind/windcode/openwrt-ssd20x/18.06/build_dir/target-arm-linux-gnueabihf_glibc/linux-sstar_ssd20x/iptables-1.6.2/ipkg-arm_cortex-a7_neon/libip6tc -name 'CVS' -o -name '.svn' -o -name '.#*' -o -name '*~'| xargs -r rm -rf
export CROSS="arm-linux-gnueabihf-"  NO_RENAME=1 ; NM="arm-linux-gnueabihf-nm" STRIP="arm-linux-gnueabihf-strip --strip-all" STRIP_KMOD="/media/gwind/windcode/openwrt-ssd20x/18.06/scripts/strip-kmod.sh" PATCHELF="/media/gwind/windcode/openwrt-ssd20x/18.06/staging_dir/host/bin/patchelf" /media/gwind/windcode/openwrt-ssd20x/18.06/scripts/rstrip.sh /media/gwind/windcode/openwrt-ssd20x/18.06/build_dir/target-arm-linux-gnueabihf_glibc/linux-sstar_ssd20x/iptables-1.6.2/ipkg-arm_cortex-a7_neon/libip6tc
rstrip.sh: /media/gwind/windcode/openwrt-ssd20x/18.06/build_dir/target-arm-linux-gnueabihf_glibc/linux-sstar_ssd20x/iptables-1.6.2/ipkg-arm_cortex-a7_neon/libip6tc/usr/lib/libiptext6.so: shared object
rstrip.sh: /media/gwind/windcode/openwrt-ssd20x/18.06/build_dir/target-arm-linux-gnueabihf_glibc/linux-sstar_ssd20x/iptables-1.6.2/ipkg-arm_cortex-a7_neon/libip6tc/usr/lib/libip6tc.so.0.1.0: shared object
(cd /media/gwind/windcode/openwrt-ssd20x/18.06/build_dir/target-arm-linux-gnueabihf_glibc/linux-sstar_ssd20x/iptables-1.6.2/ipkg-arm_cortex-a7_neon/libip6tc/CONTROL; ( echo "$CONTROL"; printf "Description: "; echo "$DESCRIPTION" | sed -e 's,^[[:space:]]*, ,g'; ) > control; chmod 644 control; ( echo "#!/bin/sh"; echo "[ \"\${IPKG_NO_SCRIPT}\" = \"1\" ] && exit 0"; echo "[ -x "\${IPKG_INSTROOT}/lib/functions.sh" ] || exit 0"; echo ". \${IPKG_INSTROOT}/lib/functions.sh"; echo "default_postinst \$0 \$@"; ) > postinst; ( echo "#!/bin/sh"; echo "[ -x "\${IPKG_INSTROOT}/lib/functions.sh" ] || exit 0"; echo ". \${IPKG_INSTROOT}/lib/functions.sh"; echo "default_prerm \$0 \$@"; ) > prerm; chmod 0755 postinst prerm;  )
install -d -m0755 /media/gwind/windcode/openwrt-ssd20x/18.06/bin/targets/sstar/ssd20x/packages
/media/gwind/windcode/openwrt-ssd20x/18.06/scripts/ipkg-build -c -o 0 -g 0 /media/gwind/windcode/openwrt-ssd20x/18.06/build_dir/target-arm-linux-gnueabihf_glibc/linux-sstar_ssd20x/iptables-1.6.2/ipkg-arm_cortex-a7_neon/libip6tc /media/gwind/windcode/openwrt-ssd20x/18.06/bin/targets/sstar/ssd20x/packages
Packaged contents of /media/gwind/windcode/openwrt-ssd20x/18.06/build_dir/target-arm-linux-gnueabihf_glibc/linux-sstar_ssd20x/iptables-1.6.2/ipkg-arm_cortex-a7_neon/libip6tc into /media/gwind/windcode/openwrt-ssd20x/18.06/bin/targets/sstar/ssd20x/packages/libip6tc_1.6.2-3_arm_cortex-a7_neon.ipk
rm -rf /media/gwind/windcode/openwrt-ssd20x/18.06/build_dir/target-arm-linux-gnueabihf_glibc/linux-sstar_ssd20x/iptables-1.6.2/.pkgdir/libip6tc.installed /media/gwind/windcode/openwrt-ssd20x/18.06/build_dir/target-arm-linux-gnueabihf_glibc/linux-sstar_ssd20x/iptables-1.6.2/.pkgdir/libip6tc
mkdir -p /media/gwind/windcode/openwrt-ssd20x/18.06/build_dir/target-arm-linux-gnueabihf_glibc/linux-sstar_ssd20x/iptables-1.6.2/.pkgdir/libip6tc
install -d -m0755 /media/gwind/windcode/openwrt-ssd20x/18.06/build_dir/target-arm-linux-gnueabihf_glibc/linux-sstar_ssd20x/iptables-1.6.2/.pkgdir/libip6tc/usr/lib
cp -fpR /media/gwind/windcode/openwrt-ssd20x/18.06/build_dir/target-arm-linux-gnueabihf_glibc/linux-sstar_ssd20x/iptables-1.6.2/ipkg-install/usr/lib/libip6tc.so* /media/gwind/windcode/openwrt-ssd20x/18.06/build_dir/target-arm-linux-gnueabihf_glibc/linux-sstar_ssd20x/iptables-1.6.2/.pkgdir/libip6tc/usr/lib/
cp -fpR /media/gwind/windcode/openwrt-ssd20x/18.06/build_dir/target-arm-linux-gnueabihf_glibc/linux-sstar_ssd20x/iptables-1.6.2/extensions/libiptext6.so /media/gwind/windcode/openwrt-ssd20x/18.06/build_dir/target-arm-linux-gnueabihf_glibc/linux-sstar_ssd20x/iptables-1.6.2/.pkgdir/libip6tc/usr/lib/
touch /media/gwind/windcode/openwrt-ssd20x/18.06/build_dir/target-arm-linux-gnueabihf_glibc/linux-sstar_ssd20x/iptables-1.6.2/.pkgdir/libip6tc.installed
rm -rf /media/gwind/windcode/openwrt-ssd20x/18.06/build_dir/target-arm-linux-gnueabihf_glibc/linux-sstar_ssd20x/iptables-1.6.2/.pkgdir/libxtables.installed /media/gwind/windcode/openwrt-ssd20x/18.06/build_dir/target-arm-linux-gnueabihf_glibc/linux-sstar_ssd20x/iptables-1.6.2/.pkgdir/libxtables
mkdir -p /media/gwind/windcode/openwrt-ssd20x/18.06/build_dir/target-arm-linux-gnueabihf_glibc/linux-sstar_ssd20x/iptables-1.6.2/.pkgdir/libxtables
install -d -m0755 /media/gwind/windcode/openwrt-ssd20x/18.06/build_dir/target-arm-linux-gnueabihf_glibc/linux-sstar_ssd20x/iptables-1.6.2/.pkgdir/libxtables/usr/lib
cp -fpR /media/gwind/windcode/openwrt-ssd20x/18.06/build_dir/target-arm-linux-gnueabihf_glibc/linux-sstar_ssd20x/iptables-1.6.2/ipkg-install/usr/lib/libxtables.so* /media/gwind/windcode/openwrt-ssd20x/18.06/build_dir/target-arm-linux-gnueabihf_glibc/linux-sstar_ssd20x/iptables-1.6.2/.pkgdir/libxtables/usr/lib/
cp -fpR /media/gwind/windcode/openwrt-ssd20x/18.06/build_dir/target-arm-linux-gnueabihf_glibc/linux-sstar_ssd20x/iptables-1.6.2/extensions/libiptext.so /media/gwind/windcode/openwrt-ssd20x/18.06/build_dir/target-arm-linux-gnueabihf_glibc/linux-sstar_ssd20x/iptables-1.6.2/.pkgdir/libxtables/usr/lib/
touch /media/gwind/windcode/openwrt-ssd20x/18.06/build_dir/target-arm-linux-gnueabihf_glibc/linux-sstar_ssd20x/iptables-1.6.2/.pkgdir/libxtables.installed
mkdir -p /media/gwind/windcode/openwrt-ssd20x/18.06/staging_dir/target-arm-linux-gnueabihf_glibc/root-sstar/stamp
echo '1.6.2' | cmp -s - /media/gwind/windcode/openwrt-ssd20x/18.06/staging_dir/target-arm-linux-gnueabihf_glibc/pkginfo/libip4tc.version || echo '1.6.2' > /media/gwind/windcode/openwrt-ssd20x/18.06/staging_dir/target-arm-linux-gnueabihf_glibc/pkginfo/libip4tc.version
SHELL= flock /media/gwind/windcode/openwrt-ssd20x/18.06/tmp/.root-copy.flock -c 'cp -fpR /media/gwind/windcode/openwrt-ssd20x/18.06/build_dir/target-arm-linux-gnueabihf_glibc/linux-sstar_ssd20x/iptables-1.6.2/.pkgdir/libip4tc/. /media/gwind/windcode/openwrt-ssd20x/18.06/staging_dir/target-arm-linux-gnueabihf_glibc/root-sstar/'
touch /media/gwind/windcode/openwrt-ssd20x/18.06/staging_dir/target-arm-linux-gnueabihf_glibc/root-sstar/stamp/.libip4tc_installed
echo "libip4tc" >> /media/gwind/windcode/openwrt-ssd20x/18.06/staging_dir/target-arm-linux-gnueabihf_glibc/pkginfo/iptables.default.install
mkdir -p /media/gwind/windcode/openwrt-ssd20x/18.06/staging_dir/target-arm-linux-gnueabihf_glibc/root-sstar/stamp
echo '1.6.2' | cmp -s - /media/gwind/windcode/openwrt-ssd20x/18.06/staging_dir/target-arm-linux-gnueabihf_glibc/pkginfo/libip6tc.version || echo '1.6.2' > /media/gwind/windcode/openwrt-ssd20x/18.06/staging_dir/target-arm-linux-gnueabihf_glibc/pkginfo/libip6tc.version
SHELL= flock /media/gwind/windcode/openwrt-ssd20x/18.06/tmp/.root-copy.flock -c 'cp -fpR /media/gwind/windcode/openwrt-ssd20x/18.06/build_dir/target-arm-linux-gnueabihf_glibc/linux-sstar_ssd20x/iptables-1.6.2/.pkgdir/libip6tc/. /media/gwind/windcode/openwrt-ssd20x/18.06/staging_dir/target-arm-linux-gnueabihf_glibc/root-sstar/'
touch /media/gwind/windcode/openwrt-ssd20x/18.06/staging_dir/target-arm-linux-gnueabihf_glibc/root-sstar/stamp/.libip6tc_installed
echo "libip6tc" >> /media/gwind/windcode/openwrt-ssd20x/18.06/staging_dir/target-arm-linux-gnueabihf_glibc/pkginfo/iptables.default.install
mkdir -p /media/gwind/windcode/openwrt-ssd20x/18.06/staging_dir/target-arm-linux-gnueabihf_glibc/root-sstar/stamp
echo '1.6.2' | cmp -s - /media/gwind/windcode/openwrt-ssd20x/18.06/staging_dir/target-arm-linux-gnueabihf_glibc/pkginfo/libxtables.version || echo '1.6.2' > /media/gwind/windcode/openwrt-ssd20x/18.06/staging_dir/target-arm-linux-gnueabihf_glibc/pkginfo/libxtables.version
SHELL= flock /media/gwind/windcode/openwrt-ssd20x/18.06/tmp/.root-copy.flock -c 'cp -fpR /media/gwind/windcode/openwrt-ssd20x/18.06/build_dir/target-arm-linux-gnueabihf_glibc/linux-sstar_ssd20x/iptables-1.6.2/.pkgdir/libxtables/. /media/gwind/windcode/openwrt-ssd20x/18.06/staging_dir/target-arm-linux-gnueabihf_glibc/root-sstar/'
touch /media/gwind/windcode/openwrt-ssd20x/18.06/staging_dir/target-arm-linux-gnueabihf_glibc/root-sstar/stamp/.libxtables_installed
echo "libxtables" >> /media/gwind/windcode/openwrt-ssd20x/18.06/staging_dir/target-arm-linux-gnueabihf_glibc/pkginfo/iptables.default.install
make[3]: Leaving directory '/media/gwind/windcode/openwrt-ssd20x/18.06/package/network/utils/iptables'
make[3]: Entering directory '/media/gwind/windcode/openwrt-ssd20x/18.06/package/network/config/firewall'
mkdir -p /media/gwind/windcode/openwrt-ssd20x/18.06/staging_dir/target-arm-linux-gnueabihf_glibc/root-sstar/stamp
SHELL= flock /media/gwind/windcode/openwrt-ssd20x/18.06/tmp/.root-copy.flock -c 'cp -fpR /media/gwind/windcode/openwrt-ssd20x/18.06/build_dir/target-arm-linux-gnueabihf_glibc/firewall-2018-08-13-1c4d5bcd/.pkgdir/firewall/. /media/gwind/windcode/openwrt-ssd20x/18.06/staging_dir/target-arm-linux-gnueabihf_glibc/root-sstar/'
touch /media/gwind/windcode/openwrt-ssd20x/18.06/staging_dir/target-arm-linux-gnueabihf_glibc/root-sstar/stamp/.firewall_installed
echo "firewall" >> /media/gwind/windcode/openwrt-ssd20x/18.06/staging_dir/target-arm-linux-gnueabihf_glibc/pkginfo/firewall.default.install
make[3]: Leaving directory '/media/gwind/windcode/openwrt-ssd20x/18.06/package/network/config/firewall'
make[3]: Entering directory '/media/gwind/windcode/openwrt-ssd20x/18.06/feeds/luci/applications/luci-app-firewall'
mkdir -p /media/gwind/windcode/openwrt-ssd20x/18.06/staging_dir/target-arm-linux-gnueabihf_glibc/root-sstar/stamp
SHELL= flock /media/gwind/windcode/openwrt-ssd20x/18.06/tmp/.root-copy.flock -c 'cp -fpR /media/gwind/windcode/openwrt-ssd20x/18.06/build_dir/target-arm-linux-gnueabihf_glibc/luci-app-firewall/.pkgdir/luci-app-firewall/. /media/gwind/windcode/openwrt-ssd20x/18.06/staging_dir/target-arm-linux-gnueabihf_glibc/root-sstar/'
touch /media/gwind/windcode/openwrt-ssd20x/18.06/staging_dir/target-arm-linux-gnueabihf_glibc/root-sstar/stamp/.luci-app-firewall_installed
echo "luci-app-firewall" >> /media/gwind/windcode/openwrt-ssd20x/18.06/staging_dir/target-arm-linux-gnueabihf_glibc/pkginfo/luci-app-firewall.default.install
make[3]: Leaving directory '/media/gwind/windcode/openwrt-ssd20x/18.06/feeds/luci/applications/luci-app-firewall'
make[3]: Entering directory '/media/gwind/windcode/openwrt-ssd20x/18.06/feeds/luci/libs/luci-lib-ip'
mkdir -p /media/gwind/windcode/openwrt-ssd20x/18.06/staging_dir/target-arm-linux-gnueabihf_glibc/root-sstar/stamp
SHELL= flock /media/gwind/windcode/openwrt-ssd20x/18.06/tmp/.root-copy.flock -c 'cp -fpR /media/gwind/windcode/openwrt-ssd20x/18.06/build_dir/target-arm-linux-gnueabihf_glibc/luci-lib-ip/.pkgdir/luci-lib-ip/. /media/gwind/windcode/openwrt-ssd20x/18.06/staging_dir/target-arm-linux-gnueabihf_glibc/root-sstar/'
touch /media/gwind/windcode/openwrt-ssd20x/18.06/staging_dir/target-arm-linux-gnueabihf_glibc/root-sstar/stamp/.luci-lib-ip_installed
echo "luci-lib-ip" >> /media/gwind/windcode/openwrt-ssd20x/18.06/staging_dir/target-arm-linux-gnueabihf_glibc/pkginfo/luci-lib-ip.default.install
make[3]: Leaving directory '/media/gwind/windcode/openwrt-ssd20x/18.06/feeds/luci/libs/luci-lib-ip'
make[3]: Entering directory '/media/gwind/windcode/openwrt-ssd20x/18.06/feeds/luci/libs/luci-lib-jsonc'
mkdir -p /media/gwind/windcode/openwrt-ssd20x/18.06/staging_dir/target-arm-linux-gnueabihf_glibc/root-sstar/stamp
SHELL= flock /media/gwind/windcode/openwrt-ssd20x/18.06/tmp/.root-copy.flock -c 'cp -fpR /media/gwind/windcode/openwrt-ssd20x/18.06/build_dir/target-arm-linux-gnueabihf_glibc/luci-lib-jsonc/.pkgdir/luci-lib-jsonc/. /media/gwind/windcode/openwrt-ssd20x/18.06/staging_dir/target-arm-linux-gnueabihf_glibc/root-sstar/'
touch /media/gwind/windcode/openwrt-ssd20x/18.06/staging_dir/target-arm-linux-gnueabihf_glibc/root-sstar/stamp/.luci-lib-jsonc_installed
echo "luci-lib-jsonc" >> /media/gwind/windcode/openwrt-ssd20x/18.06/staging_dir/target-arm-linux-gnueabihf_glibc/pkginfo/luci-lib-jsonc.default.install
make[3]: Leaving directory '/media/gwind/windcode/openwrt-ssd20x/18.06/feeds/luci/libs/luci-lib-jsonc'
make[3]: Entering directory '/media/gwind/windcode/openwrt-ssd20x/18.06/feeds/luci/libs/luci-lib-nixio'
mkdir -p /media/gwind/windcode/openwrt-ssd20x/18.06/staging_dir/target-arm-linux-gnueabihf_glibc/root-sstar/stamp
SHELL= flock /media/gwind/windcode/openwrt-ssd20x/18.06/tmp/.root-copy.flock -c 'cp -fpR /media/gwind/windcode/openwrt-ssd20x/18.06/build_dir/target-arm-linux-gnueabihf_glibc/luci-lib-nixio/.pkgdir/luci-lib-nixio/. /media/gwind/windcode/openwrt-ssd20x/18.06/staging_dir/target-arm-linux-gnueabihf_glibc/root-sstar/'
touch /media/gwind/windcode/openwrt-ssd20x/18.06/staging_dir/target-arm-linux-gnueabihf_glibc/root-sstar/stamp/.luci-lib-nixio_installed
echo "luci-lib-nixio" >> /media/gwind/windcode/openwrt-ssd20x/18.06/staging_dir/target-arm-linux-gnueabihf_glibc/pkginfo/luci-lib-nixio.default.install
make[3]: Leaving directory '/media/gwind/windcode/openwrt-ssd20x/18.06/feeds/luci/libs/luci-lib-nixio'
make[3]: Entering directory '/media/gwind/windcode/openwrt-ssd20x/18.06/feeds/luci/contrib/package/lucihttp'
mkdir -p /media/gwind/windcode/openwrt-ssd20x/18.06/staging_dir/target-arm-linux-gnueabihf_glibc/root-sstar/stamp
echo '0' | cmp -s - /media/gwind/windcode/openwrt-ssd20x/18.06/staging_dir/target-arm-linux-gnueabihf_glibc/pkginfo/liblucihttp.version || echo '0' > /media/gwind/windcode/openwrt-ssd20x/18.06/staging_dir/target-arm-linux-gnueabihf_glibc/pkginfo/liblucihttp.version
SHELL= flock /media/gwind/windcode/openwrt-ssd20x/18.06/tmp/.root-copy.flock -c 'cp -fpR /media/gwind/windcode/openwrt-ssd20x/18.06/build_dir/target-arm-linux-gnueabihf_glibc/lucihttp-2019-07-05-a34a17d5/.pkgdir/liblucihttp/. /media/gwind/windcode/openwrt-ssd20x/18.06/staging_dir/target-arm-linux-gnueabihf_glibc/root-sstar/'
touch /media/gwind/windcode/openwrt-ssd20x/18.06/staging_dir/target-arm-linux-gnueabihf_glibc/root-sstar/stamp/.liblucihttp_installed
echo "liblucihttp" >> /media/gwind/windcode/openwrt-ssd20x/18.06/staging_dir/target-arm-linux-gnueabihf_glibc/pkginfo/lucihttp.default.install
mkdir -p /media/gwind/windcode/openwrt-ssd20x/18.06/staging_dir/target-arm-linux-gnueabihf_glibc/root-sstar/stamp
SHELL= flock /media/gwind/windcode/openwrt-ssd20x/18.06/tmp/.root-copy.flock -c 'cp -fpR /media/gwind/windcode/openwrt-ssd20x/18.06/build_dir/target-arm-linux-gnueabihf_glibc/lucihttp-2019-07-05-a34a17d5/.pkgdir/liblucihttp-lua/. /media/gwind/windcode/openwrt-ssd20x/18.06/staging_dir/target-arm-linux-gnueabihf_glibc/root-sstar/'
touch /media/gwind/windcode/openwrt-ssd20x/18.06/staging_dir/target-arm-linux-gnueabihf_glibc/root-sstar/stamp/.liblucihttp-lua_installed
echo "liblucihttp-lua" >> /media/gwind/windcode/openwrt-ssd20x/18.06/staging_dir/target-arm-linux-gnueabihf_glibc/pkginfo/lucihttp.default.install
make[3]: Leaving directory '/media/gwind/windcode/openwrt-ssd20x/18.06/feeds/luci/contrib/package/lucihttp'
make[3]: Entering directory '/media/gwind/windcode/openwrt-ssd20x/18.06/package/network/utils/iwinfo'
mkdir -p /media/gwind/windcode/openwrt-ssd20x/18.06/staging_dir/target-arm-linux-gnueabihf_glibc/root-sstar/stamp
echo '1' | cmp -s - /media/gwind/windcode/openwrt-ssd20x/18.06/staging_dir/target-arm-linux-gnueabihf_glibc/pkginfo/libiwinfo.version || echo '1' > /media/gwind/windcode/openwrt-ssd20x/18.06/staging_dir/target-arm-linux-gnueabihf_glibc/pkginfo/libiwinfo.version
SHELL= flock /media/gwind/windcode/openwrt-ssd20x/18.06/tmp/.root-copy.flock -c 'cp -fpR /media/gwind/windcode/openwrt-ssd20x/18.06/build_dir/target-arm-linux-gnueabihf_glibc/libiwinfo-2018-07-31-65b8333f/.pkgdir/libiwinfo/. /media/gwind/windcode/openwrt-ssd20x/18.06/staging_dir/target-arm-linux-gnueabihf_glibc/root-sstar/'
touch /media/gwind/windcode/openwrt-ssd20x/18.06/staging_dir/target-arm-linux-gnueabihf_glibc/root-sstar/stamp/.libiwinfo_installed
echo "libiwinfo" >> /media/gwind/windcode/openwrt-ssd20x/18.06/staging_dir/target-arm-linux-gnueabihf_glibc/pkginfo/iwinfo.default.install
mkdir -p /media/gwind/windcode/openwrt-ssd20x/18.06/staging_dir/target-arm-linux-gnueabihf_glibc/root-sstar/stamp
SHELL= flock /media/gwind/windcode/openwrt-ssd20x/18.06/tmp/.root-copy.flock -c 'cp -fpR /media/gwind/windcode/openwrt-ssd20x/18.06/build_dir/target-arm-linux-gnueabihf_glibc/libiwinfo-2018-07-31-65b8333f/.pkgdir/libiwinfo-lua/. /media/gwind/windcode/openwrt-ssd20x/18.06/staging_dir/target-arm-linux-gnueabihf_glibc/root-sstar/'
touch /media/gwind/windcode/openwrt-ssd20x/18.06/staging_dir/target-arm-linux-gnueabihf_glibc/root-sstar/stamp/.libiwinfo-lua_installed
echo "libiwinfo-lua" >> /media/gwind/windcode/openwrt-ssd20x/18.06/staging_dir/target-arm-linux-gnueabihf_glibc/pkginfo/iwinfo.default.install
mkdir -p /media/gwind/windcode/openwrt-ssd20x/18.06/staging_dir/target-arm-linux-gnueabihf_glibc/root-sstar/stamp
SHELL= flock /media/gwind/windcode/openwrt-ssd20x/18.06/tmp/.root-copy.flock -c 'cp -fpR /media/gwind/windcode/openwrt-ssd20x/18.06/build_dir/target-arm-linux-gnueabihf_glibc/libiwinfo-2018-07-31-65b8333f/.pkgdir/iwinfo/. /media/gwind/windcode/openwrt-ssd20x/18.06/staging_dir/target-arm-linux-gnueabihf_glibc/root-sstar/'
touch /media/gwind/windcode/openwrt-ssd20x/18.06/staging_dir/target-arm-linux-gnueabihf_glibc/root-sstar/stamp/.iwinfo_installed
echo "iwinfo" >> /media/gwind/windcode/openwrt-ssd20x/18.06/staging_dir/target-arm-linux-gnueabihf_glibc/pkginfo/iwinfo.default.install
make[3]: Leaving directory '/media/gwind/windcode/openwrt-ssd20x/18.06/package/network/utils/iwinfo'
make[3]: Entering directory '/media/gwind/windcode/openwrt-ssd20x/18.06/package/system/rpcd'
mkdir -p /media/gwind/windcode/openwrt-ssd20x/18.06/staging_dir/target-arm-linux-gnueabihf_glibc/root-sstar/stamp
SHELL= flock /media/gwind/windcode/openwrt-ssd20x/18.06/tmp/.root-copy.flock -c 'cp -fpR /media/gwind/windcode/openwrt-ssd20x/18.06/build_dir/target-arm-linux-gnueabihf_glibc/rpcd-2020-05-26-7be1f171/.pkgdir/rpcd/. /media/gwind/windcode/openwrt-ssd20x/18.06/staging_dir/target-arm-linux-gnueabihf_glibc/root-sstar/'
touch /media/gwind/windcode/openwrt-ssd20x/18.06/staging_dir/target-arm-linux-gnueabihf_glibc/root-sstar/stamp/.rpcd_installed
echo "rpcd" >> /media/gwind/windcode/openwrt-ssd20x/18.06/staging_dir/target-arm-linux-gnueabihf_glibc/pkginfo/rpcd.default.install
make[3]: Leaving directory '/media/gwind/windcode/openwrt-ssd20x/18.06/package/system/rpcd'
make[3]: Entering directory '/media/gwind/windcode/openwrt-ssd20x/18.06/feeds/luci/modules/luci-base'
mkdir -p /media/gwind/windcode/openwrt-ssd20x/18.06/staging_dir/target-arm-linux-gnueabihf_glibc/root-sstar/stamp
SHELL= flock /media/gwind/windcode/openwrt-ssd20x/18.06/tmp/.root-copy.flock -c 'cp -fpR /media/gwind/windcode/openwrt-ssd20x/18.06/build_dir/target-arm-linux-gnueabihf_glibc/luci-base/.pkgdir/luci-base/. /media/gwind/windcode/openwrt-ssd20x/18.06/staging_dir/target-arm-linux-gnueabihf_glibc/root-sstar/'
touch /media/gwind/windcode/openwrt-ssd20x/18.06/staging_dir/target-arm-linux-gnueabihf_glibc/root-sstar/stamp/.luci-base_installed
echo "luci-base" >> /media/gwind/windcode/openwrt-ssd20x/18.06/staging_dir/target-arm-linux-gnueabihf_glibc/pkginfo/luci-base.default.install
make[3]: Leaving directory '/media/gwind/windcode/openwrt-ssd20x/18.06/feeds/luci/modules/luci-base'
make[3]: Entering directory '/media/gwind/windcode/openwrt-ssd20x/18.06/feeds/luci/modules/luci-mod-admin-full'
mkdir -p /media/gwind/windcode/openwrt-ssd20x/18.06/staging_dir/target-arm-linux-gnueabihf_glibc/root-sstar/stamp
SHELL= flock /media/gwind/windcode/openwrt-ssd20x/18.06/tmp/.root-copy.flock -c 'cp -fpR /media/gwind/windcode/openwrt-ssd20x/18.06/build_dir/target-arm-linux-gnueabihf_glibc/luci-mod-admin-full/.pkgdir/luci-mod-admin-full/. /media/gwind/windcode/openwrt-ssd20x/18.06/staging_dir/target-arm-linux-gnueabihf_glibc/root-sstar/'
touch /media/gwind/windcode/openwrt-ssd20x/18.06/staging_dir/target-arm-linux-gnueabihf_glibc/root-sstar/stamp/.luci-mod-admin-full_installed
echo "luci-mod-admin-full" >> /media/gwind/windcode/openwrt-ssd20x/18.06/staging_dir/target-arm-linux-gnueabihf_glibc/pkginfo/luci-mod-admin-full.default.install
make[3]: Leaving directory '/media/gwind/windcode/openwrt-ssd20x/18.06/feeds/luci/modules/luci-mod-admin-full'
make[3]: Entering directory '/media/gwind/windcode/openwrt-ssd20x/18.06/feeds/luci/protocols/luci-proto-ppp'
mkdir -p /media/gwind/windcode/openwrt-ssd20x/18.06/staging_dir/target-arm-linux-gnueabihf_glibc/root-sstar/stamp
SHELL= flock /media/gwind/windcode/openwrt-ssd20x/18.06/tmp/.root-copy.flock -c 'cp -fpR /media/gwind/windcode/openwrt-ssd20x/18.06/build_dir/target-arm-linux-gnueabihf_glibc/luci-proto-ppp/.pkgdir/luci-proto-ppp/. /media/gwind/windcode/openwrt-ssd20x/18.06/staging_dir/target-arm-linux-gnueabihf_glibc/root-sstar/'
touch /media/gwind/windcode/openwrt-ssd20x/18.06/staging_dir/target-arm-linux-gnueabihf_glibc/root-sstar/stamp/.luci-proto-ppp_installed
echo "luci-proto-ppp" >> /media/gwind/windcode/openwrt-ssd20x/18.06/staging_dir/target-arm-linux-gnueabihf_glibc/pkginfo/luci-proto-ppp.default.install
make[3]: Leaving directory '/media/gwind/windcode/openwrt-ssd20x/18.06/feeds/luci/protocols/luci-proto-ppp'
make[3]: Entering directory '/media/gwind/windcode/openwrt-ssd20x/18.06/feeds/luci/themes/luci-theme-bootstrap'
mkdir -p /media/gwind/windcode/openwrt-ssd20x/18.06/staging_dir/target-arm-linux-gnueabihf_glibc/root-sstar/stamp
SHELL= flock /media/gwind/windcode/openwrt-ssd20x/18.06/tmp/.root-copy.flock -c 'cp -fpR /media/gwind/windcode/openwrt-ssd20x/18.06/build_dir/target-arm-linux-gnueabihf_glibc/luci-theme-bootstrap/.pkgdir/luci-theme-bootstrap/. /media/gwind/windcode/openwrt-ssd20x/18.06/staging_dir/target-arm-linux-gnueabihf_glibc/root-sstar/'
touch /media/gwind/windcode/openwrt-ssd20x/18.06/staging_dir/target-arm-linux-gnueabihf_glibc/root-sstar/stamp/.luci-theme-bootstrap_installed
echo "luci-theme-bootstrap" >> /media/gwind/windcode/openwrt-ssd20x/18.06/staging_dir/target-arm-linux-gnueabihf_glibc/pkginfo/luci-theme-bootstrap.default.install
make[3]: Leaving directory '/media/gwind/windcode/openwrt-ssd20x/18.06/feeds/luci/themes/luci-theme-bootstrap'
make[3]: Entering directory '/media/gwind/windcode/openwrt-ssd20x/18.06/feeds/luci/libs/rpcd-mod-rrdns'
mkdir -p /media/gwind/windcode/openwrt-ssd20x/18.06/staging_dir/target-arm-linux-gnueabihf_glibc/root-sstar/stamp
SHELL= flock /media/gwind/windcode/openwrt-ssd20x/18.06/tmp/.root-copy.flock -c 'cp -fpR /media/gwind/windcode/openwrt-ssd20x/18.06/build_dir/target-arm-linux-gnueabihf_glibc/rpcd-mod-rrdns-20170710/.pkgdir/rpcd-mod-rrdns/. /media/gwind/windcode/openwrt-ssd20x/18.06/staging_dir/target-arm-linux-gnueabihf_glibc/root-sstar/'
touch /media/gwind/windcode/openwrt-ssd20x/18.06/staging_dir/target-arm-linux-gnueabihf_glibc/root-sstar/stamp/.rpcd-mod-rrdns_installed
echo "rpcd-mod-rrdns" >> /media/gwind/windcode/openwrt-ssd20x/18.06/staging_dir/target-arm-linux-gnueabihf_glibc/pkginfo/rpcd-mod-rrdns.default.install
make[3]: Leaving directory '/media/gwind/windcode/openwrt-ssd20x/18.06/feeds/luci/libs/rpcd-mod-rrdns'
make[3]: Entering directory '/media/gwind/windcode/openwrt-ssd20x/18.06/package/libs/mbedtls'
mkdir -p /media/gwind/windcode/openwrt-ssd20x/18.06/staging_dir/target-arm-linux-gnueabihf_glibc/root-sstar/stamp
echo '2.16.7-1' | cmp -s - /media/gwind/windcode/openwrt-ssd20x/18.06/staging_dir/target-arm-linux-gnueabihf_glibc/pkginfo/libmbedtls.version || echo '2.16.7-1' > /media/gwind/windcode/openwrt-ssd20x/18.06/staging_dir/target-arm-linux-gnueabihf_glibc/pkginfo/libmbedtls.version
SHELL= flock /media/gwind/windcode/openwrt-ssd20x/18.06/tmp/.root-copy.flock -c 'cp -fpR /media/gwind/windcode/openwrt-ssd20x/18.06/build_dir/target-arm-linux-gnueabihf_glibc/mbedtls-2.16.7/.pkgdir/libmbedtls/. /media/gwind/windcode/openwrt-ssd20x/18.06/staging_dir/target-arm-linux-gnueabihf_glibc/root-sstar/'
touch /media/gwind/windcode/openwrt-ssd20x/18.06/staging_dir/target-arm-linux-gnueabihf_glibc/root-sstar/stamp/.libmbedtls_installed
echo "libmbedtls" >> /media/gwind/windcode/openwrt-ssd20x/18.06/staging_dir/target-arm-linux-gnueabihf_glibc/pkginfo/mbedtls.default.install
make[3]: Leaving directory '/media/gwind/windcode/openwrt-ssd20x/18.06/package/libs/mbedtls'
make[3]: Entering directory '/media/gwind/windcode/openwrt-ssd20x/18.06/package/libs/ustream-ssl'
make[3]: Leaving directory '/media/gwind/windcode/openwrt-ssd20x/18.06/package/libs/ustream-ssl'
make[3]: Entering directory '/media/gwind/windcode/openwrt-ssd20x/18.06/package/network/services/uhttpd'
mkdir -p /media/gwind/windcode/openwrt-ssd20x/18.06/staging_dir/target-arm-linux-gnueabihf_glibc/root-sstar/stamp
SHELL= flock /media/gwind/windcode/openwrt-ssd20x/18.06/tmp/.root-copy.flock -c 'cp -fpR /media/gwind/windcode/openwrt-ssd20x/18.06/build_dir/target-arm-linux-gnueabihf_glibc/uhttpd/.pkgdir/uhttpd/. /media/gwind/windcode/openwrt-ssd20x/18.06/staging_dir/target-arm-linux-gnueabihf_glibc/root-sstar/'
touch /media/gwind/windcode/openwrt-ssd20x/18.06/staging_dir/target-arm-linux-gnueabihf_glibc/root-sstar/stamp/.uhttpd_installed
echo "uhttpd" >> /media/gwind/windcode/openwrt-ssd20x/18.06/staging_dir/target-arm-linux-gnueabihf_glibc/pkginfo/uhttpd.default.install
make[3]: Leaving directory '/media/gwind/windcode/openwrt-ssd20x/18.06/package/network/services/uhttpd'
make[3]: Entering directory '/media/gwind/windcode/openwrt-ssd20x/18.06/feeds/luci/protocols/luci-proto-ipv6'
mkdir -p /media/gwind/windcode/openwrt-ssd20x/18.06/staging_dir/target-arm-linux-gnueabihf_glibc/root-sstar/stamp
SHELL= flock /media/gwind/windcode/openwrt-ssd20x/18.06/tmp/.root-copy.flock -c 'cp -fpR /media/gwind/windcode/openwrt-ssd20x/18.06/build_dir/target-arm-linux-gnueabihf_glibc/luci-proto-ipv6/.pkgdir/luci-proto-ipv6/. /media/gwind/windcode/openwrt-ssd20x/18.06/staging_dir/target-arm-linux-gnueabihf_glibc/root-sstar/'
touch /media/gwind/windcode/openwrt-ssd20x/18.06/staging_dir/target-arm-linux-gnueabihf_glibc/root-sstar/stamp/.luci-proto-ipv6_installed
echo "luci-proto-ipv6" >> /media/gwind/windcode/openwrt-ssd20x/18.06/staging_dir/target-arm-linux-gnueabihf_glibc/pkginfo/luci-proto-ipv6.default.install
make[3]: Leaving directory '/media/gwind/windcode/openwrt-ssd20x/18.06/feeds/luci/protocols/luci-proto-ipv6'
make[3]: Entering directory '/media/gwind/windcode/openwrt-ssd20x/18.06/feeds/luci/collections/luci'
mkdir -p /media/gwind/windcode/openwrt-ssd20x/18.06/staging_dir/target-arm-linux-gnueabihf_glibc/root-sstar/stamp
SHELL= flock /media/gwind/windcode/openwrt-ssd20x/18.06/tmp/.root-copy.flock -c 'cp -fpR /media/gwind/windcode/openwrt-ssd20x/18.06/build_dir/target-arm-linux-gnueabihf_glibc/luci/.pkgdir/luci/. /media/gwind/windcode/openwrt-ssd20x/18.06/staging_dir/target-arm-linux-gnueabihf_glibc/root-sstar/'
touch /media/gwind/windcode/openwrt-ssd20x/18.06/staging_dir/target-arm-linux-gnueabihf_glibc/root-sstar/stamp/.luci_installed
echo "luci" >> /media/gwind/windcode/openwrt-ssd20x/18.06/staging_dir/target-arm-linux-gnueabihf_glibc/pkginfo/luci.default.install
make[3]: Leaving directory '/media/gwind/windcode/openwrt-ssd20x/18.06/feeds/luci/collections/luci'
make[3]: Entering directory '/media/gwind/windcode/openwrt-ssd20x/18.06/feeds/packages/kernel/exfat-nofuse'
touch /media/gwind/windcode/openwrt-ssd20x/18.06/build_dir/target-arm-linux-gnueabihf_glibc/linux-sstar_ssd20x/exfat-nofuse-2017-06-20-de4c760b/.prepared_fded6a728d7e2b2dde35a52e12db43c1_6664517399ebbbc92a37c5bb081b5c53_check
. /media/gwind/windcode/openwrt-ssd20x/18.06/include/shell.sh; xzcat /media/gwind/windcode/openwrt-ssd20x/18.06/dl/exfat-nofuse-2017-06-20-de4c760b.tar.xz | tar -C /media/gwind/windcode/openwrt-ssd20x/18.06/build_dir/target-arm-linux-gnueabihf_glibc/linux-sstar_ssd20x/exfat-nofuse-2017-06-20-de4c760b/.. -xf - 
[ ! -d ./src/ ] || cp -fpR ./src/. /media/gwind/windcode/openwrt-ssd20x/18.06/build_dir/target-arm-linux-gnueabihf_glibc/linux-sstar_ssd20x/exfat-nofuse-2017-06-20-de4c760b
touch /media/gwind/windcode/openwrt-ssd20x/18.06/build_dir/target-arm-linux-gnueabihf_glibc/linux-sstar_ssd20x/exfat-nofuse-2017-06-20-de4c760b/.prepared_fded6a728d7e2b2dde35a52e12db43c1_6664517399ebbbc92a37c5bb081b5c53
rm -f /media/gwind/windcode/openwrt-ssd20x/18.06/build_dir/target-arm-linux-gnueabihf_glibc/linux-sstar_ssd20x/exfat-nofuse-2017-06-20-de4c760b/.configured_*
rm -f /media/gwind/windcode/openwrt-ssd20x/18.06/staging_dir/target-arm-linux-gnueabihf_glibc/stamp/.exfat-nofuse_installed
(cd /media/gwind/windcode/openwrt-ssd20x/18.06/build_dir/target-arm-linux-gnueabihf_glibc/linux-sstar_ssd20x/exfat-nofuse-2017-06-20-de4c760b/./; if [ -x ./configure ]; then find /media/gwind/windcode/openwrt-ssd20x/18.06/build_dir/target-arm-linux-gnueabihf_glibc/linux-sstar_ssd20x/exfat-nofuse-2017-06-20-de4c760b/ -name config.guess | xargs -r chmod u+w; find /media/gwind/windcode/openwrt-ssd20x/18.06/build_dir/target-arm-linux-gnueabihf_glibc/linux-sstar_ssd20x/exfat-nofuse-2017-06-20-de4c760b/ -name config.guess | xargs -r -n1 cp --remove-destination /media/gwind/windcode/openwrt-ssd20x/18.06/scripts/config.guess; find /media/gwind/windcode/openwrt-ssd20x/18.06/build_dir/target-arm-linux-gnueabihf_glibc/linux-sstar_ssd20x/exfat-nofuse-2017-06-20-de4c760b/ -name config.sub | xargs -r chmod u+w; find /media/gwind/windcode/openwrt-ssd20x/18.06/build_dir/target-arm-linux-gnueabihf_glibc/linux-sstar_ssd20x/exfat-nofuse-2017-06-20-de4c760b/ -name config.sub | xargs -r -n1 cp --remove-destination /media/gwind/windcode/openwrt-ssd20x/18.06/scripts/config.sub; AR="arm-linux-gnueabihf-ar" AS="arm-linux-gnueabihf-gcc -c -Os -pipe -Wno-implicit-fallthrough -mfpu=neon -Wno-format-overflow -fno-caller-saves -fno-plt -mfloat-abi=hard  -D_FORTIFY_SOURCE=1 -Wl,-z,now -Wl,-z,relro" LD=arm-linux-gnueabihf-ld NM="arm-linux-gnueabihf-nm" CC="arm-linux-gnueabihf-gcc" GCC="arm-linux-gnueabihf-gcc" CXX="arm-linux-gnueabihf-g++" RANLIB="arm-linux-gnueabihf-ranlib" STRIP=arm-linux-gnueabihf-strip OBJCOPY=arm-linux-gnueabihf-objcopy OBJDUMP=arm-linux-gnueabihf-objdump SIZE=arm-linux-gnueabihf-size CFLAGS="-Os -pipe -Wno-implicit-fallthrough -mfpu=neon -Wno-format-overflow -fno-caller-saves -fno-plt -mfloat-abi=hard  -D_FORTIFY_SOURCE=1 -Wl,-z,now -Wl,-z,relro " CXXFLAGS="-Os -pipe -Wno-implicit-fallthrough -mfpu=neon -Wno-format-overflow -fno-caller-saves -fno-plt -mfloat-abi=hard  -D_FORTIFY_SOURCE=1 -Wl,-z,now -Wl,-z,relro " CPPFLAGS="-I/media/gwind/windcode/openwrt-ssd20x/18.06/staging_dir/target-arm-linux-gnueabihf_glibc/usr/include -I/media/gwind/windcode/openwrt-ssd20x/18.06/staging_dir/target-arm-linux-gnueabihf_glibc/include " LDFLAGS="-L/media/gwind/windcode/openwrt-ssd20x/18.06/staging_dir/target-arm-linux-gnueabihf_glibc/usr/lib -L/media/gwind/windcode/openwrt-ssd20x/18.06/staging_dir/target-arm-linux-gnueabihf_glibc/lib -L/opt/ssd20x/gcc-arm-8.2-2018.08-x86_64-arm-linux-gnueabihf/arm-linux-gnueabihf/libc/usr/lib -L/opt/ssd20x/gcc-arm-8.2-2018.08-x86_64-arm-linux-gnueabihf/arm-linux-gnueabihf/libc/lib -znow -zrelro "   ./configure --target=arm-linux-gnueabihf --host=arm-linux-gnueabihf --build=x86_64-pc-linux-gnu --program-prefix="" --program-suffix="" --prefix=/usr --exec-prefix=/usr --bindir=/usr/bin --sbindir=/usr/sbin --libexecdir=/usr/lib --sysconfdir=/etc --datadir=/usr/share --localstatedir=/var --mandir=/usr/man --infodir=/usr/info --disable-nls  ; fi; )
touch /media/gwind/windcode/openwrt-ssd20x/18.06/build_dir/target-arm-linux-gnueabihf_glibc/linux-sstar_ssd20x/exfat-nofuse-2017-06-20-de4c760b/.configured_68b329da9893e34099c7d8ad5cb9c940
rm -f /media/gwind/windcode/openwrt-ssd20x/18.06/build_dir/target-arm-linux-gnueabihf_glibc/linux-sstar_ssd20x/exfat-nofuse-2017-06-20-de4c760b/.built
touch /media/gwind/windcode/openwrt-ssd20x/18.06/build_dir/target-arm-linux-gnueabihf_glibc/linux-sstar_ssd20x/exfat-nofuse-2017-06-20-de4c760b/.built_check
cat /dev/null > /media/gwind/windcode/openwrt-ssd20x/18.06/staging_dir/target-arm-linux-gnueabihf_glibc/pkginfo/exfat-nofuse.symvers; for subdir in .; do cat /media/gwind/windcode/openwrt-ssd20x/18.06/staging_dir/target-arm-linux-gnueabihf_glibc/pkginfo/*.symvers 2>/dev/null > /media/gwind/windcode/openwrt-ssd20x/18.06/build_dir/target-arm-linux-gnueabihf_glibc/linux-sstar_ssd20x/exfat-nofuse-2017-06-20-de4c760b/$subdir/Module.symvers; done
make -C "/media/gwind/windcode/openwrt-ssd20x/18.06/build_dir/target-arm-linux-gnueabihf_glibc/linux-sstar_ssd20x/linux-4.9.84" ARCH="arm" CROSS_COMPILE="arm-linux-gnueabihf-" M="/media/gwind/windcode/openwrt-ssd20x/18.06/build_dir/target-arm-linux-gnueabihf_glibc/linux-sstar_ssd20x/exfat-nofuse-2017-06-20-de4c760b" CONFIG_EXFAT_FS=m modules
make[4]: Entering directory '/media/gwind/windcode/openwrt-ssd20x/sigmastar/kernel/4.9.84'
  CC [M]  /media/gwind/windcode/openwrt-ssd20x/18.06/build_dir/target-arm-linux-gnueabihf_glibc/linux-sstar_ssd20x/exfat-nofuse-2017-06-20-de4c760b/exfat_core.o
  CC [M]  /media/gwind/windcode/openwrt-ssd20x/18.06/build_dir/target-arm-linux-gnueabihf_glibc/linux-sstar_ssd20x/exfat-nofuse-2017-06-20-de4c760b/exfat_super.o
  CC [M]  /media/gwind/windcode/openwrt-ssd20x/18.06/build_dir/target-arm-linux-gnueabihf_glibc/linux-sstar_ssd20x/exfat-nofuse-2017-06-20-de4c760b/exfat_api.o
  CC [M]  /media/gwind/windcode/openwrt-ssd20x/18.06/build_dir/target-arm-linux-gnueabihf_glibc/linux-sstar_ssd20x/exfat-nofuse-2017-06-20-de4c760b/exfat_blkdev.o
  CC [M]  /media/gwind/windcode/openwrt-ssd20x/18.06/build_dir/target-arm-linux-gnueabihf_glibc/linux-sstar_ssd20x/exfat-nofuse-2017-06-20-de4c760b/exfat_cache.o
  CC [M]  /media/gwind/windcode/openwrt-ssd20x/18.06/build_dir/target-arm-linux-gnueabihf_glibc/linux-sstar_ssd20x/exfat-nofuse-2017-06-20-de4c760b/exfat_data.o
  CC [M]  /media/gwind/windcode/openwrt-ssd20x/18.06/build_dir/target-arm-linux-gnueabihf_glibc/linux-sstar_ssd20x/exfat-nofuse-2017-06-20-de4c760b/exfat_bitmap.o
  CC [M]  /media/gwind/windcode/openwrt-ssd20x/18.06/build_dir/target-arm-linux-gnueabihf_glibc/linux-sstar_ssd20x/exfat-nofuse-2017-06-20-de4c760b/exfat_nls.o
  CC [M]  /media/gwind/windcode/openwrt-ssd20x/18.06/build_dir/target-arm-linux-gnueabihf_glibc/linux-sstar_ssd20x/exfat-nofuse-2017-06-20-de4c760b/exfat_oal.o
  CC [M]  /media/gwind/windcode/openwrt-ssd20x/18.06/build_dir/target-arm-linux-gnueabihf_glibc/linux-sstar_ssd20x/exfat-nofuse-2017-06-20-de4c760b/exfat_upcase.o
  LD [M]  /media/gwind/windcode/openwrt-ssd20x/18.06/build_dir/target-arm-linux-gnueabihf_glibc/linux-sstar_ssd20x/exfat-nofuse-2017-06-20-de4c760b/exfat.o
  Building modules, stage 2.
  MODPOST 1 modules
  CC      /media/gwind/windcode/openwrt-ssd20x/18.06/build_dir/target-arm-linux-gnueabihf_glibc/linux-sstar_ssd20x/exfat-nofuse-2017-06-20-de4c760b/exfat.mod.o
  LD [M]  /media/gwind/windcode/openwrt-ssd20x/18.06/build_dir/target-arm-linux-gnueabihf_glibc/linux-sstar_ssd20x/exfat-nofuse-2017-06-20-de4c760b/exfat.ko
make[4]: Leaving directory '/media/gwind/windcode/openwrt-ssd20x/sigmastar/kernel/4.9.84'
for subdir in .; do grep -F $(readlink -f /media/gwind/windcode/openwrt-ssd20x/18.06/build_dir/target-arm-linux-gnueabihf_glibc/linux-sstar_ssd20x/exfat-nofuse-2017-06-20-de4c760b) /media/gwind/windcode/openwrt-ssd20x/18.06/build_dir/target-arm-linux-gnueabihf_glibc/linux-sstar_ssd20x/exfat-nofuse-2017-06-20-de4c760b/$subdir/Module.symvers >> /media/gwind/windcode/openwrt-ssd20x/18.06/build_dir/target-arm-linux-gnueabihf_glibc/linux-sstar_ssd20x/exfat-nofuse-2017-06-20-de4c760b/Module.symvers.tmp; done; sort -u /media/gwind/windcode/openwrt-ssd20x/18.06/build_dir/target-arm-linux-gnueabihf_glibc/linux-sstar_ssd20x/exfat-nofuse-2017-06-20-de4c760b/Module.symvers.tmp > /media/gwind/windcode/openwrt-ssd20x/18.06/build_dir/target-arm-linux-gnueabihf_glibc/linux-sstar_ssd20x/exfat-nofuse-2017-06-20-de4c760b/Module.symvers; mv /media/gwind/windcode/openwrt-ssd20x/18.06/build_dir/target-arm-linux-gnueabihf_glibc/linux-sstar_ssd20x/exfat-nofuse-2017-06-20-de4c760b/Module.symvers /media/gwind/windcode/openwrt-ssd20x/18.06/staging_dir/target-arm-linux-gnueabihf_glibc/pkginfo/exfat-nofuse.symvers
touch /media/gwind/windcode/openwrt-ssd20x/18.06/build_dir/target-arm-linux-gnueabihf_glibc/linux-sstar_ssd20x/exfat-nofuse-2017-06-20-de4c760b/.built
rm -rf /media/gwind/windcode/openwrt-ssd20x/18.06/build_dir/target-arm-linux-gnueabihf_glibc/linux-sstar_ssd20x/exfat-nofuse-2017-06-20-de4c760b/.pkgdir/kmod-fs-exfat.installed /media/gwind/windcode/openwrt-ssd20x/18.06/build_dir/target-arm-linux-gnueabihf_glibc/linux-sstar_ssd20x/exfat-nofuse-2017-06-20-de4c760b/.pkgdir/kmod-fs-exfat
mkdir -p /media/gwind/windcode/openwrt-ssd20x/18.06/build_dir/target-arm-linux-gnueabihf_glibc/linux-sstar_ssd20x/exfat-nofuse-2017-06-20-de4c760b/.pkgdir/kmod-fs-exfat
mkdir -p /media/gwind/windcode/openwrt-ssd20x/18.06/build_dir/target-arm-linux-gnueabihf_glibc/linux-sstar_ssd20x/exfat-nofuse-2017-06-20-de4c760b/.pkgdir/kmod-fs-exfat/etc/modules.d; ( echo "exfat"; ) > /media/gwind/windcode/openwrt-ssd20x/18.06/build_dir/target-arm-linux-gnueabihf_glibc/linux-sstar_ssd20x/exfat-nofuse-2017-06-20-de4c760b/.pkgdir/kmod-fs-exfat/etc/modules.d/30-fs-exfat;  mkdir -p /media/gwind/windcode/openwrt-ssd20x/18.06/build_dir/target-arm-linux-gnueabihf_glibc/linux-sstar_ssd20x/exfat-nofuse-2017-06-20-de4c760b/.pkgdir/kmod-fs-exfat/etc/modules-boot.d; ln -sf ../modules.d/30-fs-exfat /media/gwind/windcode/openwrt-ssd20x/18.06/build_dir/target-arm-linux-gnueabihf_glibc/linux-sstar_ssd20x/exfat-nofuse-2017-06-20-de4c760b/.pkgdir/kmod-fs-exfat/etc/modules-boot.d/;
touch /media/gwind/windcode/openwrt-ssd20x/18.06/build_dir/target-arm-linux-gnueabihf_glibc/linux-sstar_ssd20x/exfat-nofuse-2017-06-20-de4c760b/.pkgdir/kmod-fs-exfat.installed
mkdir -p /media/gwind/windcode/openwrt-ssd20x/18.06/staging_dir/target-arm-linux-gnueabihf_glibc/root-sstar/stamp
SHELL= flock /media/gwind/windcode/openwrt-ssd20x/18.06/tmp/.root-copy.flock -c 'cp -fpR /media/gwind/windcode/openwrt-ssd20x/18.06/build_dir/target-arm-linux-gnueabihf_glibc/linux-sstar_ssd20x/exfat-nofuse-2017-06-20-de4c760b/.pkgdir/kmod-fs-exfat/. /media/gwind/windcode/openwrt-ssd20x/18.06/staging_dir/target-arm-linux-gnueabihf_glibc/root-sstar/'
touch /media/gwind/windcode/openwrt-ssd20x/18.06/staging_dir/target-arm-linux-gnueabihf_glibc/root-sstar/stamp/.kmod-fs-exfat_installed
mkdir -p /media/gwind/windcode/openwrt-ssd20x/18.06/bin/targets/sstar/ssd20x/packages /media/gwind/windcode/openwrt-ssd20x/18.06/build_dir/target-arm-linux-gnueabihf_glibc/linux-sstar_ssd20x/exfat-nofuse-2017-06-20-de4c760b/ipkg-arm_cortex-a7_neon/kmod-fs-exfat/CONTROL /media/gwind/windcode/openwrt-ssd20x/18.06/staging_dir/target-arm-linux-gnueabihf_glibc/pkginfo
mkdir -p /media/gwind/windcode/openwrt-ssd20x/18.06/build_dir/target-arm-linux-gnueabihf_glibc/linux-sstar_ssd20x/exfat-nofuse-2017-06-20-de4c760b/ipkg-arm_cortex-a7_neon/kmod-fs-exfat/etc/modules.d; ( echo "exfat"; ) > /media/gwind/windcode/openwrt-ssd20x/18.06/build_dir/target-arm-linux-gnueabihf_glibc/linux-sstar_ssd20x/exfat-nofuse-2017-06-20-de4c760b/ipkg-arm_cortex-a7_neon/kmod-fs-exfat/etc/modules.d/30-fs-exfat;  mkdir -p /media/gwind/windcode/openwrt-ssd20x/18.06/build_dir/target-arm-linux-gnueabihf_glibc/linux-sstar_ssd20x/exfat-nofuse-2017-06-20-de4c760b/ipkg-arm_cortex-a7_neon/kmod-fs-exfat/etc/modules-boot.d; ln -sf ../modules.d/30-fs-exfat /media/gwind/windcode/openwrt-ssd20x/18.06/build_dir/target-arm-linux-gnueabihf_glibc/linux-sstar_ssd20x/exfat-nofuse-2017-06-20-de4c760b/ipkg-arm_cortex-a7_neon/kmod-fs-exfat/etc/modules-boot.d/;
find /media/gwind/windcode/openwrt-ssd20x/18.06/build_dir/target-arm-linux-gnueabihf_glibc/linux-sstar_ssd20x/exfat-nofuse-2017-06-20-de4c760b/ipkg-arm_cortex-a7_neon/kmod-fs-exfat -name 'CVS' -o -name '.svn' -o -name '.#*' -o -name '*~'| xargs -r rm -rf
export CROSS="arm-linux-gnueabihf-"  NO_RENAME=1 ; NM="arm-linux-gnueabihf-nm" STRIP="arm-linux-gnueabihf-strip --strip-all" STRIP_KMOD="/media/gwind/windcode/openwrt-ssd20x/18.06/scripts/strip-kmod.sh" PATCHELF="/media/gwind/windcode/openwrt-ssd20x/18.06/staging_dir/host/bin/patchelf" /media/gwind/windcode/openwrt-ssd20x/18.06/scripts/rstrip.sh /media/gwind/windcode/openwrt-ssd20x/18.06/build_dir/target-arm-linux-gnueabihf_glibc/linux-sstar_ssd20x/exfat-nofuse-2017-06-20-de4c760b/ipkg-arm_cortex-a7_neon/kmod-fs-exfat
rstrip.sh: /media/gwind/windcode/openwrt-ssd20x/18.06/build_dir/target-arm-linux-gnueabihf_glibc/linux-sstar_ssd20x/exfat-nofuse-2017-06-20-de4c760b/ipkg-arm_cortex-a7_neon/kmod-fs-exfat/lib/modules/4.9.84/exfat.ko: relocatable
(cd /media/gwind/windcode/openwrt-ssd20x/18.06/build_dir/target-arm-linux-gnueabihf_glibc/linux-sstar_ssd20x/exfat-nofuse-2017-06-20-de4c760b/ipkg-arm_cortex-a7_neon/kmod-fs-exfat/CONTROL; ( echo "$CONTROL"; printf "Description: "; echo "$DESCRIPTION" | sed -e 's,^[[:space:]]*, ,g'; ) > control; chmod 644 control; ( echo "#!/bin/sh"; echo "[ \"\${IPKG_NO_SCRIPT}\" = \"1\" ] && exit 0"; echo "[ -x "\${IPKG_INSTROOT}/lib/functions.sh" ] || exit 0"; echo ". \${IPKG_INSTROOT}/lib/functions.sh"; echo "default_postinst \$0 \$@"; ) > postinst; ( echo "#!/bin/sh"; echo "[ -x "\${IPKG_INSTROOT}/lib/functions.sh" ] || exit 0"; echo ". \${IPKG_INSTROOT}/lib/functions.sh"; echo "default_prerm \$0 \$@"; ) > prerm; chmod 0755 postinst prerm;  )
install -d -m0755 /media/gwind/windcode/openwrt-ssd20x/18.06/bin/targets/sstar/ssd20x/packages
/media/gwind/windcode/openwrt-ssd20x/18.06/scripts/ipkg-build -c -o 0 -g 0 /media/gwind/windcode/openwrt-ssd20x/18.06/build_dir/target-arm-linux-gnueabihf_glibc/linux-sstar_ssd20x/exfat-nofuse-2017-06-20-de4c760b/ipkg-arm_cortex-a7_neon/kmod-fs-exfat /media/gwind/windcode/openwrt-ssd20x/18.06/bin/targets/sstar/ssd20x/packages
Packaged contents of /media/gwind/windcode/openwrt-ssd20x/18.06/build_dir/target-arm-linux-gnueabihf_glibc/linux-sstar_ssd20x/exfat-nofuse-2017-06-20-de4c760b/ipkg-arm_cortex-a7_neon/kmod-fs-exfat into /media/gwind/windcode/openwrt-ssd20x/18.06/bin/targets/sstar/ssd20x/packages/kmod-fs-exfat_4.9.84+2017-06-20-de4c760b-1_arm_cortex-a7_neon.ipk
echo "kmod-fs-exfat" >> /media/gwind/windcode/openwrt-ssd20x/18.06/staging_dir/target-arm-linux-gnueabihf_glibc/pkginfo/exfat-nofuse.default.install
make[3]: Leaving directory '/media/gwind/windcode/openwrt-ssd20x/18.06/feeds/packages/kernel/exfat-nofuse'
make[3]: Entering directory '/media/gwind/windcode/openwrt-ssd20x/18.06/feeds/packages/libs/libpng'
mkdir -p /media/gwind/windcode/openwrt-ssd20x/18.06/staging_dir/target-arm-linux-gnueabihf_glibc/root-sstar/stamp
SHELL= flock /media/gwind/windcode/openwrt-ssd20x/18.06/tmp/.root-copy.flock -c 'cp -fpR /media/gwind/windcode/openwrt-ssd20x/18.06/build_dir/target-arm-linux-gnueabihf_glibc/libpng-1.6.34/.pkgdir/libpng/. /media/gwind/windcode/openwrt-ssd20x/18.06/staging_dir/target-arm-linux-gnueabihf_glibc/root-sstar/'
touch /media/gwind/windcode/openwrt-ssd20x/18.06/staging_dir/target-arm-linux-gnueabihf_glibc/root-sstar/stamp/.libpng_installed
echo "libpng" >> /media/gwind/windcode/openwrt-ssd20x/18.06/staging_dir/target-arm-linux-gnueabihf_glibc/pkginfo/libpng.default.install
make[3]: Leaving directory '/media/gwind/windcode/openwrt-ssd20x/18.06/feeds/packages/libs/libpng'
make[3]: Entering directory '/media/gwind/windcode/openwrt-ssd20x/18.06/package/utils/bzip2'
mkdir -p /media/gwind/windcode/openwrt-ssd20x/18.06/staging_dir/target-arm-linux-gnueabihf_glibc/root-sstar/stamp
SHELL= flock /media/gwind/windcode/openwrt-ssd20x/18.06/tmp/.root-copy.flock -c 'cp -fpR /media/gwind/windcode/openwrt-ssd20x/18.06/build_dir/target-arm-linux-gnueabihf_glibc/bzip2-1.0.6/.pkgdir/libbz2/. /media/gwind/windcode/openwrt-ssd20x/18.06/staging_dir/target-arm-linux-gnueabihf_glibc/root-sstar/'
touch /media/gwind/windcode/openwrt-ssd20x/18.06/staging_dir/target-arm-linux-gnueabihf_glibc/root-sstar/stamp/.libbz2_installed
echo "libbz2" >> /media/gwind/windcode/openwrt-ssd20x/18.06/staging_dir/target-arm-linux-gnueabihf_glibc/pkginfo/bzip2.default.install
make[3]: Leaving directory '/media/gwind/windcode/openwrt-ssd20x/18.06/package/utils/bzip2'
make[3]: Entering directory '/media/gwind/windcode/openwrt-ssd20x/18.06/feeds/packages/libs/freetype'
mkdir -p /media/gwind/windcode/openwrt-ssd20x/18.06/staging_dir/target-arm-linux-gnueabihf_glibc/root-sstar/stamp
SHELL= flock /media/gwind/windcode/openwrt-ssd20x/18.06/tmp/.root-copy.flock -c 'cp -fpR /media/gwind/windcode/openwrt-ssd20x/18.06/build_dir/target-arm-linux-gnueabihf_glibc/freetype-2.9/.pkgdir/libfreetype/. /media/gwind/windcode/openwrt-ssd20x/18.06/staging_dir/target-arm-linux-gnueabihf_glibc/root-sstar/'
touch /media/gwind/windcode/openwrt-ssd20x/18.06/staging_dir/target-arm-linux-gnueabihf_glibc/root-sstar/stamp/.libfreetype_installed
echo "libfreetype" >> /media/gwind/windcode/openwrt-ssd20x/18.06/staging_dir/target-arm-linux-gnueabihf_glibc/pkginfo/freetype.default.install
make[3]: Leaving directory '/media/gwind/windcode/openwrt-ssd20x/18.06/feeds/packages/libs/freetype'
make[3]: Entering directory '/media/gwind/windcode/openwrt-ssd20x/18.06/feeds/packages/lang/lua-cjson'
mkdir -p /media/gwind/windcode/openwrt-ssd20x/18.06/staging_dir/target-arm-linux-gnueabihf_glibc/root-sstar/stamp
SHELL= flock /media/gwind/windcode/openwrt-ssd20x/18.06/tmp/.root-copy.flock -c 'cp -fpR /media/gwind/windcode/openwrt-ssd20x/18.06/build_dir/target-arm-linux-gnueabihf_glibc/lua-cjson-2.1.0/.pkgdir/lua-cjson/. /media/gwind/windcode/openwrt-ssd20x/18.06/staging_dir/target-arm-linux-gnueabihf_glibc/root-sstar/'
touch /media/gwind/windcode/openwrt-ssd20x/18.06/staging_dir/target-arm-linux-gnueabihf_glibc/root-sstar/stamp/.lua-cjson_installed
echo "lua-cjson" >> /media/gwind/windcode/openwrt-ssd20x/18.06/staging_dir/target-arm-linux-gnueabihf_glibc/pkginfo/lua-cjson.default.install
make[3]: Leaving directory '/media/gwind/windcode/openwrt-ssd20x/18.06/feeds/packages/lang/lua-cjson'
make[3]: Entering directory '/media/gwind/windcode/openwrt-ssd20x/18.06/feeds/packages/lang/luafilesystem'
mkdir -p /media/gwind/windcode/openwrt-ssd20x/18.06/staging_dir/target-arm-linux-gnueabihf_glibc/root-sstar/stamp
SHELL= flock /media/gwind/windcode/openwrt-ssd20x/18.06/tmp/.root-copy.flock -c 'cp -fpR /media/gwind/windcode/openwrt-ssd20x/18.06/build_dir/target-arm-linux-gnueabihf_glibc/luafilesystem-1.6.2/.pkgdir/luafilesystem/. /media/gwind/windcode/openwrt-ssd20x/18.06/staging_dir/target-arm-linux-gnueabihf_glibc/root-sstar/'
touch /media/gwind/windcode/openwrt-ssd20x/18.06/staging_dir/target-arm-linux-gnueabihf_glibc/root-sstar/stamp/.luafilesystem_installed
echo "luafilesystem" >> /media/gwind/windcode/openwrt-ssd20x/18.06/staging_dir/target-arm-linux-gnueabihf_glibc/pkginfo/luafilesystem.default.install
make[3]: Leaving directory '/media/gwind/windcode/openwrt-ssd20x/18.06/feeds/packages/lang/luafilesystem'
make[3]: Entering directory '/media/gwind/windcode/openwrt-ssd20x/18.06/feeds/packages/lang/luasocket'
mkdir -p /media/gwind/windcode/openwrt-ssd20x/18.06/staging_dir/target-arm-linux-gnueabihf_glibc/root-sstar/stamp
SHELL= flock /media/gwind/windcode/openwrt-ssd20x/18.06/tmp/.root-copy.flock -c 'cp -fpR /media/gwind/windcode/openwrt-ssd20x/18.06/build_dir/target-arm-linux-gnueabihf_glibc/luasocket-3.0-rc1-20130909/.pkgdir/luasocket/. /media/gwind/windcode/openwrt-ssd20x/18.06/staging_dir/target-arm-linux-gnueabihf_glibc/root-sstar/'
touch /media/gwind/windcode/openwrt-ssd20x/18.06/staging_dir/target-arm-linux-gnueabihf_glibc/root-sstar/stamp/.luasocket_installed
echo "luasocket" >> /media/gwind/windcode/openwrt-ssd20x/18.06/staging_dir/target-arm-linux-gnueabihf_glibc/pkginfo/luasocket.default.install
make[3]: Leaving directory '/media/gwind/windcode/openwrt-ssd20x/18.06/feeds/packages/lang/luasocket'
make[3]: Entering directory '/media/gwind/windcode/openwrt-ssd20x/18.06/package/libs/openssl'
mkdir -p /media/gwind/windcode/openwrt-ssd20x/18.06/staging_dir/target-arm-linux-gnueabihf_glibc/root-sstar/stamp
echo '1.0.2u' | cmp -s - /media/gwind/windcode/openwrt-ssd20x/18.06/staging_dir/target-arm-linux-gnueabihf_glibc/pkginfo/libopenssl.version || echo '1.0.2u' > /media/gwind/windcode/openwrt-ssd20x/18.06/staging_dir/target-arm-linux-gnueabihf_glibc/pkginfo/libopenssl.version
SHELL= flock /media/gwind/windcode/openwrt-ssd20x/18.06/tmp/.root-copy.flock -c 'cp -fpR /media/gwind/windcode/openwrt-ssd20x/18.06/build_dir/target-arm-linux-gnueabihf_glibc/openssl-1.0.2u/.pkgdir/libopenssl/. /media/gwind/windcode/openwrt-ssd20x/18.06/staging_dir/target-arm-linux-gnueabihf_glibc/root-sstar/'
touch /media/gwind/windcode/openwrt-ssd20x/18.06/staging_dir/target-arm-linux-gnueabihf_glibc/root-sstar/stamp/.libopenssl_installed
echo "libopenssl" >> /media/gwind/windcode/openwrt-ssd20x/18.06/staging_dir/target-arm-linux-gnueabihf_glibc/pkginfo/openssl.default.install
mkdir -p /media/gwind/windcode/openwrt-ssd20x/18.06/staging_dir/target-arm-linux-gnueabihf_glibc/root-sstar/stamp
SHELL= flock /media/gwind/windcode/openwrt-ssd20x/18.06/tmp/.root-copy.flock -c 'cp -fpR /media/gwind/windcode/openwrt-ssd20x/18.06/build_dir/target-arm-linux-gnueabihf_glibc/openssl-1.0.2u/.pkgdir/openssl-util/. /media/gwind/windcode/openwrt-ssd20x/18.06/staging_dir/target-arm-linux-gnueabihf_glibc/root-sstar/'
touch /media/gwind/windcode/openwrt-ssd20x/18.06/staging_dir/target-arm-linux-gnueabihf_glibc/root-sstar/stamp/.openssl-util_installed
echo "openssl-util" >> /media/gwind/windcode/openwrt-ssd20x/18.06/staging_dir/target-arm-linux-gnueabihf_glibc/pkginfo/openssl.default.install
make[3]: Leaving directory '/media/gwind/windcode/openwrt-ssd20x/18.06/package/libs/openssl'
make[3]: Entering directory '/media/gwind/windcode/openwrt-ssd20x/18.06/feeds/packages/lang/luasec'
mkdir -p /media/gwind/windcode/openwrt-ssd20x/18.06/staging_dir/target-arm-linux-gnueabihf_glibc/root-sstar/stamp
SHELL= flock /media/gwind/windcode/openwrt-ssd20x/18.06/tmp/.root-copy.flock -c 'cp -fpR /media/gwind/windcode/openwrt-ssd20x/18.06/build_dir/target-arm-linux-gnueabihf_glibc/luasec-luasec-0.6/.pkgdir/luasec/. /media/gwind/windcode/openwrt-ssd20x/18.06/staging_dir/target-arm-linux-gnueabihf_glibc/root-sstar/'
touch /media/gwind/windcode/openwrt-ssd20x/18.06/staging_dir/target-arm-linux-gnueabihf_glibc/root-sstar/stamp/.luasec_installed
echo "luasec" >> /media/gwind/windcode/openwrt-ssd20x/18.06/staging_dir/target-arm-linux-gnueabihf_glibc/pkginfo/luasec.default.install
make[3]: Leaving directory '/media/gwind/windcode/openwrt-ssd20x/18.06/feeds/packages/lang/luasec'
make[3]: Entering directory '/media/gwind/windcode/openwrt-ssd20x/18.06/feeds/packages/utils/stress'
mkdir -p /media/gwind/windcode/openwrt-ssd20x/18.06/staging_dir/target-arm-linux-gnueabihf_glibc/root-sstar/stamp
SHELL= flock /media/gwind/windcode/openwrt-ssd20x/18.06/tmp/.root-copy.flock -c 'cp -fpR /media/gwind/windcode/openwrt-ssd20x/18.06/build_dir/target-arm-linux-gnueabihf_glibc/stress-1.0.4/.pkgdir/stress/. /media/gwind/windcode/openwrt-ssd20x/18.06/staging_dir/target-arm-linux-gnueabihf_glibc/root-sstar/'
touch /media/gwind/windcode/openwrt-ssd20x/18.06/staging_dir/target-arm-linux-gnueabihf_glibc/root-sstar/stamp/.stress_installed
echo "stress" >> /media/gwind/windcode/openwrt-ssd20x/18.06/staging_dir/target-arm-linux-gnueabihf_glibc/pkginfo/stress.default.install
make[3]: Leaving directory '/media/gwind/windcode/openwrt-ssd20x/18.06/feeds/packages/utils/stress'
make[3]: Entering directory '/media/gwind/windcode/openwrt-ssd20x/18.06/feeds/packages/utils/sysstat'
mkdir -p /media/gwind/windcode/openwrt-ssd20x/18.06/staging_dir/target-arm-linux-gnueabihf_glibc/root-sstar/stamp
SHELL= flock /media/gwind/windcode/openwrt-ssd20x/18.06/tmp/.root-copy.flock -c 'cp -fpR /media/gwind/windcode/openwrt-ssd20x/18.06/build_dir/target-arm-linux-gnueabihf_glibc/sysstat-11.6.0/.pkgdir/sysstat/. /media/gwind/windcode/openwrt-ssd20x/18.06/staging_dir/target-arm-linux-gnueabihf_glibc/root-sstar/'
touch /media/gwind/windcode/openwrt-ssd20x/18.06/staging_dir/target-arm-linux-gnueabihf_glibc/root-sstar/stamp/.sysstat_installed
echo "sysstat" >> /media/gwind/windcode/openwrt-ssd20x/18.06/staging_dir/target-arm-linux-gnueabihf_glibc/pkginfo/sysstat.default.install
make[3]: Leaving directory '/media/gwind/windcode/openwrt-ssd20x/18.06/feeds/packages/utils/sysstat'
make[3]: Entering directory '/media/gwind/windcode/openwrt-ssd20x/18.06/feeds/packages/net/vsftpd'
mkdir -p /media/gwind/windcode/openwrt-ssd20x/18.06/staging_dir/target-arm-linux-gnueabihf_glibc/root-sstar/stamp
SHELL= flock /media/gwind/windcode/openwrt-ssd20x/18.06/tmp/.root-copy.flock -c 'cp -fpR /media/gwind/windcode/openwrt-ssd20x/18.06/build_dir/target-arm-linux-gnueabihf_glibc/vsftpd-notls/vsftpd-3.0.3/.pkgdir/vsftpd/. /media/gwind/windcode/openwrt-ssd20x/18.06/staging_dir/target-arm-linux-gnueabihf_glibc/root-sstar/'
touch /media/gwind/windcode/openwrt-ssd20x/18.06/staging_dir/target-arm-linux-gnueabihf_glibc/root-sstar/stamp/.vsftpd_installed
echo "vsftpd" >> /media/gwind/windcode/openwrt-ssd20x/18.06/staging_dir/target-arm-linux-gnueabihf_glibc/pkginfo/vsftpd.notls.install
make[3]: Leaving directory '/media/gwind/windcode/openwrt-ssd20x/18.06/feeds/packages/net/vsftpd'
make[3]: Entering directory '/media/gwind/windcode/openwrt-ssd20x/18.06/package/libs/libunwind'
mkdir -p /media/gwind/windcode/openwrt-ssd20x/18.06/staging_dir/target-arm-linux-gnueabihf_glibc/root-sstar/stamp
SHELL= flock /media/gwind/windcode/openwrt-ssd20x/18.06/tmp/.root-copy.flock -c 'cp -fpR /media/gwind/windcode/openwrt-ssd20x/18.06/build_dir/target-arm-linux-gnueabihf_glibc/libunwind-1.2.1/.pkgdir/libunwind/. /media/gwind/windcode/openwrt-ssd20x/18.06/staging_dir/target-arm-linux-gnueabihf_glibc/root-sstar/'
touch /media/gwind/windcode/openwrt-ssd20x/18.06/staging_dir/target-arm-linux-gnueabihf_glibc/root-sstar/stamp/.libunwind_installed
echo "libunwind" >> /media/gwind/windcode/openwrt-ssd20x/18.06/staging_dir/target-arm-linux-gnueabihf_glibc/pkginfo/libunwind.default.install
make[3]: Leaving directory '/media/gwind/windcode/openwrt-ssd20x/18.06/package/libs/libunwind'
make[3]: Entering directory '/media/gwind/windcode/openwrt-ssd20x/18.06/package/libs/libusb'
mkdir -p /media/gwind/windcode/openwrt-ssd20x/18.06/staging_dir/target-arm-linux-gnueabihf_glibc/root-sstar/stamp
SHELL= flock /media/gwind/windcode/openwrt-ssd20x/18.06/tmp/.root-copy.flock -c 'cp -fpR /media/gwind/windcode/openwrt-ssd20x/18.06/build_dir/target-arm-linux-gnueabihf_glibc/libusb-1.0.22/.pkgdir/libusb-1.0/. /media/gwind/windcode/openwrt-ssd20x/18.06/staging_dir/target-arm-linux-gnueabihf_glibc/root-sstar/'
touch /media/gwind/windcode/openwrt-ssd20x/18.06/staging_dir/target-arm-linux-gnueabihf_glibc/root-sstar/stamp/.libusb-1.0_installed
echo "libusb-1.0" >> /media/gwind/windcode/openwrt-ssd20x/18.06/staging_dir/target-arm-linux-gnueabihf_glibc/pkginfo/libusb.default.install
make[3]: Leaving directory '/media/gwind/windcode/openwrt-ssd20x/18.06/package/libs/libusb'
make[3]: Entering directory '/media/gwind/windcode/openwrt-ssd20x/18.06/package/libs/uclient'
mkdir -p /media/gwind/windcode/openwrt-ssd20x/18.06/staging_dir/target-arm-linux-gnueabihf_glibc/root-sstar/stamp
echo '2018-11-24-3ba74ebc' | cmp -s - /media/gwind/windcode/openwrt-ssd20x/18.06/staging_dir/target-arm-linux-gnueabihf_glibc/pkginfo/libuclient.version || echo '2018-11-24-3ba74ebc' > /media/gwind/windcode/openwrt-ssd20x/18.06/staging_dir/target-arm-linux-gnueabihf_glibc/pkginfo/libuclient.version
SHELL= flock /media/gwind/windcode/openwrt-ssd20x/18.06/tmp/.root-copy.flock -c 'cp -fpR /media/gwind/windcode/openwrt-ssd20x/18.06/build_dir/target-arm-linux-gnueabihf_glibc/uclient-2018-11-24-3ba74ebc/.pkgdir/libuclient/. /media/gwind/windcode/openwrt-ssd20x/18.06/staging_dir/target-arm-linux-gnueabihf_glibc/root-sstar/'
touch /media/gwind/windcode/openwrt-ssd20x/18.06/staging_dir/target-arm-linux-gnueabihf_glibc/root-sstar/stamp/.libuclient_installed
echo "libuclient" >> /media/gwind/windcode/openwrt-ssd20x/18.06/staging_dir/target-arm-linux-gnueabihf_glibc/pkginfo/uclient.default.install
mkdir -p /media/gwind/windcode/openwrt-ssd20x/18.06/staging_dir/target-arm-linux-gnueabihf_glibc/root-sstar/stamp
SHELL= flock /media/gwind/windcode/openwrt-ssd20x/18.06/tmp/.root-copy.flock -c 'cp -fpR /media/gwind/windcode/openwrt-ssd20x/18.06/build_dir/target-arm-linux-gnueabihf_glibc/uclient-2018-11-24-3ba74ebc/.pkgdir/uclient-fetch/. /media/gwind/windcode/openwrt-ssd20x/18.06/staging_dir/target-arm-linux-gnueabihf_glibc/root-sstar/'
touch /media/gwind/windcode/openwrt-ssd20x/18.06/staging_dir/target-arm-linux-gnueabihf_glibc/root-sstar/stamp/.uclient-fetch_installed
echo "uclient-fetch" >> /media/gwind/windcode/openwrt-ssd20x/18.06/staging_dir/target-arm-linux-gnueabihf_glibc/pkginfo/uclient.default.install
make[3]: Leaving directory '/media/gwind/windcode/openwrt-ssd20x/18.06/package/libs/uclient'
make[3]: Entering directory '/media/gwind/windcode/openwrt-ssd20x/18.06/package/network/services/dnsmasq'
mkdir -p /media/gwind/windcode/openwrt-ssd20x/18.06/staging_dir/target-arm-linux-gnueabihf_glibc/root-sstar/stamp
SHELL= flock /media/gwind/windcode/openwrt-ssd20x/18.06/tmp/.root-copy.flock -c 'cp -fpR /media/gwind/windcode/openwrt-ssd20x/18.06/build_dir/target-arm-linux-gnueabihf_glibc/dnsmasq-nodhcpv6/dnsmasq-2.80/.pkgdir/dnsmasq/. /media/gwind/windcode/openwrt-ssd20x/18.06/staging_dir/target-arm-linux-gnueabihf_glibc/root-sstar/'
touch /media/gwind/windcode/openwrt-ssd20x/18.06/staging_dir/target-arm-linux-gnueabihf_glibc/root-sstar/stamp/.dnsmasq_installed
echo "dnsmasq" >> /media/gwind/windcode/openwrt-ssd20x/18.06/staging_dir/target-arm-linux-gnueabihf_glibc/pkginfo/dnsmasq.nodhcpv6.install
make[3]: Leaving directory '/media/gwind/windcode/openwrt-ssd20x/18.06/package/network/services/dnsmasq'
make[3]: Entering directory '/media/gwind/windcode/openwrt-ssd20x/18.06/package/network/services/dropbear'
mkdir -p /media/gwind/windcode/openwrt-ssd20x/18.06/staging_dir/target-arm-linux-gnueabihf_glibc/root-sstar/stamp
SHELL= flock /media/gwind/windcode/openwrt-ssd20x/18.06/tmp/.root-copy.flock -c 'cp -fpR /media/gwind/windcode/openwrt-ssd20x/18.06/build_dir/target-arm-linux-gnueabihf_glibc/dropbear-2017.75/.pkgdir/dropbear/. /media/gwind/windcode/openwrt-ssd20x/18.06/staging_dir/target-arm-linux-gnueabihf_glibc/root-sstar/'
touch /media/gwind/windcode/openwrt-ssd20x/18.06/staging_dir/target-arm-linux-gnueabihf_glibc/root-sstar/stamp/.dropbear_installed
echo "dropbear" >> /media/gwind/windcode/openwrt-ssd20x/18.06/staging_dir/target-arm-linux-gnueabihf_glibc/pkginfo/dropbear.default.install
make[3]: Leaving directory '/media/gwind/windcode/openwrt-ssd20x/18.06/package/network/services/dropbear'
make[3]: Entering directory '/media/gwind/windcode/openwrt-ssd20x/18.06/package/libs/libtool'
make[3]: Leaving directory '/media/gwind/windcode/openwrt-ssd20x/18.06/package/libs/libtool'
make[3]: Entering directory '/media/gwind/windcode/openwrt-ssd20x/18.06/package/libs/wolfssl'
make[3]: Leaving directory '/media/gwind/windcode/openwrt-ssd20x/18.06/package/libs/wolfssl'
make[3]: Entering directory '/media/gwind/windcode/openwrt-ssd20x/18.06/package/network/services/hostapd'
mkdir -p /media/gwind/windcode/openwrt-ssd20x/18.06/staging_dir/target-arm-linux-gnueabihf_glibc/root-sstar/stamp
SHELL= flock /media/gwind/windcode/openwrt-ssd20x/18.06/tmp/.root-copy.flock -c 'cp -fpR /media/gwind/windcode/openwrt-ssd20x/18.06/build_dir/target-arm-linux-gnueabihf_glibc/hostapd-full-internal/hostapd-2018-05-21-62566bc2/.pkgdir/hostapd/. /media/gwind/windcode/openwrt-ssd20x/18.06/staging_dir/target-arm-linux-gnueabihf_glibc/root-sstar/'
touch /media/gwind/windcode/openwrt-ssd20x/18.06/staging_dir/target-arm-linux-gnueabihf_glibc/root-sstar/stamp/.hostapd_installed
echo "hostapd" >> /media/gwind/windcode/openwrt-ssd20x/18.06/staging_dir/target-arm-linux-gnueabihf_glibc/pkginfo/hostapd.full-internal.install
mkdir -p /media/gwind/windcode/openwrt-ssd20x/18.06/staging_dir/target-arm-linux-gnueabihf_glibc/root-sstar/stamp
SHELL= flock /media/gwind/windcode/openwrt-ssd20x/18.06/tmp/.root-copy.flock -c 'cp -fpR /media/gwind/windcode/openwrt-ssd20x/18.06/build_dir/target-arm-linux-gnueabihf_glibc/hostapd-full-internal/hostapd-2018-05-21-62566bc2/.pkgdir/hostapd-utils/. /media/gwind/windcode/openwrt-ssd20x/18.06/staging_dir/target-arm-linux-gnueabihf_glibc/root-sstar/'
touch /media/gwind/windcode/openwrt-ssd20x/18.06/staging_dir/target-arm-linux-gnueabihf_glibc/root-sstar/stamp/.hostapd-utils_installed
echo "hostapd-utils" >> /media/gwind/windcode/openwrt-ssd20x/18.06/staging_dir/target-arm-linux-gnueabihf_glibc/pkginfo/hostapd.full-internal.install
mkdir -p /media/gwind/windcode/openwrt-ssd20x/18.06/staging_dir/target-arm-linux-gnueabihf_glibc/root-sstar/stamp
SHELL= flock /media/gwind/windcode/openwrt-ssd20x/18.06/tmp/.root-copy.flock -c 'cp -fpR /media/gwind/windcode/openwrt-ssd20x/18.06/build_dir/target-arm-linux-gnueabihf_glibc/hostapd-full-internal/hostapd-2018-05-21-62566bc2/.pkgdir/hostapd-common/. /media/gwind/windcode/openwrt-ssd20x/18.06/staging_dir/target-arm-linux-gnueabihf_glibc/root-sstar/'
touch /media/gwind/windcode/openwrt-ssd20x/18.06/staging_dir/target-arm-linux-gnueabihf_glibc/root-sstar/stamp/.hostapd-common_installed
echo "hostapd-common" >> /media/gwind/windcode/openwrt-ssd20x/18.06/staging_dir/target-arm-linux-gnueabihf_glibc/pkginfo/hostapd.full-internal.install
make[3]: Leaving directory '/media/gwind/windcode/openwrt-ssd20x/18.06/package/network/services/hostapd'
make[3]: Entering directory '/media/gwind/windcode/openwrt-ssd20x/18.06/package/network/services/hostapd'
mkdir -p /media/gwind/windcode/openwrt-ssd20x/18.06/staging_dir/target-arm-linux-gnueabihf_glibc/root-sstar/stamp
SHELL= flock /media/gwind/windcode/openwrt-ssd20x/18.06/tmp/.root-copy.flock -c 'cp -fpR /media/gwind/windcode/openwrt-ssd20x/18.06/build_dir/target-arm-linux-gnueabihf_glibc/hostapd-full-openssl/hostapd-2018-05-21-62566bc2/.pkgdir/hostapd-openssl/. /media/gwind/windcode/openwrt-ssd20x/18.06/staging_dir/target-arm-linux-gnueabihf_glibc/root-sstar/'
touch /media/gwind/windcode/openwrt-ssd20x/18.06/staging_dir/target-arm-linux-gnueabihf_glibc/root-sstar/stamp/.hostapd-openssl_installed
echo "hostapd-utils" >> /media/gwind/windcode/openwrt-ssd20x/18.06/staging_dir/target-arm-linux-gnueabihf_glibc/pkginfo/hostapd.full-openssl.install
echo "hostapd-common" >> /media/gwind/windcode/openwrt-ssd20x/18.06/staging_dir/target-arm-linux-gnueabihf_glibc/pkginfo/hostapd.full-openssl.install
make[3]: Leaving directory '/media/gwind/windcode/openwrt-ssd20x/18.06/package/network/services/hostapd'
make[3]: Entering directory '/media/gwind/windcode/openwrt-ssd20x/18.06/package/network/services/hostapd'
mkdir -p /media/gwind/windcode/openwrt-ssd20x/18.06/staging_dir/target-arm-linux-gnueabihf_glibc/root-sstar/stamp
SHELL= flock /media/gwind/windcode/openwrt-ssd20x/18.06/tmp/.root-copy.flock -c 'cp -fpR /media/gwind/windcode/openwrt-ssd20x/18.06/build_dir/target-arm-linux-gnueabihf_glibc/hostapd-supplicant-full-internal/hostapd-2018-05-21-62566bc2/.pkgdir/wpa-supplicant/. /media/gwind/windcode/openwrt-ssd20x/18.06/staging_dir/target-arm-linux-gnueabihf_glibc/root-sstar/'
touch /media/gwind/windcode/openwrt-ssd20x/18.06/staging_dir/target-arm-linux-gnueabihf_glibc/root-sstar/stamp/.wpa-supplicant_installed
echo "wpa-supplicant" >> /media/gwind/windcode/openwrt-ssd20x/18.06/staging_dir/target-arm-linux-gnueabihf_glibc/pkginfo/hostapd.supplicant-full-internal.install
mkdir -p /media/gwind/windcode/openwrt-ssd20x/18.06/staging_dir/target-arm-linux-gnueabihf_glibc/root-sstar/stamp
SHELL= flock /media/gwind/windcode/openwrt-ssd20x/18.06/tmp/.root-copy.flock -c 'cp -fpR /media/gwind/windcode/openwrt-ssd20x/18.06/build_dir/target-arm-linux-gnueabihf_glibc/hostapd-supplicant-full-internal/hostapd-2018-05-21-62566bc2/.pkgdir/wpa-cli/. /media/gwind/windcode/openwrt-ssd20x/18.06/staging_dir/target-arm-linux-gnueabihf_glibc/root-sstar/'
touch /media/gwind/windcode/openwrt-ssd20x/18.06/staging_dir/target-arm-linux-gnueabihf_glibc/root-sstar/stamp/.wpa-cli_installed
echo "wpa-cli" >> /media/gwind/windcode/openwrt-ssd20x/18.06/staging_dir/target-arm-linux-gnueabihf_glibc/pkginfo/hostapd.supplicant-full-internal.install
echo "hostapd-common" >> /media/gwind/windcode/openwrt-ssd20x/18.06/staging_dir/target-arm-linux-gnueabihf_glibc/pkginfo/hostapd.supplicant-full-internal.install
make[3]: Leaving directory '/media/gwind/windcode/openwrt-ssd20x/18.06/package/network/services/hostapd'
make[3]: Entering directory '/media/gwind/windcode/openwrt-ssd20x/18.06/package/network/services/hostapd'
mkdir -p /media/gwind/windcode/openwrt-ssd20x/18.06/staging_dir/target-arm-linux-gnueabihf_glibc/root-sstar/stamp
SHELL= flock /media/gwind/windcode/openwrt-ssd20x/18.06/tmp/.root-copy.flock -c 'cp -fpR /media/gwind/windcode/openwrt-ssd20x/18.06/build_dir/target-arm-linux-gnueabihf_glibc/hostapd-supplicant-p2p-internal/hostapd-2018-05-21-62566bc2/.pkgdir/wpa-supplicant-p2p/. /media/gwind/windcode/openwrt-ssd20x/18.06/staging_dir/target-arm-linux-gnueabihf_glibc/root-sstar/'
touch /media/gwind/windcode/openwrt-ssd20x/18.06/staging_dir/target-arm-linux-gnueabihf_glibc/root-sstar/stamp/.wpa-supplicant-p2p_installed
echo "wpa-cli" >> /media/gwind/windcode/openwrt-ssd20x/18.06/staging_dir/target-arm-linux-gnueabihf_glibc/pkginfo/hostapd.supplicant-p2p-internal.install
echo "hostapd-common" >> /media/gwind/windcode/openwrt-ssd20x/18.06/staging_dir/target-arm-linux-gnueabihf_glibc/pkginfo/hostapd.supplicant-p2p-internal.install
make[3]: Leaving directory '/media/gwind/windcode/openwrt-ssd20x/18.06/package/network/services/hostapd'
make[3]: Entering directory '/media/gwind/windcode/openwrt-ssd20x/18.06/package/network/services/hostapd'
mkdir -p /media/gwind/windcode/openwrt-ssd20x/18.06/staging_dir/target-arm-linux-gnueabihf_glibc/root-sstar/stamp
SHELL= flock /media/gwind/windcode/openwrt-ssd20x/18.06/tmp/.root-copy.flock -c 'cp -fpR /media/gwind/windcode/openwrt-ssd20x/18.06/build_dir/target-arm-linux-gnueabihf_glibc/hostapd-supplicant-full-openssl/hostapd-2018-05-21-62566bc2/.pkgdir/wpa-supplicant-openssl/. /media/gwind/windcode/openwrt-ssd20x/18.06/staging_dir/target-arm-linux-gnueabihf_glibc/root-sstar/'
touch /media/gwind/windcode/openwrt-ssd20x/18.06/staging_dir/target-arm-linux-gnueabihf_glibc/root-sstar/stamp/.wpa-supplicant-openssl_installed
echo "wpa-cli" >> /media/gwind/windcode/openwrt-ssd20x/18.06/staging_dir/target-arm-linux-gnueabihf_glibc/pkginfo/hostapd.supplicant-full-openssl.install
echo "hostapd-common" >> /media/gwind/windcode/openwrt-ssd20x/18.06/staging_dir/target-arm-linux-gnueabihf_glibc/pkginfo/hostapd.supplicant-full-openssl.install
make[3]: Leaving directory '/media/gwind/windcode/openwrt-ssd20x/18.06/package/network/services/hostapd'
make[3]: Entering directory '/media/gwind/windcode/openwrt-ssd20x/18.06/package/libs/libpcap'
make[3]: Leaving directory '/media/gwind/windcode/openwrt-ssd20x/18.06/package/libs/libpcap'
make[3]: Entering directory '/media/gwind/windcode/openwrt-ssd20x/18.06/package/network/utils/linux-atm'
touch /media/gwind/windcode/openwrt-ssd20x/18.06/build_dir/target-arm-linux-gnueabihf_glibc/linux-sstar_ssd20x/linux-atm-2.5.2/.prepared_f96494c3abc0edaf9c62815f2d1a9535_6664517399ebbbc92a37c5bb081b5c53_check
. /media/gwind/windcode/openwrt-ssd20x/18.06/include/shell.sh; gzip -dc /media/gwind/windcode/openwrt-ssd20x/18.06/dl/linux-atm-2.5.2.tar.gz | tar -C /media/gwind/windcode/openwrt-ssd20x/18.06/build_dir/target-arm-linux-gnueabihf_glibc/linux-sstar_ssd20x/linux-atm-2.5.2/.. -xf - 
[ ! -d ./src/ ] || cp -fpR ./src/. /media/gwind/windcode/openwrt-ssd20x/18.06/build_dir/target-arm-linux-gnueabihf_glibc/linux-sstar_ssd20x/linux-atm-2.5.2

Applying ./patches/000-debian_16.patch using plaintext: 
patching file src/arpd/io.c
patching file src/arpd/table.c
patching file src/ilmid/asn1/asn_int.c
patching file src/ilmid/asn1/asn_oid.c
patching file src/lane/connect.c
patching file src/lane/connect_bus.c
patching file src/lane/lane_atm.c
patching file src/lane/lecs.c
patching file src/lib/ans.c
patching file src/lib/sdu2cell.c
patching file src/lib/unix.c
patching file src/maint/atmtcp.c
patching file src/maint/hediag.c
patching file src/mpoad/io.c
patching file src/sigd/io.c
patching file src/test/ttcp.c
patching file src/mpoad/mpcd.8
patching file src/led/zeppelin.8
patching file src/sigd/atmsigd.conf.4

Applying ./patches/200-no_libfl.patch using plaintext: 
patching file src/qgen/Makefile.am
patching file src/qgen/Makefile.in
patching file src/sigd/Makefile.am
patching file src/sigd/Makefile.in
patching file src/switch/debug/debug.c
patching file src/switch/debug/Makefile.am
patching file src/switch/debug/Makefile.in
patching file src/switch/tcp/Makefile.am
patching file src/switch/tcp/Makefile.in
patching file src/switch/tcp/tcpsw.c
patching file src/test/Makefile.am
patching file src/test/Makefile.in
patching file src/test/ispl_l.l
patching file src/qgen/ql_l.l
patching file src/sigd/cfg_l.l

Applying ./patches/300-objcopy_path.patch using plaintext: 
patching file src/extra/Makefile.am
patching file src/extra/Makefile.in

Applying ./patches/400-portability_fixes.patch using plaintext: 
patching file src/ilmid/io.c
patching file src/mpoad/io.c
patching file src/sigd/atmsigd.c
patching file src/test/align.c

Applying ./patches/500-br2684ctl_script.patch using plaintext: 
patching file src/br2684/br2684ctl.c

Applying ./patches/501-br2684ctl_itfname.patch using plaintext: 
patching file src/br2684/br2684ctl.c

Applying ./patches/600-fix-format-errors.patch using plaintext: 
patching file src/test/ttcp.c
touch /media/gwind/windcode/openwrt-ssd20x/18.06/build_dir/target-arm-linux-gnueabihf_glibc/linux-sstar_ssd20x/linux-atm-2.5.2/.prepared_f96494c3abc0edaf9c62815f2d1a9535_6664517399ebbbc92a37c5bb081b5c53
rm -f /media/gwind/windcode/openwrt-ssd20x/18.06/build_dir/target-arm-linux-gnueabihf_glibc/linux-sstar_ssd20x/linux-atm-2.5.2/.configured_*
rm -f /media/gwind/windcode/openwrt-ssd20x/18.06/staging_dir/target-arm-linux-gnueabihf_glibc/stamp/.linux-atm_installed
(cd /media/gwind/windcode/openwrt-ssd20x/18.06/build_dir/target-arm-linux-gnueabihf_glibc/linux-sstar_ssd20x/linux-atm-2.5.2; rm -f aclocal.m4; if [ -f ./configure.ac ] || [ -f ./configure.in ]; then [ -d ./autom4te.cache ] && rm -rf autom4te.cache; [ -e ./config.rpath ] || ln -s /media/gwind/windcode/openwrt-ssd20x/18.06/scripts/config.rpath ./config.rpath; touch NEWS AUTHORS COPYING ABOUT-NLS ChangeLog; AUTOM4TE=/media/gwind/windcode/openwrt-ssd20x/18.06/staging_dir/host/bin/autom4te AUTOCONF=/media/gwind/windcode/openwrt-ssd20x/18.06/staging_dir/host/bin/autoconf AUTOMAKE=/media/gwind/windcode/openwrt-ssd20x/18.06/staging_dir/host/bin/automake ACLOCAL=/media/gwind/windcode/openwrt-ssd20x/18.06/staging_dir/host/bin/aclocal AUTOHEADER=/media/gwind/windcode/openwrt-ssd20x/18.06/staging_dir/host/bin/autoheader LIBTOOLIZE=/media/gwind/windcode/openwrt-ssd20x/18.06/staging_dir/host/bin/libtoolize LIBTOOL=/media/gwind/windcode/openwrt-ssd20x/18.06/staging_dir/host/bin/libtool M4=/media/gwind/windcode/openwrt-ssd20x/18.06/staging_dir/host/bin/m4 AUTOPOINT=true /media/gwind/windcode/openwrt-ssd20x/18.06/staging_dir/host/bin/autoreconf -v -f -i -s -B /media/gwind/windcode/openwrt-ssd20x/18.06/staging_dir/host/share/aclocal -I /media/gwind/windcode/openwrt-ssd20x/18.06/staging_dir/target-arm-linux-gnueabihf_glibc/host/share/aclocal -I /media/gwind/windcode/openwrt-ssd20x/18.06/staging_dir/hostpkg/share/aclocal -I /media/gwind/windcode/openwrt-ssd20x/18.06/staging_dir/target-arm-linux-gnueabihf_glibc/usr/share/aclocal -I m4 -I . . || true; fi; );
OpenWrt-libtoolize: putting auxiliary files in `.'.
OpenWrt-libtoolize: linking file `./ltmain.sh'
OpenWrt-libtoolize: Consider adding `AC_CONFIG_MACRO_DIR([m4])' to configure.in and
OpenWrt-libtoolize: rerunning libtoolize, to keep the correct libtool macros in-tree.
OpenWrt-libtoolize: Consider adding `-I m4' to ACLOCAL_AMFLAGS in Makefile.am.
(cd /media/gwind/windcode/openwrt-ssd20x/18.06/build_dir/target-arm-linux-gnueabihf_glibc/linux-sstar_ssd20x/linux-atm-2.5.2/./; if [ -x ./configure ]; then find /media/gwind/windcode/openwrt-ssd20x/18.06/build_dir/target-arm-linux-gnueabihf_glibc/linux-sstar_ssd20x/linux-atm-2.5.2/ -name config.guess | xargs -r chmod u+w; find /media/gwind/windcode/openwrt-ssd20x/18.06/build_dir/target-arm-linux-gnueabihf_glibc/linux-sstar_ssd20x/linux-atm-2.5.2/ -name config.guess | xargs -r -n1 cp --remove-destination /media/gwind/windcode/openwrt-ssd20x/18.06/scripts/config.guess; find /media/gwind/windcode/openwrt-ssd20x/18.06/build_dir/target-arm-linux-gnueabihf_glibc/linux-sstar_ssd20x/linux-atm-2.5.2/ -name config.sub | xargs -r chmod u+w; find /media/gwind/windcode/openwrt-ssd20x/18.06/build_dir/target-arm-linux-gnueabihf_glibc/linux-sstar_ssd20x/linux-atm-2.5.2/ -name config.sub | xargs -r -n1 cp --remove-destination /media/gwind/windcode/openwrt-ssd20x/18.06/scripts/config.sub; AR="arm-linux-gnueabihf-ar" AS="arm-linux-gnueabihf-gcc -c -Os -pipe -Wno-implicit-fallthrough -mfpu=neon -Wno-format-overflow -fno-caller-saves -fno-plt -mfloat-abi=hard  -D_FORTIFY_SOURCE=1 -Wl,-z,now -Wl,-z,relro" LD=arm-linux-gnueabihf-ld NM="arm-linux-gnueabihf-nm" CC="arm-linux-gnueabihf-gcc" GCC="arm-linux-gnueabihf-gcc" CXX="arm-linux-gnueabihf-g++" RANLIB="arm-linux-gnueabihf-ranlib" STRIP=arm-linux-gnueabihf-strip OBJCOPY=arm-linux-gnueabihf-objcopy OBJDUMP=arm-linux-gnueabihf-objdump SIZE=arm-linux-gnueabihf-size CFLAGS="-Os -pipe -Wno-implicit-fallthrough -mfpu=neon -Wno-format-overflow -fno-caller-saves -fno-plt -mfloat-abi=hard  -D_FORTIFY_SOURCE=1 -Wl,-z,now -Wl,-z,relro " CXXFLAGS="-Os -pipe -Wno-implicit-fallthrough -mfpu=neon -Wno-format-overflow -fno-caller-saves -fno-plt -mfloat-abi=hard  -D_FORTIFY_SOURCE=1 -Wl,-z,now -Wl,-z,relro " CPPFLAGS="-I/media/gwind/windcode/openwrt-ssd20x/18.06/staging_dir/target-arm-linux-gnueabihf_glibc/usr/include -I/media/gwind/windcode/openwrt-ssd20x/18.06/staging_dir/target-arm-linux-gnueabihf_glibc/include " LDFLAGS="-L/media/gwind/windcode/openwrt-ssd20x/18.06/staging_dir/target-arm-linux-gnueabihf_glibc/usr/lib -L/media/gwind/windcode/openwrt-ssd20x/18.06/staging_dir/target-arm-linux-gnueabihf_glibc/lib -L/opt/ssd20x/gcc-arm-8.2-2018.08-x86_64-arm-linux-gnueabihf/arm-linux-gnueabihf/libc/usr/lib -L/opt/ssd20x/gcc-arm-8.2-2018.08-x86_64-arm-linux-gnueabihf/arm-linux-gnueabihf/libc/lib -znow -zrelro "   ./configure --target=arm-linux-gnueabihf --host=arm-linux-gnueabihf --build=x86_64-pc-linux-gnu --program-prefix="" --program-suffix="" --prefix=/usr --exec-prefix=/usr --bindir=/usr/bin --sbindir=/usr/sbin --libexecdir=/usr/lib --sysconfdir=/etc --datadir=/usr/share --localstatedir=/var --mandir=/usr/man --infodir=/usr/info --disable-nls  ; fi; )
configure: loading site script /media/gwind/windcode/openwrt-ssd20x/18.06/include/site/arm
checking build system type... x86_64-pc-linux-gnu
checking host system type... arm-unknown-linux-gnueabihf
checking target system type... arm-unknown-linux-gnueabihf
checking for a BSD-compatible install... /usr/bin/install -c
checking whether build environment is sane... yes
checking for arm-linux-gnueabihf-strip... arm-linux-gnueabihf-strip
checking for a thread-safe mkdir -p... /bin/mkdir -p
checking for gawk... gawk
checking whether make sets $(MAKE)... yes
checking whether make supports nested variables... yes
checking for arm-linux-gnueabihf-gcc... arm-linux-gnueabihf-gcc
checking whether the C compiler works... yes
checking for C compiler default output file name... a.out
checking for suffix of executables... 
checking whether we are cross compiling... yes
checking for suffix of object files... o
checking whether we are using the GNU C compiler... yes
checking whether arm-linux-gnueabihf-gcc accepts -g... yes
checking for arm-linux-gnueabihf-gcc option to accept ISO C89... none needed
checking whether arm-linux-gnueabihf-gcc understands -c and -o together... yes
checking for style of include used by make... GNU
checking dependency style of arm-linux-gnueabihf-gcc... gcc3
checking for flex... flex
checking lex output file root... lex.yy
checking lex library... none needed
checking whether yytext is a pointer... no
checking for bison... bison -y
checking how to print strings... printf
checking for a sed that does not truncate output... /media/gwind/windcode/openwrt-ssd20x/18.06/staging_dir/host/bin/sed
checking for grep that handles long lines and -e... /media/gwind/windcode/openwrt-ssd20x/18.06/staging_dir/host/bin/grep
checking for egrep... /media/gwind/windcode/openwrt-ssd20x/18.06/staging_dir/host/bin/grep -E
checking for fgrep... /media/gwind/windcode/openwrt-ssd20x/18.06/staging_dir/host/bin/grep -F
checking for ld used by arm-linux-gnueabihf-gcc... arm-linux-gnueabihf-ld
checking if the linker (arm-linux-gnueabihf-ld) is GNU ld... yes
checking for BSD- or MS-compatible name lister (nm)... arm-linux-gnueabihf-nm
checking the name lister (arm-linux-gnueabihf-nm) interface... BSD nm
checking whether ln -s works... yes
checking the maximum length of command line arguments... 1572864
checking whether the shell understands some XSI constructs... yes
checking whether the shell understands "+="... yes
checking how to convert x86_64-pc-linux-gnu file names to arm-unknown-linux-gnueabihf format... func_convert_file_noop
checking how to convert x86_64-pc-linux-gnu file names to toolchain format... func_convert_file_noop
checking for arm-linux-gnueabihf-ld option to reload object files... -r
checking for arm-linux-gnueabihf-objdump... arm-linux-gnueabihf-objdump
checking how to recognize dependent libraries... pass_all
checking for arm-linux-gnueabihf-dlltool... no
checking for dlltool... no
checking how to associate runtime and link libraries... printf %s\n
checking for arm-linux-gnueabihf-ar... arm-linux-gnueabihf-ar
checking for archiver @FILE support... @
checking for arm-linux-gnueabihf-strip... (cached) arm-linux-gnueabihf-strip
checking for arm-linux-gnueabihf-ranlib... arm-linux-gnueabihf-ranlib
checking command to parse arm-linux-gnueabihf-nm output from arm-linux-gnueabihf-gcc object... ok
checking for sysroot... no
checking for arm-linux-gnueabihf-mt... no
checking for mt... mt
checking if mt is a manifest tool... no
checking how to run the C preprocessor... arm-linux-gnueabihf-gcc -E
checking for ANSI C header files... yes
checking for sys/types.h... yes
checking for sys/stat.h... yes
checking for stdlib.h... yes
checking for string.h... yes
checking for memory.h... yes
checking for strings.h... yes
checking for inttypes.h... yes
checking for stdint.h... yes
checking for unistd.h... yes
checking for dlfcn.h... yes
checking for objdir... .libs
checking if arm-linux-gnueabihf-gcc supports -fno-rtti -fno-exceptions... no
checking for arm-linux-gnueabihf-gcc option to produce PIC... -fPIC -DPIC
checking if arm-linux-gnueabihf-gcc PIC flag -fPIC -DPIC works... yes
checking if arm-linux-gnueabihf-gcc static flag -static works... yes
checking if arm-linux-gnueabihf-gcc supports -c -o file.o... yes
checking if arm-linux-gnueabihf-gcc supports -c -o file.o... (cached) yes
checking whether the arm-linux-gnueabihf-gcc linker (arm-linux-gnueabihf-ld) supports shared libraries... yes
checking whether -lc should be explicitly linked in... no
checking dynamic linker characteristics... GNU/Linux ld.so
checking how to hardcode library paths into programs... immediate
checking whether stripping libraries is possible... yes
checking if libtool supports shared libraries... yes
checking whether to build shared libraries... yes
checking whether to build static libraries... yes
checking for perl... /media/gwind/windcode/openwrt-ssd20x/18.06/staging_dir/host/bin/perl
checking asm/errno.h usability... yes
checking asm/errno.h presence... yes
checking for asm/errno.h... yes
checking linux/atmsap.h usability... yes
checking linux/atmsap.h presence... yes
checking for linux/atmsap.h... yes
checking for main in -lresolv... yes
checking cc for build... checking for gcc... gcc
gcc
checking that generated files are newer than configure... done
configure: creating ./config.status
config.status: creating Makefile
config.status: creating doc/Makefile
config.status: creating src/Makefile
config.status: creating src/include/Makefile
config.status: creating src/lib/Makefile
config.status: creating src/test/Makefile
config.status: creating src/debug/Makefile
config.status: creating src/qgen/Makefile
config.status: creating src/saal/Makefile
config.status: creating src/q2931/Makefile
config.status: creating src/sigd/Makefile
config.status: creating src/maint/Makefile
config.status: creating src/arpd/Makefile
config.status: creating src/ilmid/Makefile
config.status: creating src/ilmid/asn1/Makefile
config.status: creating src/man/Makefile
config.status: creating src/led/Makefile
config.status: creating src/lane/Makefile
config.status: creating src/mpoad/Makefile
config.status: creating src/oamd/Makefile
config.status: creating src/switch/Makefile
config.status: creating src/switch/debug/Makefile
config.status: creating src/switch/tcp/Makefile
config.status: creating src/br2684/Makefile
config.status: creating src/config/Makefile
config.status: creating src/extra/Makefile
config.status: creating src/extra/linux-atm.spec
config.status: creating config.h
config.status: executing depfiles commands
config.status: executing libtool commands
# prevent autoheader invocation
touch /media/gwind/windcode/openwrt-ssd20x/18.06/build_dir/target-arm-linux-gnueabihf_glibc/linux-sstar_ssd20x/linux-atm-2.5.2/stamp-h.in
touch /media/gwind/windcode/openwrt-ssd20x/18.06/build_dir/target-arm-linux-gnueabihf_glibc/linux-sstar_ssd20x/linux-atm-2.5.2/.configured_68b329da9893e34099c7d8ad5cb9c940
rm -f /media/gwind/windcode/openwrt-ssd20x/18.06/build_dir/target-arm-linux-gnueabihf_glibc/linux-sstar_ssd20x/linux-atm-2.5.2/.built
touch /media/gwind/windcode/openwrt-ssd20x/18.06/build_dir/target-arm-linux-gnueabihf_glibc/linux-sstar_ssd20x/linux-atm-2.5.2/.built_check
# src/qgen is built with HOSTCC, which does not really like our LDFLAGS
make  -C /media/gwind/windcode/openwrt-ssd20x/18.06/build_dir/target-arm-linux-gnueabihf_glibc/linux-sstar_ssd20x/linux-atm-2.5.2/src/qgen LDFLAGS="" all
make[4]: Entering directory '/media/gwind/windcode/openwrt-ssd20x/18.06/build_dir/target-arm-linux-gnueabihf_glibc/linux-sstar_ssd20x/linux-atm-2.5.2/src/qgen'
gcc -I../../src/include  -Wall -Wshadow -Wpointer-arith -Wwrite-strings -Wstrict-prototypes -MT common.o -MD -MP -MF .deps/common.Tpo -c -o common.o common.c
mv -f .deps/common.Tpo .deps/common.Po
gcc -I../../src/include  -Wall -Wshadow -Wpointer-arith -Wwrite-strings -Wstrict-prototypes -MT file.o -MD -MP -MF .deps/file.Tpo -c -o file.o file.c
mv -f .deps/file.Tpo .deps/file.Po
gcc -I../../src/include  -Wall -Wshadow -Wpointer-arith -Wwrite-strings -Wstrict-prototypes -MT first.o -MD -MP -MF .deps/first.Tpo -c -o first.o first.c
mv -f .deps/first.Tpo .deps/first.Po
gcc -I../../src/include  -Wall -Wshadow -Wpointer-arith -Wwrite-strings -Wstrict-prototypes -MT ql_y.o -MD -MP -MF .deps/ql_y.Tpo -c -o ql_y.o ql_y.c
mv -f .deps/ql_y.Tpo .deps/ql_y.Po
/bin/bash ../../ylwrap ql_l.l lex.yy.c ql_l.c -- flex  
gcc -I../../src/include  -Wall -Wshadow -Wpointer-arith -Wwrite-strings -Wstrict-prototypes -MT ql_l.o -MD -MP -MF .deps/ql_l.Tpo -c -o ql_l.o ql_l.c
mv -f .deps/ql_l.Tpo .deps/ql_l.Po
gcc -I../../src/include  -Wall -Wshadow -Wpointer-arith -Wwrite-strings -Wstrict-prototypes -MT qgen.o -MD -MP -MF .deps/qgen.Tpo -c -o qgen.o qgen.c
mv -f .deps/qgen.Tpo .deps/qgen.Po
gcc -I../../src/include  -Wall -Wshadow -Wpointer-arith -Wwrite-strings -Wstrict-prototypes -MT second.o -MD -MP -MF .deps/second.Tpo -c -o second.o second.c
mv -f .deps/second.Tpo .deps/second.Po
gcc -I../../src/include  -Wall -Wshadow -Wpointer-arith -Wwrite-strings -Wstrict-prototypes -MT third.o -MD -MP -MF .deps/third.Tpo -c -o third.o third.c
mv -f .deps/third.Tpo .deps/third.Po
gcc -I../../src/include  -Wall -Wshadow -Wpointer-arith -Wwrite-strings -Wstrict-prototypes -o qgen common.o file.o first.o ql_y.o ql_l.o qgen.o second.o third.o  
make[4]: Leaving directory '/media/gwind/windcode/openwrt-ssd20x/18.06/build_dir/target-arm-linux-gnueabihf_glibc/linux-sstar_ssd20x/linux-atm-2.5.2/src/qgen'
make  -C /media/gwind/windcode/openwrt-ssd20x/18.06/build_dir/target-arm-linux-gnueabihf_glibc/linux-sstar_ssd20x/linux-atm-2.5.2 OBJCOPY=arm-linux-gnueabihf-objcopy all
make[4]: Entering directory '/media/gwind/windcode/openwrt-ssd20x/18.06/build_dir/target-arm-linux-gnueabihf_glibc/linux-sstar_ssd20x/linux-atm-2.5.2'
make  all-recursive
make[5]: Entering directory '/media/gwind/windcode/openwrt-ssd20x/18.06/build_dir/target-arm-linux-gnueabihf_glibc/linux-sstar_ssd20x/linux-atm-2.5.2'
Making all in src
make[6]: Entering directory '/media/gwind/windcode/openwrt-ssd20x/18.06/build_dir/target-arm-linux-gnueabihf_glibc/linux-sstar_ssd20x/linux-atm-2.5.2/src'
Making all in include
make[7]: Entering directory '/media/gwind/windcode/openwrt-ssd20x/18.06/build_dir/target-arm-linux-gnueabihf_glibc/linux-sstar_ssd20x/linux-atm-2.5.2/src/include'
make[7]: Nothing to be done for 'all'.
make[7]: Leaving directory '/media/gwind/windcode/openwrt-ssd20x/18.06/build_dir/target-arm-linux-gnueabihf_glibc/linux-sstar_ssd20x/linux-atm-2.5.2/src/include'
Making all in lib
make[7]: Entering directory '/media/gwind/windcode/openwrt-ssd20x/18.06/build_dir/target-arm-linux-gnueabihf_glibc/linux-sstar_ssd20x/linux-atm-2.5.2/src/lib'
/bin/bash ../../libtool  --tag=CC   --mode=compile arm-linux-gnueabihf-gcc -DHAVE_CONFIG_H -I. -I../..   -I/media/gwind/windcode/openwrt-ssd20x/18.06/staging_dir/target-arm-linux-gnueabihf_glibc/usr/include -I/media/gwind/windcode/openwrt-ssd20x/18.06/staging_dir/target-arm-linux-gnueabihf_glibc/include   -I../../src/include -Os -pipe -Wno-implicit-fallthrough -mfpu=neon -Wno-format-overflow -fno-caller-saves -fno-plt -mfloat-abi=hard  -D_FORTIFY_SOURCE=1 -Wl,-z,now -Wl,-z,relro  -Wall -Wshadow -Wpointer-arith -Wwrite-strings -Wstrict-prototypes -MT text2atm.lo -MD -MP -MF .deps/text2atm.Tpo -c -o text2atm.lo text2atm.c
OpenWrt-libtool: compile:  arm-linux-gnueabihf-gcc -DHAVE_CONFIG_H -I. -I../.. -I/media/gwind/windcode/openwrt-ssd20x/18.06/staging_dir/target-arm-linux-gnueabihf_glibc/usr/include -I/media/gwind/windcode/openwrt-ssd20x/18.06/staging_dir/target-arm-linux-gnueabihf_glibc/include -I../../src/include -Os -pipe -Wno-implicit-fallthrough -mfpu=neon -Wno-format-overflow -fno-caller-saves -fno-plt -mfloat-abi=hard -D_FORTIFY_SOURCE=1 -Wl,-z,now -Wl,-z,relro -Wall -Wshadow -Wpointer-arith -Wwrite-strings -Wstrict-prototypes -MT text2atm.lo -MD -MP -MF .deps/text2atm.Tpo -c text2atm.c  -fPIC -DPIC -o .libs/text2atm.o
OpenWrt-libtool: compile:  arm-linux-gnueabihf-gcc -DHAVE_CONFIG_H -I. -I../.. -I/media/gwind/windcode/openwrt-ssd20x/18.06/staging_dir/target-arm-linux-gnueabihf_glibc/usr/include -I/media/gwind/windcode/openwrt-ssd20x/18.06/staging_dir/target-arm-linux-gnueabihf_glibc/include -I../../src/include -Os -pipe -Wno-implicit-fallthrough -mfpu=neon -Wno-format-overflow -fno-caller-saves -fno-plt -mfloat-abi=hard -D_FORTIFY_SOURCE=1 -Wl,-z,now -Wl,-z,relro -Wall -Wshadow -Wpointer-arith -Wwrite-strings -Wstrict-prototypes -MT text2atm.lo -MD -MP -MF .deps/text2atm.Tpo -c text2atm.c -o text2atm.o >/dev/null 2>&1
mv -f .deps/text2atm.Tpo .deps/text2atm.Plo
/bin/bash ../../libtool  --tag=CC   --mode=compile arm-linux-gnueabihf-gcc -DHAVE_CONFIG_H -I. -I../..   -I/media/gwind/windcode/openwrt-ssd20x/18.06/staging_dir/target-arm-linux-gnueabihf_glibc/usr/include -I/media/gwind/windcode/openwrt-ssd20x/18.06/staging_dir/target-arm-linux-gnueabihf_glibc/include   -I../../src/include -Os -pipe -Wno-implicit-fallthrough -mfpu=neon -Wno-format-overflow -fno-caller-saves -fno-plt -mfloat-abi=hard  -D_FORTIFY_SOURCE=1 -Wl,-z,now -Wl,-z,relro  -Wall -Wshadow -Wpointer-arith -Wwrite-strings -Wstrict-prototypes -MT atm2text.lo -MD -MP -MF .deps/atm2text.Tpo -c -o atm2text.lo atm2text.c
OpenWrt-libtool: compile:  arm-linux-gnueabihf-gcc -DHAVE_CONFIG_H -I. -I../.. -I/media/gwind/windcode/openwrt-ssd20x/18.06/staging_dir/target-arm-linux-gnueabihf_glibc/usr/include -I/media/gwind/windcode/openwrt-ssd20x/18.06/staging_dir/target-arm-linux-gnueabihf_glibc/include -I../../src/include -Os -pipe -Wno-implicit-fallthrough -mfpu=neon -Wno-format-overflow -fno-caller-saves -fno-plt -mfloat-abi=hard -D_FORTIFY_SOURCE=1 -Wl,-z,now -Wl,-z,relro -Wall -Wshadow -Wpointer-arith -Wwrite-strings -Wstrict-prototypes -MT atm2text.lo -MD -MP -MF .deps/atm2text.Tpo -c atm2text.c  -fPIC -DPIC -o .libs/atm2text.o
OpenWrt-libtool: compile:  arm-linux-gnueabihf-gcc -DHAVE_CONFIG_H -I. -I../.. -I/media/gwind/windcode/openwrt-ssd20x/18.06/staging_dir/target-arm-linux-gnueabihf_glibc/usr/include -I/media/gwind/windcode/openwrt-ssd20x/18.06/staging_dir/target-arm-linux-gnueabihf_glibc/include -I../../src/include -Os -pipe -Wno-implicit-fallthrough -mfpu=neon -Wno-format-overflow -fno-caller-saves -fno-plt -mfloat-abi=hard -D_FORTIFY_SOURCE=1 -Wl,-z,now -Wl,-z,relro -Wall -Wshadow -Wpointer-arith -Wwrite-strings -Wstrict-prototypes -MT atm2text.lo -MD -MP -MF .deps/atm2text.Tpo -c atm2text.c -o atm2text.o >/dev/null 2>&1
mv -f .deps/atm2text.Tpo .deps/atm2text.Plo
/bin/bash ../../libtool  --tag=CC   --mode=compile arm-linux-gnueabihf-gcc -DHAVE_CONFIG_H -I. -I../..   -I/media/gwind/windcode/openwrt-ssd20x/18.06/staging_dir/target-arm-linux-gnueabihf_glibc/usr/include -I/media/gwind/windcode/openwrt-ssd20x/18.06/staging_dir/target-arm-linux-gnueabihf_glibc/include   -I../../src/include -Os -pipe -Wno-implicit-fallthrough -mfpu=neon -Wno-format-overflow -fno-caller-saves -fno-plt -mfloat-abi=hard  -D_FORTIFY_SOURCE=1 -Wl,-z,now -Wl,-z,relro  -Wall -Wshadow -Wpointer-arith -Wwrite-strings -Wstrict-prototypes -MT atmequal.lo -MD -MP -MF .deps/atmequal.Tpo -c -o atmequal.lo atmequal.c
OpenWrt-libtool: compile:  arm-linux-gnueabihf-gcc -DHAVE_CONFIG_H -I. -I../.. -I/media/gwind/windcode/openwrt-ssd20x/18.06/staging_dir/target-arm-linux-gnueabihf_glibc/usr/include -I/media/gwind/windcode/openwrt-ssd20x/18.06/staging_dir/target-arm-linux-gnueabihf_glibc/include -I../../src/include -Os -pipe -Wno-implicit-fallthrough -mfpu=neon -Wno-format-overflow -fno-caller-saves -fno-plt -mfloat-abi=hard -D_FORTIFY_SOURCE=1 -Wl,-z,now -Wl,-z,relro -Wall -Wshadow -Wpointer-arith -Wwrite-strings -Wstrict-prototypes -MT atmequal.lo -MD -MP -MF .deps/atmequal.Tpo -c atmequal.c  -fPIC -DPIC -o .libs/atmequal.o
OpenWrt-libtool: compile:  arm-linux-gnueabihf-gcc -DHAVE_CONFIG_H -I. -I../.. -I/media/gwind/windcode/openwrt-ssd20x/18.06/staging_dir/target-arm-linux-gnueabihf_glibc/usr/include -I/media/gwind/windcode/openwrt-ssd20x/18.06/staging_dir/target-arm-linux-gnueabihf_glibc/include -I../../src/include -Os -pipe -Wno-implicit-fallthrough -mfpu=neon -Wno-format-overflow -fno-caller-saves -fno-plt -mfloat-abi=hard -D_FORTIFY_SOURCE=1 -Wl,-z,now -Wl,-z,relro -Wall -Wshadow -Wpointer-arith -Wwrite-strings -Wstrict-prototypes -MT atmequal.lo -MD -MP -MF .deps/atmequal.Tpo -c atmequal.c -o atmequal.o >/dev/null 2>&1
mv -f .deps/atmequal.Tpo .deps/atmequal.Plo
/bin/bash ../../libtool  --tag=CC   --mode=compile arm-linux-gnueabihf-gcc -DHAVE_CONFIG_H -I. -I../..   -I/media/gwind/windcode/openwrt-ssd20x/18.06/staging_dir/target-arm-linux-gnueabihf_glibc/usr/include -I/media/gwind/windcode/openwrt-ssd20x/18.06/staging_dir/target-arm-linux-gnueabihf_glibc/include   -I../../src/include -Os -pipe -Wno-implicit-fallthrough -mfpu=neon -Wno-format-overflow -fno-caller-saves -fno-plt -mfloat-abi=hard  -D_FORTIFY_SOURCE=1 -Wl,-z,now -Wl,-z,relro  -Wall -Wshadow -Wpointer-arith -Wwrite-strings -Wstrict-prototypes -MT sdu2cell.lo -MD -MP -MF .deps/sdu2cell.Tpo -c -o sdu2cell.lo sdu2cell.c
OpenWrt-libtool: compile:  arm-linux-gnueabihf-gcc -DHAVE_CONFIG_H -I. -I../.. -I/media/gwind/windcode/openwrt-ssd20x/18.06/staging_dir/target-arm-linux-gnueabihf_glibc/usr/include -I/media/gwind/windcode/openwrt-ssd20x/18.06/staging_dir/target-arm-linux-gnueabihf_glibc/include -I../../src/include -Os -pipe -Wno-implicit-fallthrough -mfpu=neon -Wno-format-overflow -fno-caller-saves -fno-plt -mfloat-abi=hard -D_FORTIFY_SOURCE=1 -Wl,-z,now -Wl,-z,relro -Wall -Wshadow -Wpointer-arith -Wwrite-strings -Wstrict-prototypes -MT sdu2cell.lo -MD -MP -MF .deps/sdu2cell.Tpo -c sdu2cell.c  -fPIC -DPIC -o .libs/sdu2cell.o
OpenWrt-libtool: compile:  arm-linux-gnueabihf-gcc -DHAVE_CONFIG_H -I. -I../.. -I/media/gwind/windcode/openwrt-ssd20x/18.06/staging_dir/target-arm-linux-gnueabihf_glibc/usr/include -I/media/gwind/windcode/openwrt-ssd20x/18.06/staging_dir/target-arm-linux-gnueabihf_glibc/include -I../../src/include -Os -pipe -Wno-implicit-fallthrough -mfpu=neon -Wno-format-overflow -fno-caller-saves -fno-plt -mfloat-abi=hard -D_FORTIFY_SOURCE=1 -Wl,-z,now -Wl,-z,relro -Wall -Wshadow -Wpointer-arith -Wwrite-strings -Wstrict-prototypes -MT sdu2cell.lo -MD -MP -MF .deps/sdu2cell.Tpo -c sdu2cell.c -o sdu2cell.o >/dev/null 2>&1
mv -f .deps/sdu2cell.Tpo .deps/sdu2cell.Plo
/bin/bash ../../libtool  --tag=CC   --mode=compile arm-linux-gnueabihf-gcc -DHAVE_CONFIG_H -I. -I../..   -I/media/gwind/windcode/openwrt-ssd20x/18.06/staging_dir/target-arm-linux-gnueabihf_glibc/usr/include -I/media/gwind/windcode/openwrt-ssd20x/18.06/staging_dir/target-arm-linux-gnueabihf_glibc/include   -I../../src/include -Os -pipe -Wno-implicit-fallthrough -mfpu=neon -Wno-format-overflow -fno-caller-saves -fno-plt -mfloat-abi=hard  -D_FORTIFY_SOURCE=1 -Wl,-z,now -Wl,-z,relro  -Wall -Wshadow -Wpointer-arith -Wwrite-strings -Wstrict-prototypes -MT text2qos.lo -MD -MP -MF .deps/text2qos.Tpo -c -o text2qos.lo text2qos.c
OpenWrt-libtool: compile:  arm-linux-gnueabihf-gcc -DHAVE_CONFIG_H -I. -I../.. -I/media/gwind/windcode/openwrt-ssd20x/18.06/staging_dir/target-arm-linux-gnueabihf_glibc/usr/include -I/media/gwind/windcode/openwrt-ssd20x/18.06/staging_dir/target-arm-linux-gnueabihf_glibc/include -I../../src/include -Os -pipe -Wno-implicit-fallthrough -mfpu=neon -Wno-format-overflow -fno-caller-saves -fno-plt -mfloat-abi=hard -D_FORTIFY_SOURCE=1 -Wl,-z,now -Wl,-z,relro -Wall -Wshadow -Wpointer-arith -Wwrite-strings -Wstrict-prototypes -MT text2qos.lo -MD -MP -MF .deps/text2qos.Tpo -c text2qos.c  -fPIC -DPIC -o .libs/text2qos.o
OpenWrt-libtool: compile:  arm-linux-gnueabihf-gcc -DHAVE_CONFIG_H -I. -I../.. -I/media/gwind/windcode/openwrt-ssd20x/18.06/staging_dir/target-arm-linux-gnueabihf_glibc/usr/include -I/media/gwind/windcode/openwrt-ssd20x/18.06/staging_dir/target-arm-linux-gnueabihf_glibc/include -I../../src/include -Os -pipe -Wno-implicit-fallthrough -mfpu=neon -Wno-format-overflow -fno-caller-saves -fno-plt -mfloat-abi=hard -D_FORTIFY_SOURCE=1 -Wl,-z,now -Wl,-z,relro -Wall -Wshadow -Wpointer-arith -Wwrite-strings -Wstrict-prototypes -MT text2qos.lo -MD -MP -MF .deps/text2qos.Tpo -c text2qos.c -o text2qos.o >/dev/null 2>&1
mv -f .deps/text2qos.Tpo .deps/text2qos.Plo
/bin/bash ../../libtool  --tag=CC   --mode=compile arm-linux-gnueabihf-gcc -DHAVE_CONFIG_H -I. -I../..   -I/media/gwind/windcode/openwrt-ssd20x/18.06/staging_dir/target-arm-linux-gnueabihf_glibc/usr/include -I/media/gwind/windcode/openwrt-ssd20x/18.06/staging_dir/target-arm-linux-gnueabihf_glibc/include   -I../../src/include -Os -pipe -Wno-implicit-fallthrough -mfpu=neon -Wno-format-overflow -fno-caller-saves -fno-plt -mfloat-abi=hard  -D_FORTIFY_SOURCE=1 -Wl,-z,now -Wl,-z,relro  -Wall -Wshadow -Wpointer-arith -Wwrite-strings -Wstrict-prototypes -MT qos2text.lo -MD -MP -MF .deps/qos2text.Tpo -c -o qos2text.lo qos2text.c
OpenWrt-libtool: compile:  arm-linux-gnueabihf-gcc -DHAVE_CONFIG_H -I. -I../.. -I/media/gwind/windcode/openwrt-ssd20x/18.06/staging_dir/target-arm-linux-gnueabihf_glibc/usr/include -I/media/gwind/windcode/openwrt-ssd20x/18.06/staging_dir/target-arm-linux-gnueabihf_glibc/include -I../../src/include -Os -pipe -Wno-implicit-fallthrough -mfpu=neon -Wno-format-overflow -fno-caller-saves -fno-plt -mfloat-abi=hard -D_FORTIFY_SOURCE=1 -Wl,-z,now -Wl,-z,relro -Wall -Wshadow -Wpointer-arith -Wwrite-strings -Wstrict-prototypes -MT qos2text.lo -MD -MP -MF .deps/qos2text.Tpo -c qos2text.c  -fPIC -DPIC -o .libs/qos2text.o
OpenWrt-libtool: compile:  arm-linux-gnueabihf-gcc -DHAVE_CONFIG_H -I. -I../.. -I/media/gwind/windcode/openwrt-ssd20x/18.06/staging_dir/target-arm-linux-gnueabihf_glibc/usr/include -I/media/gwind/windcode/openwrt-ssd20x/18.06/staging_dir/target-arm-linux-gnueabihf_glibc/include -I../../src/include -Os -pipe -Wno-implicit-fallthrough -mfpu=neon -Wno-format-overflow -fno-caller-saves -fno-plt -mfloat-abi=hard -D_FORTIFY_SOURCE=1 -Wl,-z,now -Wl,-z,relro -Wall -Wshadow -Wpointer-arith -Wwrite-strings -Wstrict-prototypes -MT qos2text.lo -MD -MP -MF .deps/qos2text.Tpo -c qos2text.c -o qos2text.o >/dev/null 2>&1
mv -f .deps/qos2text.Tpo .deps/qos2text.Plo
/bin/bash ../../libtool  --tag=CC   --mode=compile arm-linux-gnueabihf-gcc -DHAVE_CONFIG_H -I. -I../..   -I/media/gwind/windcode/openwrt-ssd20x/18.06/staging_dir/target-arm-linux-gnueabihf_glibc/usr/include -I/media/gwind/windcode/openwrt-ssd20x/18.06/staging_dir/target-arm-linux-gnueabihf_glibc/include   -I../../src/include -Os -pipe -Wno-implicit-fallthrough -mfpu=neon -Wno-format-overflow -fno-caller-saves -fno-plt -mfloat-abi=hard  -D_FORTIFY_SOURCE=1 -Wl,-z,now -Wl,-z,relro  -Wall -Wshadow -Wpointer-arith -Wwrite-strings -Wstrict-prototypes -MT qosequal.lo -MD -MP -MF .deps/qosequal.Tpo -c -o qosequal.lo qosequal.c
OpenWrt-libtool: compile:  arm-linux-gnueabihf-gcc -DHAVE_CONFIG_H -I. -I../.. -I/media/gwind/windcode/openwrt-ssd20x/18.06/staging_dir/target-arm-linux-gnueabihf_glibc/usr/include -I/media/gwind/windcode/openwrt-ssd20x/18.06/staging_dir/target-arm-linux-gnueabihf_glibc/include -I../../src/include -Os -pipe -Wno-implicit-fallthrough -mfpu=neon -Wno-format-overflow -fno-caller-saves -fno-plt -mfloat-abi=hard -D_FORTIFY_SOURCE=1 -Wl,-z,now -Wl,-z,relro -Wall -Wshadow -Wpointer-arith -Wwrite-strings -Wstrict-prototypes -MT qosequal.lo -MD -MP -MF .deps/qosequal.Tpo -c qosequal.c  -fPIC -DPIC -o .libs/qosequal.o
OpenWrt-libtool: compile:  arm-linux-gnueabihf-gcc -DHAVE_CONFIG_H -I. -I../.. -I/media/gwind/windcode/openwrt-ssd20x/18.06/staging_dir/target-arm-linux-gnueabihf_glibc/usr/include -I/media/gwind/windcode/openwrt-ssd20x/18.06/staging_dir/target-arm-linux-gnueabihf_glibc/include -I../../src/include -Os -pipe -Wno-implicit-fallthrough -mfpu=neon -Wno-format-overflow -fno-caller-saves -fno-plt -mfloat-abi=hard -D_FORTIFY_SOURCE=1 -Wl,-z,now -Wl,-z,relro -Wall -Wshadow -Wpointer-arith -Wwrite-strings -Wstrict-prototypes -MT qosequal.lo -MD -MP -MF .deps/qosequal.Tpo -c qosequal.c -o qosequal.o >/dev/null 2>&1
mv -f .deps/qosequal.Tpo .deps/qosequal.Plo
/bin/bash ../../libtool  --tag=CC   --mode=compile arm-linux-gnueabihf-gcc -DHAVE_CONFIG_H -I. -I../..   -I/media/gwind/windcode/openwrt-ssd20x/18.06/staging_dir/target-arm-linux-gnueabihf_glibc/usr/include -I/media/gwind/windcode/openwrt-ssd20x/18.06/staging_dir/target-arm-linux-gnueabihf_glibc/include   -I../../src/include -Os -pipe -Wno-implicit-fallthrough -mfpu=neon -Wno-format-overflow -fno-caller-saves -fno-plt -mfloat-abi=hard  -D_FORTIFY_SOURCE=1 -Wl,-z,now -Wl,-z,relro  -Wall -Wshadow -Wpointer-arith -Wwrite-strings -Wstrict-prototypes -MT sap2text.lo -MD -MP -MF .deps/sap2text.Tpo -c -o sap2text.lo sap2text.c
OpenWrt-libtool: compile:  arm-linux-gnueabihf-gcc -DHAVE_CONFIG_H -I. -I../.. -I/media/gwind/windcode/openwrt-ssd20x/18.06/staging_dir/target-arm-linux-gnueabihf_glibc/usr/include -I/media/gwind/windcode/openwrt-ssd20x/18.06/staging_dir/target-arm-linux-gnueabihf_glibc/include -I../../src/include -Os -pipe -Wno-implicit-fallthrough -mfpu=neon -Wno-format-overflow -fno-caller-saves -fno-plt -mfloat-abi=hard -D_FORTIFY_SOURCE=1 -Wl,-z,now -Wl,-z,relro -Wall -Wshadow -Wpointer-arith -Wwrite-strings -Wstrict-prototypes -MT sap2text.lo -MD -MP -MF .deps/sap2text.Tpo -c sap2text.c  -fPIC -DPIC -o .libs/sap2text.o
OpenWrt-libtool: compile:  arm-linux-gnueabihf-gcc -DHAVE_CONFIG_H -I. -I../.. -I/media/gwind/windcode/openwrt-ssd20x/18.06/staging_dir/target-arm-linux-gnueabihf_glibc/usr/include -I/media/gwind/windcode/openwrt-ssd20x/18.06/staging_dir/target-arm-linux-gnueabihf_glibc/include -I../../src/include -Os -pipe -Wno-implicit-fallthrough -mfpu=neon -Wno-format-overflow -fno-caller-saves -fno-plt -mfloat-abi=hard -D_FORTIFY_SOURCE=1 -Wl,-z,now -Wl,-z,relro -Wall -Wshadow -Wpointer-arith -Wwrite-strings -Wstrict-prototypes -MT sap2text.lo -MD -MP -MF .deps/sap2text.Tpo -c sap2text.c -o sap2text.o >/dev/null 2>&1
mv -f .deps/sap2text.Tpo .deps/sap2text.Plo
/bin/bash ../../libtool  --tag=CC   --mode=compile arm-linux-gnueabihf-gcc -DHAVE_CONFIG_H -I. -I../..   -I/media/gwind/windcode/openwrt-ssd20x/18.06/staging_dir/target-arm-linux-gnueabihf_glibc/usr/include -I/media/gwind/windcode/openwrt-ssd20x/18.06/staging_dir/target-arm-linux-gnueabihf_glibc/include   -I../../src/include -Os -pipe -Wno-implicit-fallthrough -mfpu=neon -Wno-format-overflow -fno-caller-saves -fno-plt -mfloat-abi=hard  -D_FORTIFY_SOURCE=1 -Wl,-z,now -Wl,-z,relro  -Wall -Wshadow -Wpointer-arith -Wwrite-strings -Wstrict-prototypes -MT text2sap.lo -MD -MP -MF .deps/text2sap.Tpo -c -o text2sap.lo text2sap.c
OpenWrt-libtool: compile:  arm-linux-gnueabihf-gcc -DHAVE_CONFIG_H -I. -I../.. -I/media/gwind/windcode/openwrt-ssd20x/18.06/staging_dir/target-arm-linux-gnueabihf_glibc/usr/include -I/media/gwind/windcode/openwrt-ssd20x/18.06/staging_dir/target-arm-linux-gnueabihf_glibc/include -I../../src/include -Os -pipe -Wno-implicit-fallthrough -mfpu=neon -Wno-format-overflow -fno-caller-saves -fno-plt -mfloat-abi=hard -D_FORTIFY_SOURCE=1 -Wl,-z,now -Wl,-z,relro -Wall -Wshadow -Wpointer-arith -Wwrite-strings -Wstrict-prototypes -MT text2sap.lo -MD -MP -MF .deps/text2sap.Tpo -c text2sap.c  -fPIC -DPIC -o .libs/text2sap.o
OpenWrt-libtool: compile:  arm-linux-gnueabihf-gcc -DHAVE_CONFIG_H -I. -I../.. -I/media/gwind/windcode/openwrt-ssd20x/18.06/staging_dir/target-arm-linux-gnueabihf_glibc/usr/include -I/media/gwind/windcode/openwrt-ssd20x/18.06/staging_dir/target-arm-linux-gnueabihf_glibc/include -I../../src/include -Os -pipe -Wno-implicit-fallthrough -mfpu=neon -Wno-format-overflow -fno-caller-saves -fno-plt -mfloat-abi=hard -D_FORTIFY_SOURCE=1 -Wl,-z,now -Wl,-z,relro -Wall -Wshadow -Wpointer-arith -Wwrite-strings -Wstrict-prototypes -MT text2sap.lo -MD -MP -MF .deps/text2sap.Tpo -c text2sap.c -o text2sap.o >/dev/null 2>&1
mv -f .deps/text2sap.Tpo .deps/text2sap.Plo
/bin/bash ../../libtool  --tag=CC   --mode=compile arm-linux-gnueabihf-gcc -DHAVE_CONFIG_H -I. -I../..   -I/media/gwind/windcode/openwrt-ssd20x/18.06/staging_dir/target-arm-linux-gnueabihf_glibc/usr/include -I/media/gwind/windcode/openwrt-ssd20x/18.06/staging_dir/target-arm-linux-gnueabihf_glibc/include   -I../../src/include -Os -pipe -Wno-implicit-fallthrough -mfpu=neon -Wno-format-overflow -fno-caller-saves -fno-plt -mfloat-abi=hard  -D_FORTIFY_SOURCE=1 -Wl,-z,now -Wl,-z,relro  -Wall -Wshadow -Wpointer-arith -Wwrite-strings -Wstrict-prototypes -MT sapequal.lo -MD -MP -MF .deps/sapequal.Tpo -c -o sapequal.lo sapequal.c
OpenWrt-libtool: compile:  arm-linux-gnueabihf-gcc -DHAVE_CONFIG_H -I. -I../.. -I/media/gwind/windcode/openwrt-ssd20x/18.06/staging_dir/target-arm-linux-gnueabihf_glibc/usr/include -I/media/gwind/windcode/openwrt-ssd20x/18.06/staging_dir/target-arm-linux-gnueabihf_glibc/include -I../../src/include -Os -pipe -Wno-implicit-fallthrough -mfpu=neon -Wno-format-overflow -fno-caller-saves -fno-plt -mfloat-abi=hard -D_FORTIFY_SOURCE=1 -Wl,-z,now -Wl,-z,relro -Wall -Wshadow -Wpointer-arith -Wwrite-strings -Wstrict-prototypes -MT sapequal.lo -MD -MP -MF .deps/sapequal.Tpo -c sapequal.c  -fPIC -DPIC -o .libs/sapequal.o
OpenWrt-libtool: compile:  arm-linux-gnueabihf-gcc -DHAVE_CONFIG_H -I. -I../.. -I/media/gwind/windcode/openwrt-ssd20x/18.06/staging_dir/target-arm-linux-gnueabihf_glibc/usr/include -I/media/gwind/windcode/openwrt-ssd20x/18.06/staging_dir/target-arm-linux-gnueabihf_glibc/include -I../../src/include -Os -pipe -Wno-implicit-fallthrough -mfpu=neon -Wno-format-overflow -fno-caller-saves -fno-plt -mfloat-abi=hard -D_FORTIFY_SOURCE=1 -Wl,-z,now -Wl,-z,relro -Wall -Wshadow -Wpointer-arith -Wwrite-strings -Wstrict-prototypes -MT sapequal.lo -MD -MP -MF .deps/sapequal.Tpo -c sapequal.c -o sapequal.o >/dev/null 2>&1
mv -f .deps/sapequal.Tpo .deps/sapequal.Plo
/bin/bash ../../libtool  --tag=CC   --mode=compile arm-linux-gnueabihf-gcc -DHAVE_CONFIG_H -I. -I../..   -I/media/gwind/windcode/openwrt-ssd20x/18.06/staging_dir/target-arm-linux-gnueabihf_glibc/usr/include -I/media/gwind/windcode/openwrt-ssd20x/18.06/staging_dir/target-arm-linux-gnueabihf_glibc/include   -I../../src/include -Os -pipe -Wno-implicit-fallthrough -mfpu=neon -Wno-format-overflow -fno-caller-saves -fno-plt -mfloat-abi=hard  -D_FORTIFY_SOURCE=1 -Wl,-z,now -Wl,-z,relro  -Wall -Wshadow -Wpointer-arith -Wwrite-strings -Wstrict-prototypes -MT misc.lo -MD -MP -MF .deps/misc.Tpo -c -o misc.lo misc.c
OpenWrt-libtool: compile:  arm-linux-gnueabihf-gcc -DHAVE_CONFIG_H -I. -I../.. -I/media/gwind/windcode/openwrt-ssd20x/18.06/staging_dir/target-arm-linux-gnueabihf_glibc/usr/include -I/media/gwind/windcode/openwrt-ssd20x/18.06/staging_dir/target-arm-linux-gnueabihf_glibc/include -I../../src/include -Os -pipe -Wno-implicit-fallthrough -mfpu=neon -Wno-format-overflow -fno-caller-saves -fno-plt -mfloat-abi=hard -D_FORTIFY_SOURCE=1 -Wl,-z,now -Wl,-z,relro -Wall -Wshadow -Wpointer-arith -Wwrite-strings -Wstrict-prototypes -MT misc.lo -MD -MP -MF .deps/misc.Tpo -c misc.c  -fPIC -DPIC -o .libs/misc.o
OpenWrt-libtool: compile:  arm-linux-gnueabihf-gcc -DHAVE_CONFIG_H -I. -I../.. -I/media/gwind/windcode/openwrt-ssd20x/18.06/staging_dir/target-arm-linux-gnueabihf_glibc/usr/include -I/media/gwind/windcode/openwrt-ssd20x/18.06/staging_dir/target-arm-linux-gnueabihf_glibc/include -I../../src/include -Os -pipe -Wno-implicit-fallthrough -mfpu=neon -Wno-format-overflow -fno-caller-saves -fno-plt -mfloat-abi=hard -D_FORTIFY_SOURCE=1 -Wl,-z,now -Wl,-z,relro -Wall -Wshadow -Wpointer-arith -Wwrite-strings -Wstrict-prototypes -MT misc.lo -MD -MP -MF .deps/misc.Tpo -c misc.c -o misc.o >/dev/null 2>&1
mv -f .deps/misc.Tpo .deps/misc.Plo
/bin/bash ../../libtool  --tag=CC   --mode=compile arm-linux-gnueabihf-gcc -DHAVE_CONFIG_H -I. -I../..   -I/media/gwind/windcode/openwrt-ssd20x/18.06/staging_dir/target-arm-linux-gnueabihf_glibc/usr/include -I/media/gwind/windcode/openwrt-ssd20x/18.06/staging_dir/target-arm-linux-gnueabihf_glibc/include   -I../../src/include -Os -pipe -Wno-implicit-fallthrough -mfpu=neon -Wno-format-overflow -fno-caller-saves -fno-plt -mfloat-abi=hard  -D_FORTIFY_SOURCE=1 -Wl,-z,now -Wl,-z,relro  -Wall -Wshadow -Wpointer-arith -Wwrite-strings -Wstrict-prototypes -MT ans.lo -MD -MP -MF .deps/ans.Tpo -c -o ans.lo ans.c
OpenWrt-libtool: compile:  arm-linux-gnueabihf-gcc -DHAVE_CONFIG_H -I. -I../.. -I/media/gwind/windcode/openwrt-ssd20x/18.06/staging_dir/target-arm-linux-gnueabihf_glibc/usr/include -I/media/gwind/windcode/openwrt-ssd20x/18.06/staging_dir/target-arm-linux-gnueabihf_glibc/include -I../../src/include -Os -pipe -Wno-implicit-fallthrough -mfpu=neon -Wno-format-overflow -fno-caller-saves -fno-plt -mfloat-abi=hard -D_FORTIFY_SOURCE=1 -Wl,-z,now -Wl,-z,relro -Wall -Wshadow -Wpointer-arith -Wwrite-strings -Wstrict-prototypes -MT ans.lo -MD -MP -MF .deps/ans.Tpo -c ans.c  -fPIC -DPIC -o .libs/ans.o
OpenWrt-libtool: compile:  arm-linux-gnueabihf-gcc -DHAVE_CONFIG_H -I. -I../.. -I/media/gwind/windcode/openwrt-ssd20x/18.06/staging_dir/target-arm-linux-gnueabihf_glibc/usr/include -I/media/gwind/windcode/openwrt-ssd20x/18.06/staging_dir/target-arm-linux-gnueabihf_glibc/include -I../../src/include -Os -pipe -Wno-implicit-fallthrough -mfpu=neon -Wno-format-overflow -fno-caller-saves -fno-plt -mfloat-abi=hard -D_FORTIFY_SOURCE=1 -Wl,-z,now -Wl,-z,relro -Wall -Wshadow -Wpointer-arith -Wwrite-strings -Wstrict-prototypes -MT ans.lo -MD -MP -MF .deps/ans.Tpo -c ans.c -o ans.o >/dev/null 2>&1
mv -f .deps/ans.Tpo .deps/ans.Plo
/bin/bash ../../libtool  --tag=CC   --mode=compile arm-linux-gnueabihf-gcc -DHAVE_CONFIG_H -I. -I../..   -I/media/gwind/windcode/openwrt-ssd20x/18.06/staging_dir/target-arm-linux-gnueabihf_glibc/usr/include -I/media/gwind/windcode/openwrt-ssd20x/18.06/staging_dir/target-arm-linux-gnueabihf_glibc/include   -I../../src/include -Os -pipe -Wno-implicit-fallthrough -mfpu=neon -Wno-format-overflow -fno-caller-saves -fno-plt -mfloat-abi=hard  -D_FORTIFY_SOURCE=1 -Wl,-z,now -Wl,-z,relro  -Wall -Wshadow -Wpointer-arith -Wwrite-strings -Wstrict-prototypes -MT common.lo -MD -MP -MF .deps/common.Tpo -c -o common.lo common.c
OpenWrt-libtool: compile:  arm-linux-gnueabihf-gcc -DHAVE_CONFIG_H -I. -I../.. -I/media/gwind/windcode/openwrt-ssd20x/18.06/staging_dir/target-arm-linux-gnueabihf_glibc/usr/include -I/media/gwind/windcode/openwrt-ssd20x/18.06/staging_dir/target-arm-linux-gnueabihf_glibc/include -I../../src/include -Os -pipe -Wno-implicit-fallthrough -mfpu=neon -Wno-format-overflow -fno-caller-saves -fno-plt -mfloat-abi=hard -D_FORTIFY_SOURCE=1 -Wl,-z,now -Wl,-z,relro -Wall -Wshadow -Wpointer-arith -Wwrite-strings -Wstrict-prototypes -MT common.lo -MD -MP -MF .deps/common.Tpo -c common.c  -fPIC -DPIC -o .libs/common.o
OpenWrt-libtool: compile:  arm-linux-gnueabihf-gcc -DHAVE_CONFIG_H -I. -I../.. -I/media/gwind/windcode/openwrt-ssd20x/18.06/staging_dir/target-arm-linux-gnueabihf_glibc/usr/include -I/media/gwind/windcode/openwrt-ssd20x/18.06/staging_dir/target-arm-linux-gnueabihf_glibc/include -I../../src/include -Os -pipe -Wno-implicit-fallthrough -mfpu=neon -Wno-format-overflow -fno-caller-saves -fno-plt -mfloat-abi=hard -D_FORTIFY_SOURCE=1 -Wl,-z,now -Wl,-z,relro -Wall -Wshadow -Wpointer-arith -Wwrite-strings -Wstrict-prototypes -MT common.lo -MD -MP -MF .deps/common.Tpo -c common.c -o common.o >/dev/null 2>&1
mv -f .deps/common.Tpo .deps/common.Plo
/bin/bash ../../libtool  --tag=CC   --mode=compile arm-linux-gnueabihf-gcc -DHAVE_CONFIG_H -I. -I../..   -I/media/gwind/windcode/openwrt-ssd20x/18.06/staging_dir/target-arm-linux-gnueabihf_glibc/usr/include -I/media/gwind/windcode/openwrt-ssd20x/18.06/staging_dir/target-arm-linux-gnueabihf_glibc/include   -I../../src/include -Os -pipe -Wno-implicit-fallthrough -mfpu=neon -Wno-format-overflow -fno-caller-saves -fno-plt -mfloat-abi=hard  -D_FORTIFY_SOURCE=1 -Wl,-z,now -Wl,-z,relro  -Wall -Wshadow -Wpointer-arith -Wwrite-strings -Wstrict-prototypes -MT diag.lo -MD -MP -MF .deps/diag.Tpo -c -o diag.lo diag.c
OpenWrt-libtool: compile:  arm-linux-gnueabihf-gcc -DHAVE_CONFIG_H -I. -I../.. -I/media/gwind/windcode/openwrt-ssd20x/18.06/staging_dir/target-arm-linux-gnueabihf_glibc/usr/include -I/media/gwind/windcode/openwrt-ssd20x/18.06/staging_dir/target-arm-linux-gnueabihf_glibc/include -I../../src/include -Os -pipe -Wno-implicit-fallthrough -mfpu=neon -Wno-format-overflow -fno-caller-saves -fno-plt -mfloat-abi=hard -D_FORTIFY_SOURCE=1 -Wl,-z,now -Wl,-z,relro -Wall -Wshadow -Wpointer-arith -Wwrite-strings -Wstrict-prototypes -MT diag.lo -MD -MP -MF .deps/diag.Tpo -c diag.c  -fPIC -DPIC -o .libs/diag.o
OpenWrt-libtool: compile:  arm-linux-gnueabihf-gcc -DHAVE_CONFIG_H -I. -I../.. -I/media/gwind/windcode/openwrt-ssd20x/18.06/staging_dir/target-arm-linux-gnueabihf_glibc/usr/include -I/media/gwind/windcode/openwrt-ssd20x/18.06/staging_dir/target-arm-linux-gnueabihf_glibc/include -I../../src/include -Os -pipe -Wno-implicit-fallthrough -mfpu=neon -Wno-format-overflow -fno-caller-saves -fno-plt -mfloat-abi=hard -D_FORTIFY_SOURCE=1 -Wl,-z,now -Wl,-z,relro -Wall -Wshadow -Wpointer-arith -Wwrite-strings -Wstrict-prototypes -MT diag.lo -MD -MP -MF .deps/diag.Tpo -c diag.c -o diag.o >/dev/null 2>&1
mv -f .deps/diag.Tpo .deps/diag.Plo
/bin/bash ../../libtool  --tag=CC   --mode=compile arm-linux-gnueabihf-gcc -DHAVE_CONFIG_H -I. -I../..   -I/media/gwind/windcode/openwrt-ssd20x/18.06/staging_dir/target-arm-linux-gnueabihf_glibc/usr/include -I/media/gwind/windcode/openwrt-ssd20x/18.06/staging_dir/target-arm-linux-gnueabihf_glibc/include   -I../../src/include -Os -pipe -Wno-implicit-fallthrough -mfpu=neon -Wno-format-overflow -fno-caller-saves -fno-plt -mfloat-abi=hard  -D_FORTIFY_SOURCE=1 -Wl,-z,now -Wl,-z,relro  -Wall -Wshadow -Wpointer-arith -Wwrite-strings -Wstrict-prototypes -MT kptr.lo -MD -MP -MF .deps/kptr.Tpo -c -o kptr.lo kptr.c
OpenWrt-libtool: compile:  arm-linux-gnueabihf-gcc -DHAVE_CONFIG_H -I. -I../.. -I/media/gwind/windcode/openwrt-ssd20x/18.06/staging_dir/target-arm-linux-gnueabihf_glibc/usr/include -I/media/gwind/windcode/openwrt-ssd20x/18.06/staging_dir/target-arm-linux-gnueabihf_glibc/include -I../../src/include -Os -pipe -Wno-implicit-fallthrough -mfpu=neon -Wno-format-overflow -fno-caller-saves -fno-plt -mfloat-abi=hard -D_FORTIFY_SOURCE=1 -Wl,-z,now -Wl,-z,relro -Wall -Wshadow -Wpointer-arith -Wwrite-strings -Wstrict-prototypes -MT kptr.lo -MD -MP -MF .deps/kptr.Tpo -c kptr.c  -fPIC -DPIC -o .libs/kptr.o
OpenWrt-libtool: compile:  arm-linux-gnueabihf-gcc -DHAVE_CONFIG_H -I. -I../.. -I/media/gwind/windcode/openwrt-ssd20x/18.06/staging_dir/target-arm-linux-gnueabihf_glibc/usr/include -I/media/gwind/windcode/openwrt-ssd20x/18.06/staging_dir/target-arm-linux-gnueabihf_glibc/include -I../../src/include -Os -pipe -Wno-implicit-fallthrough -mfpu=neon -Wno-format-overflow -fno-caller-saves -fno-plt -mfloat-abi=hard -D_FORTIFY_SOURCE=1 -Wl,-z,now -Wl,-z,relro -Wall -Wshadow -Wpointer-arith -Wwrite-strings -Wstrict-prototypes -MT kptr.lo -MD -MP -MF .deps/kptr.Tpo -c kptr.c -o kptr.o >/dev/null 2>&1
mv -f .deps/kptr.Tpo .deps/kptr.Plo
/bin/bash ../../libtool  --tag=CC   --mode=compile arm-linux-gnueabihf-gcc -DHAVE_CONFIG_H -I. -I../..   -I/media/gwind/windcode/openwrt-ssd20x/18.06/staging_dir/target-arm-linux-gnueabihf_glibc/usr/include -I/media/gwind/windcode/openwrt-ssd20x/18.06/staging_dir/target-arm-linux-gnueabihf_glibc/include   -I../../src/include -Os -pipe -Wno-implicit-fallthrough -mfpu=neon -Wno-format-overflow -fno-caller-saves -fno-plt -mfloat-abi=hard  -D_FORTIFY_SOURCE=1 -Wl,-z,now -Wl,-z,relro  -Wall -Wshadow -Wpointer-arith -Wwrite-strings -Wstrict-prototypes -MT text2ip.lo -MD -MP -MF .deps/text2ip.Tpo -c -o text2ip.lo text2ip.c
OpenWrt-libtool: compile:  arm-linux-gnueabihf-gcc -DHAVE_CONFIG_H -I. -I../.. -I/media/gwind/windcode/openwrt-ssd20x/18.06/staging_dir/target-arm-linux-gnueabihf_glibc/usr/include -I/media/gwind/windcode/openwrt-ssd20x/18.06/staging_dir/target-arm-linux-gnueabihf_glibc/include -I../../src/include -Os -pipe -Wno-implicit-fallthrough -mfpu=neon -Wno-format-overflow -fno-caller-saves -fno-plt -mfloat-abi=hard -D_FORTIFY_SOURCE=1 -Wl,-z,now -Wl,-z,relro -Wall -Wshadow -Wpointer-arith -Wwrite-strings -Wstrict-prototypes -MT text2ip.lo -MD -MP -MF .deps/text2ip.Tpo -c text2ip.c  -fPIC -DPIC -o .libs/text2ip.o
OpenWrt-libtool: compile:  arm-linux-gnueabihf-gcc -DHAVE_CONFIG_H -I. -I../.. -I/media/gwind/windcode/openwrt-ssd20x/18.06/staging_dir/target-arm-linux-gnueabihf_glibc/usr/include -I/media/gwind/windcode/openwrt-ssd20x/18.06/staging_dir/target-arm-linux-gnueabihf_glibc/include -I../../src/include -Os -pipe -Wno-implicit-fallthrough -mfpu=neon -Wno-format-overflow -fno-caller-saves -fno-plt -mfloat-abi=hard -D_FORTIFY_SOURCE=1 -Wl,-z,now -Wl,-z,relro -Wall -Wshadow -Wpointer-arith -Wwrite-strings -Wstrict-prototypes -MT text2ip.lo -MD -MP -MF .deps/text2ip.Tpo -c text2ip.c -o text2ip.o >/dev/null 2>&1
mv -f .deps/text2ip.Tpo .deps/text2ip.Plo
/bin/bash ../../libtool  --tag=CC   --mode=compile arm-linux-gnueabihf-gcc -DHAVE_CONFIG_H -I. -I../..   -I/media/gwind/windcode/openwrt-ssd20x/18.06/staging_dir/target-arm-linux-gnueabihf_glibc/usr/include -I/media/gwind/windcode/openwrt-ssd20x/18.06/staging_dir/target-arm-linux-gnueabihf_glibc/include   -I../../src/include -Os -pipe -Wno-implicit-fallthrough -mfpu=neon -Wno-format-overflow -fno-caller-saves -fno-plt -mfloat-abi=hard  -D_FORTIFY_SOURCE=1 -Wl,-z,now -Wl,-z,relro  -Wall -Wshadow -Wpointer-arith -Wwrite-strings -Wstrict-prototypes -MT timer.lo -MD -MP -MF .deps/timer.Tpo -c -o timer.lo timer.c
OpenWrt-libtool: compile:  arm-linux-gnueabihf-gcc -DHAVE_CONFIG_H -I. -I../.. -I/media/gwind/windcode/openwrt-ssd20x/18.06/staging_dir/target-arm-linux-gnueabihf_glibc/usr/include -I/media/gwind/windcode/openwrt-ssd20x/18.06/staging_dir/target-arm-linux-gnueabihf_glibc/include -I../../src/include -Os -pipe -Wno-implicit-fallthrough -mfpu=neon -Wno-format-overflow -fno-caller-saves -fno-plt -mfloat-abi=hard -D_FORTIFY_SOURCE=1 -Wl,-z,now -Wl,-z,relro -Wall -Wshadow -Wpointer-arith -Wwrite-strings -Wstrict-prototypes -MT timer.lo -MD -MP -MF .deps/timer.Tpo -c timer.c  -fPIC -DPIC -o .libs/timer.o
OpenWrt-libtool: compile:  arm-linux-gnueabihf-gcc -DHAVE_CONFIG_H -I. -I../.. -I/media/gwind/windcode/openwrt-ssd20x/18.06/staging_dir/target-arm-linux-gnueabihf_glibc/usr/include -I/media/gwind/windcode/openwrt-ssd20x/18.06/staging_dir/target-arm-linux-gnueabihf_glibc/include -I../../src/include -Os -pipe -Wno-implicit-fallthrough -mfpu=neon -Wno-format-overflow -fno-caller-saves -fno-plt -mfloat-abi=hard -D_FORTIFY_SOURCE=1 -Wl,-z,now -Wl,-z,relro -Wall -Wshadow -Wpointer-arith -Wwrite-strings -Wstrict-prototypes -MT timer.lo -MD -MP -MF .deps/timer.Tpo -c timer.c -o timer.o >/dev/null 2>&1
mv -f .deps/timer.Tpo .deps/timer.Plo
/bin/bash ../../libtool  --tag=CC   --mode=compile arm-linux-gnueabihf-gcc -DHAVE_CONFIG_H -I. -I../..   -I/media/gwind/windcode/openwrt-ssd20x/18.06/staging_dir/target-arm-linux-gnueabihf_glibc/usr/include -I/media/gwind/windcode/openwrt-ssd20x/18.06/staging_dir/target-arm-linux-gnueabihf_glibc/include   -I../../src/include -Os -pipe -Wno-implicit-fallthrough -mfpu=neon -Wno-format-overflow -fno-caller-saves -fno-plt -mfloat-abi=hard  -D_FORTIFY_SOURCE=1 -Wl,-z,now -Wl,-z,relro  -Wall -Wshadow -Wpointer-arith -Wwrite-strings -Wstrict-prototypes -MT unix.lo -MD -MP -MF .deps/unix.Tpo -c -o unix.lo unix.c
OpenWrt-libtool: compile:  arm-linux-gnueabihf-gcc -DHAVE_CONFIG_H -I. -I../.. -I/media/gwind/windcode/openwrt-ssd20x/18.06/staging_dir/target-arm-linux-gnueabihf_glibc/usr/include -I/media/gwind/windcode/openwrt-ssd20x/18.06/staging_dir/target-arm-linux-gnueabihf_glibc/include -I../../src/include -Os -pipe -Wno-implicit-fallthrough -mfpu=neon -Wno-format-overflow -fno-caller-saves -fno-plt -mfloat-abi=hard -D_FORTIFY_SOURCE=1 -Wl,-z,now -Wl,-z,relro -Wall -Wshadow -Wpointer-arith -Wwrite-strings -Wstrict-prototypes -MT unix.lo -MD -MP -MF .deps/unix.Tpo -c unix.c  -fPIC -DPIC -o .libs/unix.o
OpenWrt-libtool: compile:  arm-linux-gnueabihf-gcc -DHAVE_CONFIG_H -I. -I../.. -I/media/gwind/windcode/openwrt-ssd20x/18.06/staging_dir/target-arm-linux-gnueabihf_glibc/usr/include -I/media/gwind/windcode/openwrt-ssd20x/18.06/staging_dir/target-arm-linux-gnueabihf_glibc/include -I../../src/include -Os -pipe -Wno-implicit-fallthrough -mfpu=neon -Wno-format-overflow -fno-caller-saves -fno-plt -mfloat-abi=hard -D_FORTIFY_SOURCE=1 -Wl,-z,now -Wl,-z,relro -Wall -Wshadow -Wpointer-arith -Wwrite-strings -Wstrict-prototypes -MT unix.lo -MD -MP -MF .deps/unix.Tpo -c unix.c -o unix.o >/dev/null 2>&1
mv -f .deps/unix.Tpo .deps/unix.Plo
/bin/bash ../../libtool  --tag=CC   --mode=link arm-linux-gnueabihf-gcc  -I../../src/include -Os -pipe -Wno-implicit-fallthrough -mfpu=neon -Wno-format-overflow -fno-caller-saves -fno-plt -mfloat-abi=hard  -D_FORTIFY_SOURCE=1 -Wl,-z,now -Wl,-z,relro  -Wall -Wshadow -Wpointer-arith -Wwrite-strings -Wstrict-prototypes -version-info 1:0:0 -L/media/gwind/windcode/openwrt-ssd20x/18.06/staging_dir/target-arm-linux-gnueabihf_glibc/usr/lib -L/media/gwind/windcode/openwrt-ssd20x/18.06/staging_dir/target-arm-linux-gnueabihf_glibc/lib -L/opt/ssd20x/gcc-arm-8.2-2018.08-x86_64-arm-linux-gnueabihf/arm-linux-gnueabihf/libc/usr/lib -L/opt/ssd20x/gcc-arm-8.2-2018.08-x86_64-arm-linux-gnueabihf/arm-linux-gnueabihf/libc/lib -znow -zrelro  -o libatm.la -rpath /usr/lib text2atm.lo atm2text.lo atmequal.lo sdu2cell.lo text2qos.lo qos2text.lo qosequal.lo sap2text.lo text2sap.lo sapequal.lo misc.lo ans.lo common.lo diag.lo kptr.lo text2ip.lo timer.lo unix.lo -lresolv 
OpenWrt-libtool: link: arm-linux-gnueabihf-gcc -shared  -fPIC -DPIC  .libs/text2atm.o .libs/atm2text.o .libs/atmequal.o .libs/sdu2cell.o .libs/text2qos.o .libs/qos2text.o .libs/qosequal.o .libs/sap2text.o .libs/text2sap.o .libs/sapequal.o .libs/misc.o .libs/ans.o .libs/common.o .libs/diag.o .libs/kptr.o .libs/text2ip.o .libs/timer.o .libs/unix.o   -L/media/gwind/windcode/openwrt-ssd20x/18.06/staging_dir/target-arm-linux-gnueabihf_glibc/usr/lib -L/media/gwind/windcode/openwrt-ssd20x/18.06/staging_dir/target-arm-linux-gnueabihf_glibc/lib -L/opt/ssd20x/gcc-arm-8.2-2018.08-x86_64-arm-linux-gnueabihf/arm-linux-gnueabihf/libc/usr/lib -L/opt/ssd20x/gcc-arm-8.2-2018.08-x86_64-arm-linux-gnueabihf/arm-linux-gnueabihf/libc/lib -lresolv  -Os -mfpu=neon -mfloat-abi=hard -Wl,-z -Wl,now -Wl,-z -Wl,relro   -Wl,-soname -Wl,libatm.so.1 -o .libs/libatm.so.1.0.0
OpenWrt-libtool: link: (cd ".libs" && rm -f "libatm.so.1" && ln -s "libatm.so.1.0.0" "libatm.so.1")
OpenWrt-libtool: link: (cd ".libs" && rm -f "libatm.so" && ln -s "libatm.so.1.0.0" "libatm.so")
OpenWrt-libtool: link: arm-linux-gnueabihf-ar cru .libs/libatm.a  text2atm.o atm2text.o atmequal.o sdu2cell.o text2qos.o qos2text.o qosequal.o sap2text.o text2sap.o sapequal.o misc.o ans.o common.o diag.o kptr.o text2ip.o timer.o unix.o
OpenWrt-libtool: link: arm-linux-gnueabihf-ranlib .libs/libatm.a
OpenWrt-libtool: link: ( cd ".libs" && rm -f "libatm.la" && ln -s "../libatm.la" "libatm.la" )
make[7]: Leaving directory '/media/gwind/windcode/openwrt-ssd20x/18.06/build_dir/target-arm-linux-gnueabihf_glibc/linux-sstar_ssd20x/linux-atm-2.5.2/src/lib'
Making all in test
make[7]: Entering directory '/media/gwind/windcode/openwrt-ssd20x/18.06/build_dir/target-arm-linux-gnueabihf_glibc/linux-sstar_ssd20x/linux-atm-2.5.2/src/test'
arm-linux-gnueabihf-gcc -DHAVE_CONFIG_H -I. -I../..   -I/media/gwind/windcode/openwrt-ssd20x/18.06/staging_dir/target-arm-linux-gnueabihf_glibc/usr/include -I/media/gwind/windcode/openwrt-ssd20x/18.06/staging_dir/target-arm-linux-gnueabihf_glibc/include   -I../../src/include -Os -pipe -Wno-implicit-fallthrough -mfpu=neon -Wno-format-overflow -fno-caller-saves -fno-plt -mfloat-abi=hard  -D_FORTIFY_SOURCE=1 -Wl,-z,now -Wl,-z,relro  -Wall -Wshadow -Wpointer-arith -Wwrite-strings -Wstrict-prototypes -MT aread.o -MD -MP -MF .deps/aread.Tpo -c -o aread.o aread.c
mv -f .deps/aread.Tpo .deps/aread.Po
/bin/bash ../../libtool  --tag=CC   --mode=link arm-linux-gnueabihf-gcc  -I../../src/include -Os -pipe -Wno-implicit-fallthrough -mfpu=neon -Wno-format-overflow -fno-caller-saves -fno-plt -mfloat-abi=hard  -D_FORTIFY_SOURCE=1 -Wl,-z,now -Wl,-z,relro  -Wall -Wshadow -Wpointer-arith -Wwrite-strings -Wstrict-prototypes  -L/media/gwind/windcode/openwrt-ssd20x/18.06/staging_dir/target-arm-linux-gnueabihf_glibc/usr/lib -L/media/gwind/windcode/openwrt-ssd20x/18.06/staging_dir/target-arm-linux-gnueabihf_glibc/lib -L/opt/ssd20x/gcc-arm-8.2-2018.08-x86_64-arm-linux-gnueabihf/arm-linux-gnueabihf/libc/usr/lib -L/opt/ssd20x/gcc-arm-8.2-2018.08-x86_64-arm-linux-gnueabihf/arm-linux-gnueabihf/libc/lib -znow -zrelro  -o aread aread.o ../../src/lib/libatm.la 
OpenWrt-libtool: link: arm-linux-gnueabihf-gcc -I../../src/include -Os -pipe -Wno-implicit-fallthrough -mfpu=neon -Wno-format-overflow -fno-caller-saves -fno-plt -mfloat-abi=hard -D_FORTIFY_SOURCE=1 -Wl,-z -Wl,now -Wl,-z -Wl,relro -Wall -Wshadow -Wpointer-arith -Wwrite-strings -Wstrict-prototypes -znow -zrelro -o .libs/aread aread.o  -L/media/gwind/windcode/openwrt-ssd20x/18.06/staging_dir/target-arm-linux-gnueabihf_glibc/usr/lib -L/media/gwind/windcode/openwrt-ssd20x/18.06/staging_dir/target-arm-linux-gnueabihf_glibc/lib -L/opt/ssd20x/gcc-arm-8.2-2018.08-x86_64-arm-linux-gnueabihf/arm-linux-gnueabihf/libc/usr/lib -L/opt/ssd20x/gcc-arm-8.2-2018.08-x86_64-arm-linux-gnueabihf/arm-linux-gnueabihf/libc/lib ../../src/lib/.libs/libatm.so -lresolv
arm-linux-gnueabihf-gcc -DHAVE_CONFIG_H -I. -I../..   -I/media/gwind/windcode/openwrt-ssd20x/18.06/staging_dir/target-arm-linux-gnueabihf_glibc/usr/include -I/media/gwind/windcode/openwrt-ssd20x/18.06/staging_dir/target-arm-linux-gnueabihf_glibc/include   -I../../src/include -Os -pipe -Wno-implicit-fallthrough -mfpu=neon -Wno-format-overflow -fno-caller-saves -fno-plt -mfloat-abi=hard  -D_FORTIFY_SOURCE=1 -Wl,-z,now -Wl,-z,relro  -Wall -Wshadow -Wpointer-arith -Wwrite-strings -Wstrict-prototypes -MT awrite.o -MD -MP -MF .deps/awrite.Tpo -c -o awrite.o awrite.c
mv -f .deps/awrite.Tpo .deps/awrite.Po
/bin/bash ../../libtool  --tag=CC   --mode=link arm-linux-gnueabihf-gcc  -I../../src/include -Os -pipe -Wno-implicit-fallthrough -mfpu=neon -Wno-format-overflow -fno-caller-saves -fno-plt -mfloat-abi=hard  -D_FORTIFY_SOURCE=1 -Wl,-z,now -Wl,-z,relro  -Wall -Wshadow -Wpointer-arith -Wwrite-strings -Wstrict-prototypes  -L/media/gwind/windcode/openwrt-ssd20x/18.06/staging_dir/target-arm-linux-gnueabihf_glibc/usr/lib -L/media/gwind/windcode/openwrt-ssd20x/18.06/staging_dir/target-arm-linux-gnueabihf_glibc/lib -L/opt/ssd20x/gcc-arm-8.2-2018.08-x86_64-arm-linux-gnueabihf/arm-linux-gnueabihf/libc/usr/lib -L/opt/ssd20x/gcc-arm-8.2-2018.08-x86_64-arm-linux-gnueabihf/arm-linux-gnueabihf/libc/lib -znow -zrelro  -o awrite awrite.o ../../src/lib/libatm.la 
OpenWrt-libtool: link: arm-linux-gnueabihf-gcc -I../../src/include -Os -pipe -Wno-implicit-fallthrough -mfpu=neon -Wno-format-overflow -fno-caller-saves -fno-plt -mfloat-abi=hard -D_FORTIFY_SOURCE=1 -Wl,-z -Wl,now -Wl,-z -Wl,relro -Wall -Wshadow -Wpointer-arith -Wwrite-strings -Wstrict-prototypes -znow -zrelro -o .libs/awrite awrite.o  -L/media/gwind/windcode/openwrt-ssd20x/18.06/staging_dir/target-arm-linux-gnueabihf_glibc/usr/lib -L/media/gwind/windcode/openwrt-ssd20x/18.06/staging_dir/target-arm-linux-gnueabihf_glibc/lib -L/opt/ssd20x/gcc-arm-8.2-2018.08-x86_64-arm-linux-gnueabihf/arm-linux-gnueabihf/libc/usr/lib -L/opt/ssd20x/gcc-arm-8.2-2018.08-x86_64-arm-linux-gnueabihf/arm-linux-gnueabihf/libc/lib ../../src/lib/.libs/libatm.so -lresolv
arm-linux-gnueabihf-gcc -DHAVE_CONFIG_H -I. -I../..   -I/media/gwind/windcode/openwrt-ssd20x/18.06/staging_dir/target-arm-linux-gnueabihf_glibc/usr/include -I/media/gwind/windcode/openwrt-ssd20x/18.06/staging_dir/target-arm-linux-gnueabihf_glibc/include   -I../../src/include -Os -pipe -Wno-implicit-fallthrough -mfpu=neon -Wno-format-overflow -fno-caller-saves -fno-plt -mfloat-abi=hard  -D_FORTIFY_SOURCE=1 -Wl,-z,now -Wl,-z,relro  -Wall -Wshadow -Wpointer-arith -Wwrite-strings -Wstrict-prototypes -MT ttcp.o -MD -MP -MF .deps/ttcp.Tpo -c -o ttcp.o ttcp.c
mv -f .deps/ttcp.Tpo .deps/ttcp.Po
/bin/bash ../../libtool  --tag=CC   --mode=link arm-linux-gnueabihf-gcc  -I../../src/include -Os -pipe -Wno-implicit-fallthrough -mfpu=neon -Wno-format-overflow -fno-caller-saves -fno-plt -mfloat-abi=hard  -D_FORTIFY_SOURCE=1 -Wl,-z,now -Wl,-z,relro  -Wall -Wshadow -Wpointer-arith -Wwrite-strings -Wstrict-prototypes  -L/media/gwind/windcode/openwrt-ssd20x/18.06/staging_dir/target-arm-linux-gnueabihf_glibc/usr/lib -L/media/gwind/windcode/openwrt-ssd20x/18.06/staging_dir/target-arm-linux-gnueabihf_glibc/lib -L/opt/ssd20x/gcc-arm-8.2-2018.08-x86_64-arm-linux-gnueabihf/arm-linux-gnueabihf/libc/usr/lib -L/opt/ssd20x/gcc-arm-8.2-2018.08-x86_64-arm-linux-gnueabihf/arm-linux-gnueabihf/libc/lib -znow -zrelro  -o ttcp_atm ttcp.o ../../src/lib/libatm.la 
OpenWrt-libtool: link: arm-linux-gnueabihf-gcc -I../../src/include -Os -pipe -Wno-implicit-fallthrough -mfpu=neon -Wno-format-overflow -fno-caller-saves -fno-plt -mfloat-abi=hard -D_FORTIFY_SOURCE=1 -Wl,-z -Wl,now -Wl,-z -Wl,relro -Wall -Wshadow -Wpointer-arith -Wwrite-strings -Wstrict-prototypes -znow -zrelro -o .libs/ttcp_atm ttcp.o  -L/media/gwind/windcode/openwrt-ssd20x/18.06/staging_dir/target-arm-linux-gnueabihf_glibc/usr/lib -L/media/gwind/windcode/openwrt-ssd20x/18.06/staging_dir/target-arm-linux-gnueabihf_glibc/lib -L/opt/ssd20x/gcc-arm-8.2-2018.08-x86_64-arm-linux-gnueabihf/arm-linux-gnueabihf/libc/usr/lib -L/opt/ssd20x/gcc-arm-8.2-2018.08-x86_64-arm-linux-gnueabihf/arm-linux-gnueabihf/libc/lib ../../src/lib/.libs/libatm.so -lresolv
arm-linux-gnueabihf-gcc -DHAVE_CONFIG_H -I. -I../..   -I/media/gwind/windcode/openwrt-ssd20x/18.06/staging_dir/target-arm-linux-gnueabihf_glibc/usr/include -I/media/gwind/windcode/openwrt-ssd20x/18.06/staging_dir/target-arm-linux-gnueabihf_glibc/include   -I../../src/include -Os -pipe -Wno-implicit-fallthrough -mfpu=neon -Wno-format-overflow -fno-caller-saves -fno-plt -mfloat-abi=hard  -D_FORTIFY_SOURCE=1 -Wl,-z,now -Wl,-z,relro  -Wall -Wshadow -Wpointer-arith -Wwrite-strings -Wstrict-prototypes -MT atmswitch.o -MD -MP -MF .deps/atmswitch.Tpo -c -o atmswitch.o atmswitch.c
mv -f .deps/atmswitch.Tpo .deps/atmswitch.Po
/bin/bash ../../libtool  --tag=CC   --mode=link arm-linux-gnueabihf-gcc  -I../../src/include -Os -pipe -Wno-implicit-fallthrough -mfpu=neon -Wno-format-overflow -fno-caller-saves -fno-plt -mfloat-abi=hard  -D_FORTIFY_SOURCE=1 -Wl,-z,now -Wl,-z,relro  -Wall -Wshadow -Wpointer-arith -Wwrite-strings -Wstrict-prototypes  -L/media/gwind/windcode/openwrt-ssd20x/18.06/staging_dir/target-arm-linux-gnueabihf_glibc/usr/lib -L/media/gwind/windcode/openwrt-ssd20x/18.06/staging_dir/target-arm-linux-gnueabihf_glibc/lib -L/opt/ssd20x/gcc-arm-8.2-2018.08-x86_64-arm-linux-gnueabihf/arm-linux-gnueabihf/libc/usr/lib -L/opt/ssd20x/gcc-arm-8.2-2018.08-x86_64-arm-linux-gnueabihf/arm-linux-gnueabihf/libc/lib -znow -zrelro  -o atmswitch atmswitch.o ../../src/lib/libatm.la 
OpenWrt-libtool: link: arm-linux-gnueabihf-gcc -I../../src/include -Os -pipe -Wno-implicit-fallthrough -mfpu=neon -Wno-format-overflow -fno-caller-saves -fno-plt -mfloat-abi=hard -D_FORTIFY_SOURCE=1 -Wl,-z -Wl,now -Wl,-z -Wl,relro -Wall -Wshadow -Wpointer-arith -Wwrite-strings -Wstrict-prototypes -znow -zrelro -o .libs/atmswitch atmswitch.o  -L/media/gwind/windcode/openwrt-ssd20x/18.06/staging_dir/target-arm-linux-gnueabihf_glibc/usr/lib -L/media/gwind/windcode/openwrt-ssd20x/18.06/staging_dir/target-arm-linux-gnueabihf_glibc/lib -L/opt/ssd20x/gcc-arm-8.2-2018.08-x86_64-arm-linux-gnueabihf/arm-linux-gnueabihf/libc/usr/lib -L/opt/ssd20x/gcc-arm-8.2-2018.08-x86_64-arm-linux-gnueabihf/arm-linux-gnueabihf/libc/lib ../../src/lib/.libs/libatm.so -lresolv
arm-linux-gnueabihf-gcc -DHAVE_CONFIG_H -I. -I../..   -I/media/gwind/windcode/openwrt-ssd20x/18.06/staging_dir/target-arm-linux-gnueabihf_glibc/usr/include -I/media/gwind/windcode/openwrt-ssd20x/18.06/staging_dir/target-arm-linux-gnueabihf_glibc/include   -I../../src/include -Os -pipe -Wno-implicit-fallthrough -mfpu=neon -Wno-format-overflow -fno-caller-saves -fno-plt -mfloat-abi=hard  -D_FORTIFY_SOURCE=1 -Wl,-z,now -Wl,-z,relro  -Wall -Wshadow -Wpointer-arith -Wwrite-strings -Wstrict-prototypes -MT svc_recv.o -MD -MP -MF .deps/svc_recv.Tpo -c -o svc_recv.o svc_recv.c
mv -f .deps/svc_recv.Tpo .deps/svc_recv.Po
/bin/bash ../../libtool  --tag=CC   --mode=link arm-linux-gnueabihf-gcc  -I../../src/include -Os -pipe -Wno-implicit-fallthrough -mfpu=neon -Wno-format-overflow -fno-caller-saves -fno-plt -mfloat-abi=hard  -D_FORTIFY_SOURCE=1 -Wl,-z,now -Wl,-z,relro  -Wall -Wshadow -Wpointer-arith -Wwrite-strings -Wstrict-prototypes  -L/media/gwind/windcode/openwrt-ssd20x/18.06/staging_dir/target-arm-linux-gnueabihf_glibc/usr/lib -L/media/gwind/windcode/openwrt-ssd20x/18.06/staging_dir/target-arm-linux-gnueabihf_glibc/lib -L/opt/ssd20x/gcc-arm-8.2-2018.08-x86_64-arm-linux-gnueabihf/arm-linux-gnueabihf/libc/usr/lib -L/opt/ssd20x/gcc-arm-8.2-2018.08-x86_64-arm-linux-gnueabihf/arm-linux-gnueabihf/libc/lib -znow -zrelro  -o svc_recv svc_recv.o ../../src/lib/libatm.la 
OpenWrt-libtool: link: arm-linux-gnueabihf-gcc -I../../src/include -Os -pipe -Wno-implicit-fallthrough -mfpu=neon -Wno-format-overflow -fno-caller-saves -fno-plt -mfloat-abi=hard -D_FORTIFY_SOURCE=1 -Wl,-z -Wl,now -Wl,-z -Wl,relro -Wall -Wshadow -Wpointer-arith -Wwrite-strings -Wstrict-prototypes -znow -zrelro -o .libs/svc_recv svc_recv.o  -L/media/gwind/windcode/openwrt-ssd20x/18.06/staging_dir/target-arm-linux-gnueabihf_glibc/usr/lib -L/media/gwind/windcode/openwrt-ssd20x/18.06/staging_dir/target-arm-linux-gnueabihf_glibc/lib -L/opt/ssd20x/gcc-arm-8.2-2018.08-x86_64-arm-linux-gnueabihf/arm-linux-gnueabihf/libc/usr/lib -L/opt/ssd20x/gcc-arm-8.2-2018.08-x86_64-arm-linux-gnueabihf/arm-linux-gnueabihf/libc/lib ../../src/lib/.libs/libatm.so -lresolv
arm-linux-gnueabihf-gcc -DHAVE_CONFIG_H -I. -I../..   -I/media/gwind/windcode/openwrt-ssd20x/18.06/staging_dir/target-arm-linux-gnueabihf_glibc/usr/include -I/media/gwind/windcode/openwrt-ssd20x/18.06/staging_dir/target-arm-linux-gnueabihf_glibc/include   -I../../src/include -Os -pipe -Wno-implicit-fallthrough -mfpu=neon -Wno-format-overflow -fno-caller-saves -fno-plt -mfloat-abi=hard  -D_FORTIFY_SOURCE=1 -Wl,-z,now -Wl,-z,relro  -Wall -Wshadow -Wpointer-arith -Wwrite-strings -Wstrict-prototypes -MT svc_send.o -MD -MP -MF .deps/svc_send.Tpo -c -o svc_send.o svc_send.c
mv -f .deps/svc_send.Tpo .deps/svc_send.Po
/bin/bash ../../libtool  --tag=CC   --mode=link arm-linux-gnueabihf-gcc  -I../../src/include -Os -pipe -Wno-implicit-fallthrough -mfpu=neon -Wno-format-overflow -fno-caller-saves -fno-plt -mfloat-abi=hard  -D_FORTIFY_SOURCE=1 -Wl,-z,now -Wl,-z,relro  -Wall -Wshadow -Wpointer-arith -Wwrite-strings -Wstrict-prototypes  -L/media/gwind/windcode/openwrt-ssd20x/18.06/staging_dir/target-arm-linux-gnueabihf_glibc/usr/lib -L/media/gwind/windcode/openwrt-ssd20x/18.06/staging_dir/target-arm-linux-gnueabihf_glibc/lib -L/opt/ssd20x/gcc-arm-8.2-2018.08-x86_64-arm-linux-gnueabihf/arm-linux-gnueabihf/libc/usr/lib -L/opt/ssd20x/gcc-arm-8.2-2018.08-x86_64-arm-linux-gnueabihf/arm-linux-gnueabihf/libc/lib -znow -zrelro  -o svc_send svc_send.o ../../src/lib/libatm.la 
OpenWrt-libtool: link: arm-linux-gnueabihf-gcc -I../../src/include -Os -pipe -Wno-implicit-fallthrough -mfpu=neon -Wno-format-overflow -fno-caller-saves -fno-plt -mfloat-abi=hard -D_FORTIFY_SOURCE=1 -Wl,-z -Wl,now -Wl,-z -Wl,relro -Wall -Wshadow -Wpointer-arith -Wwrite-strings -Wstrict-prototypes -znow -zrelro -o .libs/svc_send svc_send.o  -L/media/gwind/windcode/openwrt-ssd20x/18.06/staging_dir/target-arm-linux-gnueabihf_glibc/usr/lib -L/media/gwind/windcode/openwrt-ssd20x/18.06/staging_dir/target-arm-linux-gnueabihf_glibc/lib -L/opt/ssd20x/gcc-arm-8.2-2018.08-x86_64-arm-linux-gnueabihf/arm-linux-gnueabihf/libc/usr/lib -L/opt/ssd20x/gcc-arm-8.2-2018.08-x86_64-arm-linux-gnueabihf/arm-linux-gnueabihf/libc/lib ../../src/lib/.libs/libatm.so -lresolv
arm-linux-gnueabihf-gcc -DHAVE_CONFIG_H -I. -I../..   -I/media/gwind/windcode/openwrt-ssd20x/18.06/staging_dir/target-arm-linux-gnueabihf_glibc/usr/include -I/media/gwind/windcode/openwrt-ssd20x/18.06/staging_dir/target-arm-linux-gnueabihf_glibc/include   -I../../src/include -Os -pipe -Wno-implicit-fallthrough -mfpu=neon -Wno-format-overflow -fno-caller-saves -fno-plt -mfloat-abi=hard  -D_FORTIFY_SOURCE=1 -Wl,-z,now -Wl,-z,relro  -Wall -Wshadow -Wpointer-arith -Wwrite-strings -Wstrict-prototypes -MT align.o -MD -MP -MF .deps/align.Tpo -c -o align.o align.c
mv -f .deps/align.Tpo .deps/align.Po
/bin/bash ../../libtool  --tag=CC   --mode=link arm-linux-gnueabihf-gcc  -I../../src/include -Os -pipe -Wno-implicit-fallthrough -mfpu=neon -Wno-format-overflow -fno-caller-saves -fno-plt -mfloat-abi=hard  -D_FORTIFY_SOURCE=1 -Wl,-z,now -Wl,-z,relro  -Wall -Wshadow -Wpointer-arith -Wwrite-strings -Wstrict-prototypes  -L/media/gwind/windcode/openwrt-ssd20x/18.06/staging_dir/target-arm-linux-gnueabihf_glibc/usr/lib -L/media/gwind/windcode/openwrt-ssd20x/18.06/staging_dir/target-arm-linux-gnueabihf_glibc/lib -L/opt/ssd20x/gcc-arm-8.2-2018.08-x86_64-arm-linux-gnueabihf/arm-linux-gnueabihf/libc/usr/lib -L/opt/ssd20x/gcc-arm-8.2-2018.08-x86_64-arm-linux-gnueabihf/arm-linux-gnueabihf/libc/lib -znow -zrelro  -o align align.o ../../src/lib/libatm.la 
OpenWrt-libtool: link: arm-linux-gnueabihf-gcc -I../../src/include -Os -pipe -Wno-implicit-fallthrough -mfpu=neon -Wno-format-overflow -fno-caller-saves -fno-plt -mfloat-abi=hard -D_FORTIFY_SOURCE=1 -Wl,-z -Wl,now -Wl,-z -Wl,relro -Wall -Wshadow -Wpointer-arith -Wwrite-strings -Wstrict-prototypes -znow -zrelro -o .libs/align align.o  -L/media/gwind/windcode/openwrt-ssd20x/18.06/staging_dir/target-arm-linux-gnueabihf_glibc/usr/lib -L/media/gwind/windcode/openwrt-ssd20x/18.06/staging_dir/target-arm-linux-gnueabihf_glibc/lib -L/opt/ssd20x/gcc-arm-8.2-2018.08-x86_64-arm-linux-gnueabihf/arm-linux-gnueabihf/libc/usr/lib -L/opt/ssd20x/gcc-arm-8.2-2018.08-x86_64-arm-linux-gnueabihf/arm-linux-gnueabihf/libc/lib ../../src/lib/.libs/libatm.so -lresolv
arm-linux-gnueabihf-gcc -DHAVE_CONFIG_H -I. -I../..   -I/media/gwind/windcode/openwrt-ssd20x/18.06/staging_dir/target-arm-linux-gnueabihf_glibc/usr/include -I/media/gwind/windcode/openwrt-ssd20x/18.06/staging_dir/target-arm-linux-gnueabihf_glibc/include   -I../../src/include -Os -pipe -Wno-implicit-fallthrough -mfpu=neon -Wno-format-overflow -fno-caller-saves -fno-plt -mfloat-abi=hard  -D_FORTIFY_SOURCE=1 -Wl,-z,now -Wl,-z,relro  -Wall -Wshadow -Wpointer-arith -Wwrite-strings -Wstrict-prototypes -MT aping.o -MD -MP -MF .deps/aping.Tpo -c -o aping.o aping.c
mv -f .deps/aping.Tpo .deps/aping.Po
/bin/bash ../../libtool  --tag=CC   --mode=link arm-linux-gnueabihf-gcc  -I../../src/include -Os -pipe -Wno-implicit-fallthrough -mfpu=neon -Wno-format-overflow -fno-caller-saves -fno-plt -mfloat-abi=hard  -D_FORTIFY_SOURCE=1 -Wl,-z,now -Wl,-z,relro  -Wall -Wshadow -Wpointer-arith -Wwrite-strings -Wstrict-prototypes  -L/media/gwind/windcode/openwrt-ssd20x/18.06/staging_dir/target-arm-linux-gnueabihf_glibc/usr/lib -L/media/gwind/windcode/openwrt-ssd20x/18.06/staging_dir/target-arm-linux-gnueabihf_glibc/lib -L/opt/ssd20x/gcc-arm-8.2-2018.08-x86_64-arm-linux-gnueabihf/arm-linux-gnueabihf/libc/usr/lib -L/opt/ssd20x/gcc-arm-8.2-2018.08-x86_64-arm-linux-gnueabihf/arm-linux-gnueabihf/libc/lib -znow -zrelro  -o aping aping.o ../../src/lib/libatm.la 
OpenWrt-libtool: link: arm-linux-gnueabihf-gcc -I../../src/include -Os -pipe -Wno-implicit-fallthrough -mfpu=neon -Wno-format-overflow -fno-caller-saves -fno-plt -mfloat-abi=hard -D_FORTIFY_SOURCE=1 -Wl,-z -Wl,now -Wl,-z -Wl,relro -Wall -Wshadow -Wpointer-arith -Wwrite-strings -Wstrict-prototypes -znow -zrelro -o .libs/aping aping.o  -L/media/gwind/windcode/openwrt-ssd20x/18.06/staging_dir/target-arm-linux-gnueabihf_glibc/usr/lib -L/media/gwind/windcode/openwrt-ssd20x/18.06/staging_dir/target-arm-linux-gnueabihf_glibc/lib -L/opt/ssd20x/gcc-arm-8.2-2018.08-x86_64-arm-linux-gnueabihf/arm-linux-gnueabihf/libc/usr/lib -L/opt/ssd20x/gcc-arm-8.2-2018.08-x86_64-arm-linux-gnueabihf/arm-linux-gnueabihf/libc/lib ../../src/lib/.libs/libatm.so -lresolv
arm-linux-gnueabihf-gcc -DHAVE_CONFIG_H -I. -I../..   -I/media/gwind/windcode/openwrt-ssd20x/18.06/staging_dir/target-arm-linux-gnueabihf_glibc/usr/include -I/media/gwind/windcode/openwrt-ssd20x/18.06/staging_dir/target-arm-linux-gnueabihf_glibc/include   -I../../src/include -Os -pipe -Wno-implicit-fallthrough -mfpu=neon -Wno-format-overflow -fno-caller-saves -fno-plt -mfloat-abi=hard  -D_FORTIFY_SOURCE=1 -Wl,-z,now -Wl,-z,relro  -Wall -Wshadow -Wpointer-arith -Wwrite-strings -Wstrict-prototypes -MT br.o -MD -MP -MF .deps/br.Tpo -c -o br.o br.c
mv -f .deps/br.Tpo .deps/br.Po
/bin/bash ../../libtool  --tag=CC   --mode=link arm-linux-gnueabihf-gcc  -I../../src/include -Os -pipe -Wno-implicit-fallthrough -mfpu=neon -Wno-format-overflow -fno-caller-saves -fno-plt -mfloat-abi=hard  -D_FORTIFY_SOURCE=1 -Wl,-z,now -Wl,-z,relro  -Wall -Wshadow -Wpointer-arith -Wwrite-strings -Wstrict-prototypes  -L/media/gwind/windcode/openwrt-ssd20x/18.06/staging_dir/target-arm-linux-gnueabihf_glibc/usr/lib -L/media/gwind/windcode/openwrt-ssd20x/18.06/staging_dir/target-arm-linux-gnueabihf_glibc/lib -L/opt/ssd20x/gcc-arm-8.2-2018.08-x86_64-arm-linux-gnueabihf/arm-linux-gnueabihf/libc/usr/lib -L/opt/ssd20x/gcc-arm-8.2-2018.08-x86_64-arm-linux-gnueabihf/arm-linux-gnueabihf/libc/lib -znow -zrelro  -o br br.o ../../src/lib/libatm.la 
OpenWrt-libtool: link: arm-linux-gnueabihf-gcc -I../../src/include -Os -pipe -Wno-implicit-fallthrough -mfpu=neon -Wno-format-overflow -fno-caller-saves -fno-plt -mfloat-abi=hard -D_FORTIFY_SOURCE=1 -Wl,-z -Wl,now -Wl,-z -Wl,relro -Wall -Wshadow -Wpointer-arith -Wwrite-strings -Wstrict-prototypes -znow -zrelro -o .libs/br br.o  -L/media/gwind/windcode/openwrt-ssd20x/18.06/staging_dir/target-arm-linux-gnueabihf_glibc/usr/lib -L/media/gwind/windcode/openwrt-ssd20x/18.06/staging_dir/target-arm-linux-gnueabihf_glibc/lib -L/opt/ssd20x/gcc-arm-8.2-2018.08-x86_64-arm-linux-gnueabihf/arm-linux-gnueabihf/libc/usr/lib -L/opt/ssd20x/gcc-arm-8.2-2018.08-x86_64-arm-linux-gnueabihf/arm-linux-gnueabihf/libc/lib ../../src/lib/.libs/libatm.so -lresolv
arm-linux-gnueabihf-gcc -DHAVE_CONFIG_H -I. -I../..   -I/media/gwind/windcode/openwrt-ssd20x/18.06/staging_dir/target-arm-linux-gnueabihf_glibc/usr/include -I/media/gwind/windcode/openwrt-ssd20x/18.06/staging_dir/target-arm-linux-gnueabihf_glibc/include   -I../../src/include -Os -pipe -Wno-implicit-fallthrough -mfpu=neon -Wno-format-overflow -fno-caller-saves -fno-plt -mfloat-abi=hard  -D_FORTIFY_SOURCE=1 -Wl,-z,now -Wl,-z,relro  -Wall -Wshadow -Wpointer-arith -Wwrite-strings -Wstrict-prototypes -MT bw.o -MD -MP -MF .deps/bw.Tpo -c -o bw.o bw.c
mv -f .deps/bw.Tpo .deps/bw.Po
/bin/bash ../../libtool  --tag=CC   --mode=link arm-linux-gnueabihf-gcc  -I../../src/include -Os -pipe -Wno-implicit-fallthrough -mfpu=neon -Wno-format-overflow -fno-caller-saves -fno-plt -mfloat-abi=hard  -D_FORTIFY_SOURCE=1 -Wl,-z,now -Wl,-z,relro  -Wall -Wshadow -Wpointer-arith -Wwrite-strings -Wstrict-prototypes  -L/media/gwind/windcode/openwrt-ssd20x/18.06/staging_dir/target-arm-linux-gnueabihf_glibc/usr/lib -L/media/gwind/windcode/openwrt-ssd20x/18.06/staging_dir/target-arm-linux-gnueabihf_glibc/lib -L/opt/ssd20x/gcc-arm-8.2-2018.08-x86_64-arm-linux-gnueabihf/arm-linux-gnueabihf/libc/usr/lib -L/opt/ssd20x/gcc-arm-8.2-2018.08-x86_64-arm-linux-gnueabihf/arm-linux-gnueabihf/libc/lib -znow -zrelro  -o bw bw.o ../../src/lib/libatm.la 
OpenWrt-libtool: link: arm-linux-gnueabihf-gcc -I../../src/include -Os -pipe -Wno-implicit-fallthrough -mfpu=neon -Wno-format-overflow -fno-caller-saves -fno-plt -mfloat-abi=hard -D_FORTIFY_SOURCE=1 -Wl,-z -Wl,now -Wl,-z -Wl,relro -Wall -Wshadow -Wpointer-arith -Wwrite-strings -Wstrict-prototypes -znow -zrelro -o .libs/bw bw.o  -L/media/gwind/windcode/openwrt-ssd20x/18.06/staging_dir/target-arm-linux-gnueabihf_glibc/usr/lib -L/media/gwind/windcode/openwrt-ssd20x/18.06/staging_dir/target-arm-linux-gnueabihf_glibc/lib -L/opt/ssd20x/gcc-arm-8.2-2018.08-x86_64-arm-linux-gnueabihf/arm-linux-gnueabihf/libc/usr/lib -L/opt/ssd20x/gcc-arm-8.2-2018.08-x86_64-arm-linux-gnueabihf/arm-linux-gnueabihf/libc/lib ../../src/lib/.libs/libatm.so -lresolv
arm-linux-gnueabihf-gcc -DHAVE_CONFIG_H -I. -I../..   -I/media/gwind/windcode/openwrt-ssd20x/18.06/staging_dir/target-arm-linux-gnueabihf_glibc/usr/include -I/media/gwind/windcode/openwrt-ssd20x/18.06/staging_dir/target-arm-linux-gnueabihf_glibc/include   -I../../src/include -Os -pipe -Wno-implicit-fallthrough -mfpu=neon -Wno-format-overflow -fno-caller-saves -fno-plt -mfloat-abi=hard  -D_FORTIFY_SOURCE=1 -Wl,-z,now -Wl,-z,relro  -Wall -Wshadow -Wpointer-arith -Wwrite-strings -Wstrict-prototypes -MT isp.o -MD -MP -MF .deps/isp.Tpo -c -o isp.o isp.c
mv -f .deps/isp.Tpo .deps/isp.Po
arm-linux-gnueabihf-gcc -DHAVE_CONFIG_H -I. -I../..   -I/media/gwind/windcode/openwrt-ssd20x/18.06/staging_dir/target-arm-linux-gnueabihf_glibc/usr/include -I/media/gwind/windcode/openwrt-ssd20x/18.06/staging_dir/target-arm-linux-gnueabihf_glibc/include   -I../../src/include -Os -pipe -Wno-implicit-fallthrough -mfpu=neon -Wno-format-overflow -fno-caller-saves -fno-plt -mfloat-abi=hard  -D_FORTIFY_SOURCE=1 -Wl,-z,now -Wl,-z,relro  -Wall -Wshadow -Wpointer-arith -Wwrite-strings -Wstrict-prototypes -MT ispl_y.o -MD -MP -MF .deps/ispl_y.Tpo -c -o ispl_y.o ispl_y.c
mv -f .deps/ispl_y.Tpo .deps/ispl_y.Po
/bin/bash ../../ylwrap ispl_l.l lex.yy.c ispl_l.c -- flex  
arm-linux-gnueabihf-gcc -DHAVE_CONFIG_H -I. -I../..   -I/media/gwind/windcode/openwrt-ssd20x/18.06/staging_dir/target-arm-linux-gnueabihf_glibc/usr/include -I/media/gwind/windcode/openwrt-ssd20x/18.06/staging_dir/target-arm-linux-gnueabihf_glibc/include   -I../../src/include -Os -pipe -Wno-implicit-fallthrough -mfpu=neon -Wno-format-overflow -fno-caller-saves -fno-plt -mfloat-abi=hard  -D_FORTIFY_SOURCE=1 -Wl,-z,now -Wl,-z,relro  -Wall -Wshadow -Wpointer-arith -Wwrite-strings -Wstrict-prototypes -MT ispl_l.o -MD -MP -MF .deps/ispl_l.Tpo -c -o ispl_l.o ispl_l.c
mv -f .deps/ispl_l.Tpo .deps/ispl_l.Po
/bin/bash ../../libtool  --tag=CC   --mode=link arm-linux-gnueabihf-gcc  -I../../src/include -Os -pipe -Wno-implicit-fallthrough -mfpu=neon -Wno-format-overflow -fno-caller-saves -fno-plt -mfloat-abi=hard  -D_FORTIFY_SOURCE=1 -Wl,-z,now -Wl,-z,relro  -Wall -Wshadow -Wpointer-arith -Wwrite-strings -Wstrict-prototypes  -L/media/gwind/windcode/openwrt-ssd20x/18.06/staging_dir/target-arm-linux-gnueabihf_glibc/usr/lib -L/media/gwind/windcode/openwrt-ssd20x/18.06/staging_dir/target-arm-linux-gnueabihf_glibc/lib -L/opt/ssd20x/gcc-arm-8.2-2018.08-x86_64-arm-linux-gnueabihf/arm-linux-gnueabihf/libc/usr/lib -L/opt/ssd20x/gcc-arm-8.2-2018.08-x86_64-arm-linux-gnueabihf/arm-linux-gnueabihf/libc/lib -znow -zrelro  -o isp isp.o ispl_y.o ispl_l.o ../../src/lib/libatm.la 
OpenWrt-libtool: link: arm-linux-gnueabihf-gcc -I../../src/include -Os -pipe -Wno-implicit-fallthrough -mfpu=neon -Wno-format-overflow -fno-caller-saves -fno-plt -mfloat-abi=hard -D_FORTIFY_SOURCE=1 -Wl,-z -Wl,now -Wl,-z -Wl,relro -Wall -Wshadow -Wpointer-arith -Wwrite-strings -Wstrict-prototypes -znow -zrelro -o .libs/isp isp.o ispl_y.o ispl_l.o  -L/media/gwind/windcode/openwrt-ssd20x/18.06/staging_dir/target-arm-linux-gnueabihf_glibc/usr/lib -L/media/gwind/windcode/openwrt-ssd20x/18.06/staging_dir/target-arm-linux-gnueabihf_glibc/lib -L/opt/ssd20x/gcc-arm-8.2-2018.08-x86_64-arm-linux-gnueabihf/arm-linux-gnueabihf/libc/usr/lib -L/opt/ssd20x/gcc-arm-8.2-2018.08-x86_64-arm-linux-gnueabihf/arm-linux-gnueabihf/libc/lib ../../src/lib/.libs/libatm.so -lresolv
arm-linux-gnueabihf-gcc -DHAVE_CONFIG_H -I. -I../..   -I/media/gwind/windcode/openwrt-ssd20x/18.06/staging_dir/target-arm-linux-gnueabihf_glibc/usr/include -I/media/gwind/windcode/openwrt-ssd20x/18.06/staging_dir/target-arm-linux-gnueabihf_glibc/include   -I../../src/include -Os -pipe -Wno-implicit-fallthrough -mfpu=neon -Wno-format-overflow -fno-caller-saves -fno-plt -mfloat-abi=hard  -D_FORTIFY_SOURCE=1 -Wl,-z,now -Wl,-z,relro  -Wall -Wshadow -Wpointer-arith -Wwrite-strings -Wstrict-prototypes -MT window.o -MD -MP -MF .deps/window.Tpo -c -o window.o window.c
mv -f .deps/window.Tpo .deps/window.Po
/bin/bash ../../libtool  --tag=CC   --mode=link arm-linux-gnueabihf-gcc  -I../../src/include -Os -pipe -Wno-implicit-fallthrough -mfpu=neon -Wno-format-overflow -fno-caller-saves -fno-plt -mfloat-abi=hard  -D_FORTIFY_SOURCE=1 -Wl,-z,now -Wl,-z,relro  -Wall -Wshadow -Wpointer-arith -Wwrite-strings -Wstrict-prototypes  -L/media/gwind/windcode/openwrt-ssd20x/18.06/staging_dir/target-arm-linux-gnueabihf_glibc/usr/lib -L/media/gwind/windcode/openwrt-ssd20x/18.06/staging_dir/target-arm-linux-gnueabihf_glibc/lib -L/opt/ssd20x/gcc-arm-8.2-2018.08-x86_64-arm-linux-gnueabihf/arm-linux-gnueabihf/libc/usr/lib -L/opt/ssd20x/gcc-arm-8.2-2018.08-x86_64-arm-linux-gnueabihf/arm-linux-gnueabihf/libc/lib -znow -zrelro  -o window window.o ../../src/lib/libatm.la 
OpenWrt-libtool: link: arm-linux-gnueabihf-gcc -I../../src/include -Os -pipe -Wno-implicit-fallthrough -mfpu=neon -Wno-format-overflow -fno-caller-saves -fno-plt -mfloat-abi=hard -D_FORTIFY_SOURCE=1 -Wl,-z -Wl,now -Wl,-z -Wl,relro -Wall -Wshadow -Wpointer-arith -Wwrite-strings -Wstrict-prototypes -znow -zrelro -o .libs/window window.o  -L/media/gwind/windcode/openwrt-ssd20x/18.06/staging_dir/target-arm-linux-gnueabihf_glibc/usr/lib -L/media/gwind/windcode/openwrt-ssd20x/18.06/staging_dir/target-arm-linux-gnueabihf_glibc/lib -L/opt/ssd20x/gcc-arm-8.2-2018.08-x86_64-arm-linux-gnueabihf/arm-linux-gnueabihf/libc/usr/lib -L/opt/ssd20x/gcc-arm-8.2-2018.08-x86_64-arm-linux-gnueabihf/arm-linux-gnueabihf/libc/lib ../../src/lib/.libs/libatm.so -lresolv
make[7]: Leaving directory '/media/gwind/windcode/openwrt-ssd20x/18.06/build_dir/target-arm-linux-gnueabihf_glibc/linux-sstar_ssd20x/linux-atm-2.5.2/src/test'
Making all in debug
make[7]: Entering directory '/media/gwind/windcode/openwrt-ssd20x/18.06/build_dir/target-arm-linux-gnueabihf_glibc/linux-sstar_ssd20x/linux-atm-2.5.2/src/debug'
arm-linux-gnueabihf-gcc -DHAVE_CONFIG_H -I. -I../..   -I/media/gwind/windcode/openwrt-ssd20x/18.06/staging_dir/target-arm-linux-gnueabihf_glibc/usr/include -I/media/gwind/windcode/openwrt-ssd20x/18.06/staging_dir/target-arm-linux-gnueabihf_glibc/include   -I../../src/include -Os -pipe -Wno-implicit-fallthrough -mfpu=neon -Wno-format-overflow -fno-caller-saves -fno-plt -mfloat-abi=hard  -D_FORTIFY_SOURCE=1 -Wl,-z,now -Wl,-z,relro  -Wall -Wshadow -Wpointer-arith -Wwrite-strings -Wstrict-prototypes -MT delay.o -MD -MP -MF .deps/delay.Tpo -c -o delay.o delay.c
mv -f .deps/delay.Tpo .deps/delay.Po
/bin/bash ../../libtool  --tag=CC   --mode=link arm-linux-gnueabihf-gcc  -I../../src/include -Os -pipe -Wno-implicit-fallthrough -mfpu=neon -Wno-format-overflow -fno-caller-saves -fno-plt -mfloat-abi=hard  -D_FORTIFY_SOURCE=1 -Wl,-z,now -Wl,-z,relro  -Wall -Wshadow -Wpointer-arith -Wwrite-strings -Wstrict-prototypes  -L/media/gwind/windcode/openwrt-ssd20x/18.06/staging_dir/target-arm-linux-gnueabihf_glibc/usr/lib -L/media/gwind/windcode/openwrt-ssd20x/18.06/staging_dir/target-arm-linux-gnueabihf_glibc/lib -L/opt/ssd20x/gcc-arm-8.2-2018.08-x86_64-arm-linux-gnueabihf/arm-linux-gnueabihf/libc/usr/lib -L/opt/ssd20x/gcc-arm-8.2-2018.08-x86_64-arm-linux-gnueabihf/arm-linux-gnueabihf/libc/lib -znow -zrelro  -o delay delay.o ../../src/lib/libatm.la 
OpenWrt-libtool: link: arm-linux-gnueabihf-gcc -I../../src/include -Os -pipe -Wno-implicit-fallthrough -mfpu=neon -Wno-format-overflow -fno-caller-saves -fno-plt -mfloat-abi=hard -D_FORTIFY_SOURCE=1 -Wl,-z -Wl,now -Wl,-z -Wl,relro -Wall -Wshadow -Wpointer-arith -Wwrite-strings -Wstrict-prototypes -znow -zrelro -o .libs/delay delay.o  -L/media/gwind/windcode/openwrt-ssd20x/18.06/staging_dir/target-arm-linux-gnueabihf_glibc/usr/lib -L/media/gwind/windcode/openwrt-ssd20x/18.06/staging_dir/target-arm-linux-gnueabihf_glibc/lib -L/opt/ssd20x/gcc-arm-8.2-2018.08-x86_64-arm-linux-gnueabihf/arm-linux-gnueabihf/libc/usr/lib -L/opt/ssd20x/gcc-arm-8.2-2018.08-x86_64-arm-linux-gnueabihf/arm-linux-gnueabihf/libc/lib ../../src/lib/.libs/libatm.so -lresolv
arm-linux-gnueabihf-gcc -DHAVE_CONFIG_H -I. -I../..   -I/media/gwind/windcode/openwrt-ssd20x/18.06/staging_dir/target-arm-linux-gnueabihf_glibc/usr/include -I/media/gwind/windcode/openwrt-ssd20x/18.06/staging_dir/target-arm-linux-gnueabihf_glibc/include   -I../../src/include -Os -pipe -Wno-implicit-fallthrough -mfpu=neon -Wno-format-overflow -fno-caller-saves -fno-plt -mfloat-abi=hard  -D_FORTIFY_SOURCE=1 -Wl,-z,now -Wl,-z,relro  -Wall -Wshadow -Wpointer-arith -Wwrite-strings -Wstrict-prototypes -MT svctor.o -MD -MP -MF .deps/svctor.Tpo -c -o svctor.o svctor.c
mv -f .deps/svctor.Tpo .deps/svctor.Po
/bin/bash ../../libtool  --tag=CC   --mode=link arm-linux-gnueabihf-gcc  -I../../src/include -Os -pipe -Wno-implicit-fallthrough -mfpu=neon -Wno-format-overflow -fno-caller-saves -fno-plt -mfloat-abi=hard  -D_FORTIFY_SOURCE=1 -Wl,-z,now -Wl,-z,relro  -Wall -Wshadow -Wpointer-arith -Wwrite-strings -Wstrict-prototypes  -L/media/gwind/windcode/openwrt-ssd20x/18.06/staging_dir/target-arm-linux-gnueabihf_glibc/usr/lib -L/media/gwind/windcode/openwrt-ssd20x/18.06/staging_dir/target-arm-linux-gnueabihf_glibc/lib -L/opt/ssd20x/gcc-arm-8.2-2018.08-x86_64-arm-linux-gnueabihf/arm-linux-gnueabihf/libc/usr/lib -L/opt/ssd20x/gcc-arm-8.2-2018.08-x86_64-arm-linux-gnueabihf/arm-linux-gnueabihf/libc/lib -znow -zrelro  -o svctor svctor.o ../../src/lib/libatm.la 
OpenWrt-libtool: link: arm-linux-gnueabihf-gcc -I../../src/include -Os -pipe -Wno-implicit-fallthrough -mfpu=neon -Wno-format-overflow -fno-caller-saves -fno-plt -mfloat-abi=hard -D_FORTIFY_SOURCE=1 -Wl,-z -Wl,now -Wl,-z -Wl,relro -Wall -Wshadow -Wpointer-arith -Wwrite-strings -Wstrict-prototypes -znow -zrelro -o .libs/svctor svctor.o  -L/media/gwind/windcode/openwrt-ssd20x/18.06/staging_dir/target-arm-linux-gnueabihf_glibc/usr/lib -L/media/gwind/windcode/openwrt-ssd20x/18.06/staging_dir/target-arm-linux-gnueabihf_glibc/lib -L/opt/ssd20x/gcc-arm-8.2-2018.08-x86_64-arm-linux-gnueabihf/arm-linux-gnueabihf/libc/usr/lib -L/opt/ssd20x/gcc-arm-8.2-2018.08-x86_64-arm-linux-gnueabihf/arm-linux-gnueabihf/libc/lib ../../src/lib/.libs/libatm.so -lresolv
make[7]: Leaving directory '/media/gwind/windcode/openwrt-ssd20x/18.06/build_dir/target-arm-linux-gnueabihf_glibc/linux-sstar_ssd20x/linux-atm-2.5.2/src/debug'
Making all in qgen
make[7]: Entering directory '/media/gwind/windcode/openwrt-ssd20x/18.06/build_dir/target-arm-linux-gnueabihf_glibc/linux-sstar_ssd20x/linux-atm-2.5.2/src/qgen'
make[7]: Nothing to be done for 'all'.
make[7]: Leaving directory '/media/gwind/windcode/openwrt-ssd20x/18.06/build_dir/target-arm-linux-gnueabihf_glibc/linux-sstar_ssd20x/linux-atm-2.5.2/src/qgen'
Making all in q2931
make[7]: Entering directory '/media/gwind/windcode/openwrt-ssd20x/18.06/build_dir/target-arm-linux-gnueabihf_glibc/linux-sstar_ssd20x/linux-atm-2.5.2/src/q2931'
cat ./uni.h /opt/ssd20x/gcc-arm-8.2-2018.08-x86_64-arm-linux-gnueabihf/arm-linux-gnueabihf/libc/usr/include/linux/atmsap.h | /media/gwind/windcode/openwrt-ssd20x/18.06/staging_dir/host/bin/perl ./mknl.pl atm_ai_msg atm_ai_ie atm_loc atm_cv atm_pu atm_na atm_cond atm_ie atm_msg atm_np atm_ton atm_sat atm_prs atm_scrn atm_vpa atm_poe q2931_cs atm_td atm_bc atm_tc atm_stc atm_upcc q2931_proto atm_flag atm_aalp atm_fd atm_tag atm_l2 atm_l3 atm_tt atm_mc atm_hl atm_imd atm_tdl atm_tni atm_nip atm_shi atm_oci atm_unfm atm_ofi atm_irs atm_it atm_lit atm_lsi atm_tcs atm_css atm_eqo atm_eqp atm_aap atm_asp atm_tor >default.nl || \
{ rm -f default.nl; echo 1; }
arm-linux-gnueabihf-gcc -E -DHAVE_CONFIG_H -I. -I../..  - < ./msg.fmt | ../qgen/qgen
arm-linux-gnueabihf-gcc -DHAVE_CONFIG_H -I. -I../..   -I/media/gwind/windcode/openwrt-ssd20x/18.06/staging_dir/target-arm-linux-gnueabihf_glibc/usr/include -I/media/gwind/windcode/openwrt-ssd20x/18.06/staging_dir/target-arm-linux-gnueabihf_glibc/include   -I../../src/include -Os -pipe -Wno-implicit-fallthrough -mfpu=neon -Wno-format-overflow -fno-caller-saves -fno-plt -mfloat-abi=hard  -D_FORTIFY_SOURCE=1 -Wl,-z,now -Wl,-z,relro  -Wall -Wshadow -Wpointer-arith -Wwrite-strings -Wstrict-prototypes -MT q.out.o -MD -MP -MF .deps/q.out.Tpo -c -o q.out.o q.out.c
mv -f .deps/q.out.Tpo .deps/q.out.Po
arm-linux-gnueabihf-gcc -E -DHAVE_CONFIG_H -I. -I../..  - < ./msg.fmt | ../qgen/qgen -D
arm-linux-gnueabihf-gcc -DHAVE_CONFIG_H -I. -I../..   -I/media/gwind/windcode/openwrt-ssd20x/18.06/staging_dir/target-arm-linux-gnueabihf_glibc/usr/include -I/media/gwind/windcode/openwrt-ssd20x/18.06/staging_dir/target-arm-linux-gnueabihf_glibc/include   -I../../src/include -Os -pipe -Wno-implicit-fallthrough -mfpu=neon -Wno-format-overflow -fno-caller-saves -fno-plt -mfloat-abi=hard  -D_FORTIFY_SOURCE=1 -Wl,-z,now -Wl,-z,relro  -Wall -Wshadow -Wpointer-arith -Wwrite-strings -Wstrict-prototypes -MT qd.dump.o -MD -MP -MF .deps/qd.dump.Tpo -c -o qd.dump.o qd.dump.c
mv -f .deps/qd.dump.Tpo .deps/qd.dump.Po
make[7]: Leaving directory '/media/gwind/windcode/openwrt-ssd20x/18.06/build_dir/target-arm-linux-gnueabihf_glibc/linux-sstar_ssd20x/linux-atm-2.5.2/src/q2931'
Making all in saal
make[7]: Entering directory '/media/gwind/windcode/openwrt-ssd20x/18.06/build_dir/target-arm-linux-gnueabihf_glibc/linux-sstar_ssd20x/linux-atm-2.5.2/src/saal'
arm-linux-gnueabihf-gcc -DHAVE_CONFIG_H -I. -I../..   -I/media/gwind/windcode/openwrt-ssd20x/18.06/staging_dir/target-arm-linux-gnueabihf_glibc/usr/include -I/media/gwind/windcode/openwrt-ssd20x/18.06/staging_dir/target-arm-linux-gnueabihf_glibc/include   -I../../src/include -Os -pipe -Wno-implicit-fallthrough -mfpu=neon -Wno-format-overflow -fno-caller-saves -fno-plt -mfloat-abi=hard  -D_FORTIFY_SOURCE=1 -Wl,-z,now -Wl,-z,relro  -Wall -Wshadow -Wpointer-arith -Wwrite-strings -Wstrict-prototypes -MT pdu.o -MD -MP -MF .deps/pdu.Tpo -c -o pdu.o pdu.c
mv -f .deps/pdu.Tpo .deps/pdu.Po
arm-linux-gnueabihf-gcc -DHAVE_CONFIG_H -I. -I../..   -I/media/gwind/windcode/openwrt-ssd20x/18.06/staging_dir/target-arm-linux-gnueabihf_glibc/usr/include -I/media/gwind/windcode/openwrt-ssd20x/18.06/staging_dir/target-arm-linux-gnueabihf_glibc/include   -I../../src/include -Os -pipe -Wno-implicit-fallthrough -mfpu=neon -Wno-format-overflow -fno-caller-saves -fno-plt -mfloat-abi=hard  -D_FORTIFY_SOURCE=1 -Wl,-z,now -Wl,-z,relro  -Wall -Wshadow -Wpointer-arith -Wwrite-strings -Wstrict-prototypes -MT queue.o -MD -MP -MF .deps/queue.Tpo -c -o queue.o queue.c
mv -f .deps/queue.Tpo .deps/queue.Po
arm-linux-gnueabihf-gcc -DHAVE_CONFIG_H -I. -I../..   -I/media/gwind/windcode/openwrt-ssd20x/18.06/staging_dir/target-arm-linux-gnueabihf_glibc/usr/include -I/media/gwind/windcode/openwrt-ssd20x/18.06/staging_dir/target-arm-linux-gnueabihf_glibc/include   -I../../src/include -Os -pipe -Wno-implicit-fallthrough -mfpu=neon -Wno-format-overflow -fno-caller-saves -fno-plt -mfloat-abi=hard  -D_FORTIFY_SOURCE=1 -Wl,-z,now -Wl,-z,relro  -Wall -Wshadow -Wpointer-arith -Wwrite-strings -Wstrict-prototypes -MT saal.o -MD -MP -MF .deps/saal.Tpo -c -o saal.o saal.c
mv -f .deps/saal.Tpo .deps/saal.Po
arm-linux-gnueabihf-gcc -DHAVE_CONFIG_H -I. -I../..   -I/media/gwind/windcode/openwrt-ssd20x/18.06/staging_dir/target-arm-linux-gnueabihf_glibc/usr/include -I/media/gwind/windcode/openwrt-ssd20x/18.06/staging_dir/target-arm-linux-gnueabihf_glibc/include   -I../../src/include -Os -pipe -Wno-implicit-fallthrough -mfpu=neon -Wno-format-overflow -fno-caller-saves -fno-plt -mfloat-abi=hard  -D_FORTIFY_SOURCE=1 -Wl,-z,now -Wl,-z,relro  -Wall -Wshadow -Wpointer-arith -Wwrite-strings -Wstrict-prototypes -MT sscf.o -MD -MP -MF .deps/sscf.Tpo -c -o sscf.o sscf.c
mv -f .deps/sscf.Tpo .deps/sscf.Po
arm-linux-gnueabihf-gcc -DHAVE_CONFIG_H -I. -I../..   -I/media/gwind/windcode/openwrt-ssd20x/18.06/staging_dir/target-arm-linux-gnueabihf_glibc/usr/include -I/media/gwind/windcode/openwrt-ssd20x/18.06/staging_dir/target-arm-linux-gnueabihf_glibc/include   -I../../src/include -Os -pipe -Wno-implicit-fallthrough -mfpu=neon -Wno-format-overflow -fno-caller-saves -fno-plt -mfloat-abi=hard  -D_FORTIFY_SOURCE=1 -Wl,-z,now -Wl,-z,relro  -Wall -Wshadow -Wpointer-arith -Wwrite-strings -Wstrict-prototypes -MT sscop.o -MD -MP -MF .deps/sscop.Tpo -c -o sscop.o sscop.c
mv -f .deps/sscop.Tpo .deps/sscop.Po
rm -f libsaal.a
arm-linux-gnueabihf-ar cru libsaal.a pdu.o queue.o saal.o sscf.o sscop.o 
arm-linux-gnueabihf-ranlib libsaal.a
make[7]: Leaving directory '/media/gwind/windcode/openwrt-ssd20x/18.06/build_dir/target-arm-linux-gnueabihf_glibc/linux-sstar_ssd20x/linux-atm-2.5.2/src/saal'
Making all in sigd
make[7]: Entering directory '/media/gwind/windcode/openwrt-ssd20x/18.06/build_dir/target-arm-linux-gnueabihf_glibc/linux-sstar_ssd20x/linux-atm-2.5.2/src/sigd'
arm-linux-gnueabihf-gcc -DHAVE_CONFIG_H -I. -I../.. -I../../src/q2931 -I./../q2931 -I./../saal -I.  -I/media/gwind/windcode/openwrt-ssd20x/18.06/staging_dir/target-arm-linux-gnueabihf_glibc/usr/include -I/media/gwind/windcode/openwrt-ssd20x/18.06/staging_dir/target-arm-linux-gnueabihf_glibc/include   -I../../src/include -Os -pipe -Wno-implicit-fallthrough -mfpu=neon -Wno-format-overflow -fno-caller-saves -fno-plt -mfloat-abi=hard  -D_FORTIFY_SOURCE=1 -Wl,-z,now -Wl,-z,relro  -Wall -Wshadow -Wpointer-arith -Wwrite-strings -Wstrict-prototypes -MT atmsigd.o -MD -MP -MF .deps/atmsigd.Tpo -c -o atmsigd.o atmsigd.c
mv -f .deps/atmsigd.Tpo .deps/atmsigd.Po
arm-linux-gnueabihf-gcc -DHAVE_CONFIG_H -I. -I../.. -I../../src/q2931 -I./../q2931 -I./../saal -I.  -I/media/gwind/windcode/openwrt-ssd20x/18.06/staging_dir/target-arm-linux-gnueabihf_glibc/usr/include -I/media/gwind/windcode/openwrt-ssd20x/18.06/staging_dir/target-arm-linux-gnueabihf_glibc/include   -I../../src/include -Os -pipe -Wno-implicit-fallthrough -mfpu=neon -Wno-format-overflow -fno-caller-saves -fno-plt -mfloat-abi=hard  -D_FORTIFY_SOURCE=1 -Wl,-z,now -Wl,-z,relro  -Wall -Wshadow -Wpointer-arith -Wwrite-strings -Wstrict-prototypes -MT io.o -MD -MP -MF .deps/io.Tpo -c -o io.o io.c
mv -f .deps/io.Tpo .deps/io.Po
arm-linux-gnueabihf-gcc -DHAVE_CONFIG_H -I. -I../.. -I../../src/q2931 -I./../q2931 -I./../saal -I.  -I/media/gwind/windcode/openwrt-ssd20x/18.06/staging_dir/target-arm-linux-gnueabihf_glibc/usr/include -I/media/gwind/windcode/openwrt-ssd20x/18.06/staging_dir/target-arm-linux-gnueabihf_glibc/include   -I../../src/include -Os -pipe -Wno-implicit-fallthrough -mfpu=neon -Wno-format-overflow -fno-caller-saves -fno-plt -mfloat-abi=hard  -D_FORTIFY_SOURCE=1 -Wl,-z,now -Wl,-z,relro  -Wall -Wshadow -Wpointer-arith -Wwrite-strings -Wstrict-prototypes -MT kernel.o -MD -MP -MF .deps/kernel.Tpo -c -o kernel.o kernel.c
mv -f .deps/kernel.Tpo .deps/kernel.Po
arm-linux-gnueabihf-gcc -DHAVE_CONFIG_H -I. -I../.. -I../../src/q2931 -I./../q2931 -I./../saal -I.  -I/media/gwind/windcode/openwrt-ssd20x/18.06/staging_dir/target-arm-linux-gnueabihf_glibc/usr/include -I/media/gwind/windcode/openwrt-ssd20x/18.06/staging_dir/target-arm-linux-gnueabihf_glibc/include   -I../../src/include -Os -pipe -Wno-implicit-fallthrough -mfpu=neon -Wno-format-overflow -fno-caller-saves -fno-plt -mfloat-abi=hard  -D_FORTIFY_SOURCE=1 -Wl,-z,now -Wl,-z,relro  -Wall -Wshadow -Wpointer-arith -Wwrite-strings -Wstrict-prototypes -MT proto.o -MD -MP -MF .deps/proto.Tpo -c -o proto.o proto.c
mv -f .deps/proto.Tpo .deps/proto.Po
arm-linux-gnueabihf-gcc -DHAVE_CONFIG_H -I. -I../.. -I../../src/q2931 -I./../q2931 -I./../saal -I.  -I/media/gwind/windcode/openwrt-ssd20x/18.06/staging_dir/target-arm-linux-gnueabihf_glibc/usr/include -I/media/gwind/windcode/openwrt-ssd20x/18.06/staging_dir/target-arm-linux-gnueabihf_glibc/include   -I../../src/include -Os -pipe -Wno-implicit-fallthrough -mfpu=neon -Wno-format-overflow -fno-caller-saves -fno-plt -mfloat-abi=hard  -D_FORTIFY_SOURCE=1 -Wl,-z,now -Wl,-z,relro  -Wall -Wshadow -Wpointer-arith -Wwrite-strings -Wstrict-prototypes -MT uni.o -MD -MP -MF .deps/uni.Tpo -c -o uni.o uni.c
mv -f .deps/uni.Tpo .deps/uni.Po
arm-linux-gnueabihf-gcc -DHAVE_CONFIG_H -I. -I../.. -I../../src/q2931 -I./../q2931 -I./../saal -I.  -I/media/gwind/windcode/openwrt-ssd20x/18.06/staging_dir/target-arm-linux-gnueabihf_glibc/usr/include -I/media/gwind/windcode/openwrt-ssd20x/18.06/staging_dir/target-arm-linux-gnueabihf_glibc/include   -I../../src/include -Os -pipe -Wno-implicit-fallthrough -mfpu=neon -Wno-format-overflow -fno-caller-saves -fno-plt -mfloat-abi=hard  -D_FORTIFY_SOURCE=1 -Wl,-z,now -Wl,-z,relro  -Wall -Wshadow -Wpointer-arith -Wwrite-strings -Wstrict-prototypes -MT sap.o -MD -MP -MF .deps/sap.Tpo -c -o sap.o sap.c
mv -f .deps/sap.Tpo .deps/sap.Po
arm-linux-gnueabihf-gcc -DHAVE_CONFIG_H -I. -I../.. -I../../src/q2931 -I./../q2931 -I./../saal -I.  -I/media/gwind/windcode/openwrt-ssd20x/18.06/staging_dir/target-arm-linux-gnueabihf_glibc/usr/include -I/media/gwind/windcode/openwrt-ssd20x/18.06/staging_dir/target-arm-linux-gnueabihf_glibc/include   -I../../src/include -Os -pipe -Wno-implicit-fallthrough -mfpu=neon -Wno-format-overflow -fno-caller-saves -fno-plt -mfloat-abi=hard  -D_FORTIFY_SOURCE=1 -Wl,-z,now -Wl,-z,relro  -Wall -Wshadow -Wpointer-arith -Wwrite-strings -Wstrict-prototypes -MT timeout.o -MD -MP -MF .deps/timeout.Tpo -c -o timeout.o timeout.c
mv -f .deps/timeout.Tpo .deps/timeout.Po
arm-linux-gnueabihf-gcc -DHAVE_CONFIG_H -I. -I../.. -I../../src/q2931 -I./../q2931 -I./../saal -I.  -I/media/gwind/windcode/openwrt-ssd20x/18.06/staging_dir/target-arm-linux-gnueabihf_glibc/usr/include -I/media/gwind/windcode/openwrt-ssd20x/18.06/staging_dir/target-arm-linux-gnueabihf_glibc/include   -I../../src/include -Os -pipe -Wno-implicit-fallthrough -mfpu=neon -Wno-format-overflow -fno-caller-saves -fno-plt -mfloat-abi=hard  -D_FORTIFY_SOURCE=1 -Wl,-z,now -Wl,-z,relro  -Wall -Wshadow -Wpointer-arith -Wwrite-strings -Wstrict-prototypes -MT trace.o -MD -MP -MF .deps/trace.Tpo -c -o trace.o trace.c
mv -f .deps/trace.Tpo .deps/trace.Po
arm-linux-gnueabihf-gcc -DHAVE_CONFIG_H -I. -I../.. -I../../src/q2931 -I./../q2931 -I./../saal -I.  -I/media/gwind/windcode/openwrt-ssd20x/18.06/staging_dir/target-arm-linux-gnueabihf_glibc/usr/include -I/media/gwind/windcode/openwrt-ssd20x/18.06/staging_dir/target-arm-linux-gnueabihf_glibc/include   -I../../src/include -Os -pipe -Wno-implicit-fallthrough -mfpu=neon -Wno-format-overflow -fno-caller-saves -fno-plt -mfloat-abi=hard  -D_FORTIFY_SOURCE=1 -Wl,-z,now -Wl,-z,relro  -Wall -Wshadow -Wpointer-arith -Wwrite-strings -Wstrict-prototypes -MT policy.o -MD -MP -MF .deps/policy.Tpo -c -o policy.o policy.c
mv -f .deps/policy.Tpo .deps/policy.Po
arm-linux-gnueabihf-gcc -DHAVE_CONFIG_H -I. -I../.. -I../../src/q2931 -I./../q2931 -I./../saal -I.  -I/media/gwind/windcode/openwrt-ssd20x/18.06/staging_dir/target-arm-linux-gnueabihf_glibc/usr/include -I/media/gwind/windcode/openwrt-ssd20x/18.06/staging_dir/target-arm-linux-gnueabihf_glibc/include   -I../../src/include -Os -pipe -Wno-implicit-fallthrough -mfpu=neon -Wno-format-overflow -fno-caller-saves -fno-plt -mfloat-abi=hard  -D_FORTIFY_SOURCE=1 -Wl,-z,now -Wl,-z,relro  -Wall -Wshadow -Wpointer-arith -Wwrite-strings -Wstrict-prototypes -MT cfg_y.o -MD -MP -MF .deps/cfg_y.Tpo -c -o cfg_y.o cfg_y.c
mv -f .deps/cfg_y.Tpo .deps/cfg_y.Po
/bin/bash ../../ylwrap cfg_l.l lex.yy.c cfg_l.c -- flex  
arm-linux-gnueabihf-gcc -DHAVE_CONFIG_H -I. -I../.. -I../../src/q2931 -I./../q2931 -I./../saal -I.  -I/media/gwind/windcode/openwrt-ssd20x/18.06/staging_dir/target-arm-linux-gnueabihf_glibc/usr/include -I/media/gwind/windcode/openwrt-ssd20x/18.06/staging_dir/target-arm-linux-gnueabihf_glibc/include   -I../../src/include -Os -pipe -Wno-implicit-fallthrough -mfpu=neon -Wno-format-overflow -fno-caller-saves -fno-plt -mfloat-abi=hard  -D_FORTIFY_SOURCE=1 -Wl,-z,now -Wl,-z,relro  -Wall -Wshadow -Wpointer-arith -Wwrite-strings -Wstrict-prototypes -MT cfg_l.o -MD -MP -MF .deps/cfg_l.Tpo -c -o cfg_l.o cfg_l.c
mv -f .deps/cfg_l.Tpo .deps/cfg_l.Po
/media/gwind/windcode/openwrt-ssd20x/18.06/staging_dir/host/bin/perl ./mkmess.pl <./../q2931/uni.h >mess.c
arm-linux-gnueabihf-gcc -DHAVE_CONFIG_H -I. -I../.. -I../../src/q2931 -I./../q2931 -I./../saal -I.  -I/media/gwind/windcode/openwrt-ssd20x/18.06/staging_dir/target-arm-linux-gnueabihf_glibc/usr/include -I/media/gwind/windcode/openwrt-ssd20x/18.06/staging_dir/target-arm-linux-gnueabihf_glibc/include   -I../../src/include -Os -pipe -Wno-implicit-fallthrough -mfpu=neon -Wno-format-overflow -fno-caller-saves -fno-plt -mfloat-abi=hard  -D_FORTIFY_SOURCE=1 -Wl,-z,now -Wl,-z,relro  -Wall -Wshadow -Wpointer-arith -Wwrite-strings -Wstrict-prototypes -MT mess.o -MD -MP -MF .deps/mess.Tpo -c -o mess.o mess.c
mv -f .deps/mess.Tpo .deps/mess.Po
/bin/bash ../../libtool  --tag=CC   --mode=link arm-linux-gnueabihf-gcc  -I../../src/include -Os -pipe -Wno-implicit-fallthrough -mfpu=neon -Wno-format-overflow -fno-caller-saves -fno-plt -mfloat-abi=hard  -D_FORTIFY_SOURCE=1 -Wl,-z,now -Wl,-z,relro  -Wall -Wshadow -Wpointer-arith -Wwrite-strings -Wstrict-prototypes  -L/media/gwind/windcode/openwrt-ssd20x/18.06/staging_dir/target-arm-linux-gnueabihf_glibc/usr/lib -L/media/gwind/windcode/openwrt-ssd20x/18.06/staging_dir/target-arm-linux-gnueabihf_glibc/lib -L/opt/ssd20x/gcc-arm-8.2-2018.08-x86_64-arm-linux-gnueabihf/arm-linux-gnueabihf/libc/usr/lib -L/opt/ssd20x/gcc-arm-8.2-2018.08-x86_64-arm-linux-gnueabihf/arm-linux-gnueabihf/libc/lib -znow -zrelro  -o atmsigd atmsigd.o io.o kernel.o proto.o uni.o sap.o timeout.o trace.o policy.o cfg_y.o cfg_l.o mess.o ../../src/q2931/q.out.o ../../src/q2931/qd.dump.o ../../src/lib/libatm.la ../../src/saal/libsaal.a  
OpenWrt-libtool: link: arm-linux-gnueabihf-gcc -I../../src/include -Os -pipe -Wno-implicit-fallthrough -mfpu=neon -Wno-format-overflow -fno-caller-saves -fno-plt -mfloat-abi=hard -D_FORTIFY_SOURCE=1 -Wl,-z -Wl,now -Wl,-z -Wl,relro -Wall -Wshadow -Wpointer-arith -Wwrite-strings -Wstrict-prototypes -znow -zrelro -o .libs/atmsigd atmsigd.o io.o kernel.o proto.o uni.o sap.o timeout.o trace.o policy.o cfg_y.o cfg_l.o mess.o ../../src/q2931/q.out.o ../../src/q2931/qd.dump.o  -L/media/gwind/windcode/openwrt-ssd20x/18.06/staging_dir/target-arm-linux-gnueabihf_glibc/usr/lib -L/media/gwind/windcode/openwrt-ssd20x/18.06/staging_dir/target-arm-linux-gnueabihf_glibc/lib -L/opt/ssd20x/gcc-arm-8.2-2018.08-x86_64-arm-linux-gnueabihf/arm-linux-gnueabihf/libc/usr/lib -L/opt/ssd20x/gcc-arm-8.2-2018.08-x86_64-arm-linux-gnueabihf/arm-linux-gnueabihf/libc/lib ../../src/lib/.libs/libatm.so -lresolv ../../src/saal/libsaal.a
make[7]: Leaving directory '/media/gwind/windcode/openwrt-ssd20x/18.06/build_dir/target-arm-linux-gnueabihf_glibc/linux-sstar_ssd20x/linux-atm-2.5.2/src/sigd'
Making all in maint
make[7]: Entering directory '/media/gwind/windcode/openwrt-ssd20x/18.06/build_dir/target-arm-linux-gnueabihf_glibc/linux-sstar_ssd20x/linux-atm-2.5.2/src/maint'
arm-linux-gnueabihf-gcc -DHAVE_CONFIG_H -I. -I../.. -I./../q2931 -I./../saal -I.  -I/media/gwind/windcode/openwrt-ssd20x/18.06/staging_dir/target-arm-linux-gnueabihf_glibc/usr/include -I/media/gwind/windcode/openwrt-ssd20x/18.06/staging_dir/target-arm-linux-gnueabihf_glibc/include   -I../../src/include -Os -pipe -Wno-implicit-fallthrough -mfpu=neon -Wno-format-overflow -fno-caller-saves -fno-plt -mfloat-abi=hard  -D_FORTIFY_SOURCE=1 -Wl,-z,now -Wl,-z,relro  -Wall -Wshadow -Wpointer-arith -Wwrite-strings -Wstrict-prototypes -MT atmdiag.o -MD -MP -MF .deps/atmdiag.Tpo -c -o atmdiag.o atmdiag.c
mv -f .deps/atmdiag.Tpo .deps/atmdiag.Po
/bin/bash ../../libtool  --tag=CC   --mode=link arm-linux-gnueabihf-gcc  -I../../src/include -Os -pipe -Wno-implicit-fallthrough -mfpu=neon -Wno-format-overflow -fno-caller-saves -fno-plt -mfloat-abi=hard  -D_FORTIFY_SOURCE=1 -Wl,-z,now -Wl,-z,relro  -Wall -Wshadow -Wpointer-arith -Wwrite-strings -Wstrict-prototypes  -L/media/gwind/windcode/openwrt-ssd20x/18.06/staging_dir/target-arm-linux-gnueabihf_glibc/usr/lib -L/media/gwind/windcode/openwrt-ssd20x/18.06/staging_dir/target-arm-linux-gnueabihf_glibc/lib -L/opt/ssd20x/gcc-arm-8.2-2018.08-x86_64-arm-linux-gnueabihf/arm-linux-gnueabihf/libc/usr/lib -L/opt/ssd20x/gcc-arm-8.2-2018.08-x86_64-arm-linux-gnueabihf/arm-linux-gnueabihf/libc/lib -znow -zrelro  -o atmdiag atmdiag.o ../../src/lib/libatm.la 
OpenWrt-libtool: link: arm-linux-gnueabihf-gcc -I../../src/include -Os -pipe -Wno-implicit-fallthrough -mfpu=neon -Wno-format-overflow -fno-caller-saves -fno-plt -mfloat-abi=hard -D_FORTIFY_SOURCE=1 -Wl,-z -Wl,now -Wl,-z -Wl,relro -Wall -Wshadow -Wpointer-arith -Wwrite-strings -Wstrict-prototypes -znow -zrelro -o .libs/atmdiag atmdiag.o  -L/media/gwind/windcode/openwrt-ssd20x/18.06/staging_dir/target-arm-linux-gnueabihf_glibc/usr/lib -L/media/gwind/windcode/openwrt-ssd20x/18.06/staging_dir/target-arm-linux-gnueabihf_glibc/lib -L/opt/ssd20x/gcc-arm-8.2-2018.08-x86_64-arm-linux-gnueabihf/arm-linux-gnueabihf/libc/usr/lib -L/opt/ssd20x/gcc-arm-8.2-2018.08-x86_64-arm-linux-gnueabihf/arm-linux-gnueabihf/libc/lib ../../src/lib/.libs/libatm.so -lresolv
arm-linux-gnueabihf-gcc -DHAVE_CONFIG_H -I. -I../.. -I./../q2931 -I./../saal -I.  -I/media/gwind/windcode/openwrt-ssd20x/18.06/staging_dir/target-arm-linux-gnueabihf_glibc/usr/include -I/media/gwind/windcode/openwrt-ssd20x/18.06/staging_dir/target-arm-linux-gnueabihf_glibc/include   -I../../src/include -Os -pipe -Wno-implicit-fallthrough -mfpu=neon -Wno-format-overflow -fno-caller-saves -fno-plt -mfloat-abi=hard  -D_FORTIFY_SOURCE=1 -Wl,-z,now -Wl,-z,relro  -Wall -Wshadow -Wpointer-arith -Wwrite-strings -Wstrict-prototypes -MT atmdump.o -MD -MP -MF .deps/atmdump.Tpo -c -o atmdump.o atmdump.c
mv -f .deps/atmdump.Tpo .deps/atmdump.Po
/bin/bash ../../libtool  --tag=CC   --mode=link arm-linux-gnueabihf-gcc  -I../../src/include -Os -pipe -Wno-implicit-fallthrough -mfpu=neon -Wno-format-overflow -fno-caller-saves -fno-plt -mfloat-abi=hard  -D_FORTIFY_SOURCE=1 -Wl,-z,now -Wl,-z,relro  -Wall -Wshadow -Wpointer-arith -Wwrite-strings -Wstrict-prototypes  -L/media/gwind/windcode/openwrt-ssd20x/18.06/staging_dir/target-arm-linux-gnueabihf_glibc/usr/lib -L/media/gwind/windcode/openwrt-ssd20x/18.06/staging_dir/target-arm-linux-gnueabihf_glibc/lib -L/opt/ssd20x/gcc-arm-8.2-2018.08-x86_64-arm-linux-gnueabihf/arm-linux-gnueabihf/libc/usr/lib -L/opt/ssd20x/gcc-arm-8.2-2018.08-x86_64-arm-linux-gnueabihf/arm-linux-gnueabihf/libc/lib -znow -zrelro  -o atmdump atmdump.o ../../src/lib/libatm.la 
OpenWrt-libtool: link: arm-linux-gnueabihf-gcc -I../../src/include -Os -pipe -Wno-implicit-fallthrough -mfpu=neon -Wno-format-overflow -fno-caller-saves -fno-plt -mfloat-abi=hard -D_FORTIFY_SOURCE=1 -Wl,-z -Wl,now -Wl,-z -Wl,relro -Wall -Wshadow -Wpointer-arith -Wwrite-strings -Wstrict-prototypes -znow -zrelro -o .libs/atmdump atmdump.o  -L/media/gwind/windcode/openwrt-ssd20x/18.06/staging_dir/target-arm-linux-gnueabihf_glibc/usr/lib -L/media/gwind/windcode/openwrt-ssd20x/18.06/staging_dir/target-arm-linux-gnueabihf_glibc/lib -L/opt/ssd20x/gcc-arm-8.2-2018.08-x86_64-arm-linux-gnueabihf/arm-linux-gnueabihf/libc/usr/lib -L/opt/ssd20x/gcc-arm-8.2-2018.08-x86_64-arm-linux-gnueabihf/arm-linux-gnueabihf/libc/lib ../../src/lib/.libs/libatm.so -lresolv
arm-linux-gnueabihf-gcc -DHAVE_CONFIG_H -I. -I../.. -I./../q2931 -I./../saal -I.  -I/media/gwind/windcode/openwrt-ssd20x/18.06/staging_dir/target-arm-linux-gnueabihf_glibc/usr/include -I/media/gwind/windcode/openwrt-ssd20x/18.06/staging_dir/target-arm-linux-gnueabihf_glibc/include   -I../../src/include -Os -pipe -Wno-implicit-fallthrough -mfpu=neon -Wno-format-overflow -fno-caller-saves -fno-plt -mfloat-abi=hard  -D_FORTIFY_SOURCE=1 -Wl,-z,now -Wl,-z,relro  -Wall -Wshadow -Wpointer-arith -Wwrite-strings -Wstrict-prototypes -MT sonetdiag.o -MD -MP -MF .deps/sonetdiag.Tpo -c -o sonetdiag.o sonetdiag.c
mv -f .deps/sonetdiag.Tpo .deps/sonetdiag.Po
/bin/bash ../../libtool  --tag=CC   --mode=link arm-linux-gnueabihf-gcc  -I../../src/include -Os -pipe -Wno-implicit-fallthrough -mfpu=neon -Wno-format-overflow -fno-caller-saves -fno-plt -mfloat-abi=hard  -D_FORTIFY_SOURCE=1 -Wl,-z,now -Wl,-z,relro  -Wall -Wshadow -Wpointer-arith -Wwrite-strings -Wstrict-prototypes  -L/media/gwind/windcode/openwrt-ssd20x/18.06/staging_dir/target-arm-linux-gnueabihf_glibc/usr/lib -L/media/gwind/windcode/openwrt-ssd20x/18.06/staging_dir/target-arm-linux-gnueabihf_glibc/lib -L/opt/ssd20x/gcc-arm-8.2-2018.08-x86_64-arm-linux-gnueabihf/arm-linux-gnueabihf/libc/usr/lib -L/opt/ssd20x/gcc-arm-8.2-2018.08-x86_64-arm-linux-gnueabihf/arm-linux-gnueabihf/libc/lib -znow -zrelro  -o sonetdiag sonetdiag.o ../../src/lib/libatm.la 
OpenWrt-libtool: link: arm-linux-gnueabihf-gcc -I../../src/include -Os -pipe -Wno-implicit-fallthrough -mfpu=neon -Wno-format-overflow -fno-caller-saves -fno-plt -mfloat-abi=hard -D_FORTIFY_SOURCE=1 -Wl,-z -Wl,now -Wl,-z -Wl,relro -Wall -Wshadow -Wpointer-arith -Wwrite-strings -Wstrict-prototypes -znow -zrelro -o .libs/sonetdiag sonetdiag.o  -L/media/gwind/windcode/openwrt-ssd20x/18.06/staging_dir/target-arm-linux-gnueabihf_glibc/usr/lib -L/media/gwind/windcode/openwrt-ssd20x/18.06/staging_dir/target-arm-linux-gnueabihf_glibc/lib -L/opt/ssd20x/gcc-arm-8.2-2018.08-x86_64-arm-linux-gnueabihf/arm-linux-gnueabihf/libc/usr/lib -L/opt/ssd20x/gcc-arm-8.2-2018.08-x86_64-arm-linux-gnueabihf/arm-linux-gnueabihf/libc/lib ../../src/lib/.libs/libatm.so -lresolv
arm-linux-gnueabihf-gcc -DHAVE_CONFIG_H -I. -I../.. -I./../q2931 -I./../saal -I.  -I/media/gwind/windcode/openwrt-ssd20x/18.06/staging_dir/target-arm-linux-gnueabihf_glibc/usr/include -I/media/gwind/windcode/openwrt-ssd20x/18.06/staging_dir/target-arm-linux-gnueabihf_glibc/include   -I../../src/include -Os -pipe -Wno-implicit-fallthrough -mfpu=neon -Wno-format-overflow -fno-caller-saves -fno-plt -mfloat-abi=hard  -D_FORTIFY_SOURCE=1 -Wl,-z,now -Wl,-z,relro  -Wall -Wshadow -Wpointer-arith -Wwrite-strings -Wstrict-prototypes -MT saaldump.o -MD -MP -MF .deps/saaldump.Tpo -c -o saaldump.o saaldump.c
mv -f .deps/saaldump.Tpo .deps/saaldump.Po
/bin/bash ../../libtool  --tag=CC   --mode=link arm-linux-gnueabihf-gcc  -I../../src/include -Os -pipe -Wno-implicit-fallthrough -mfpu=neon -Wno-format-overflow -fno-caller-saves -fno-plt -mfloat-abi=hard  -D_FORTIFY_SOURCE=1 -Wl,-z,now -Wl,-z,relro  -Wall -Wshadow -Wpointer-arith -Wwrite-strings -Wstrict-prototypes  -L/media/gwind/windcode/openwrt-ssd20x/18.06/staging_dir/target-arm-linux-gnueabihf_glibc/usr/lib -L/media/gwind/windcode/openwrt-ssd20x/18.06/staging_dir/target-arm-linux-gnueabihf_glibc/lib -L/opt/ssd20x/gcc-arm-8.2-2018.08-x86_64-arm-linux-gnueabihf/arm-linux-gnueabihf/libc/usr/lib -L/opt/ssd20x/gcc-arm-8.2-2018.08-x86_64-arm-linux-gnueabihf/arm-linux-gnueabihf/libc/lib -znow -zrelro  -o saaldump saaldump.o ../../src/q2931/qd.dump.o ../../src/saal/libsaal.a ../../src/lib/libatm.la 
OpenWrt-libtool: link: arm-linux-gnueabihf-gcc -I../../src/include -Os -pipe -Wno-implicit-fallthrough -mfpu=neon -Wno-format-overflow -fno-caller-saves -fno-plt -mfloat-abi=hard -D_FORTIFY_SOURCE=1 -Wl,-z -Wl,now -Wl,-z -Wl,relro -Wall -Wshadow -Wpointer-arith -Wwrite-strings -Wstrict-prototypes -znow -zrelro -o .libs/saaldump saaldump.o ../../src/q2931/qd.dump.o  -L/media/gwind/windcode/openwrt-ssd20x/18.06/staging_dir/target-arm-linux-gnueabihf_glibc/usr/lib -L/media/gwind/windcode/openwrt-ssd20x/18.06/staging_dir/target-arm-linux-gnueabihf_glibc/lib -L/opt/ssd20x/gcc-arm-8.2-2018.08-x86_64-arm-linux-gnueabihf/arm-linux-gnueabihf/libc/usr/lib -L/opt/ssd20x/gcc-arm-8.2-2018.08-x86_64-arm-linux-gnueabihf/arm-linux-gnueabihf/libc/lib ../../src/saal/libsaal.a ../../src/lib/.libs/libatm.so -lresolv
arm-linux-gnueabihf-gcc -DHAVE_CONFIG_H -I. -I../.. -I./../q2931 -I./../saal -I.  -I/media/gwind/windcode/openwrt-ssd20x/18.06/staging_dir/target-arm-linux-gnueabihf_glibc/usr/include -I/media/gwind/windcode/openwrt-ssd20x/18.06/staging_dir/target-arm-linux-gnueabihf_glibc/include   -I../../src/include -Os -pipe -Wno-implicit-fallthrough -mfpu=neon -Wno-format-overflow -fno-caller-saves -fno-plt -mfloat-abi=hard  -D_FORTIFY_SOURCE=1 -Wl,-z,now -Wl,-z,relro  -Wall -Wshadow -Wpointer-arith -Wwrite-strings -Wstrict-prototypes -MT atmaddr.o -MD -MP -MF .deps/atmaddr.Tpo -c -o atmaddr.o atmaddr.c
mv -f .deps/atmaddr.Tpo .deps/atmaddr.Po
/bin/bash ../../libtool  --tag=CC   --mode=link arm-linux-gnueabihf-gcc  -I../../src/include -Os -pipe -Wno-implicit-fallthrough -mfpu=neon -Wno-format-overflow -fno-caller-saves -fno-plt -mfloat-abi=hard  -D_FORTIFY_SOURCE=1 -Wl,-z,now -Wl,-z,relro  -Wall -Wshadow -Wpointer-arith -Wwrite-strings -Wstrict-prototypes  -L/media/gwind/windcode/openwrt-ssd20x/18.06/staging_dir/target-arm-linux-gnueabihf_glibc/usr/lib -L/media/gwind/windcode/openwrt-ssd20x/18.06/staging_dir/target-arm-linux-gnueabihf_glibc/lib -L/opt/ssd20x/gcc-arm-8.2-2018.08-x86_64-arm-linux-gnueabihf/arm-linux-gnueabihf/libc/usr/lib -L/opt/ssd20x/gcc-arm-8.2-2018.08-x86_64-arm-linux-gnueabihf/arm-linux-gnueabihf/libc/lib -znow -zrelro  -o atmaddr atmaddr.o ../../src/lib/libatm.la 
OpenWrt-libtool: link: arm-linux-gnueabihf-gcc -I../../src/include -Os -pipe -Wno-implicit-fallthrough -mfpu=neon -Wno-format-overflow -fno-caller-saves -fno-plt -mfloat-abi=hard -D_FORTIFY_SOURCE=1 -Wl,-z -Wl,now -Wl,-z -Wl,relro -Wall -Wshadow -Wpointer-arith -Wwrite-strings -Wstrict-prototypes -znow -zrelro -o .libs/atmaddr atmaddr.o  -L/media/gwind/windcode/openwrt-ssd20x/18.06/staging_dir/target-arm-linux-gnueabihf_glibc/usr/lib -L/media/gwind/windcode/openwrt-ssd20x/18.06/staging_dir/target-arm-linux-gnueabihf_glibc/lib -L/opt/ssd20x/gcc-arm-8.2-2018.08-x86_64-arm-linux-gnueabihf/arm-linux-gnueabihf/libc/usr/lib -L/opt/ssd20x/gcc-arm-8.2-2018.08-x86_64-arm-linux-gnueabihf/arm-linux-gnueabihf/libc/lib ../../src/lib/.libs/libatm.so -lresolv
arm-linux-gnueabihf-gcc -DHAVE_CONFIG_H -I. -I../.. -I./../q2931 -I./../saal -I.  -I/media/gwind/windcode/openwrt-ssd20x/18.06/staging_dir/target-arm-linux-gnueabihf_glibc/usr/include -I/media/gwind/windcode/openwrt-ssd20x/18.06/staging_dir/target-arm-linux-gnueabihf_glibc/include   -I../../src/include -Os -pipe -Wno-implicit-fallthrough -mfpu=neon -Wno-format-overflow -fno-caller-saves -fno-plt -mfloat-abi=hard  -D_FORTIFY_SOURCE=1 -Wl,-z,now -Wl,-z,relro  -Wall -Wshadow -Wpointer-arith -Wwrite-strings -Wstrict-prototypes -MT esi.o -MD -MP -MF .deps/esi.Tpo -c -o esi.o esi.c
mv -f .deps/esi.Tpo .deps/esi.Po
/bin/bash ../../libtool  --tag=CC   --mode=link arm-linux-gnueabihf-gcc  -I../../src/include -Os -pipe -Wno-implicit-fallthrough -mfpu=neon -Wno-format-overflow -fno-caller-saves -fno-plt -mfloat-abi=hard  -D_FORTIFY_SOURCE=1 -Wl,-z,now -Wl,-z,relro  -Wall -Wshadow -Wpointer-arith -Wwrite-strings -Wstrict-prototypes  -L/media/gwind/windcode/openwrt-ssd20x/18.06/staging_dir/target-arm-linux-gnueabihf_glibc/usr/lib -L/media/gwind/windcode/openwrt-ssd20x/18.06/staging_dir/target-arm-linux-gnueabihf_glibc/lib -L/opt/ssd20x/gcc-arm-8.2-2018.08-x86_64-arm-linux-gnueabihf/arm-linux-gnueabihf/libc/usr/lib -L/opt/ssd20x/gcc-arm-8.2-2018.08-x86_64-arm-linux-gnueabihf/arm-linux-gnueabihf/libc/lib -znow -zrelro  -o esi esi.o ../../src/lib/libatm.la 
OpenWrt-libtool: link: arm-linux-gnueabihf-gcc -I../../src/include -Os -pipe -Wno-implicit-fallthrough -mfpu=neon -Wno-format-overflow -fno-caller-saves -fno-plt -mfloat-abi=hard -D_FORTIFY_SOURCE=1 -Wl,-z -Wl,now -Wl,-z -Wl,relro -Wall -Wshadow -Wpointer-arith -Wwrite-strings -Wstrict-prototypes -znow -zrelro -o .libs/esi esi.o  -L/media/gwind/windcode/openwrt-ssd20x/18.06/staging_dir/target-arm-linux-gnueabihf_glibc/usr/lib -L/media/gwind/windcode/openwrt-ssd20x/18.06/staging_dir/target-arm-linux-gnueabihf_glibc/lib -L/opt/ssd20x/gcc-arm-8.2-2018.08-x86_64-arm-linux-gnueabihf/arm-linux-gnueabihf/libc/usr/lib -L/opt/ssd20x/gcc-arm-8.2-2018.08-x86_64-arm-linux-gnueabihf/arm-linux-gnueabihf/libc/lib ../../src/lib/.libs/libatm.so -lresolv
arm-linux-gnueabihf-gcc -DHAVE_CONFIG_H -I. -I../.. -I./../q2931 -I./../saal -I.  -I/media/gwind/windcode/openwrt-ssd20x/18.06/staging_dir/target-arm-linux-gnueabihf_glibc/usr/include -I/media/gwind/windcode/openwrt-ssd20x/18.06/staging_dir/target-arm-linux-gnueabihf_glibc/include   -I../../src/include -Os -pipe -Wno-implicit-fallthrough -mfpu=neon -Wno-format-overflow -fno-caller-saves -fno-plt -mfloat-abi=hard  -D_FORTIFY_SOURCE=1 -Wl,-z,now -Wl,-z,relro  -Wall -Wshadow -Wpointer-arith -Wwrite-strings -Wstrict-prototypes -MT atmloop.o -MD -MP -MF .deps/atmloop.Tpo -c -o atmloop.o atmloop.c
mv -f .deps/atmloop.Tpo .deps/atmloop.Po
/bin/bash ../../libtool  --tag=CC   --mode=link arm-linux-gnueabihf-gcc  -I../../src/include -Os -pipe -Wno-implicit-fallthrough -mfpu=neon -Wno-format-overflow -fno-caller-saves -fno-plt -mfloat-abi=hard  -D_FORTIFY_SOURCE=1 -Wl,-z,now -Wl,-z,relro  -Wall -Wshadow -Wpointer-arith -Wwrite-strings -Wstrict-prototypes  -L/media/gwind/windcode/openwrt-ssd20x/18.06/staging_dir/target-arm-linux-gnueabihf_glibc/usr/lib -L/media/gwind/windcode/openwrt-ssd20x/18.06/staging_dir/target-arm-linux-gnueabihf_glibc/lib -L/opt/ssd20x/gcc-arm-8.2-2018.08-x86_64-arm-linux-gnueabihf/arm-linux-gnueabihf/libc/usr/lib -L/opt/ssd20x/gcc-arm-8.2-2018.08-x86_64-arm-linux-gnueabihf/arm-linux-gnueabihf/libc/lib -znow -zrelro  -o atmloop atmloop.o ../../src/lib/libatm.la 
OpenWrt-libtool: link: arm-linux-gnueabihf-gcc -I../../src/include -Os -pipe -Wno-implicit-fallthrough -mfpu=neon -Wno-format-overflow -fno-caller-saves -fno-plt -mfloat-abi=hard -D_FORTIFY_SOURCE=1 -Wl,-z -Wl,now -Wl,-z -Wl,relro -Wall -Wshadow -Wpointer-arith -Wwrite-strings -Wstrict-prototypes -znow -zrelro -o .libs/atmloop atmloop.o  -L/media/gwind/windcode/openwrt-ssd20x/18.06/staging_dir/target-arm-linux-gnueabihf_glibc/usr/lib -L/media/gwind/windcode/openwrt-ssd20x/18.06/staging_dir/target-arm-linux-gnueabihf_glibc/lib -L/opt/ssd20x/gcc-arm-8.2-2018.08-x86_64-arm-linux-gnueabihf/arm-linux-gnueabihf/libc/usr/lib -L/opt/ssd20x/gcc-arm-8.2-2018.08-x86_64-arm-linux-gnueabihf/arm-linux-gnueabihf/libc/lib ../../src/lib/.libs/libatm.so -lresolv
arm-linux-gnueabihf-gcc -DHAVE_CONFIG_H -I. -I../.. -I./../q2931 -I./../saal -I.  -I/media/gwind/windcode/openwrt-ssd20x/18.06/staging_dir/target-arm-linux-gnueabihf_glibc/usr/include -I/media/gwind/windcode/openwrt-ssd20x/18.06/staging_dir/target-arm-linux-gnueabihf_glibc/include   -I../../src/include -Os -pipe -Wno-implicit-fallthrough -mfpu=neon -Wno-format-overflow -fno-caller-saves -fno-plt -mfloat-abi=hard  -D_FORTIFY_SOURCE=1 -Wl,-z,now -Wl,-z,relro  -Wall -Wshadow -Wpointer-arith -Wwrite-strings -Wstrict-prototypes -MT atmtcp.o -MD -MP -MF .deps/atmtcp.Tpo -c -o atmtcp.o atmtcp.c
mv -f .deps/atmtcp.Tpo .deps/atmtcp.Po
/bin/bash ../../libtool  --tag=CC   --mode=link arm-linux-gnueabihf-gcc  -I../../src/include -Os -pipe -Wno-implicit-fallthrough -mfpu=neon -Wno-format-overflow -fno-caller-saves -fno-plt -mfloat-abi=hard  -D_FORTIFY_SOURCE=1 -Wl,-z,now -Wl,-z,relro  -Wall -Wshadow -Wpointer-arith -Wwrite-strings -Wstrict-prototypes  -L/media/gwind/windcode/openwrt-ssd20x/18.06/staging_dir/target-arm-linux-gnueabihf_glibc/usr/lib -L/media/gwind/windcode/openwrt-ssd20x/18.06/staging_dir/target-arm-linux-gnueabihf_glibc/lib -L/opt/ssd20x/gcc-arm-8.2-2018.08-x86_64-arm-linux-gnueabihf/arm-linux-gnueabihf/libc/usr/lib -L/opt/ssd20x/gcc-arm-8.2-2018.08-x86_64-arm-linux-gnueabihf/arm-linux-gnueabihf/libc/lib -znow -zrelro  -o atmtcp atmtcp.o ../../src/lib/libatm.la 
OpenWrt-libtool: link: arm-linux-gnueabihf-gcc -I../../src/include -Os -pipe -Wno-implicit-fallthrough -mfpu=neon -Wno-format-overflow -fno-caller-saves -fno-plt -mfloat-abi=hard -D_FORTIFY_SOURCE=1 -Wl,-z -Wl,now -Wl,-z -Wl,relro -Wall -Wshadow -Wpointer-arith -Wwrite-strings -Wstrict-prototypes -znow -zrelro -o .libs/atmtcp atmtcp.o  -L/media/gwind/windcode/openwrt-ssd20x/18.06/staging_dir/target-arm-linux-gnueabihf_glibc/usr/lib -L/media/gwind/windcode/openwrt-ssd20x/18.06/staging_dir/target-arm-linux-gnueabihf_glibc/lib -L/opt/ssd20x/gcc-arm-8.2-2018.08-x86_64-arm-linux-gnueabihf/arm-linux-gnueabihf/libc/usr/lib -L/opt/ssd20x/gcc-arm-8.2-2018.08-x86_64-arm-linux-gnueabihf/arm-linux-gnueabihf/libc/lib ../../src/lib/.libs/libatm.so -lresolv
arm-linux-gnueabihf-gcc -DHAVE_CONFIG_H -I. -I../.. -I./../q2931 -I./../saal -I.  -I/media/gwind/windcode/openwrt-ssd20x/18.06/staging_dir/target-arm-linux-gnueabihf_glibc/usr/include -I/media/gwind/windcode/openwrt-ssd20x/18.06/staging_dir/target-arm-linux-gnueabihf_glibc/include   -I../../src/include -Os -pipe -Wno-implicit-fallthrough -mfpu=neon -Wno-format-overflow -fno-caller-saves -fno-plt -mfloat-abi=hard  -D_FORTIFY_SOURCE=1 -Wl,-z,now -Wl,-z,relro  -Wall -Wshadow -Wpointer-arith -Wwrite-strings -Wstrict-prototypes -MT enitune.o -MD -MP -MF .deps/enitune.Tpo -c -o enitune.o enitune.c
mv -f .deps/enitune.Tpo .deps/enitune.Po
/bin/bash ../../libtool  --tag=CC   --mode=link arm-linux-gnueabihf-gcc  -I../../src/include -Os -pipe -Wno-implicit-fallthrough -mfpu=neon -Wno-format-overflow -fno-caller-saves -fno-plt -mfloat-abi=hard  -D_FORTIFY_SOURCE=1 -Wl,-z,now -Wl,-z,relro  -Wall -Wshadow -Wpointer-arith -Wwrite-strings -Wstrict-prototypes  -L/media/gwind/windcode/openwrt-ssd20x/18.06/staging_dir/target-arm-linux-gnueabihf_glibc/usr/lib -L/media/gwind/windcode/openwrt-ssd20x/18.06/staging_dir/target-arm-linux-gnueabihf_glibc/lib -L/opt/ssd20x/gcc-arm-8.2-2018.08-x86_64-arm-linux-gnueabihf/arm-linux-gnueabihf/libc/usr/lib -L/opt/ssd20x/gcc-arm-8.2-2018.08-x86_64-arm-linux-gnueabihf/arm-linux-gnueabihf/libc/lib -znow -zrelro  -o enitune enitune.o ../../src/lib/libatm.la 
OpenWrt-libtool: link: arm-linux-gnueabihf-gcc -I../../src/include -Os -pipe -Wno-implicit-fallthrough -mfpu=neon -Wno-format-overflow -fno-caller-saves -fno-plt -mfloat-abi=hard -D_FORTIFY_SOURCE=1 -Wl,-z -Wl,now -Wl,-z -Wl,relro -Wall -Wshadow -Wpointer-arith -Wwrite-strings -Wstrict-prototypes -znow -zrelro -o .libs/enitune enitune.o  -L/media/gwind/windcode/openwrt-ssd20x/18.06/staging_dir/target-arm-linux-gnueabihf_glibc/usr/lib -L/media/gwind/windcode/openwrt-ssd20x/18.06/staging_dir/target-arm-linux-gnueabihf_glibc/lib -L/opt/ssd20x/gcc-arm-8.2-2018.08-x86_64-arm-linux-gnueabihf/arm-linux-gnueabihf/libc/usr/lib -L/opt/ssd20x/gcc-arm-8.2-2018.08-x86_64-arm-linux-gnueabihf/arm-linux-gnueabihf/libc/lib ../../src/lib/.libs/libatm.so -lresolv
arm-linux-gnueabihf-gcc -DHAVE_CONFIG_H -I. -I../.. -I./../q2931 -I./../saal -I.  -I/media/gwind/windcode/openwrt-ssd20x/18.06/staging_dir/target-arm-linux-gnueabihf_glibc/usr/include -I/media/gwind/windcode/openwrt-ssd20x/18.06/staging_dir/target-arm-linux-gnueabihf_glibc/include   -I../../src/include -Os -pipe -Wno-implicit-fallthrough -mfpu=neon -Wno-format-overflow -fno-caller-saves -fno-plt -mfloat-abi=hard  -D_FORTIFY_SOURCE=1 -Wl,-z,now -Wl,-z,relro  -Wall -Wshadow -Wpointer-arith -Wwrite-strings -Wstrict-prototypes -MT zntune.o -MD -MP -MF .deps/zntune.Tpo -c -o zntune.o zntune.c
mv -f .deps/zntune.Tpo .deps/zntune.Po
/bin/bash ../../libtool  --tag=CC   --mode=link arm-linux-gnueabihf-gcc  -I../../src/include -Os -pipe -Wno-implicit-fallthrough -mfpu=neon -Wno-format-overflow -fno-caller-saves -fno-plt -mfloat-abi=hard  -D_FORTIFY_SOURCE=1 -Wl,-z,now -Wl,-z,relro  -Wall -Wshadow -Wpointer-arith -Wwrite-strings -Wstrict-prototypes  -L/media/gwind/windcode/openwrt-ssd20x/18.06/staging_dir/target-arm-linux-gnueabihf_glibc/usr/lib -L/media/gwind/windcode/openwrt-ssd20x/18.06/staging_dir/target-arm-linux-gnueabihf_glibc/lib -L/opt/ssd20x/gcc-arm-8.2-2018.08-x86_64-arm-linux-gnueabihf/arm-linux-gnueabihf/libc/usr/lib -L/opt/ssd20x/gcc-arm-8.2-2018.08-x86_64-arm-linux-gnueabihf/arm-linux-gnueabihf/libc/lib -znow -zrelro  -o zntune zntune.o ../../src/lib/libatm.la 
OpenWrt-libtool: link: arm-linux-gnueabihf-gcc -I../../src/include -Os -pipe -Wno-implicit-fallthrough -mfpu=neon -Wno-format-overflow -fno-caller-saves -fno-plt -mfloat-abi=hard -D_FORTIFY_SOURCE=1 -Wl,-z -Wl,now -Wl,-z -Wl,relro -Wall -Wshadow -Wpointer-arith -Wwrite-strings -Wstrict-prototypes -znow -zrelro -o .libs/zntune zntune.o  -L/media/gwind/windcode/openwrt-ssd20x/18.06/staging_dir/target-arm-linux-gnueabihf_glibc/usr/lib -L/media/gwind/windcode/openwrt-ssd20x/18.06/staging_dir/target-arm-linux-gnueabihf_glibc/lib -L/opt/ssd20x/gcc-arm-8.2-2018.08-x86_64-arm-linux-gnueabihf/arm-linux-gnueabihf/libc/usr/lib -L/opt/ssd20x/gcc-arm-8.2-2018.08-x86_64-arm-linux-gnueabihf/arm-linux-gnueabihf/libc/lib ../../src/lib/.libs/libatm.so -lresolv
arm-linux-gnueabihf-gcc -DHAVE_CONFIG_H -I. -I../.. -I./../q2931 -I./../saal -I.  -I/media/gwind/windcode/openwrt-ssd20x/18.06/staging_dir/target-arm-linux-gnueabihf_glibc/usr/include -I/media/gwind/windcode/openwrt-ssd20x/18.06/staging_dir/target-arm-linux-gnueabihf_glibc/include   -I../../src/include -Os -pipe -Wno-implicit-fallthrough -mfpu=neon -Wno-format-overflow -fno-caller-saves -fno-plt -mfloat-abi=hard  -D_FORTIFY_SOURCE=1 -Wl,-z,now -Wl,-z,relro  -Wall -Wshadow -Wpointer-arith -Wwrite-strings -Wstrict-prototypes -MT hediag.o -MD -MP -MF .deps/hediag.Tpo -c -o hediag.o hediag.c
mv -f .deps/hediag.Tpo .deps/hediag.Po
/bin/bash ../../libtool  --tag=CC   --mode=link arm-linux-gnueabihf-gcc  -I../../src/include -Os -pipe -Wno-implicit-fallthrough -mfpu=neon -Wno-format-overflow -fno-caller-saves -fno-plt -mfloat-abi=hard  -D_FORTIFY_SOURCE=1 -Wl,-z,now -Wl,-z,relro  -Wall -Wshadow -Wpointer-arith -Wwrite-strings -Wstrict-prototypes  -L/media/gwind/windcode/openwrt-ssd20x/18.06/staging_dir/target-arm-linux-gnueabihf_glibc/usr/lib -L/media/gwind/windcode/openwrt-ssd20x/18.06/staging_dir/target-arm-linux-gnueabihf_glibc/lib -L/opt/ssd20x/gcc-arm-8.2-2018.08-x86_64-arm-linux-gnueabihf/arm-linux-gnueabihf/libc/usr/lib -L/opt/ssd20x/gcc-arm-8.2-2018.08-x86_64-arm-linux-gnueabihf/arm-linux-gnueabihf/libc/lib -znow -zrelro  -o hediag hediag.o ../../src/lib/libatm.la 
OpenWrt-libtool: link: arm-linux-gnueabihf-gcc -I../../src/include -Os -pipe -Wno-implicit-fallthrough -mfpu=neon -Wno-format-overflow -fno-caller-saves -fno-plt -mfloat-abi=hard -D_FORTIFY_SOURCE=1 -Wl,-z -Wl,now -Wl,-z -Wl,relro -Wall -Wshadow -Wpointer-arith -Wwrite-strings -Wstrict-prototypes -znow -zrelro -o .libs/hediag hediag.o  -L/media/gwind/windcode/openwrt-ssd20x/18.06/staging_dir/target-arm-linux-gnueabihf_glibc/usr/lib -L/media/gwind/windcode/openwrt-ssd20x/18.06/staging_dir/target-arm-linux-gnueabihf_glibc/lib -L/opt/ssd20x/gcc-arm-8.2-2018.08-x86_64-arm-linux-gnueabihf/arm-linux-gnueabihf/libc/usr/lib -L/opt/ssd20x/gcc-arm-8.2-2018.08-x86_64-arm-linux-gnueabihf/arm-linux-gnueabihf/libc/lib ../../src/lib/.libs/libatm.so -lresolv
make[7]: Leaving directory '/media/gwind/windcode/openwrt-ssd20x/18.06/build_dir/target-arm-linux-gnueabihf_glibc/linux-sstar_ssd20x/linux-atm-2.5.2/src/maint'
Making all in arpd
make[7]: Entering directory '/media/gwind/windcode/openwrt-ssd20x/18.06/build_dir/target-arm-linux-gnueabihf_glibc/linux-sstar_ssd20x/linux-atm-2.5.2/src/arpd'
arm-linux-gnueabihf-gcc -DHAVE_CONFIG_H -I. -I../..   -I/media/gwind/windcode/openwrt-ssd20x/18.06/staging_dir/target-arm-linux-gnueabihf_glibc/usr/include -I/media/gwind/windcode/openwrt-ssd20x/18.06/staging_dir/target-arm-linux-gnueabihf_glibc/include   -I../../src/include -Os -pipe -Wno-implicit-fallthrough -mfpu=neon -Wno-format-overflow -fno-caller-saves -fno-plt -mfloat-abi=hard  -D_FORTIFY_SOURCE=1 -Wl,-z,now -Wl,-z,relro  -Wall -Wshadow -Wpointer-arith -Wwrite-strings -Wstrict-prototypes -MT atmarp.o -MD -MP -MF .deps/atmarp.Tpo -c -o atmarp.o atmarp.c
mv -f .deps/atmarp.Tpo .deps/atmarp.Po
/bin/bash ../../libtool  --tag=CC   --mode=link arm-linux-gnueabihf-gcc  -I../../src/include -Os -pipe -Wno-implicit-fallthrough -mfpu=neon -Wno-format-overflow -fno-caller-saves -fno-plt -mfloat-abi=hard  -D_FORTIFY_SOURCE=1 -Wl,-z,now -Wl,-z,relro  -Wall -Wshadow -Wpointer-arith -Wwrite-strings -Wstrict-prototypes  -L/media/gwind/windcode/openwrt-ssd20x/18.06/staging_dir/target-arm-linux-gnueabihf_glibc/usr/lib -L/media/gwind/windcode/openwrt-ssd20x/18.06/staging_dir/target-arm-linux-gnueabihf_glibc/lib -L/opt/ssd20x/gcc-arm-8.2-2018.08-x86_64-arm-linux-gnueabihf/arm-linux-gnueabihf/libc/usr/lib -L/opt/ssd20x/gcc-arm-8.2-2018.08-x86_64-arm-linux-gnueabihf/arm-linux-gnueabihf/libc/lib -znow -zrelro  -o atmarp atmarp.o ../../src/lib/libatm.la 
OpenWrt-libtool: link: arm-linux-gnueabihf-gcc -I../../src/include -Os -pipe -Wno-implicit-fallthrough -mfpu=neon -Wno-format-overflow -fno-caller-saves -fno-plt -mfloat-abi=hard -D_FORTIFY_SOURCE=1 -Wl,-z -Wl,now -Wl,-z -Wl,relro -Wall -Wshadow -Wpointer-arith -Wwrite-strings -Wstrict-prototypes -znow -zrelro -o .libs/atmarp atmarp.o  -L/media/gwind/windcode/openwrt-ssd20x/18.06/staging_dir/target-arm-linux-gnueabihf_glibc/usr/lib -L/media/gwind/windcode/openwrt-ssd20x/18.06/staging_dir/target-arm-linux-gnueabihf_glibc/lib -L/opt/ssd20x/gcc-arm-8.2-2018.08-x86_64-arm-linux-gnueabihf/arm-linux-gnueabihf/libc/usr/lib -L/opt/ssd20x/gcc-arm-8.2-2018.08-x86_64-arm-linux-gnueabihf/arm-linux-gnueabihf/libc/lib ../../src/lib/.libs/libatm.so -lresolv
arm-linux-gnueabihf-gcc -DHAVE_CONFIG_H -I. -I../..   -I/media/gwind/windcode/openwrt-ssd20x/18.06/staging_dir/target-arm-linux-gnueabihf_glibc/usr/include -I/media/gwind/windcode/openwrt-ssd20x/18.06/staging_dir/target-arm-linux-gnueabihf_glibc/include   -I../../src/include -Os -pipe -Wno-implicit-fallthrough -mfpu=neon -Wno-format-overflow -fno-caller-saves -fno-plt -mfloat-abi=hard  -D_FORTIFY_SOURCE=1 -Wl,-z,now -Wl,-z,relro  -Wall -Wshadow -Wpointer-arith -Wwrite-strings -Wstrict-prototypes -MT atmarpd.o -MD -MP -MF .deps/atmarpd.Tpo -c -o atmarpd.o atmarpd.c
mv -f .deps/atmarpd.Tpo .deps/atmarpd.Po
arm-linux-gnueabihf-gcc -DHAVE_CONFIG_H -I. -I../..   -I/media/gwind/windcode/openwrt-ssd20x/18.06/staging_dir/target-arm-linux-gnueabihf_glibc/usr/include -I/media/gwind/windcode/openwrt-ssd20x/18.06/staging_dir/target-arm-linux-gnueabihf_glibc/include   -I../../src/include -Os -pipe -Wno-implicit-fallthrough -mfpu=neon -Wno-format-overflow -fno-caller-saves -fno-plt -mfloat-abi=hard  -D_FORTIFY_SOURCE=1 -Wl,-z,now -Wl,-z,relro  -Wall -Wshadow -Wpointer-arith -Wwrite-strings -Wstrict-prototypes -MT arp.o -MD -MP -MF .deps/arp.Tpo -c -o arp.o arp.c
mv -f .deps/arp.Tpo .deps/arp.Po
arm-linux-gnueabihf-gcc -DHAVE_CONFIG_H -I. -I../..   -I/media/gwind/windcode/openwrt-ssd20x/18.06/staging_dir/target-arm-linux-gnueabihf_glibc/usr/include -I/media/gwind/windcode/openwrt-ssd20x/18.06/staging_dir/target-arm-linux-gnueabihf_glibc/include   -I../../src/include -Os -pipe -Wno-implicit-fallthrough -mfpu=neon -Wno-format-overflow -fno-caller-saves -fno-plt -mfloat-abi=hard  -D_FORTIFY_SOURCE=1 -Wl,-z,now -Wl,-z,relro  -Wall -Wshadow -Wpointer-arith -Wwrite-strings -Wstrict-prototypes -MT io.o -MD -MP -MF .deps/io.Tpo -c -o io.o io.c
mv -f .deps/io.Tpo .deps/io.Po
arm-linux-gnueabihf-gcc -DHAVE_CONFIG_H -I. -I../..   -I/media/gwind/windcode/openwrt-ssd20x/18.06/staging_dir/target-arm-linux-gnueabihf_glibc/usr/include -I/media/gwind/windcode/openwrt-ssd20x/18.06/staging_dir/target-arm-linux-gnueabihf_glibc/include   -I../../src/include -Os -pipe -Wno-implicit-fallthrough -mfpu=neon -Wno-format-overflow -fno-caller-saves -fno-plt -mfloat-abi=hard  -D_FORTIFY_SOURCE=1 -Wl,-z,now -Wl,-z,relro  -Wall -Wshadow -Wpointer-arith -Wwrite-strings -Wstrict-prototypes -MT itf.o -MD -MP -MF .deps/itf.Tpo -c -o itf.o itf.c
mv -f .deps/itf.Tpo .deps/itf.Po
arm-linux-gnueabihf-gcc -DHAVE_CONFIG_H -I. -I../..   -I/media/gwind/windcode/openwrt-ssd20x/18.06/staging_dir/target-arm-linux-gnueabihf_glibc/usr/include -I/media/gwind/windcode/openwrt-ssd20x/18.06/staging_dir/target-arm-linux-gnueabihf_glibc/include   -I../../src/include -Os -pipe -Wno-implicit-fallthrough -mfpu=neon -Wno-format-overflow -fno-caller-saves -fno-plt -mfloat-abi=hard  -D_FORTIFY_SOURCE=1 -Wl,-z,now -Wl,-z,relro  -Wall -Wshadow -Wpointer-arith -Wwrite-strings -Wstrict-prototypes -MT table.o -MD -MP -MF .deps/table.Tpo -c -o table.o table.c
mv -f .deps/table.Tpo .deps/table.Po
/bin/bash ../../libtool  --tag=CC   --mode=link arm-linux-gnueabihf-gcc  -I../../src/include -Os -pipe -Wno-implicit-fallthrough -mfpu=neon -Wno-format-overflow -fno-caller-saves -fno-plt -mfloat-abi=hard  -D_FORTIFY_SOURCE=1 -Wl,-z,now -Wl,-z,relro  -Wall -Wshadow -Wpointer-arith -Wwrite-strings -Wstrict-prototypes  -L/media/gwind/windcode/openwrt-ssd20x/18.06/staging_dir/target-arm-linux-gnueabihf_glibc/usr/lib -L/media/gwind/windcode/openwrt-ssd20x/18.06/staging_dir/target-arm-linux-gnueabihf_glibc/lib -L/opt/ssd20x/gcc-arm-8.2-2018.08-x86_64-arm-linux-gnueabihf/arm-linux-gnueabihf/libc/usr/lib -L/opt/ssd20x/gcc-arm-8.2-2018.08-x86_64-arm-linux-gnueabihf/arm-linux-gnueabihf/libc/lib -znow -zrelro  -o atmarpd atmarpd.o arp.o io.o itf.o table.o ../../src/lib/libatm.la 
OpenWrt-libtool: link: arm-linux-gnueabihf-gcc -I../../src/include -Os -pipe -Wno-implicit-fallthrough -mfpu=neon -Wno-format-overflow -fno-caller-saves -fno-plt -mfloat-abi=hard -D_FORTIFY_SOURCE=1 -Wl,-z -Wl,now -Wl,-z -Wl,relro -Wall -Wshadow -Wpointer-arith -Wwrite-strings -Wstrict-prototypes -znow -zrelro -o .libs/atmarpd atmarpd.o arp.o io.o itf.o table.o  -L/media/gwind/windcode/openwrt-ssd20x/18.06/staging_dir/target-arm-linux-gnueabihf_glibc/usr/lib -L/media/gwind/windcode/openwrt-ssd20x/18.06/staging_dir/target-arm-linux-gnueabihf_glibc/lib -L/opt/ssd20x/gcc-arm-8.2-2018.08-x86_64-arm-linux-gnueabihf/arm-linux-gnueabihf/libc/usr/lib -L/opt/ssd20x/gcc-arm-8.2-2018.08-x86_64-arm-linux-gnueabihf/arm-linux-gnueabihf/libc/lib ../../src/lib/.libs/libatm.so -lresolv
make[7]: Leaving directory '/media/gwind/windcode/openwrt-ssd20x/18.06/build_dir/target-arm-linux-gnueabihf_glibc/linux-sstar_ssd20x/linux-atm-2.5.2/src/arpd'
Making all in ilmid
make[7]: Entering directory '/media/gwind/windcode/openwrt-ssd20x/18.06/build_dir/target-arm-linux-gnueabihf_glibc/linux-sstar_ssd20x/linux-atm-2.5.2/src/ilmid'
Making all in asn1
make[8]: Entering directory '/media/gwind/windcode/openwrt-ssd20x/18.06/build_dir/target-arm-linux-gnueabihf_glibc/linux-sstar_ssd20x/linux-atm-2.5.2/src/ilmid/asn1'
arm-linux-gnueabihf-gcc -DHAVE_CONFIG_H -I. -I../../..   -I/media/gwind/windcode/openwrt-ssd20x/18.06/staging_dir/target-arm-linux-gnueabihf_glibc/usr/include -I/media/gwind/windcode/openwrt-ssd20x/18.06/staging_dir/target-arm-linux-gnueabihf_glibc/include   -I../../../src/include -Os -pipe -Wno-implicit-fallthrough -mfpu=neon -Wno-format-overflow -fno-caller-saves -fno-plt -mfloat-abi=hard  -D_FORTIFY_SOURCE=1 -Wl,-z,now -Wl,-z,relro  -Wall -Wshadow -Wpointer-arith -Wwrite-strings -Wstrict-prototypes -MT asn_len.o -MD -MP -MF .deps/asn_len.Tpo -c -o asn_len.o asn_len.c
mv -f .deps/asn_len.Tpo .deps/asn_len.Po
arm-linux-gnueabihf-gcc -DHAVE_CONFIG_H -I. -I../../..   -I/media/gwind/windcode/openwrt-ssd20x/18.06/staging_dir/target-arm-linux-gnueabihf_glibc/usr/include -I/media/gwind/windcode/openwrt-ssd20x/18.06/staging_dir/target-arm-linux-gnueabihf_glibc/include   -I../../../src/include -Os -pipe -Wno-implicit-fallthrough -mfpu=neon -Wno-format-overflow -fno-caller-saves -fno-plt -mfloat-abi=hard  -D_FORTIFY_SOURCE=1 -Wl,-z,now -Wl,-z,relro  -Wall -Wshadow -Wpointer-arith -Wwrite-strings -Wstrict-prototypes -MT asn_tag.o -MD -MP -MF .deps/asn_tag.Tpo -c -o asn_tag.o asn_tag.c
mv -f .deps/asn_tag.Tpo .deps/asn_tag.Po
arm-linux-gnueabihf-gcc -DHAVE_CONFIG_H -I. -I../../..   -I/media/gwind/windcode/openwrt-ssd20x/18.06/staging_dir/target-arm-linux-gnueabihf_glibc/usr/include -I/media/gwind/windcode/openwrt-ssd20x/18.06/staging_dir/target-arm-linux-gnueabihf_glibc/include   -I../../../src/include -Os -pipe -Wno-implicit-fallthrough -mfpu=neon -Wno-format-overflow -fno-caller-saves -fno-plt -mfloat-abi=hard  -D_FORTIFY_SOURCE=1 -Wl,-z,now -Wl,-z,relro  -Wall -Wshadow -Wpointer-arith -Wwrite-strings -Wstrict-prototypes -MT asn_int.o -MD -MP -MF .deps/asn_int.Tpo -c -o asn_int.o asn_int.c
mv -f .deps/asn_int.Tpo .deps/asn_int.Po
arm-linux-gnueabihf-gcc -DHAVE_CONFIG_H -I. -I../../..   -I/media/gwind/windcode/openwrt-ssd20x/18.06/staging_dir/target-arm-linux-gnueabihf_glibc/usr/include -I/media/gwind/windcode/openwrt-ssd20x/18.06/staging_dir/target-arm-linux-gnueabihf_glibc/include   -I../../../src/include -Os -pipe -Wno-implicit-fallthrough -mfpu=neon -Wno-format-overflow -fno-caller-saves -fno-plt -mfloat-abi=hard  -D_FORTIFY_SOURCE=1 -Wl,-z,now -Wl,-z,relro  -Wall -Wshadow -Wpointer-arith -Wwrite-strings -Wstrict-prototypes -MT asn_octs.o -MD -MP -MF .deps/asn_octs.Tpo -c -o asn_octs.o asn_octs.c
mv -f .deps/asn_octs.Tpo .deps/asn_octs.Po
arm-linux-gnueabihf-gcc -DHAVE_CONFIG_H -I. -I../../..   -I/media/gwind/windcode/openwrt-ssd20x/18.06/staging_dir/target-arm-linux-gnueabihf_glibc/usr/include -I/media/gwind/windcode/openwrt-ssd20x/18.06/staging_dir/target-arm-linux-gnueabihf_glibc/include   -I../../../src/include -Os -pipe -Wno-implicit-fallthrough -mfpu=neon -Wno-format-overflow -fno-caller-saves -fno-plt -mfloat-abi=hard  -D_FORTIFY_SOURCE=1 -Wl,-z,now -Wl,-z,relro  -Wall -Wshadow -Wpointer-arith -Wwrite-strings -Wstrict-prototypes -MT asn_bits.o -MD -MP -MF .deps/asn_bits.Tpo -c -o asn_bits.o asn_bits.c
mv -f .deps/asn_bits.Tpo .deps/asn_bits.Po
arm-linux-gnueabihf-gcc -DHAVE_CONFIG_H -I. -I../../..   -I/media/gwind/windcode/openwrt-ssd20x/18.06/staging_dir/target-arm-linux-gnueabihf_glibc/usr/include -I/media/gwind/windcode/openwrt-ssd20x/18.06/staging_dir/target-arm-linux-gnueabihf_glibc/include   -I../../../src/include -Os -pipe -Wno-implicit-fallthrough -mfpu=neon -Wno-format-overflow -fno-caller-saves -fno-plt -mfloat-abi=hard  -D_FORTIFY_SOURCE=1 -Wl,-z,now -Wl,-z,relro  -Wall -Wshadow -Wpointer-arith -Wwrite-strings -Wstrict-prototypes -MT str_stk.o -MD -MP -MF .deps/str_stk.Tpo -c -o str_stk.o str_stk.c
mv -f .deps/str_stk.Tpo .deps/str_stk.Po
arm-linux-gnueabihf-gcc -DHAVE_CONFIG_H -I. -I../../..   -I/media/gwind/windcode/openwrt-ssd20x/18.06/staging_dir/target-arm-linux-gnueabihf_glibc/usr/include -I/media/gwind/windcode/openwrt-ssd20x/18.06/staging_dir/target-arm-linux-gnueabihf_glibc/include   -I../../../src/include -Os -pipe -Wno-implicit-fallthrough -mfpu=neon -Wno-format-overflow -fno-caller-saves -fno-plt -mfloat-abi=hard  -D_FORTIFY_SOURCE=1 -Wl,-z,now -Wl,-z,relro  -Wall -Wshadow -Wpointer-arith -Wwrite-strings -Wstrict-prototypes -MT asn_oid.o -MD -MP -MF .deps/asn_oid.Tpo -c -o asn_oid.o asn_oid.c
mv -f .deps/asn_oid.Tpo .deps/asn_oid.Po
arm-linux-gnueabihf-gcc -DHAVE_CONFIG_H -I. -I../../..   -I/media/gwind/windcode/openwrt-ssd20x/18.06/staging_dir/target-arm-linux-gnueabihf_glibc/usr/include -I/media/gwind/windcode/openwrt-ssd20x/18.06/staging_dir/target-arm-linux-gnueabihf_glibc/include   -I../../../src/include -Os -pipe -Wno-implicit-fallthrough -mfpu=neon -Wno-format-overflow -fno-caller-saves -fno-plt -mfloat-abi=hard  -D_FORTIFY_SOURCE=1 -Wl,-z,now -Wl,-z,relro  -Wall -Wshadow -Wpointer-arith -Wwrite-strings -Wstrict-prototypes -MT asn_null.o -MD -MP -MF .deps/asn_null.Tpo -c -o asn_null.o asn_null.c
mv -f .deps/asn_null.Tpo .deps/asn_null.Po
arm-linux-gnueabihf-gcc -DHAVE_CONFIG_H -I. -I../../..   -I/media/gwind/windcode/openwrt-ssd20x/18.06/staging_dir/target-arm-linux-gnueabihf_glibc/usr/include -I/media/gwind/windcode/openwrt-ssd20x/18.06/staging_dir/target-arm-linux-gnueabihf_glibc/include   -I../../../src/include -Os -pipe -Wno-implicit-fallthrough -mfpu=neon -Wno-format-overflow -fno-caller-saves -fno-plt -mfloat-abi=hard  -D_FORTIFY_SOURCE=1 -Wl,-z,now -Wl,-z,relro  -Wall -Wshadow -Wpointer-arith -Wwrite-strings -Wstrict-prototypes -MT asn_list.o -MD -MP -MF .deps/asn_list.Tpo -c -o asn_list.o asn_list.c
mv -f .deps/asn_list.Tpo .deps/asn_list.Po
arm-linux-gnueabihf-gcc -DHAVE_CONFIG_H -I. -I../../..   -I/media/gwind/windcode/openwrt-ssd20x/18.06/staging_dir/target-arm-linux-gnueabihf_glibc/usr/include -I/media/gwind/windcode/openwrt-ssd20x/18.06/staging_dir/target-arm-linux-gnueabihf_glibc/include   -I../../../src/include -Os -pipe -Wno-implicit-fallthrough -mfpu=neon -Wno-format-overflow -fno-caller-saves -fno-plt -mfloat-abi=hard  -D_FORTIFY_SOURCE=1 -Wl,-z,now -Wl,-z,relro  -Wall -Wshadow -Wpointer-arith -Wwrite-strings -Wstrict-prototypes -MT nibble_alloc.o -MD -MP -MF .deps/nibble_alloc.Tpo -c -o nibble_alloc.o nibble_alloc.c
mv -f .deps/nibble_alloc.Tpo .deps/nibble_alloc.Po
arm-linux-gnueabihf-gcc -DHAVE_CONFIG_H -I. -I../../..   -I/media/gwind/windcode/openwrt-ssd20x/18.06/staging_dir/target-arm-linux-gnueabihf_glibc/usr/include -I/media/gwind/windcode/openwrt-ssd20x/18.06/staging_dir/target-arm-linux-gnueabihf_glibc/include   -I../../../src/include -Os -pipe -Wno-implicit-fallthrough -mfpu=neon -Wno-format-overflow -fno-caller-saves -fno-plt -mfloat-abi=hard  -D_FORTIFY_SOURCE=1 -Wl,-z,now -Wl,-z,relro  -Wall -Wshadow -Wpointer-arith -Wwrite-strings -Wstrict-prototypes -MT print.o -MD -MP -MF .deps/print.Tpo -c -o print.o print.c
mv -f .deps/print.Tpo .deps/print.Po
rm -f libasn1.a
arm-linux-gnueabihf-ar cru libasn1.a asn_len.o asn_tag.o asn_int.o asn_octs.o asn_bits.o str_stk.o asn_oid.o asn_null.o asn_list.o nibble_alloc.o print.o 
arm-linux-gnueabihf-ranlib libasn1.a
make[8]: Leaving directory '/media/gwind/windcode/openwrt-ssd20x/18.06/build_dir/target-arm-linux-gnueabihf_glibc/linux-sstar_ssd20x/linux-atm-2.5.2/src/ilmid/asn1'
make[8]: Entering directory '/media/gwind/windcode/openwrt-ssd20x/18.06/build_dir/target-arm-linux-gnueabihf_glibc/linux-sstar_ssd20x/linux-atm-2.5.2/src/ilmid'
arm-linux-gnueabihf-gcc -DHAVE_CONFIG_H -I. -I../.. -I./../ilmid/asn1  -I/media/gwind/windcode/openwrt-ssd20x/18.06/staging_dir/target-arm-linux-gnueabihf_glibc/usr/include -I/media/gwind/windcode/openwrt-ssd20x/18.06/staging_dir/target-arm-linux-gnueabihf_glibc/include   -I../../src/include -Os -pipe -Wno-implicit-fallthrough -mfpu=neon -Wno-format-overflow -fno-caller-saves -fno-plt -mfloat-abi=hard  -D_FORTIFY_SOURCE=1 -Wl,-z,now -Wl,-z,relro  -Wall -Wshadow -Wpointer-arith -Wwrite-strings -Wstrict-prototypes -MT rfc1157_snmp.o -MD -MP -MF .deps/rfc1157_snmp.Tpo -c -o rfc1157_snmp.o rfc1157_snmp.c
mv -f .deps/rfc1157_snmp.Tpo .deps/rfc1157_snmp.Po
arm-linux-gnueabihf-gcc -DHAVE_CONFIG_H -I. -I../.. -I./../ilmid/asn1  -I/media/gwind/windcode/openwrt-ssd20x/18.06/staging_dir/target-arm-linux-gnueabihf_glibc/usr/include -I/media/gwind/windcode/openwrt-ssd20x/18.06/staging_dir/target-arm-linux-gnueabihf_glibc/include   -I../../src/include -Os -pipe -Wno-implicit-fallthrough -mfpu=neon -Wno-format-overflow -fno-caller-saves -fno-plt -mfloat-abi=hard  -D_FORTIFY_SOURCE=1 -Wl,-z,now -Wl,-z,relro  -Wall -Wshadow -Wpointer-arith -Wwrite-strings -Wstrict-prototypes -MT rfc1155_smi.o -MD -MP -MF .deps/rfc1155_smi.Tpo -c -o rfc1155_smi.o rfc1155_smi.c
mv -f .deps/rfc1155_smi.Tpo .deps/rfc1155_smi.Po
arm-linux-gnueabihf-gcc -DHAVE_CONFIG_H -I. -I../.. -I./../ilmid/asn1  -I/media/gwind/windcode/openwrt-ssd20x/18.06/staging_dir/target-arm-linux-gnueabihf_glibc/usr/include -I/media/gwind/windcode/openwrt-ssd20x/18.06/staging_dir/target-arm-linux-gnueabihf_glibc/include   -I../../src/include -Os -pipe -Wno-implicit-fallthrough -mfpu=neon -Wno-format-overflow -fno-caller-saves -fno-plt -mfloat-abi=hard  -D_FORTIFY_SOURCE=1 -Wl,-z,now -Wl,-z,relro  -Wall -Wshadow -Wpointer-arith -Wwrite-strings -Wstrict-prototypes -MT util.o -MD -MP -MF .deps/util.Tpo -c -o util.o util.c
mv -f .deps/util.Tpo .deps/util.Po
arm-linux-gnueabihf-gcc -DHAVE_CONFIG_H -I. -I../.. -I./../ilmid/asn1  -I/media/gwind/windcode/openwrt-ssd20x/18.06/staging_dir/target-arm-linux-gnueabihf_glibc/usr/include -I/media/gwind/windcode/openwrt-ssd20x/18.06/staging_dir/target-arm-linux-gnueabihf_glibc/include   -I../../src/include -Os -pipe -Wno-implicit-fallthrough -mfpu=neon -Wno-format-overflow -fno-caller-saves -fno-plt -mfloat-abi=hard  -D_FORTIFY_SOURCE=1 -Wl,-z,now -Wl,-z,relro  -Wall -Wshadow -Wpointer-arith -Wwrite-strings -Wstrict-prototypes -MT io.o -MD -MP -MF .deps/io.Tpo -c -o io.o io.c
mv -f .deps/io.Tpo .deps/io.Po
arm-linux-gnueabihf-gcc -DHAVE_CONFIG_H -I. -I../.. -I./../ilmid/asn1  -I/media/gwind/windcode/openwrt-ssd20x/18.06/staging_dir/target-arm-linux-gnueabihf_glibc/usr/include -I/media/gwind/windcode/openwrt-ssd20x/18.06/staging_dir/target-arm-linux-gnueabihf_glibc/include   -I../../src/include -Os -pipe -Wno-implicit-fallthrough -mfpu=neon -Wno-format-overflow -fno-caller-saves -fno-plt -mfloat-abi=hard  -D_FORTIFY_SOURCE=1 -Wl,-z,now -Wl,-z,relro  -Wall -Wshadow -Wpointer-arith -Wwrite-strings -Wstrict-prototypes -MT message.o -MD -MP -MF .deps/message.Tpo -c -o message.o message.c
mv -f .deps/message.Tpo .deps/message.Po
arm-linux-gnueabihf-gcc -DHAVE_CONFIG_H -I. -I../.. -I./../ilmid/asn1  -I/media/gwind/windcode/openwrt-ssd20x/18.06/staging_dir/target-arm-linux-gnueabihf_glibc/usr/include -I/media/gwind/windcode/openwrt-ssd20x/18.06/staging_dir/target-arm-linux-gnueabihf_glibc/include   -I../../src/include -Os -pipe -Wno-implicit-fallthrough -mfpu=neon -Wno-format-overflow -fno-caller-saves -fno-plt -mfloat-abi=hard  -D_FORTIFY_SOURCE=1 -Wl,-z,now -Wl,-z,relro  -Wall -Wshadow -Wpointer-arith -Wwrite-strings -Wstrict-prototypes -MT atmf_uni.o -MD -MP -MF .deps/atmf_uni.Tpo -c -o atmf_uni.o atmf_uni.c
mv -f .deps/atmf_uni.Tpo .deps/atmf_uni.Po
arm-linux-gnueabihf-gcc -DHAVE_CONFIG_H -I. -I../.. -I./../ilmid/asn1  -I/media/gwind/windcode/openwrt-ssd20x/18.06/staging_dir/target-arm-linux-gnueabihf_glibc/usr/include -I/media/gwind/windcode/openwrt-ssd20x/18.06/staging_dir/target-arm-linux-gnueabihf_glibc/include   -I../../src/include -Os -pipe -Wno-implicit-fallthrough -mfpu=neon -Wno-format-overflow -fno-caller-saves -fno-plt -mfloat-abi=hard  -D_FORTIFY_SOURCE=1 -Wl,-z,now -Wl,-z,relro  -Wall -Wshadow -Wpointer-arith -Wwrite-strings -Wstrict-prototypes -MT mib.o -MD -MP -MF .deps/mib.Tpo -c -o mib.o mib.c
mv -f .deps/mib.Tpo .deps/mib.Po
arm-linux-gnueabihf-gcc -DHAVE_CONFIG_H -I. -I../.. -I./../ilmid/asn1  -I/media/gwind/windcode/openwrt-ssd20x/18.06/staging_dir/target-arm-linux-gnueabihf_glibc/usr/include -I/media/gwind/windcode/openwrt-ssd20x/18.06/staging_dir/target-arm-linux-gnueabihf_glibc/include   -I../../src/include -Os -pipe -Wno-implicit-fallthrough -mfpu=neon -Wno-format-overflow -fno-caller-saves -fno-plt -mfloat-abi=hard  -D_FORTIFY_SOURCE=1 -Wl,-z,now -Wl,-z,relro  -Wall -Wshadow -Wpointer-arith -Wwrite-strings -Wstrict-prototypes -MT sysgroup.o -MD -MP -MF .deps/sysgroup.Tpo -c -o sysgroup.o sysgroup.c
mv -f .deps/sysgroup.Tpo .deps/sysgroup.Po
arm-linux-gnueabihf-gcc -DHAVE_CONFIG_H -I. -I../.. -I./../ilmid/asn1  -I/media/gwind/windcode/openwrt-ssd20x/18.06/staging_dir/target-arm-linux-gnueabihf_glibc/usr/include -I/media/gwind/windcode/openwrt-ssd20x/18.06/staging_dir/target-arm-linux-gnueabihf_glibc/include   -I../../src/include -Os -pipe -Wno-implicit-fallthrough -mfpu=neon -Wno-format-overflow -fno-caller-saves -fno-plt -mfloat-abi=hard  -D_FORTIFY_SOURCE=1 -Wl,-z,now -Wl,-z,relro  -Wall -Wshadow -Wpointer-arith -Wwrite-strings -Wstrict-prototypes -MT ilmid.o -MD -MP -MF .deps/ilmid.Tpo -c -o ilmid.o ilmid.c
mv -f .deps/ilmid.Tpo .deps/ilmid.Po
arm-linux-gnueabihf-gcc -DHAVE_CONFIG_H -I. -I../.. -I./../ilmid/asn1  -I/media/gwind/windcode/openwrt-ssd20x/18.06/staging_dir/target-arm-linux-gnueabihf_glibc/usr/include -I/media/gwind/windcode/openwrt-ssd20x/18.06/staging_dir/target-arm-linux-gnueabihf_glibc/include   -I../../src/include -Os -pipe -Wno-implicit-fallthrough -mfpu=neon -Wno-format-overflow -fno-caller-saves -fno-plt -mfloat-abi=hard  -D_FORTIFY_SOURCE=1 -Wl,-z,now -Wl,-z,relro  -Wall -Wshadow -Wpointer-arith -Wwrite-strings -Wstrict-prototypes -MT wait.o -MD -MP -MF .deps/wait.Tpo -c -o wait.o wait.c
mv -f .deps/wait.Tpo .deps/wait.Po
arm-linux-gnueabihf-gcc -DHAVE_CONFIG_H -I. -I../.. -I./../ilmid/asn1  -I/media/gwind/windcode/openwrt-ssd20x/18.06/staging_dir/target-arm-linux-gnueabihf_glibc/usr/include -I/media/gwind/windcode/openwrt-ssd20x/18.06/staging_dir/target-arm-linux-gnueabihf_glibc/include   -I../../src/include -Os -pipe -Wno-implicit-fallthrough -mfpu=neon -Wno-format-overflow -fno-caller-saves -fno-plt -mfloat-abi=hard  -D_FORTIFY_SOURCE=1 -Wl,-z,now -Wl,-z,relro  -Wall -Wshadow -Wpointer-arith -Wwrite-strings -Wstrict-prototypes -MT states.o -MD -MP -MF .deps/states.Tpo -c -o states.o states.c
mv -f .deps/states.Tpo .deps/states.Po
arm-linux-gnueabihf-gcc -DHAVE_CONFIG_H -I. -I../.. -I./../ilmid/asn1  -I/media/gwind/windcode/openwrt-ssd20x/18.06/staging_dir/target-arm-linux-gnueabihf_glibc/usr/include -I/media/gwind/windcode/openwrt-ssd20x/18.06/staging_dir/target-arm-linux-gnueabihf_glibc/include   -I../../src/include -Os -pipe -Wno-implicit-fallthrough -mfpu=neon -Wno-format-overflow -fno-caller-saves -fno-plt -mfloat-abi=hard  -D_FORTIFY_SOURCE=1 -Wl,-z,now -Wl,-z,relro  -Wall -Wshadow -Wpointer-arith -Wwrite-strings -Wstrict-prototypes -MT actions.o -MD -MP -MF .deps/actions.Tpo -c -o actions.o actions.c
mv -f .deps/actions.Tpo .deps/actions.Po
/bin/bash ../../libtool  --tag=CC   --mode=link arm-linux-gnueabihf-gcc  -I../../src/include -Os -pipe -Wno-implicit-fallthrough -mfpu=neon -Wno-format-overflow -fno-caller-saves -fno-plt -mfloat-abi=hard  -D_FORTIFY_SOURCE=1 -Wl,-z,now -Wl,-z,relro  -Wall -Wshadow -Wpointer-arith -Wwrite-strings -Wstrict-prototypes  -L/media/gwind/windcode/openwrt-ssd20x/18.06/staging_dir/target-arm-linux-gnueabihf_glibc/usr/lib -L/media/gwind/windcode/openwrt-ssd20x/18.06/staging_dir/target-arm-linux-gnueabihf_glibc/lib -L/opt/ssd20x/gcc-arm-8.2-2018.08-x86_64-arm-linux-gnueabihf/arm-linux-gnueabihf/libc/usr/lib -L/opt/ssd20x/gcc-arm-8.2-2018.08-x86_64-arm-linux-gnueabihf/arm-linux-gnueabihf/libc/lib -znow -zrelro  -o ilmid rfc1157_snmp.o rfc1155_smi.o util.o io.o message.o atmf_uni.o mib.o sysgroup.o ilmid.o wait.o states.o actions.o ../../src/lib/libatm.la ../../src/ilmid/asn1/libasn1.a 
OpenWrt-libtool: link: arm-linux-gnueabihf-gcc -I../../src/include -Os -pipe -Wno-implicit-fallthrough -mfpu=neon -Wno-format-overflow -fno-caller-saves -fno-plt -mfloat-abi=hard -D_FORTIFY_SOURCE=1 -Wl,-z -Wl,now -Wl,-z -Wl,relro -Wall -Wshadow -Wpointer-arith -Wwrite-strings -Wstrict-prototypes -znow -zrelro -o .libs/ilmid rfc1157_snmp.o rfc1155_smi.o util.o io.o message.o atmf_uni.o mib.o sysgroup.o ilmid.o wait.o states.o actions.o  -L/media/gwind/windcode/openwrt-ssd20x/18.06/staging_dir/target-arm-linux-gnueabihf_glibc/usr/lib -L/media/gwind/windcode/openwrt-ssd20x/18.06/staging_dir/target-arm-linux-gnueabihf_glibc/lib -L/opt/ssd20x/gcc-arm-8.2-2018.08-x86_64-arm-linux-gnueabihf/arm-linux-gnueabihf/libc/usr/lib -L/opt/ssd20x/gcc-arm-8.2-2018.08-x86_64-arm-linux-gnueabihf/arm-linux-gnueabihf/libc/lib ../../src/lib/.libs/libatm.so -lresolv ../../src/ilmid/asn1/libasn1.a
arm-linux-gnueabihf-gcc -DHAVE_CONFIG_H -I. -I../.. -I./../ilmid/asn1  -I/media/gwind/windcode/openwrt-ssd20x/18.06/staging_dir/target-arm-linux-gnueabihf_glibc/usr/include -I/media/gwind/windcode/openwrt-ssd20x/18.06/staging_dir/target-arm-linux-gnueabihf_glibc/include   -I../../src/include -Os -pipe -Wno-implicit-fallthrough -mfpu=neon -Wno-format-overflow -fno-caller-saves -fno-plt -mfloat-abi=hard  -D_FORTIFY_SOURCE=1 -Wl,-z,now -Wl,-z,relro  -Wall -Wshadow -Wpointer-arith -Wwrite-strings -Wstrict-prototypes -MT ilmidiag.o -MD -MP -MF .deps/ilmidiag.Tpo -c -o ilmidiag.o ilmidiag.c
mv -f .deps/ilmidiag.Tpo .deps/ilmidiag.Po
/bin/bash ../../libtool  --tag=CC   --mode=link arm-linux-gnueabihf-gcc  -I../../src/include -Os -pipe -Wno-implicit-fallthrough -mfpu=neon -Wno-format-overflow -fno-caller-saves -fno-plt -mfloat-abi=hard  -D_FORTIFY_SOURCE=1 -Wl,-z,now -Wl,-z,relro  -Wall -Wshadow -Wpointer-arith -Wwrite-strings -Wstrict-prototypes  -L/media/gwind/windcode/openwrt-ssd20x/18.06/staging_dir/target-arm-linux-gnueabihf_glibc/usr/lib -L/media/gwind/windcode/openwrt-ssd20x/18.06/staging_dir/target-arm-linux-gnueabihf_glibc/lib -L/opt/ssd20x/gcc-arm-8.2-2018.08-x86_64-arm-linux-gnueabihf/arm-linux-gnueabihf/libc/usr/lib -L/opt/ssd20x/gcc-arm-8.2-2018.08-x86_64-arm-linux-gnueabihf/arm-linux-gnueabihf/libc/lib -znow -zrelro  -o ilmidiag ilmidiag.o ../../src/lib/libatm.la 
OpenWrt-libtool: link: arm-linux-gnueabihf-gcc -I../../src/include -Os -pipe -Wno-implicit-fallthrough -mfpu=neon -Wno-format-overflow -fno-caller-saves -fno-plt -mfloat-abi=hard -D_FORTIFY_SOURCE=1 -Wl,-z -Wl,now -Wl,-z -Wl,relro -Wall -Wshadow -Wpointer-arith -Wwrite-strings -Wstrict-prototypes -znow -zrelro -o .libs/ilmidiag ilmidiag.o  -L/media/gwind/windcode/openwrt-ssd20x/18.06/staging_dir/target-arm-linux-gnueabihf_glibc/usr/lib -L/media/gwind/windcode/openwrt-ssd20x/18.06/staging_dir/target-arm-linux-gnueabihf_glibc/lib -L/opt/ssd20x/gcc-arm-8.2-2018.08-x86_64-arm-linux-gnueabihf/arm-linux-gnueabihf/libc/usr/lib -L/opt/ssd20x/gcc-arm-8.2-2018.08-x86_64-arm-linux-gnueabihf/arm-linux-gnueabihf/libc/lib ../../src/lib/.libs/libatm.so -lresolv
make[8]: Leaving directory '/media/gwind/windcode/openwrt-ssd20x/18.06/build_dir/target-arm-linux-gnueabihf_glibc/linux-sstar_ssd20x/linux-atm-2.5.2/src/ilmid'
make[7]: Leaving directory '/media/gwind/windcode/openwrt-ssd20x/18.06/build_dir/target-arm-linux-gnueabihf_glibc/linux-sstar_ssd20x/linux-atm-2.5.2/src/ilmid'
Making all in man
make[7]: Entering directory '/media/gwind/windcode/openwrt-ssd20x/18.06/build_dir/target-arm-linux-gnueabihf_glibc/linux-sstar_ssd20x/linux-atm-2.5.2/src/man'
make[7]: Nothing to be done for 'all'.
make[7]: Leaving directory '/media/gwind/windcode/openwrt-ssd20x/18.06/build_dir/target-arm-linux-gnueabihf_glibc/linux-sstar_ssd20x/linux-atm-2.5.2/src/man'
Making all in led
make[7]: Entering directory '/media/gwind/windcode/openwrt-ssd20x/18.06/build_dir/target-arm-linux-gnueabihf_glibc/linux-sstar_ssd20x/linux-atm-2.5.2/src/led'
arm-linux-gnueabihf-gcc -DHAVE_CONFIG_H -I. -I../..   -I/media/gwind/windcode/openwrt-ssd20x/18.06/staging_dir/target-arm-linux-gnueabihf_glibc/usr/include -I/media/gwind/windcode/openwrt-ssd20x/18.06/staging_dir/target-arm-linux-gnueabihf_glibc/include   -I../../src/include -Os -pipe -Wno-implicit-fallthrough -mfpu=neon -Wno-format-overflow -fno-caller-saves -fno-plt -mfloat-abi=hard  -D_FORTIFY_SOURCE=1 -Wl,-z,now -Wl,-z,relro  -Wall -Wshadow -Wpointer-arith -Wwrite-strings -Wstrict-prototypes -MT join.o -MD -MP -MF .deps/join.Tpo -c -o join.o join.c
mv -f .deps/join.Tpo .deps/join.Po
arm-linux-gnueabihf-gcc -DHAVE_CONFIG_H -I. -I../..   -I/media/gwind/windcode/openwrt-ssd20x/18.06/staging_dir/target-arm-linux-gnueabihf_glibc/usr/include -I/media/gwind/windcode/openwrt-ssd20x/18.06/staging_dir/target-arm-linux-gnueabihf_glibc/include   -I../../src/include -Os -pipe -Wno-implicit-fallthrough -mfpu=neon -Wno-format-overflow -fno-caller-saves -fno-plt -mfloat-abi=hard  -D_FORTIFY_SOURCE=1 -Wl,-z,now -Wl,-z,relro  -Wall -Wshadow -Wpointer-arith -Wwrite-strings -Wstrict-prototypes -MT conn.o -MD -MP -MF .deps/conn.Tpo -c -o conn.o conn.c
mv -f .deps/conn.Tpo .deps/conn.Po
arm-linux-gnueabihf-gcc -DHAVE_CONFIG_H -I. -I../..   -I/media/gwind/windcode/openwrt-ssd20x/18.06/staging_dir/target-arm-linux-gnueabihf_glibc/usr/include -I/media/gwind/windcode/openwrt-ssd20x/18.06/staging_dir/target-arm-linux-gnueabihf_glibc/include   -I../../src/include -Os -pipe -Wno-implicit-fallthrough -mfpu=neon -Wno-format-overflow -fno-caller-saves -fno-plt -mfloat-abi=hard  -D_FORTIFY_SOURCE=1 -Wl,-z,now -Wl,-z,relro  -Wall -Wshadow -Wpointer-arith -Wwrite-strings -Wstrict-prototypes -MT main.o -MD -MP -MF .deps/main.Tpo -c -o main.o main.c
mv -f .deps/main.Tpo .deps/main.Po
arm-linux-gnueabihf-gcc -DHAVE_CONFIG_H -I. -I../..   -I/media/gwind/windcode/openwrt-ssd20x/18.06/staging_dir/target-arm-linux-gnueabihf_glibc/usr/include -I/media/gwind/windcode/openwrt-ssd20x/18.06/staging_dir/target-arm-linux-gnueabihf_glibc/include   -I../../src/include -Os -pipe -Wno-implicit-fallthrough -mfpu=neon -Wno-format-overflow -fno-caller-saves -fno-plt -mfloat-abi=hard  -D_FORTIFY_SOURCE=1 -Wl,-z,now -Wl,-z,relro  -Wall -Wshadow -Wpointer-arith -Wwrite-strings -Wstrict-prototypes -MT address.o -MD -MP -MF .deps/address.Tpo -c -o address.o address.c
mv -f .deps/address.Tpo .deps/address.Po
arm-linux-gnueabihf-gcc -DHAVE_CONFIG_H -I. -I../..   -I/media/gwind/windcode/openwrt-ssd20x/18.06/staging_dir/target-arm-linux-gnueabihf_glibc/usr/include -I/media/gwind/windcode/openwrt-ssd20x/18.06/staging_dir/target-arm-linux-gnueabihf_glibc/include   -I../../src/include -Os -pipe -Wno-implicit-fallthrough -mfpu=neon -Wno-format-overflow -fno-caller-saves -fno-plt -mfloat-abi=hard  -D_FORTIFY_SOURCE=1 -Wl,-z,now -Wl,-z,relro  -Wall -Wshadow -Wpointer-arith -Wwrite-strings -Wstrict-prototypes -MT frames.o -MD -MP -MF .deps/frames.Tpo -c -o frames.o frames.c
mv -f .deps/frames.Tpo .deps/frames.Po
arm-linux-gnueabihf-gcc -DHAVE_CONFIG_H -I. -I../..   -I/media/gwind/windcode/openwrt-ssd20x/18.06/staging_dir/target-arm-linux-gnueabihf_glibc/usr/include -I/media/gwind/windcode/openwrt-ssd20x/18.06/staging_dir/target-arm-linux-gnueabihf_glibc/include   -I../../src/include -Os -pipe -Wno-implicit-fallthrough -mfpu=neon -Wno-format-overflow -fno-caller-saves -fno-plt -mfloat-abi=hard  -D_FORTIFY_SOURCE=1 -Wl,-z,now -Wl,-z,relro  -Wall -Wshadow -Wpointer-arith -Wwrite-strings -Wstrict-prototypes -MT display.o -MD -MP -MF .deps/display.Tpo -c -o display.o display.c
mv -f .deps/display.Tpo .deps/display.Po
arm-linux-gnueabihf-gcc -DHAVE_CONFIG_H -I. -I../..   -I/media/gwind/windcode/openwrt-ssd20x/18.06/staging_dir/target-arm-linux-gnueabihf_glibc/usr/include -I/media/gwind/windcode/openwrt-ssd20x/18.06/staging_dir/target-arm-linux-gnueabihf_glibc/include   -I../../src/include -Os -pipe -Wno-implicit-fallthrough -mfpu=neon -Wno-format-overflow -fno-caller-saves -fno-plt -mfloat-abi=hard  -D_FORTIFY_SOURCE=1 -Wl,-z,now -Wl,-z,relro  -Wall -Wshadow -Wpointer-arith -Wwrite-strings -Wstrict-prototypes -MT kernel.o -MD -MP -MF .deps/kernel.Tpo -c -o kernel.o kernel.c
mv -f .deps/kernel.Tpo .deps/kernel.Po
/bin/bash ../../libtool  --tag=CC   --mode=link arm-linux-gnueabihf-gcc  -I../../src/include -Os -pipe -Wno-implicit-fallthrough -mfpu=neon -Wno-format-overflow -fno-caller-saves -fno-plt -mfloat-abi=hard  -D_FORTIFY_SOURCE=1 -Wl,-z,now -Wl,-z,relro  -Wall -Wshadow -Wpointer-arith -Wwrite-strings -Wstrict-prototypes  -L/media/gwind/windcode/openwrt-ssd20x/18.06/staging_dir/target-arm-linux-gnueabihf_glibc/usr/lib -L/media/gwind/windcode/openwrt-ssd20x/18.06/staging_dir/target-arm-linux-gnueabihf_glibc/lib -L/opt/ssd20x/gcc-arm-8.2-2018.08-x86_64-arm-linux-gnueabihf/arm-linux-gnueabihf/libc/usr/lib -L/opt/ssd20x/gcc-arm-8.2-2018.08-x86_64-arm-linux-gnueabihf/arm-linux-gnueabihf/libc/lib -znow -zrelro  -o zeppelin join.o conn.o main.o address.o frames.o display.o kernel.o ../../src/lib/libatm.la 
OpenWrt-libtool: link: arm-linux-gnueabihf-gcc -I../../src/include -Os -pipe -Wno-implicit-fallthrough -mfpu=neon -Wno-format-overflow -fno-caller-saves -fno-plt -mfloat-abi=hard -D_FORTIFY_SOURCE=1 -Wl,-z -Wl,now -Wl,-z -Wl,relro -Wall -Wshadow -Wpointer-arith -Wwrite-strings -Wstrict-prototypes -znow -zrelro -o .libs/zeppelin join.o conn.o main.o address.o frames.o display.o kernel.o  -L/media/gwind/windcode/openwrt-ssd20x/18.06/staging_dir/target-arm-linux-gnueabihf_glibc/usr/lib -L/media/gwind/windcode/openwrt-ssd20x/18.06/staging_dir/target-arm-linux-gnueabihf_glibc/lib -L/opt/ssd20x/gcc-arm-8.2-2018.08-x86_64-arm-linux-gnueabihf/arm-linux-gnueabihf/libc/usr/lib -L/opt/ssd20x/gcc-arm-8.2-2018.08-x86_64-arm-linux-gnueabihf/arm-linux-gnueabihf/libc/lib ../../src/lib/.libs/libatm.so -lresolv
make[7]: Leaving directory '/media/gwind/windcode/openwrt-ssd20x/18.06/build_dir/target-arm-linux-gnueabihf_glibc/linux-sstar_ssd20x/linux-atm-2.5.2/src/led'
Making all in lane
make[7]: Entering directory '/media/gwind/windcode/openwrt-ssd20x/18.06/build_dir/target-arm-linux-gnueabihf_glibc/linux-sstar_ssd20x/linux-atm-2.5.2/src/lane'
arm-linux-gnueabihf-gcc -DHAVE_CONFIG_H -I. -I../..   -I/media/gwind/windcode/openwrt-ssd20x/18.06/staging_dir/target-arm-linux-gnueabihf_glibc/usr/include -I/media/gwind/windcode/openwrt-ssd20x/18.06/staging_dir/target-arm-linux-gnueabihf_glibc/include   -I../../src/include -Os -pipe -Wno-implicit-fallthrough -mfpu=neon -Wno-format-overflow -fno-caller-saves -fno-plt -mfloat-abi=hard  -D_FORTIFY_SOURCE=1 -Wl,-z,now -Wl,-z,relro  -Wall -Wshadow -Wpointer-arith -Wwrite-strings -Wstrict-prototypes -MT mem.o -MD -MP -MF .deps/mem.Tpo -c -o mem.o mem.c
mv -f .deps/mem.Tpo .deps/mem.Po
arm-linux-gnueabihf-gcc -DHAVE_CONFIG_H -I. -I../..   -I/media/gwind/windcode/openwrt-ssd20x/18.06/staging_dir/target-arm-linux-gnueabihf_glibc/usr/include -I/media/gwind/windcode/openwrt-ssd20x/18.06/staging_dir/target-arm-linux-gnueabihf_glibc/include   -I../../src/include -Os -pipe -Wno-implicit-fallthrough -mfpu=neon -Wno-format-overflow -fno-caller-saves -fno-plt -mfloat-abi=hard  -D_FORTIFY_SOURCE=1 -Wl,-z,now -Wl,-z,relro  -Wall -Wshadow -Wpointer-arith -Wwrite-strings -Wstrict-prototypes -MT load.o -MD -MP -MF .deps/load.Tpo -c -o load.o load.c
mv -f .deps/load.Tpo .deps/load.Po
arm-linux-gnueabihf-gcc -DHAVE_CONFIG_H -I. -I../..   -I/media/gwind/windcode/openwrt-ssd20x/18.06/staging_dir/target-arm-linux-gnueabihf_glibc/usr/include -I/media/gwind/windcode/openwrt-ssd20x/18.06/staging_dir/target-arm-linux-gnueabihf_glibc/include   -I../../src/include -Os -pipe -Wno-implicit-fallthrough -mfpu=neon -Wno-format-overflow -fno-caller-saves -fno-plt -mfloat-abi=hard  -D_FORTIFY_SOURCE=1 -Wl,-z,now -Wl,-z,relro  -Wall -Wshadow -Wpointer-arith -Wwrite-strings -Wstrict-prototypes -MT units.o -MD -MP -MF .deps/units.Tpo -c -o units.o units.c
mv -f .deps/units.Tpo .deps/units.Po
arm-linux-gnueabihf-gcc -DHAVE_CONFIG_H -I. -I../..   -I/media/gwind/windcode/openwrt-ssd20x/18.06/staging_dir/target-arm-linux-gnueabihf_glibc/usr/include -I/media/gwind/windcode/openwrt-ssd20x/18.06/staging_dir/target-arm-linux-gnueabihf_glibc/include   -I../../src/include -Os -pipe -Wno-implicit-fallthrough -mfpu=neon -Wno-format-overflow -fno-caller-saves -fno-plt -mfloat-abi=hard  -D_FORTIFY_SOURCE=1 -Wl,-z,now -Wl,-z,relro  -Wall -Wshadow -Wpointer-arith -Wwrite-strings -Wstrict-prototypes -MT load_lex.o -MD -MP -MF .deps/load_lex.Tpo -c -o load_lex.o load_lex.c
mv -f .deps/load_lex.Tpo .deps/load_lex.Po
arm-linux-gnueabihf-gcc -DHAVE_CONFIG_H -I. -I../..   -I/media/gwind/windcode/openwrt-ssd20x/18.06/staging_dir/target-arm-linux-gnueabihf_glibc/usr/include -I/media/gwind/windcode/openwrt-ssd20x/18.06/staging_dir/target-arm-linux-gnueabihf_glibc/include   -I../../src/include -Os -pipe -Wno-implicit-fallthrough -mfpu=neon -Wno-format-overflow -fno-caller-saves -fno-plt -mfloat-abi=hard  -D_FORTIFY_SOURCE=1 -Wl,-z,now -Wl,-z,relro  -Wall -Wshadow -Wpointer-arith -Wwrite-strings -Wstrict-prototypes -MT timers.o -MD -MP -MF .deps/timers.Tpo -c -o timers.o timers.c
mv -f .deps/timers.Tpo .deps/timers.Po
arm-linux-gnueabihf-gcc -DHAVE_CONFIG_H -I. -I../..   -I/media/gwind/windcode/openwrt-ssd20x/18.06/staging_dir/target-arm-linux-gnueabihf_glibc/usr/include -I/media/gwind/windcode/openwrt-ssd20x/18.06/staging_dir/target-arm-linux-gnueabihf_glibc/include   -I../../src/include -Os -pipe -Wno-implicit-fallthrough -mfpu=neon -Wno-format-overflow -fno-caller-saves -fno-plt -mfloat-abi=hard  -D_FORTIFY_SOURCE=1 -Wl,-z,now -Wl,-z,relro  -Wall -Wshadow -Wpointer-arith -Wwrite-strings -Wstrict-prototypes -MT dump.o -MD -MP -MF .deps/dump.Tpo -c -o dump.o dump.c
mv -f .deps/dump.Tpo .deps/dump.Po
arm-linux-gnueabihf-gcc -DHAVE_CONFIG_H -I. -I../..   -I/media/gwind/windcode/openwrt-ssd20x/18.06/staging_dir/target-arm-linux-gnueabihf_glibc/usr/include -I/media/gwind/windcode/openwrt-ssd20x/18.06/staging_dir/target-arm-linux-gnueabihf_glibc/include   -I../../src/include -Os -pipe -Wno-implicit-fallthrough -mfpu=neon -Wno-format-overflow -fno-caller-saves -fno-plt -mfloat-abi=hard  -D_FORTIFY_SOURCE=1 -Wl,-z,now -Wl,-z,relro  -Wall -Wshadow -Wpointer-arith -Wwrite-strings -Wstrict-prototypes -MT lane_atm.o -MD -MP -MF .deps/lane_atm.Tpo -c -o lane_atm.o lane_atm.c
mv -f .deps/lane_atm.Tpo .deps/lane_atm.Po
arm-linux-gnueabihf-gcc -DHAVE_CONFIG_H -I. -I../..   -I/media/gwind/windcode/openwrt-ssd20x/18.06/staging_dir/target-arm-linux-gnueabihf_glibc/usr/include -I/media/gwind/windcode/openwrt-ssd20x/18.06/staging_dir/target-arm-linux-gnueabihf_glibc/include   -I../../src/include -Os -pipe -Wno-implicit-fallthrough -mfpu=neon -Wno-format-overflow -fno-caller-saves -fno-plt -mfloat-abi=hard  -D_FORTIFY_SOURCE=1 -Wl,-z,now -Wl,-z,relro  -Wall -Wshadow -Wpointer-arith -Wwrite-strings -Wstrict-prototypes -MT events.o -MD -MP -MF .deps/events.Tpo -c -o events.o events.c
mv -f .deps/events.Tpo .deps/events.Po
arm-linux-gnueabihf-gcc -DHAVE_CONFIG_H -I. -I../..   -I/media/gwind/windcode/openwrt-ssd20x/18.06/staging_dir/target-arm-linux-gnueabihf_glibc/usr/include -I/media/gwind/windcode/openwrt-ssd20x/18.06/staging_dir/target-arm-linux-gnueabihf_glibc/include   -I../../src/include -Os -pipe -Wno-implicit-fallthrough -mfpu=neon -Wno-format-overflow -fno-caller-saves -fno-plt -mfloat-abi=hard  -D_FORTIFY_SOURCE=1 -Wl,-z,now -Wl,-z,relro  -Wall -Wshadow -Wpointer-arith -Wwrite-strings -Wstrict-prototypes -MT lane.o -MD -MP -MF .deps/lane.Tpo -c -o lane.o lane.c
mv -f .deps/lane.Tpo .deps/lane.Po
arm-linux-gnueabihf-gcc -DHAVE_CONFIG_H -I. -I../..   -I/media/gwind/windcode/openwrt-ssd20x/18.06/staging_dir/target-arm-linux-gnueabihf_glibc/usr/include -I/media/gwind/windcode/openwrt-ssd20x/18.06/staging_dir/target-arm-linux-gnueabihf_glibc/include   -I../../src/include -Os -pipe -Wno-implicit-fallthrough -mfpu=neon -Wno-format-overflow -fno-caller-saves -fno-plt -mfloat-abi=hard  -D_FORTIFY_SOURCE=1 -Wl,-z,now -Wl,-z,relro  -Wall -Wshadow -Wpointer-arith -Wwrite-strings -Wstrict-prototypes -MT packet.o -MD -MP -MF .deps/packet.Tpo -c -o packet.o packet.c
mv -f .deps/packet.Tpo .deps/packet.Po
arm-linux-gnueabihf-gcc -DHAVE_CONFIG_H -I. -I../..   -I/media/gwind/windcode/openwrt-ssd20x/18.06/staging_dir/target-arm-linux-gnueabihf_glibc/usr/include -I/media/gwind/windcode/openwrt-ssd20x/18.06/staging_dir/target-arm-linux-gnueabihf_glibc/include   -I../../src/include -Os -pipe -Wno-implicit-fallthrough -mfpu=neon -Wno-format-overflow -fno-caller-saves -fno-plt -mfloat-abi=hard  -D_FORTIFY_SOURCE=1 -Wl,-z,now -Wl,-z,relro  -Wall -Wshadow -Wpointer-arith -Wwrite-strings -Wstrict-prototypes -MT connect.o -MD -MP -MF .deps/connect.Tpo -c -o connect.o connect.c
mv -f .deps/connect.Tpo .deps/connect.Po
arm-linux-gnueabihf-gcc -DHAVE_CONFIG_H -I. -I../..   -I/media/gwind/windcode/openwrt-ssd20x/18.06/staging_dir/target-arm-linux-gnueabihf_glibc/usr/include -I/media/gwind/windcode/openwrt-ssd20x/18.06/staging_dir/target-arm-linux-gnueabihf_glibc/include   -I../../src/include -Os -pipe -Wno-implicit-fallthrough -mfpu=neon -Wno-format-overflow -fno-caller-saves -fno-plt -mfloat-abi=hard  -D_FORTIFY_SOURCE=1 -Wl,-z,now -Wl,-z,relro  -Wall -Wshadow -Wpointer-arith -Wwrite-strings -Wstrict-prototypes -MT db.o -MD -MP -MF .deps/db.Tpo -c -o db.o db.c
mv -f .deps/db.Tpo .deps/db.Po
/bin/bash ../../libtool  --tag=CC   --mode=link arm-linux-gnueabihf-gcc  -I../../src/include -Os -pipe -Wno-implicit-fallthrough -mfpu=neon -Wno-format-overflow -fno-caller-saves -fno-plt -mfloat-abi=hard  -D_FORTIFY_SOURCE=1 -Wl,-z,now -Wl,-z,relro  -Wall -Wshadow -Wpointer-arith -Wwrite-strings -Wstrict-prototypes  -L/media/gwind/windcode/openwrt-ssd20x/18.06/staging_dir/target-arm-linux-gnueabihf_glibc/usr/lib -L/media/gwind/windcode/openwrt-ssd20x/18.06/staging_dir/target-arm-linux-gnueabihf_glibc/lib -L/opt/ssd20x/gcc-arm-8.2-2018.08-x86_64-arm-linux-gnueabihf/arm-linux-gnueabihf/libc/usr/lib -L/opt/ssd20x/gcc-arm-8.2-2018.08-x86_64-arm-linux-gnueabihf/arm-linux-gnueabihf/libc/lib -znow -zrelro  -o les mem.o load.o units.o load_lex.o timers.o dump.o lane_atm.o events.o lane.o packet.o connect.o db.o ../../src/lib/libatm.la 
OpenWrt-libtool: link: arm-linux-gnueabihf-gcc -I../../src/include -Os -pipe -Wno-implicit-fallthrough -mfpu=neon -Wno-format-overflow -fno-caller-saves -fno-plt -mfloat-abi=hard -D_FORTIFY_SOURCE=1 -Wl,-z -Wl,now -Wl,-z -Wl,relro -Wall -Wshadow -Wpointer-arith -Wwrite-strings -Wstrict-prototypes -znow -zrelro -o .libs/les mem.o load.o units.o load_lex.o timers.o dump.o lane_atm.o events.o lane.o packet.o connect.o db.o  -L/media/gwind/windcode/openwrt-ssd20x/18.06/staging_dir/target-arm-linux-gnueabihf_glibc/usr/lib -L/media/gwind/windcode/openwrt-ssd20x/18.06/staging_dir/target-arm-linux-gnueabihf_glibc/lib -L/opt/ssd20x/gcc-arm-8.2-2018.08-x86_64-arm-linux-gnueabihf/arm-linux-gnueabihf/libc/usr/lib -L/opt/ssd20x/gcc-arm-8.2-2018.08-x86_64-arm-linux-gnueabihf/arm-linux-gnueabihf/libc/lib ../../src/lib/.libs/libatm.so -lresolv
arm-linux-gnueabihf-gcc -DHAVE_CONFIG_H -I. -I../..   -I/media/gwind/windcode/openwrt-ssd20x/18.06/staging_dir/target-arm-linux-gnueabihf_glibc/usr/include -I/media/gwind/windcode/openwrt-ssd20x/18.06/staging_dir/target-arm-linux-gnueabihf_glibc/include   -I../../src/include -Os -pipe -Wno-implicit-fallthrough -mfpu=neon -Wno-format-overflow -fno-caller-saves -fno-plt -mfloat-abi=hard  -D_FORTIFY_SOURCE=1 -Wl,-z,now -Wl,-z,relro  -Wall -Wshadow -Wpointer-arith -Wwrite-strings -Wstrict-prototypes -MT connect_bus.o -MD -MP -MF .deps/connect_bus.Tpo -c -o connect_bus.o connect_bus.c
mv -f .deps/connect_bus.Tpo .deps/connect_bus.Po
/bin/bash ../../libtool  --tag=CC   --mode=link arm-linux-gnueabihf-gcc  -I../../src/include -Os -pipe -Wno-implicit-fallthrough -mfpu=neon -Wno-format-overflow -fno-caller-saves -fno-plt -mfloat-abi=hard  -D_FORTIFY_SOURCE=1 -Wl,-z,now -Wl,-z,relro  -Wall -Wshadow -Wpointer-arith -Wwrite-strings -Wstrict-prototypes  -L/media/gwind/windcode/openwrt-ssd20x/18.06/staging_dir/target-arm-linux-gnueabihf_glibc/usr/lib -L/media/gwind/windcode/openwrt-ssd20x/18.06/staging_dir/target-arm-linux-gnueabihf_glibc/lib -L/opt/ssd20x/gcc-arm-8.2-2018.08-x86_64-arm-linux-gnueabihf/arm-linux-gnueabihf/libc/usr/lib -L/opt/ssd20x/gcc-arm-8.2-2018.08-x86_64-arm-linux-gnueabihf/arm-linux-gnueabihf/libc/lib -znow -zrelro  -o bus mem.o load.o units.o load_lex.o timers.o dump.o lane_atm.o events.o lane.o connect_bus.o ../../src/lib/libatm.la 
OpenWrt-libtool: link: arm-linux-gnueabihf-gcc -I../../src/include -Os -pipe -Wno-implicit-fallthrough -mfpu=neon -Wno-format-overflow -fno-caller-saves -fno-plt -mfloat-abi=hard -D_FORTIFY_SOURCE=1 -Wl,-z -Wl,now -Wl,-z -Wl,relro -Wall -Wshadow -Wpointer-arith -Wwrite-strings -Wstrict-prototypes -znow -zrelro -o .libs/bus mem.o load.o units.o load_lex.o timers.o dump.o lane_atm.o events.o lane.o connect_bus.o  -L/media/gwind/windcode/openwrt-ssd20x/18.06/staging_dir/target-arm-linux-gnueabihf_glibc/usr/lib -L/media/gwind/windcode/openwrt-ssd20x/18.06/staging_dir/target-arm-linux-gnueabihf_glibc/lib -L/opt/ssd20x/gcc-arm-8.2-2018.08-x86_64-arm-linux-gnueabihf/arm-linux-gnueabihf/libc/usr/lib -L/opt/ssd20x/gcc-arm-8.2-2018.08-x86_64-arm-linux-gnueabihf/arm-linux-gnueabihf/libc/lib ../../src/lib/.libs/libatm.so -lresolv
arm-linux-gnueabihf-gcc -DHAVE_CONFIG_H -I. -I../..   -I/media/gwind/windcode/openwrt-ssd20x/18.06/staging_dir/target-arm-linux-gnueabihf_glibc/usr/include -I/media/gwind/windcode/openwrt-ssd20x/18.06/staging_dir/target-arm-linux-gnueabihf_glibc/include   -I../../src/include -Os -pipe -Wno-implicit-fallthrough -mfpu=neon -Wno-format-overflow -fno-caller-saves -fno-plt -mfloat-abi=hard  -D_FORTIFY_SOURCE=1 -Wl,-z,now -Wl,-z,relro  -Wall -Wshadow -Wpointer-arith -Wwrite-strings -Wstrict-prototypes -MT lecs_db.o -MD -MP -MF .deps/lecs_db.Tpo -c -o lecs_db.o lecs_db.c
mv -f .deps/lecs_db.Tpo .deps/lecs_db.Po
arm-linux-gnueabihf-gcc -DHAVE_CONFIG_H -I. -I../..   -I/media/gwind/windcode/openwrt-ssd20x/18.06/staging_dir/target-arm-linux-gnueabihf_glibc/usr/include -I/media/gwind/windcode/openwrt-ssd20x/18.06/staging_dir/target-arm-linux-gnueabihf_glibc/include   -I../../src/include -Os -pipe -Wno-implicit-fallthrough -mfpu=neon -Wno-format-overflow -fno-caller-saves -fno-plt -mfloat-abi=hard  -D_FORTIFY_SOURCE=1 -Wl,-z,now -Wl,-z,relro  -Wall -Wshadow -Wpointer-arith -Wwrite-strings -Wstrict-prototypes -MT lecs_load.o -MD -MP -MF .deps/lecs_load.Tpo -c -o lecs_load.o lecs_load.c
mv -f .deps/lecs_load.Tpo .deps/lecs_load.Po
arm-linux-gnueabihf-gcc -DHAVE_CONFIG_H -I. -I../..   -I/media/gwind/windcode/openwrt-ssd20x/18.06/staging_dir/target-arm-linux-gnueabihf_glibc/usr/include -I/media/gwind/windcode/openwrt-ssd20x/18.06/staging_dir/target-arm-linux-gnueabihf_glibc/include   -I../../src/include -Os -pipe -Wno-implicit-fallthrough -mfpu=neon -Wno-format-overflow -fno-caller-saves -fno-plt -mfloat-abi=hard  -D_FORTIFY_SOURCE=1 -Wl,-z,now -Wl,-z,relro  -Wall -Wshadow -Wpointer-arith -Wwrite-strings -Wstrict-prototypes -MT lecs.o -MD -MP -MF .deps/lecs.Tpo -c -o lecs.o lecs.c
mv -f .deps/lecs.Tpo .deps/lecs.Po
arm-linux-gnueabihf-gcc -DHAVE_CONFIG_H -I. -I../..   -I/media/gwind/windcode/openwrt-ssd20x/18.06/staging_dir/target-arm-linux-gnueabihf_glibc/usr/include -I/media/gwind/windcode/openwrt-ssd20x/18.06/staging_dir/target-arm-linux-gnueabihf_glibc/include   -I../../src/include -Os -pipe -Wno-implicit-fallthrough -mfpu=neon -Wno-format-overflow -fno-caller-saves -fno-plt -mfloat-abi=hard  -D_FORTIFY_SOURCE=1 -Wl,-z,now -Wl,-z,relro  -Wall -Wshadow -Wpointer-arith -Wwrite-strings -Wstrict-prototypes -MT ldb.o -MD -MP -MF .deps/ldb.Tpo -c -o ldb.o ldb.c
mv -f .deps/ldb.Tpo .deps/ldb.Po
arm-linux-gnueabihf-gcc -DHAVE_CONFIG_H -I. -I../..   -I/media/gwind/windcode/openwrt-ssd20x/18.06/staging_dir/target-arm-linux-gnueabihf_glibc/usr/include -I/media/gwind/windcode/openwrt-ssd20x/18.06/staging_dir/target-arm-linux-gnueabihf_glibc/include   -I../../src/include -Os -pipe -Wno-implicit-fallthrough -mfpu=neon -Wno-format-overflow -fno-caller-saves -fno-plt -mfloat-abi=hard  -D_FORTIFY_SOURCE=1 -Wl,-z,now -Wl,-z,relro  -Wall -Wshadow -Wpointer-arith -Wwrite-strings -Wstrict-prototypes -MT mem_lecs.o -MD -MP -MF .deps/mem_lecs.Tpo -c -o mem_lecs.o mem_lecs.c
mv -f .deps/mem_lecs.Tpo .deps/mem_lecs.Po
arm-linux-gnueabihf-gcc -DHAVE_CONFIG_H -I. -I../..   -I/media/gwind/windcode/openwrt-ssd20x/18.06/staging_dir/target-arm-linux-gnueabihf_glibc/usr/include -I/media/gwind/windcode/openwrt-ssd20x/18.06/staging_dir/target-arm-linux-gnueabihf_glibc/include   -I../../src/include -Os -pipe -Wno-implicit-fallthrough -mfpu=neon -Wno-format-overflow -fno-caller-saves -fno-plt -mfloat-abi=hard  -D_FORTIFY_SOURCE=1 -Wl,-z,now -Wl,-z,relro  -Wall -Wshadow -Wpointer-arith -Wwrite-strings -Wstrict-prototypes -MT atm_lecs.o -MD -MP -MF .deps/atm_lecs.Tpo -c -o atm_lecs.o atm_lecs.c
mv -f .deps/atm_lecs.Tpo .deps/atm_lecs.Po
/bin/bash ../../libtool  --tag=CC   --mode=link arm-linux-gnueabihf-gcc  -I../../src/include -Os -pipe -Wno-implicit-fallthrough -mfpu=neon -Wno-format-overflow -fno-caller-saves -fno-plt -mfloat-abi=hard  -D_FORTIFY_SOURCE=1 -Wl,-z,now -Wl,-z,relro  -Wall -Wshadow -Wpointer-arith -Wwrite-strings -Wstrict-prototypes  -L/media/gwind/windcode/openwrt-ssd20x/18.06/staging_dir/target-arm-linux-gnueabihf_glibc/usr/lib -L/media/gwind/windcode/openwrt-ssd20x/18.06/staging_dir/target-arm-linux-gnueabihf_glibc/lib -L/opt/ssd20x/gcc-arm-8.2-2018.08-x86_64-arm-linux-gnueabihf/arm-linux-gnueabihf/libc/usr/lib -L/opt/ssd20x/gcc-arm-8.2-2018.08-x86_64-arm-linux-gnueabihf/arm-linux-gnueabihf/libc/lib -znow -zrelro  -o lecs lecs_db.o lecs_load.o lecs.o ldb.o mem_lecs.o atm_lecs.o ../../src/lib/libatm.la 
OpenWrt-libtool: link: arm-linux-gnueabihf-gcc -I../../src/include -Os -pipe -Wno-implicit-fallthrough -mfpu=neon -Wno-format-overflow -fno-caller-saves -fno-plt -mfloat-abi=hard -D_FORTIFY_SOURCE=1 -Wl,-z -Wl,now -Wl,-z -Wl,relro -Wall -Wshadow -Wpointer-arith -Wwrite-strings -Wstrict-prototypes -znow -zrelro -o .libs/lecs lecs_db.o lecs_load.o lecs.o ldb.o mem_lecs.o atm_lecs.o  -L/media/gwind/windcode/openwrt-ssd20x/18.06/staging_dir/target-arm-linux-gnueabihf_glibc/usr/lib -L/media/gwind/windcode/openwrt-ssd20x/18.06/staging_dir/target-arm-linux-gnueabihf_glibc/lib -L/opt/ssd20x/gcc-arm-8.2-2018.08-x86_64-arm-linux-gnueabihf/arm-linux-gnueabihf/libc/usr/lib -L/opt/ssd20x/gcc-arm-8.2-2018.08-x86_64-arm-linux-gnueabihf/arm-linux-gnueabihf/libc/lib ../../src/lib/.libs/libatm.so -lresolv
make[7]: Leaving directory '/media/gwind/windcode/openwrt-ssd20x/18.06/build_dir/target-arm-linux-gnueabihf_glibc/linux-sstar_ssd20x/linux-atm-2.5.2/src/lane'
Making all in mpoad
make[7]: Entering directory '/media/gwind/windcode/openwrt-ssd20x/18.06/build_dir/target-arm-linux-gnueabihf_glibc/linux-sstar_ssd20x/linux-atm-2.5.2/src/mpoad'
arm-linux-gnueabihf-gcc -DHAVE_CONFIG_H -I. -I../..   -I/media/gwind/windcode/openwrt-ssd20x/18.06/staging_dir/target-arm-linux-gnueabihf_glibc/usr/include -I/media/gwind/windcode/openwrt-ssd20x/18.06/staging_dir/target-arm-linux-gnueabihf_glibc/include   -I../../src/include -Os -pipe -Wno-implicit-fallthrough -mfpu=neon -Wno-format-overflow -fno-caller-saves -fno-plt -mfloat-abi=hard  -D_FORTIFY_SOURCE=1 -Wl,-z,now -Wl,-z,relro  -Wall -Wshadow -Wpointer-arith -Wwrite-strings -Wstrict-prototypes -MT get_vars.o -MD -MP -MF .deps/get_vars.Tpo -c -o get_vars.o get_vars.c
mv -f .deps/get_vars.Tpo .deps/get_vars.Po
arm-linux-gnueabihf-gcc -DHAVE_CONFIG_H -I. -I../..   -I/media/gwind/windcode/openwrt-ssd20x/18.06/staging_dir/target-arm-linux-gnueabihf_glibc/usr/include -I/media/gwind/windcode/openwrt-ssd20x/18.06/staging_dir/target-arm-linux-gnueabihf_glibc/include   -I../../src/include -Os -pipe -Wno-implicit-fallthrough -mfpu=neon -Wno-format-overflow -fno-caller-saves -fno-plt -mfloat-abi=hard  -D_FORTIFY_SOURCE=1 -Wl,-z,now -Wl,-z,relro  -Wall -Wshadow -Wpointer-arith -Wwrite-strings -Wstrict-prototypes -MT io.o -MD -MP -MF .deps/io.Tpo -c -o io.o io.c
mv -f .deps/io.Tpo .deps/io.Po
arm-linux-gnueabihf-gcc -DHAVE_CONFIG_H -I. -I../..   -I/media/gwind/windcode/openwrt-ssd20x/18.06/staging_dir/target-arm-linux-gnueabihf_glibc/usr/include -I/media/gwind/windcode/openwrt-ssd20x/18.06/staging_dir/target-arm-linux-gnueabihf_glibc/include   -I../../src/include -Os -pipe -Wno-implicit-fallthrough -mfpu=neon -Wno-format-overflow -fno-caller-saves -fno-plt -mfloat-abi=hard  -D_FORTIFY_SOURCE=1 -Wl,-z,now -Wl,-z,relro  -Wall -Wshadow -Wpointer-arith -Wwrite-strings -Wstrict-prototypes -MT k_interf.o -MD -MP -MF .deps/k_interf.Tpo -c -o k_interf.o k_interf.c
mv -f .deps/k_interf.Tpo .deps/k_interf.Po
arm-linux-gnueabihf-gcc -DHAVE_CONFIG_H -I. -I../..   -I/media/gwind/windcode/openwrt-ssd20x/18.06/staging_dir/target-arm-linux-gnueabihf_glibc/usr/include -I/media/gwind/windcode/openwrt-ssd20x/18.06/staging_dir/target-arm-linux-gnueabihf_glibc/include   -I../../src/include -Os -pipe -Wno-implicit-fallthrough -mfpu=neon -Wno-format-overflow -fno-caller-saves -fno-plt -mfloat-abi=hard  -D_FORTIFY_SOURCE=1 -Wl,-z,now -Wl,-z,relro  -Wall -Wshadow -Wpointer-arith -Wwrite-strings -Wstrict-prototypes -MT main.o -MD -MP -MF .deps/main.Tpo -c -o main.o main.c
mv -f .deps/main.Tpo .deps/main.Po
arm-linux-gnueabihf-gcc -DHAVE_CONFIG_H -I. -I../..   -I/media/gwind/windcode/openwrt-ssd20x/18.06/staging_dir/target-arm-linux-gnueabihf_glibc/usr/include -I/media/gwind/windcode/openwrt-ssd20x/18.06/staging_dir/target-arm-linux-gnueabihf_glibc/include   -I../../src/include -Os -pipe -Wno-implicit-fallthrough -mfpu=neon -Wno-format-overflow -fno-caller-saves -fno-plt -mfloat-abi=hard  -D_FORTIFY_SOURCE=1 -Wl,-z,now -Wl,-z,relro  -Wall -Wshadow -Wpointer-arith -Wwrite-strings -Wstrict-prototypes -MT p_factory.o -MD -MP -MF .deps/p_factory.Tpo -c -o p_factory.o p_factory.c
mv -f .deps/p_factory.Tpo .deps/p_factory.Po
arm-linux-gnueabihf-gcc -DHAVE_CONFIG_H -I. -I../..   -I/media/gwind/windcode/openwrt-ssd20x/18.06/staging_dir/target-arm-linux-gnueabihf_glibc/usr/include -I/media/gwind/windcode/openwrt-ssd20x/18.06/staging_dir/target-arm-linux-gnueabihf_glibc/include   -I../../src/include -Os -pipe -Wno-implicit-fallthrough -mfpu=neon -Wno-format-overflow -fno-caller-saves -fno-plt -mfloat-abi=hard  -D_FORTIFY_SOURCE=1 -Wl,-z,now -Wl,-z,relro  -Wall -Wshadow -Wpointer-arith -Wwrite-strings -Wstrict-prototypes -MT p_recogn.o -MD -MP -MF .deps/p_recogn.Tpo -c -o p_recogn.o p_recogn.c
mv -f .deps/p_recogn.Tpo .deps/p_recogn.Po
arm-linux-gnueabihf-gcc -DHAVE_CONFIG_H -I. -I../..   -I/media/gwind/windcode/openwrt-ssd20x/18.06/staging_dir/target-arm-linux-gnueabihf_glibc/usr/include -I/media/gwind/windcode/openwrt-ssd20x/18.06/staging_dir/target-arm-linux-gnueabihf_glibc/include   -I../../src/include -Os -pipe -Wno-implicit-fallthrough -mfpu=neon -Wno-format-overflow -fno-caller-saves -fno-plt -mfloat-abi=hard  -D_FORTIFY_SOURCE=1 -Wl,-z,now -Wl,-z,relro  -Wall -Wshadow -Wpointer-arith -Wwrite-strings -Wstrict-prototypes -MT id_list.o -MD -MP -MF .deps/id_list.Tpo -c -o id_list.o id_list.c
mv -f .deps/id_list.Tpo .deps/id_list.Po
arm-linux-gnueabihf-gcc -DHAVE_CONFIG_H -I. -I../..   -I/media/gwind/windcode/openwrt-ssd20x/18.06/staging_dir/target-arm-linux-gnueabihf_glibc/usr/include -I/media/gwind/windcode/openwrt-ssd20x/18.06/staging_dir/target-arm-linux-gnueabihf_glibc/include   -I../../src/include -Os -pipe -Wno-implicit-fallthrough -mfpu=neon -Wno-format-overflow -fno-caller-saves -fno-plt -mfloat-abi=hard  -D_FORTIFY_SOURCE=1 -Wl,-z,now -Wl,-z,relro  -Wall -Wshadow -Wpointer-arith -Wwrite-strings -Wstrict-prototypes -MT tag_list.o -MD -MP -MF .deps/tag_list.Tpo -c -o tag_list.o tag_list.c
mv -f .deps/tag_list.Tpo .deps/tag_list.Po
arm-linux-gnueabihf-gcc -DHAVE_CONFIG_H -I. -I../..   -I/media/gwind/windcode/openwrt-ssd20x/18.06/staging_dir/target-arm-linux-gnueabihf_glibc/usr/include -I/media/gwind/windcode/openwrt-ssd20x/18.06/staging_dir/target-arm-linux-gnueabihf_glibc/include   -I../../src/include -Os -pipe -Wno-implicit-fallthrough -mfpu=neon -Wno-format-overflow -fno-caller-saves -fno-plt -mfloat-abi=hard  -D_FORTIFY_SOURCE=1 -Wl,-z,now -Wl,-z,relro  -Wall -Wshadow -Wpointer-arith -Wwrite-strings -Wstrict-prototypes -MT poll2select.o -MD -MP -MF .deps/poll2select.Tpo -c -o poll2select.o poll2select.c
mv -f .deps/poll2select.Tpo .deps/poll2select.Po
arm-linux-gnueabihf-gcc -DHAVE_CONFIG_H -I. -I../..   -I/media/gwind/windcode/openwrt-ssd20x/18.06/staging_dir/target-arm-linux-gnueabihf_glibc/usr/include -I/media/gwind/windcode/openwrt-ssd20x/18.06/staging_dir/target-arm-linux-gnueabihf_glibc/include   -I../../src/include -Os -pipe -Wno-implicit-fallthrough -mfpu=neon -Wno-format-overflow -fno-caller-saves -fno-plt -mfloat-abi=hard  -D_FORTIFY_SOURCE=1 -Wl,-z,now -Wl,-z,relro  -Wall -Wshadow -Wpointer-arith -Wwrite-strings -Wstrict-prototypes -MT lecs.o -MD -MP -MF .deps/lecs.Tpo -c -o lecs.o lecs.c
mv -f .deps/lecs.Tpo .deps/lecs.Po
/bin/bash ../../libtool  --tag=CC   --mode=link arm-linux-gnueabihf-gcc  -I../../src/include -Os -pipe -Wno-implicit-fallthrough -mfpu=neon -Wno-format-overflow -fno-caller-saves -fno-plt -mfloat-abi=hard  -D_FORTIFY_SOURCE=1 -Wl,-z,now -Wl,-z,relro  -Wall -Wshadow -Wpointer-arith -Wwrite-strings -Wstrict-prototypes  -L/media/gwind/windcode/openwrt-ssd20x/18.06/staging_dir/target-arm-linux-gnueabihf_glibc/usr/lib -L/media/gwind/windcode/openwrt-ssd20x/18.06/staging_dir/target-arm-linux-gnueabihf_glibc/lib -L/opt/ssd20x/gcc-arm-8.2-2018.08-x86_64-arm-linux-gnueabihf/arm-linux-gnueabihf/libc/usr/lib -L/opt/ssd20x/gcc-arm-8.2-2018.08-x86_64-arm-linux-gnueabihf/arm-linux-gnueabihf/libc/lib -znow -zrelro  -o mpcd get_vars.o io.o k_interf.o main.o p_factory.o p_recogn.o id_list.o tag_list.o poll2select.o lecs.o ../../src/lib/libatm.la 
OpenWrt-libtool: link: arm-linux-gnueabihf-gcc -I../../src/include -Os -pipe -Wno-implicit-fallthrough -mfpu=neon -Wno-format-overflow -fno-caller-saves -fno-plt -mfloat-abi=hard -D_FORTIFY_SOURCE=1 -Wl,-z -Wl,now -Wl,-z -Wl,relro -Wall -Wshadow -Wpointer-arith -Wwrite-strings -Wstrict-prototypes -znow -zrelro -o .libs/mpcd get_vars.o io.o k_interf.o main.o p_factory.o p_recogn.o id_list.o tag_list.o poll2select.o lecs.o  -L/media/gwind/windcode/openwrt-ssd20x/18.06/staging_dir/target-arm-linux-gnueabihf_glibc/usr/lib -L/media/gwind/windcode/openwrt-ssd20x/18.06/staging_dir/target-arm-linux-gnueabihf_glibc/lib -L/opt/ssd20x/gcc-arm-8.2-2018.08-x86_64-arm-linux-gnueabihf/arm-linux-gnueabihf/libc/usr/lib -L/opt/ssd20x/gcc-arm-8.2-2018.08-x86_64-arm-linux-gnueabihf/arm-linux-gnueabihf/libc/lib ../../src/lib/.libs/libatm.so -lresolv
make[7]: Leaving directory '/media/gwind/windcode/openwrt-ssd20x/18.06/build_dir/target-arm-linux-gnueabihf_glibc/linux-sstar_ssd20x/linux-atm-2.5.2/src/mpoad'
Making all in oamd
make[7]: Entering directory '/media/gwind/windcode/openwrt-ssd20x/18.06/build_dir/target-arm-linux-gnueabihf_glibc/linux-sstar_ssd20x/linux-atm-2.5.2/src/oamd'
make[7]: Nothing to be done for 'all'.
make[7]: Leaving directory '/media/gwind/windcode/openwrt-ssd20x/18.06/build_dir/target-arm-linux-gnueabihf_glibc/linux-sstar_ssd20x/linux-atm-2.5.2/src/oamd'
Making all in switch
make[7]: Entering directory '/media/gwind/windcode/openwrt-ssd20x/18.06/build_dir/target-arm-linux-gnueabihf_glibc/linux-sstar_ssd20x/linux-atm-2.5.2/src/switch'
Making all in .
make[8]: Entering directory '/media/gwind/windcode/openwrt-ssd20x/18.06/build_dir/target-arm-linux-gnueabihf_glibc/linux-sstar_ssd20x/linux-atm-2.5.2/src/switch'
arm-linux-gnueabihf-gcc -DHAVE_CONFIG_H -I. -I../..   -I/media/gwind/windcode/openwrt-ssd20x/18.06/staging_dir/target-arm-linux-gnueabihf_glibc/usr/include -I/media/gwind/windcode/openwrt-ssd20x/18.06/staging_dir/target-arm-linux-gnueabihf_glibc/include   -I../../src/include -Os -pipe -Wno-implicit-fallthrough -mfpu=neon -Wno-format-overflow -fno-caller-saves -fno-plt -mfloat-abi=hard  -D_FORTIFY_SOURCE=1 -Wl,-z,now -Wl,-z,relro  -Wall -Wshadow -Wpointer-arith -Wwrite-strings -Wstrict-prototypes -MT control.o -MD -MP -MF .deps/control.Tpo -c -o control.o control.c
mv -f .deps/control.Tpo .deps/control.Po
arm-linux-gnueabihf-gcc -DHAVE_CONFIG_H -I. -I../..   -I/media/gwind/windcode/openwrt-ssd20x/18.06/staging_dir/target-arm-linux-gnueabihf_glibc/usr/include -I/media/gwind/windcode/openwrt-ssd20x/18.06/staging_dir/target-arm-linux-gnueabihf_glibc/include   -I../../src/include -Os -pipe -Wno-implicit-fallthrough -mfpu=neon -Wno-format-overflow -fno-caller-saves -fno-plt -mfloat-abi=hard  -D_FORTIFY_SOURCE=1 -Wl,-z,now -Wl,-z,relro  -Wall -Wshadow -Wpointer-arith -Wwrite-strings -Wstrict-prototypes -MT dispatch.o -MD -MP -MF .deps/dispatch.Tpo -c -o dispatch.o dispatch.c
mv -f .deps/dispatch.Tpo .deps/dispatch.Po
arm-linux-gnueabihf-gcc -DHAVE_CONFIG_H -I. -I../..   -I/media/gwind/windcode/openwrt-ssd20x/18.06/staging_dir/target-arm-linux-gnueabihf_glibc/usr/include -I/media/gwind/windcode/openwrt-ssd20x/18.06/staging_dir/target-arm-linux-gnueabihf_glibc/include   -I../../src/include -Os -pipe -Wno-implicit-fallthrough -mfpu=neon -Wno-format-overflow -fno-caller-saves -fno-plt -mfloat-abi=hard  -D_FORTIFY_SOURCE=1 -Wl,-z,now -Wl,-z,relro  -Wall -Wshadow -Wpointer-arith -Wwrite-strings -Wstrict-prototypes -MT proto.o -MD -MP -MF .deps/proto.Tpo -c -o proto.o proto.c
mv -f .deps/proto.Tpo .deps/proto.Po
arm-linux-gnueabihf-gcc -DHAVE_CONFIG_H -I. -I../..   -I/media/gwind/windcode/openwrt-ssd20x/18.06/staging_dir/target-arm-linux-gnueabihf_glibc/usr/include -I/media/gwind/windcode/openwrt-ssd20x/18.06/staging_dir/target-arm-linux-gnueabihf_glibc/include   -I../../src/include -Os -pipe -Wno-implicit-fallthrough -mfpu=neon -Wno-format-overflow -fno-caller-saves -fno-plt -mfloat-abi=hard  -D_FORTIFY_SOURCE=1 -Wl,-z,now -Wl,-z,relro  -Wall -Wshadow -Wpointer-arith -Wwrite-strings -Wstrict-prototypes -MT relay.o -MD -MP -MF .deps/relay.Tpo -c -o relay.o relay.c
mv -f .deps/relay.Tpo .deps/relay.Po
arm-linux-gnueabihf-gcc -DHAVE_CONFIG_H -I. -I../..   -I/media/gwind/windcode/openwrt-ssd20x/18.06/staging_dir/target-arm-linux-gnueabihf_glibc/usr/include -I/media/gwind/windcode/openwrt-ssd20x/18.06/staging_dir/target-arm-linux-gnueabihf_glibc/include   -I../../src/include -Os -pipe -Wno-implicit-fallthrough -mfpu=neon -Wno-format-overflow -fno-caller-saves -fno-plt -mfloat-abi=hard  -D_FORTIFY_SOURCE=1 -Wl,-z,now -Wl,-z,relro  -Wall -Wshadow -Wpointer-arith -Wwrite-strings -Wstrict-prototypes -MT route.o -MD -MP -MF .deps/route.Tpo -c -o route.o route.c
mv -f .deps/route.Tpo .deps/route.Po
arm-linux-gnueabihf-gcc -DHAVE_CONFIG_H -I. -I../..   -I/media/gwind/windcode/openwrt-ssd20x/18.06/staging_dir/target-arm-linux-gnueabihf_glibc/usr/include -I/media/gwind/windcode/openwrt-ssd20x/18.06/staging_dir/target-arm-linux-gnueabihf_glibc/include   -I../../src/include -Os -pipe -Wno-implicit-fallthrough -mfpu=neon -Wno-format-overflow -fno-caller-saves -fno-plt -mfloat-abi=hard  -D_FORTIFY_SOURCE=1 -Wl,-z,now -Wl,-z,relro  -Wall -Wshadow -Wpointer-arith -Wwrite-strings -Wstrict-prototypes -MT sig.o -MD -MP -MF .deps/sig.Tpo -c -o sig.o sig.c
mv -f .deps/sig.Tpo .deps/sig.Po
arm-linux-gnueabihf-gcc -DHAVE_CONFIG_H -I. -I../..   -I/media/gwind/windcode/openwrt-ssd20x/18.06/staging_dir/target-arm-linux-gnueabihf_glibc/usr/include -I/media/gwind/windcode/openwrt-ssd20x/18.06/staging_dir/target-arm-linux-gnueabihf_glibc/include   -I../../src/include -Os -pipe -Wno-implicit-fallthrough -mfpu=neon -Wno-format-overflow -fno-caller-saves -fno-plt -mfloat-abi=hard  -D_FORTIFY_SOURCE=1 -Wl,-z,now -Wl,-z,relro  -Wall -Wshadow -Wpointer-arith -Wwrite-strings -Wstrict-prototypes -MT cfg_y.o -MD -MP -MF .deps/cfg_y.Tpo -c -o cfg_y.o cfg_y.c
mv -f .deps/cfg_y.Tpo .deps/cfg_y.Po
arm-linux-gnueabihf-gcc -DHAVE_CONFIG_H -I. -I../..   -I/media/gwind/windcode/openwrt-ssd20x/18.06/staging_dir/target-arm-linux-gnueabihf_glibc/usr/include -I/media/gwind/windcode/openwrt-ssd20x/18.06/staging_dir/target-arm-linux-gnueabihf_glibc/include   -I../../src/include -Os -pipe -Wno-implicit-fallthrough -mfpu=neon -Wno-format-overflow -fno-caller-saves -fno-plt -mfloat-abi=hard  -D_FORTIFY_SOURCE=1 -Wl,-z,now -Wl,-z,relro  -Wall -Wshadow -Wpointer-arith -Wwrite-strings -Wstrict-prototypes -MT cfg_l.o -MD -MP -MF .deps/cfg_l.Tpo -c -o cfg_l.o cfg_l.c
mv -f .deps/cfg_l.Tpo .deps/cfg_l.Po
rm -f libsw.a
arm-linux-gnueabihf-ar cru libsw.a control.o dispatch.o proto.o relay.o route.o sig.o cfg_y.o cfg_l.o 
arm-linux-gnueabihf-ranlib libsw.a
arm-linux-gnueabihf-gcc -DHAVE_CONFIG_H -I. -I../..   -I/media/gwind/windcode/openwrt-ssd20x/18.06/staging_dir/target-arm-linux-gnueabihf_glibc/usr/include -I/media/gwind/windcode/openwrt-ssd20x/18.06/staging_dir/target-arm-linux-gnueabihf_glibc/include   -I../../src/include -Os -pipe -Wno-implicit-fallthrough -mfpu=neon -Wno-format-overflow -fno-caller-saves -fno-plt -mfloat-abi=hard  -D_FORTIFY_SOURCE=1 -Wl,-z,now -Wl,-z,relro  -Wall -Wshadow -Wpointer-arith -Wwrite-strings -Wstrict-prototypes -MT swc.o -MD -MP -MF .deps/swc.Tpo -c -o swc.o swc.c
mv -f .deps/swc.Tpo .deps/swc.Po
/bin/bash ../../libtool  --tag=CC   --mode=link arm-linux-gnueabihf-gcc  -I../../src/include -Os -pipe -Wno-implicit-fallthrough -mfpu=neon -Wno-format-overflow -fno-caller-saves -fno-plt -mfloat-abi=hard  -D_FORTIFY_SOURCE=1 -Wl,-z,now -Wl,-z,relro  -Wall -Wshadow -Wpointer-arith -Wwrite-strings -Wstrict-prototypes  -L/media/gwind/windcode/openwrt-ssd20x/18.06/staging_dir/target-arm-linux-gnueabihf_glibc/usr/lib -L/media/gwind/windcode/openwrt-ssd20x/18.06/staging_dir/target-arm-linux-gnueabihf_glibc/lib -L/opt/ssd20x/gcc-arm-8.2-2018.08-x86_64-arm-linux-gnueabihf/arm-linux-gnueabihf/libc/usr/lib -L/opt/ssd20x/gcc-arm-8.2-2018.08-x86_64-arm-linux-gnueabihf/arm-linux-gnueabihf/libc/lib -znow -zrelro  -o swc swc.o ../../src/lib/libatm.la 
OpenWrt-libtool: link: arm-linux-gnueabihf-gcc -I../../src/include -Os -pipe -Wno-implicit-fallthrough -mfpu=neon -Wno-format-overflow -fno-caller-saves -fno-plt -mfloat-abi=hard -D_FORTIFY_SOURCE=1 -Wl,-z -Wl,now -Wl,-z -Wl,relro -Wall -Wshadow -Wpointer-arith -Wwrite-strings -Wstrict-prototypes -znow -zrelro -o .libs/swc swc.o  -L/media/gwind/windcode/openwrt-ssd20x/18.06/staging_dir/target-arm-linux-gnueabihf_glibc/usr/lib -L/media/gwind/windcode/openwrt-ssd20x/18.06/staging_dir/target-arm-linux-gnueabihf_glibc/lib -L/opt/ssd20x/gcc-arm-8.2-2018.08-x86_64-arm-linux-gnueabihf/arm-linux-gnueabihf/libc/usr/lib -L/opt/ssd20x/gcc-arm-8.2-2018.08-x86_64-arm-linux-gnueabihf/arm-linux-gnueabihf/libc/lib ../../src/lib/.libs/libatm.so -lresolv
make[8]: Leaving directory '/media/gwind/windcode/openwrt-ssd20x/18.06/build_dir/target-arm-linux-gnueabihf_glibc/linux-sstar_ssd20x/linux-atm-2.5.2/src/switch'
Making all in debug
make[8]: Entering directory '/media/gwind/windcode/openwrt-ssd20x/18.06/build_dir/target-arm-linux-gnueabihf_glibc/linux-sstar_ssd20x/linux-atm-2.5.2/src/switch/debug'
arm-linux-gnueabihf-gcc -DHAVE_CONFIG_H -I. -I../../.. -I./../../q2931  -I/media/gwind/windcode/openwrt-ssd20x/18.06/staging_dir/target-arm-linux-gnueabihf_glibc/usr/include -I/media/gwind/windcode/openwrt-ssd20x/18.06/staging_dir/target-arm-linux-gnueabihf_glibc/include   -I../../../src/include -Os -pipe -Wno-implicit-fallthrough -mfpu=neon -Wno-format-overflow -fno-caller-saves -fno-plt -mfloat-abi=hard  -D_FORTIFY_SOURCE=1 -Wl,-z,now -Wl,-z,relro  -Wall -Wshadow -Wpointer-arith -Wwrite-strings -Wstrict-prototypes -MT debug.o -MD -MP -MF .deps/debug.Tpo -c -o debug.o debug.c
mv -f .deps/debug.Tpo .deps/debug.Po
/bin/bash ../../../libtool  --tag=CC   --mode=link arm-linux-gnueabihf-gcc  -I../../../src/include -Os -pipe -Wno-implicit-fallthrough -mfpu=neon -Wno-format-overflow -fno-caller-saves -fno-plt -mfloat-abi=hard  -D_FORTIFY_SOURCE=1 -Wl,-z,now -Wl,-z,relro  -Wall -Wshadow -Wpointer-arith -Wwrite-strings -Wstrict-prototypes  -L/media/gwind/windcode/openwrt-ssd20x/18.06/staging_dir/target-arm-linux-gnueabihf_glibc/usr/lib -L/media/gwind/windcode/openwrt-ssd20x/18.06/staging_dir/target-arm-linux-gnueabihf_glibc/lib -L/opt/ssd20x/gcc-arm-8.2-2018.08-x86_64-arm-linux-gnueabihf/arm-linux-gnueabihf/libc/usr/lib -L/opt/ssd20x/gcc-arm-8.2-2018.08-x86_64-arm-linux-gnueabihf/arm-linux-gnueabihf/libc/lib -znow -zrelro  -o sw_debug debug.o ../../../src/switch/libsw.a ../../../src/lib/libatm.la  
OpenWrt-libtool: link: arm-linux-gnueabihf-gcc -I../../../src/include -Os -pipe -Wno-implicit-fallthrough -mfpu=neon -Wno-format-overflow -fno-caller-saves -fno-plt -mfloat-abi=hard -D_FORTIFY_SOURCE=1 -Wl,-z -Wl,now -Wl,-z -Wl,relro -Wall -Wshadow -Wpointer-arith -Wwrite-strings -Wstrict-prototypes -znow -zrelro -o .libs/sw_debug debug.o  -L/media/gwind/windcode/openwrt-ssd20x/18.06/staging_dir/target-arm-linux-gnueabihf_glibc/usr/lib -L/media/gwind/windcode/openwrt-ssd20x/18.06/staging_dir/target-arm-linux-gnueabihf_glibc/lib -L/opt/ssd20x/gcc-arm-8.2-2018.08-x86_64-arm-linux-gnueabihf/arm-linux-gnueabihf/libc/usr/lib -L/opt/ssd20x/gcc-arm-8.2-2018.08-x86_64-arm-linux-gnueabihf/arm-linux-gnueabihf/libc/lib ../../../src/switch/libsw.a ../../../src/lib/.libs/libatm.so -lresolv
make[8]: Leaving directory '/media/gwind/windcode/openwrt-ssd20x/18.06/build_dir/target-arm-linux-gnueabihf_glibc/linux-sstar_ssd20x/linux-atm-2.5.2/src/switch/debug'
Making all in tcp
make[8]: Entering directory '/media/gwind/windcode/openwrt-ssd20x/18.06/build_dir/target-arm-linux-gnueabihf_glibc/linux-sstar_ssd20x/linux-atm-2.5.2/src/switch/tcp'
arm-linux-gnueabihf-gcc -DHAVE_CONFIG_H -I. -I../../.. -I./../../q2931  -I/media/gwind/windcode/openwrt-ssd20x/18.06/staging_dir/target-arm-linux-gnueabihf_glibc/usr/include -I/media/gwind/windcode/openwrt-ssd20x/18.06/staging_dir/target-arm-linux-gnueabihf_glibc/include   -I../../../src/include -Os -pipe -Wno-implicit-fallthrough -mfpu=neon -Wno-format-overflow -fno-caller-saves -fno-plt -mfloat-abi=hard  -D_FORTIFY_SOURCE=1 -Wl,-z,now -Wl,-z,relro  -Wall -Wshadow -Wpointer-arith -Wwrite-strings -Wstrict-prototypes -MT tcpsw.o -MD -MP -MF .deps/tcpsw.Tpo -c -o tcpsw.o tcpsw.c
mv -f .deps/tcpsw.Tpo .deps/tcpsw.Po
/bin/bash ../../../libtool  --tag=CC   --mode=link arm-linux-gnueabihf-gcc  -I../../../src/include -Os -pipe -Wno-implicit-fallthrough -mfpu=neon -Wno-format-overflow -fno-caller-saves -fno-plt -mfloat-abi=hard  -D_FORTIFY_SOURCE=1 -Wl,-z,now -Wl,-z,relro  -Wall -Wshadow -Wpointer-arith -Wwrite-strings -Wstrict-prototypes  -L/media/gwind/windcode/openwrt-ssd20x/18.06/staging_dir/target-arm-linux-gnueabihf_glibc/usr/lib -L/media/gwind/windcode/openwrt-ssd20x/18.06/staging_dir/target-arm-linux-gnueabihf_glibc/lib -L/opt/ssd20x/gcc-arm-8.2-2018.08-x86_64-arm-linux-gnueabihf/arm-linux-gnueabihf/libc/usr/lib -L/opt/ssd20x/gcc-arm-8.2-2018.08-x86_64-arm-linux-gnueabihf/arm-linux-gnueabihf/libc/lib -znow -zrelro  -o sw_tcp tcpsw.o ../../../src/switch/libsw.a ../../../src/lib/libatm.la  
OpenWrt-libtool: link: arm-linux-gnueabihf-gcc -I../../../src/include -Os -pipe -Wno-implicit-fallthrough -mfpu=neon -Wno-format-overflow -fno-caller-saves -fno-plt -mfloat-abi=hard -D_FORTIFY_SOURCE=1 -Wl,-z -Wl,now -Wl,-z -Wl,relro -Wall -Wshadow -Wpointer-arith -Wwrite-strings -Wstrict-prototypes -znow -zrelro -o .libs/sw_tcp tcpsw.o  -L/media/gwind/windcode/openwrt-ssd20x/18.06/staging_dir/target-arm-linux-gnueabihf_glibc/usr/lib -L/media/gwind/windcode/openwrt-ssd20x/18.06/staging_dir/target-arm-linux-gnueabihf_glibc/lib -L/opt/ssd20x/gcc-arm-8.2-2018.08-x86_64-arm-linux-gnueabihf/arm-linux-gnueabihf/libc/usr/lib -L/opt/ssd20x/gcc-arm-8.2-2018.08-x86_64-arm-linux-gnueabihf/arm-linux-gnueabihf/libc/lib ../../../src/switch/libsw.a ../../../src/lib/.libs/libatm.so -lresolv
make[8]: Leaving directory '/media/gwind/windcode/openwrt-ssd20x/18.06/build_dir/target-arm-linux-gnueabihf_glibc/linux-sstar_ssd20x/linux-atm-2.5.2/src/switch/tcp'
make[7]: Leaving directory '/media/gwind/windcode/openwrt-ssd20x/18.06/build_dir/target-arm-linux-gnueabihf_glibc/linux-sstar_ssd20x/linux-atm-2.5.2/src/switch'
Making all in config
make[7]: Entering directory '/media/gwind/windcode/openwrt-ssd20x/18.06/build_dir/target-arm-linux-gnueabihf_glibc/linux-sstar_ssd20x/linux-atm-2.5.2/src/config'
make[7]: Nothing to be done for 'all'.
make[7]: Leaving directory '/media/gwind/windcode/openwrt-ssd20x/18.06/build_dir/target-arm-linux-gnueabihf_glibc/linux-sstar_ssd20x/linux-atm-2.5.2/src/config'
Making all in extra
make[7]: Entering directory '/media/gwind/windcode/openwrt-ssd20x/18.06/build_dir/target-arm-linux-gnueabihf_glibc/linux-sstar_ssd20x/linux-atm-2.5.2/src/extra'
arm-linux-gnueabihf-objcopy -Iihex pca200e.data -Obinary pca200e.bin.gz
gzip -n -df pca200e.bin.gz
arm-linux-gnueabihf-objcopy -Iihex pca200e_ecd.data -Obinary pca200e_ecd.bin2.gz
gzip -n -df pca200e_ecd.bin2.gz
arm-linux-gnueabihf-objcopy -Iihex sba200e_ecd.data -Obinary sba200e_ecd.bin2.gz
gzip -n -df sba200e_ecd.bin2.gz
make  all-am
make[8]: Entering directory '/media/gwind/windcode/openwrt-ssd20x/18.06/build_dir/target-arm-linux-gnueabihf_glibc/linux-sstar_ssd20x/linux-atm-2.5.2/src/extra'
make[8]: Nothing to be done for 'all-am'.
make[8]: Leaving directory '/media/gwind/windcode/openwrt-ssd20x/18.06/build_dir/target-arm-linux-gnueabihf_glibc/linux-sstar_ssd20x/linux-atm-2.5.2/src/extra'
make[7]: Leaving directory '/media/gwind/windcode/openwrt-ssd20x/18.06/build_dir/target-arm-linux-gnueabihf_glibc/linux-sstar_ssd20x/linux-atm-2.5.2/src/extra'
Making all in br2684
make[7]: Entering directory '/media/gwind/windcode/openwrt-ssd20x/18.06/build_dir/target-arm-linux-gnueabihf_glibc/linux-sstar_ssd20x/linux-atm-2.5.2/src/br2684'
arm-linux-gnueabihf-gcc -DHAVE_CONFIG_H -I. -I../..   -I/media/gwind/windcode/openwrt-ssd20x/18.06/staging_dir/target-arm-linux-gnueabihf_glibc/usr/include -I/media/gwind/windcode/openwrt-ssd20x/18.06/staging_dir/target-arm-linux-gnueabihf_glibc/include   -I../../src/include -Os -pipe -Wno-implicit-fallthrough -mfpu=neon -Wno-format-overflow -fno-caller-saves -fno-plt -mfloat-abi=hard  -D_FORTIFY_SOURCE=1 -Wl,-z,now -Wl,-z,relro  -Wall -Wshadow -Wpointer-arith -Wwrite-strings -Wstrict-prototypes -MT br2684ctl.o -MD -MP -MF .deps/br2684ctl.Tpo -c -o br2684ctl.o br2684ctl.c
mv -f .deps/br2684ctl.Tpo .deps/br2684ctl.Po
/bin/bash ../../libtool  --tag=CC   --mode=link arm-linux-gnueabihf-gcc  -I../../src/include -Os -pipe -Wno-implicit-fallthrough -mfpu=neon -Wno-format-overflow -fno-caller-saves -fno-plt -mfloat-abi=hard  -D_FORTIFY_SOURCE=1 -Wl,-z,now -Wl,-z,relro  -Wall -Wshadow -Wpointer-arith -Wwrite-strings -Wstrict-prototypes  -L/media/gwind/windcode/openwrt-ssd20x/18.06/staging_dir/target-arm-linux-gnueabihf_glibc/usr/lib -L/media/gwind/windcode/openwrt-ssd20x/18.06/staging_dir/target-arm-linux-gnueabihf_glibc/lib -L/opt/ssd20x/gcc-arm-8.2-2018.08-x86_64-arm-linux-gnueabihf/arm-linux-gnueabihf/libc/usr/lib -L/opt/ssd20x/gcc-arm-8.2-2018.08-x86_64-arm-linux-gnueabihf/arm-linux-gnueabihf/libc/lib -znow -zrelro  -o br2684ctl br2684ctl.o ../../src/lib/libatm.la 
OpenWrt-libtool: link: arm-linux-gnueabihf-gcc -I../../src/include -Os -pipe -Wno-implicit-fallthrough -mfpu=neon -Wno-format-overflow -fno-caller-saves -fno-plt -mfloat-abi=hard -D_FORTIFY_SOURCE=1 -Wl,-z -Wl,now -Wl,-z -Wl,relro -Wall -Wshadow -Wpointer-arith -Wwrite-strings -Wstrict-prototypes -znow -zrelro -o .libs/br2684ctl br2684ctl.o  -L/media/gwind/windcode/openwrt-ssd20x/18.06/staging_dir/target-arm-linux-gnueabihf_glibc/usr/lib -L/media/gwind/windcode/openwrt-ssd20x/18.06/staging_dir/target-arm-linux-gnueabihf_glibc/lib -L/opt/ssd20x/gcc-arm-8.2-2018.08-x86_64-arm-linux-gnueabihf/arm-linux-gnueabihf/libc/usr/lib -L/opt/ssd20x/gcc-arm-8.2-2018.08-x86_64-arm-linux-gnueabihf/arm-linux-gnueabihf/libc/lib ../../src/lib/.libs/libatm.so -lresolv
make[7]: Leaving directory '/media/gwind/windcode/openwrt-ssd20x/18.06/build_dir/target-arm-linux-gnueabihf_glibc/linux-sstar_ssd20x/linux-atm-2.5.2/src/br2684'
make[7]: Entering directory '/media/gwind/windcode/openwrt-ssd20x/18.06/build_dir/target-arm-linux-gnueabihf_glibc/linux-sstar_ssd20x/linux-atm-2.5.2/src'
make[7]: Nothing to be done for 'all-am'.
make[7]: Leaving directory '/media/gwind/windcode/openwrt-ssd20x/18.06/build_dir/target-arm-linux-gnueabihf_glibc/linux-sstar_ssd20x/linux-atm-2.5.2/src'
make[6]: Leaving directory '/media/gwind/windcode/openwrt-ssd20x/18.06/build_dir/target-arm-linux-gnueabihf_glibc/linux-sstar_ssd20x/linux-atm-2.5.2/src'
Making all in doc
make[6]: Entering directory '/media/gwind/windcode/openwrt-ssd20x/18.06/build_dir/target-arm-linux-gnueabihf_glibc/linux-sstar_ssd20x/linux-atm-2.5.2/doc'
make[6]: Nothing to be done for 'all'.
make[6]: Leaving directory '/media/gwind/windcode/openwrt-ssd20x/18.06/build_dir/target-arm-linux-gnueabihf_glibc/linux-sstar_ssd20x/linux-atm-2.5.2/doc'
make[6]: Entering directory '/media/gwind/windcode/openwrt-ssd20x/18.06/build_dir/target-arm-linux-gnueabihf_glibc/linux-sstar_ssd20x/linux-atm-2.5.2'
make[6]: Leaving directory '/media/gwind/windcode/openwrt-ssd20x/18.06/build_dir/target-arm-linux-gnueabihf_glibc/linux-sstar_ssd20x/linux-atm-2.5.2'
make[5]: Leaving directory '/media/gwind/windcode/openwrt-ssd20x/18.06/build_dir/target-arm-linux-gnueabihf_glibc/linux-sstar_ssd20x/linux-atm-2.5.2'
make[4]: Leaving directory '/media/gwind/windcode/openwrt-ssd20x/18.06/build_dir/target-arm-linux-gnueabihf_glibc/linux-sstar_ssd20x/linux-atm-2.5.2'
CFLAGS="-Os -pipe -Wno-implicit-fallthrough -mfpu=neon -Wno-format-overflow -fno-caller-saves -fno-plt -mfloat-abi=hard  -D_FORTIFY_SOURCE=1 -Wl,-z,now -Wl,-z,relro  -I/media/gwind/windcode/openwrt-ssd20x/18.06/staging_dir/target-arm-linux-gnueabihf_glibc/usr/include -I/media/gwind/windcode/openwrt-ssd20x/18.06/staging_dir/target-arm-linux-gnueabihf_glibc/include " CXXFLAGS="-Os -pipe -Wno-implicit-fallthrough -mfpu=neon -Wno-format-overflow -fno-caller-saves -fno-plt -mfloat-abi=hard  -D_FORTIFY_SOURCE=1 -Wl,-z,now -Wl,-z,relro  -I/media/gwind/windcode/openwrt-ssd20x/18.06/staging_dir/target-arm-linux-gnueabihf_glibc/usr/include -I/media/gwind/windcode/openwrt-ssd20x/18.06/staging_dir/target-arm-linux-gnueabihf_glibc/include " LDFLAGS="-L/media/gwind/windcode/openwrt-ssd20x/18.06/staging_dir/target-arm-linux-gnueabihf_glibc/usr/lib -L/media/gwind/windcode/openwrt-ssd20x/18.06/staging_dir/target-arm-linux-gnueabihf_glibc/lib -L/opt/ssd20x/gcc-arm-8.2-2018.08-x86_64-arm-linux-gnueabihf/arm-linux-gnueabihf/libc/usr/lib -L/opt/ssd20x/gcc-arm-8.2-2018.08-x86_64-arm-linux-gnueabihf/arm-linux-gnueabihf/libc/lib -znow -zrelro " make -C /media/gwind/windcode/openwrt-ssd20x/18.06/build_dir/target-arm-linux-gnueabihf_glibc/linux-sstar_ssd20x/linux-atm-2.5.2/. AR="arm-linux-gnueabihf-ar" AS="arm-linux-gnueabihf-gcc -c -Os -pipe -Wno-implicit-fallthrough -mfpu=neon -Wno-format-overflow -fno-caller-saves -fno-plt -mfloat-abi=hard  -D_FORTIFY_SOURCE=1 -Wl,-z,now -Wl,-z,relro" LD=arm-linux-gnueabihf-ld NM="arm-linux-gnueabihf-nm" CC="arm-linux-gnueabihf-gcc" GCC="arm-linux-gnueabihf-gcc" CXX="arm-linux-gnueabihf-g++" RANLIB="arm-linux-gnueabihf-ranlib" STRIP=arm-linux-gnueabihf-strip OBJCOPY=arm-linux-gnueabihf-objcopy OBJDUMP=arm-linux-gnueabihf-objdump SIZE=arm-linux-gnueabihf-size CROSS="arm-linux-gnueabihf-" ARCH="arm" DESTDIR="/media/gwind/windcode/openwrt-ssd20x/18.06/build_dir/target-arm-linux-gnueabihf_glibc/linux-sstar_ssd20x/linux-atm-2.5.2/ipkg-install"  install;
make[4]: Entering directory '/media/gwind/windcode/openwrt-ssd20x/18.06/build_dir/target-arm-linux-gnueabihf_glibc/linux-sstar_ssd20x/linux-atm-2.5.2'
Making install in src
make[5]: Entering directory '/media/gwind/windcode/openwrt-ssd20x/18.06/build_dir/target-arm-linux-gnueabihf_glibc/linux-sstar_ssd20x/linux-atm-2.5.2/src'
Making install in include
make[6]: Entering directory '/media/gwind/windcode/openwrt-ssd20x/18.06/build_dir/target-arm-linux-gnueabihf_glibc/linux-sstar_ssd20x/linux-atm-2.5.2/src/include'
make[7]: Entering directory '/media/gwind/windcode/openwrt-ssd20x/18.06/build_dir/target-arm-linux-gnueabihf_glibc/linux-sstar_ssd20x/linux-atm-2.5.2/src/include'
make[7]: Nothing to be done for 'install-exec-am'.
 /bin/mkdir -p '/media/gwind/windcode/openwrt-ssd20x/18.06/build_dir/target-arm-linux-gnueabihf_glibc/linux-sstar_ssd20x/linux-atm-2.5.2/ipkg-install/usr/include'
 /usr/bin/install -c -m 644 atm.h atmd.h atmsap.h '/media/gwind/windcode/openwrt-ssd20x/18.06/build_dir/target-arm-linux-gnueabihf_glibc/linux-sstar_ssd20x/linux-atm-2.5.2/ipkg-install/usr/include'
make[7]: Leaving directory '/media/gwind/windcode/openwrt-ssd20x/18.06/build_dir/target-arm-linux-gnueabihf_glibc/linux-sstar_ssd20x/linux-atm-2.5.2/src/include'
make[6]: Leaving directory '/media/gwind/windcode/openwrt-ssd20x/18.06/build_dir/target-arm-linux-gnueabihf_glibc/linux-sstar_ssd20x/linux-atm-2.5.2/src/include'
Making install in lib
make[6]: Entering directory '/media/gwind/windcode/openwrt-ssd20x/18.06/build_dir/target-arm-linux-gnueabihf_glibc/linux-sstar_ssd20x/linux-atm-2.5.2/src/lib'
make[7]: Entering directory '/media/gwind/windcode/openwrt-ssd20x/18.06/build_dir/target-arm-linux-gnueabihf_glibc/linux-sstar_ssd20x/linux-atm-2.5.2/src/lib'
 /bin/mkdir -p '/media/gwind/windcode/openwrt-ssd20x/18.06/build_dir/target-arm-linux-gnueabihf_glibc/linux-sstar_ssd20x/linux-atm-2.5.2/ipkg-install/usr/lib'
 /bin/bash ../../libtool   --mode=install /usr/bin/install -c   libatm.la '/media/gwind/windcode/openwrt-ssd20x/18.06/build_dir/target-arm-linux-gnueabihf_glibc/linux-sstar_ssd20x/linux-atm-2.5.2/ipkg-install/usr/lib'
OpenWrt-libtool: install: /usr/bin/install -c .libs/libatm.so.1.0.0 /media/gwind/windcode/openwrt-ssd20x/18.06/build_dir/target-arm-linux-gnueabihf_glibc/linux-sstar_ssd20x/linux-atm-2.5.2/ipkg-install/usr/lib/libatm.so.1.0.0
OpenWrt-libtool: install: (cd /media/gwind/windcode/openwrt-ssd20x/18.06/build_dir/target-arm-linux-gnueabihf_glibc/linux-sstar_ssd20x/linux-atm-2.5.2/ipkg-install/usr/lib && { ln -s -f libatm.so.1.0.0 libatm.so.1 || { rm -f libatm.so.1 && ln -s libatm.so.1.0.0 libatm.so.1; }; })
OpenWrt-libtool: install: (cd /media/gwind/windcode/openwrt-ssd20x/18.06/build_dir/target-arm-linux-gnueabihf_glibc/linux-sstar_ssd20x/linux-atm-2.5.2/ipkg-install/usr/lib && { ln -s -f libatm.so.1.0.0 libatm.so || { rm -f libatm.so && ln -s libatm.so.1.0.0 libatm.so; }; })
OpenWrt-libtool: install: /usr/bin/install -c .libs/libatm.lai /media/gwind/windcode/openwrt-ssd20x/18.06/build_dir/target-arm-linux-gnueabihf_glibc/linux-sstar_ssd20x/linux-atm-2.5.2/ipkg-install/usr/lib/libatm.la
OpenWrt-libtool: install: /usr/bin/install -c .libs/libatm.a /media/gwind/windcode/openwrt-ssd20x/18.06/build_dir/target-arm-linux-gnueabihf_glibc/linux-sstar_ssd20x/linux-atm-2.5.2/ipkg-install/usr/lib/libatm.a
OpenWrt-libtool: install: chmod 644 /media/gwind/windcode/openwrt-ssd20x/18.06/build_dir/target-arm-linux-gnueabihf_glibc/linux-sstar_ssd20x/linux-atm-2.5.2/ipkg-install/usr/lib/libatm.a
OpenWrt-libtool: install: arm-linux-gnueabihf-ranlib /media/gwind/windcode/openwrt-ssd20x/18.06/build_dir/target-arm-linux-gnueabihf_glibc/linux-sstar_ssd20x/linux-atm-2.5.2/ipkg-install/usr/lib/libatm.a
make[7]: Nothing to be done for 'install-data-am'.
make[7]: Leaving directory '/media/gwind/windcode/openwrt-ssd20x/18.06/build_dir/target-arm-linux-gnueabihf_glibc/linux-sstar_ssd20x/linux-atm-2.5.2/src/lib'
make[6]: Leaving directory '/media/gwind/windcode/openwrt-ssd20x/18.06/build_dir/target-arm-linux-gnueabihf_glibc/linux-sstar_ssd20x/linux-atm-2.5.2/src/lib'
Making install in test
make[6]: Entering directory '/media/gwind/windcode/openwrt-ssd20x/18.06/build_dir/target-arm-linux-gnueabihf_glibc/linux-sstar_ssd20x/linux-atm-2.5.2/src/test'
make[7]: Entering directory '/media/gwind/windcode/openwrt-ssd20x/18.06/build_dir/target-arm-linux-gnueabihf_glibc/linux-sstar_ssd20x/linux-atm-2.5.2/src/test'
 /bin/mkdir -p '/media/gwind/windcode/openwrt-ssd20x/18.06/build_dir/target-arm-linux-gnueabihf_glibc/linux-sstar_ssd20x/linux-atm-2.5.2/ipkg-install/usr/bin'
  /bin/bash ../../libtool   --mode=install /usr/bin/install -c aread awrite ttcp_atm atmswitch svc_recv svc_send '/media/gwind/windcode/openwrt-ssd20x/18.06/build_dir/target-arm-linux-gnueabihf_glibc/linux-sstar_ssd20x/linux-atm-2.5.2/ipkg-install/usr/bin'
OpenWrt-libtool: install: /usr/bin/install -c .libs/aread /media/gwind/windcode/openwrt-ssd20x/18.06/build_dir/target-arm-linux-gnueabihf_glibc/linux-sstar_ssd20x/linux-atm-2.5.2/ipkg-install/usr/bin/aread
OpenWrt-libtool: install: /usr/bin/install -c .libs/awrite /media/gwind/windcode/openwrt-ssd20x/18.06/build_dir/target-arm-linux-gnueabihf_glibc/linux-sstar_ssd20x/linux-atm-2.5.2/ipkg-install/usr/bin/awrite
OpenWrt-libtool: install: /usr/bin/install -c .libs/ttcp_atm /media/gwind/windcode/openwrt-ssd20x/18.06/build_dir/target-arm-linux-gnueabihf_glibc/linux-sstar_ssd20x/linux-atm-2.5.2/ipkg-install/usr/bin/ttcp_atm
OpenWrt-libtool: install: /usr/bin/install -c .libs/atmswitch /media/gwind/windcode/openwrt-ssd20x/18.06/build_dir/target-arm-linux-gnueabihf_glibc/linux-sstar_ssd20x/linux-atm-2.5.2/ipkg-install/usr/bin/atmswitch
OpenWrt-libtool: install: /usr/bin/install -c .libs/svc_recv /media/gwind/windcode/openwrt-ssd20x/18.06/build_dir/target-arm-linux-gnueabihf_glibc/linux-sstar_ssd20x/linux-atm-2.5.2/ipkg-install/usr/bin/svc_recv
OpenWrt-libtool: install: /usr/bin/install -c .libs/svc_send /media/gwind/windcode/openwrt-ssd20x/18.06/build_dir/target-arm-linux-gnueabihf_glibc/linux-sstar_ssd20x/linux-atm-2.5.2/ipkg-install/usr/bin/svc_send
make[7]: Nothing to be done for 'install-data-am'.
make[7]: Leaving directory '/media/gwind/windcode/openwrt-ssd20x/18.06/build_dir/target-arm-linux-gnueabihf_glibc/linux-sstar_ssd20x/linux-atm-2.5.2/src/test'
make[6]: Leaving directory '/media/gwind/windcode/openwrt-ssd20x/18.06/build_dir/target-arm-linux-gnueabihf_glibc/linux-sstar_ssd20x/linux-atm-2.5.2/src/test'
Making install in debug
make[6]: Entering directory '/media/gwind/windcode/openwrt-ssd20x/18.06/build_dir/target-arm-linux-gnueabihf_glibc/linux-sstar_ssd20x/linux-atm-2.5.2/src/debug'
make[7]: Entering directory '/media/gwind/windcode/openwrt-ssd20x/18.06/build_dir/target-arm-linux-gnueabihf_glibc/linux-sstar_ssd20x/linux-atm-2.5.2/src/debug'
make[7]: Nothing to be done for 'install-exec-am'.
make[7]: Nothing to be done for 'install-data-am'.
make[7]: Leaving directory '/media/gwind/windcode/openwrt-ssd20x/18.06/build_dir/target-arm-linux-gnueabihf_glibc/linux-sstar_ssd20x/linux-atm-2.5.2/src/debug'
make[6]: Leaving directory '/media/gwind/windcode/openwrt-ssd20x/18.06/build_dir/target-arm-linux-gnueabihf_glibc/linux-sstar_ssd20x/linux-atm-2.5.2/src/debug'
Making install in qgen
make[6]: Entering directory '/media/gwind/windcode/openwrt-ssd20x/18.06/build_dir/target-arm-linux-gnueabihf_glibc/linux-sstar_ssd20x/linux-atm-2.5.2/src/qgen'
make[7]: Entering directory '/media/gwind/windcode/openwrt-ssd20x/18.06/build_dir/target-arm-linux-gnueabihf_glibc/linux-sstar_ssd20x/linux-atm-2.5.2/src/qgen'
make[7]: Nothing to be done for 'install-exec-am'.
make[7]: Nothing to be done for 'install-data-am'.
make[7]: Leaving directory '/media/gwind/windcode/openwrt-ssd20x/18.06/build_dir/target-arm-linux-gnueabihf_glibc/linux-sstar_ssd20x/linux-atm-2.5.2/src/qgen'
make[6]: Leaving directory '/media/gwind/windcode/openwrt-ssd20x/18.06/build_dir/target-arm-linux-gnueabihf_glibc/linux-sstar_ssd20x/linux-atm-2.5.2/src/qgen'
Making install in q2931
make[6]: Entering directory '/media/gwind/windcode/openwrt-ssd20x/18.06/build_dir/target-arm-linux-gnueabihf_glibc/linux-sstar_ssd20x/linux-atm-2.5.2/src/q2931'
make[7]: Entering directory '/media/gwind/windcode/openwrt-ssd20x/18.06/build_dir/target-arm-linux-gnueabihf_glibc/linux-sstar_ssd20x/linux-atm-2.5.2/src/q2931'
make[7]: Nothing to be done for 'install-exec-am'.
make[7]: Nothing to be done for 'install-data-am'.
make[7]: Leaving directory '/media/gwind/windcode/openwrt-ssd20x/18.06/build_dir/target-arm-linux-gnueabihf_glibc/linux-sstar_ssd20x/linux-atm-2.5.2/src/q2931'
make[6]: Leaving directory '/media/gwind/windcode/openwrt-ssd20x/18.06/build_dir/target-arm-linux-gnueabihf_glibc/linux-sstar_ssd20x/linux-atm-2.5.2/src/q2931'
Making install in saal
make[6]: Entering directory '/media/gwind/windcode/openwrt-ssd20x/18.06/build_dir/target-arm-linux-gnueabihf_glibc/linux-sstar_ssd20x/linux-atm-2.5.2/src/saal'
make[7]: Entering directory '/media/gwind/windcode/openwrt-ssd20x/18.06/build_dir/target-arm-linux-gnueabihf_glibc/linux-sstar_ssd20x/linux-atm-2.5.2/src/saal'
make[7]: Nothing to be done for 'install-exec-am'.
make[7]: Nothing to be done for 'install-data-am'.
make[7]: Leaving directory '/media/gwind/windcode/openwrt-ssd20x/18.06/build_dir/target-arm-linux-gnueabihf_glibc/linux-sstar_ssd20x/linux-atm-2.5.2/src/saal'
make[6]: Leaving directory '/media/gwind/windcode/openwrt-ssd20x/18.06/build_dir/target-arm-linux-gnueabihf_glibc/linux-sstar_ssd20x/linux-atm-2.5.2/src/saal'
Making install in sigd
make[6]: Entering directory '/media/gwind/windcode/openwrt-ssd20x/18.06/build_dir/target-arm-linux-gnueabihf_glibc/linux-sstar_ssd20x/linux-atm-2.5.2/src/sigd'
make[7]: Entering directory '/media/gwind/windcode/openwrt-ssd20x/18.06/build_dir/target-arm-linux-gnueabihf_glibc/linux-sstar_ssd20x/linux-atm-2.5.2/src/sigd'
 /bin/mkdir -p '/media/gwind/windcode/openwrt-ssd20x/18.06/build_dir/target-arm-linux-gnueabihf_glibc/linux-sstar_ssd20x/linux-atm-2.5.2/ipkg-install/usr/sbin'
  /bin/bash ../../libtool   --mode=install /usr/bin/install -c atmsigd '/media/gwind/windcode/openwrt-ssd20x/18.06/build_dir/target-arm-linux-gnueabihf_glibc/linux-sstar_ssd20x/linux-atm-2.5.2/ipkg-install/usr/sbin'
OpenWrt-libtool: install: /usr/bin/install -c .libs/atmsigd /media/gwind/windcode/openwrt-ssd20x/18.06/build_dir/target-arm-linux-gnueabihf_glibc/linux-sstar_ssd20x/linux-atm-2.5.2/ipkg-install/usr/sbin/atmsigd
 /bin/mkdir -p '/media/gwind/windcode/openwrt-ssd20x/18.06/build_dir/target-arm-linux-gnueabihf_glibc/linux-sstar_ssd20x/linux-atm-2.5.2/ipkg-install/etc'
 /usr/bin/install -c -m 644 atmsigd.conf '/media/gwind/windcode/openwrt-ssd20x/18.06/build_dir/target-arm-linux-gnueabihf_glibc/linux-sstar_ssd20x/linux-atm-2.5.2/ipkg-install/etc'
 /bin/mkdir -p '/media/gwind/windcode/openwrt-ssd20x/18.06/build_dir/target-arm-linux-gnueabihf_glibc/linux-sstar_ssd20x/linux-atm-2.5.2/ipkg-install/usr/man/man4'
 /usr/bin/install -c -m 644 atmsigd.conf.4 '/media/gwind/windcode/openwrt-ssd20x/18.06/build_dir/target-arm-linux-gnueabihf_glibc/linux-sstar_ssd20x/linux-atm-2.5.2/ipkg-install/usr/man/man4'
 /bin/mkdir -p '/media/gwind/windcode/openwrt-ssd20x/18.06/build_dir/target-arm-linux-gnueabihf_glibc/linux-sstar_ssd20x/linux-atm-2.5.2/ipkg-install/usr/man/man8'
 /usr/bin/install -c -m 644 atmsigd.8 '/media/gwind/windcode/openwrt-ssd20x/18.06/build_dir/target-arm-linux-gnueabihf_glibc/linux-sstar_ssd20x/linux-atm-2.5.2/ipkg-install/usr/man/man8'
make[7]: Leaving directory '/media/gwind/windcode/openwrt-ssd20x/18.06/build_dir/target-arm-linux-gnueabihf_glibc/linux-sstar_ssd20x/linux-atm-2.5.2/src/sigd'
make[6]: Leaving directory '/media/gwind/windcode/openwrt-ssd20x/18.06/build_dir/target-arm-linux-gnueabihf_glibc/linux-sstar_ssd20x/linux-atm-2.5.2/src/sigd'
Making install in maint
make[6]: Entering directory '/media/gwind/windcode/openwrt-ssd20x/18.06/build_dir/target-arm-linux-gnueabihf_glibc/linux-sstar_ssd20x/linux-atm-2.5.2/src/maint'
make[7]: Entering directory '/media/gwind/windcode/openwrt-ssd20x/18.06/build_dir/target-arm-linux-gnueabihf_glibc/linux-sstar_ssd20x/linux-atm-2.5.2/src/maint'
 /bin/mkdir -p '/media/gwind/windcode/openwrt-ssd20x/18.06/build_dir/target-arm-linux-gnueabihf_glibc/linux-sstar_ssd20x/linux-atm-2.5.2/ipkg-install/usr/bin'
  /bin/bash ../../libtool   --mode=install /usr/bin/install -c atmdiag atmdump sonetdiag saaldump '/media/gwind/windcode/openwrt-ssd20x/18.06/build_dir/target-arm-linux-gnueabihf_glibc/linux-sstar_ssd20x/linux-atm-2.5.2/ipkg-install/usr/bin'
OpenWrt-libtool: install: /usr/bin/install -c .libs/atmdiag /media/gwind/windcode/openwrt-ssd20x/18.06/build_dir/target-arm-linux-gnueabihf_glibc/linux-sstar_ssd20x/linux-atm-2.5.2/ipkg-install/usr/bin/atmdiag
OpenWrt-libtool: install: /usr/bin/install -c .libs/atmdump /media/gwind/windcode/openwrt-ssd20x/18.06/build_dir/target-arm-linux-gnueabihf_glibc/linux-sstar_ssd20x/linux-atm-2.5.2/ipkg-install/usr/bin/atmdump
OpenWrt-libtool: install: /usr/bin/install -c .libs/sonetdiag /media/gwind/windcode/openwrt-ssd20x/18.06/build_dir/target-arm-linux-gnueabihf_glibc/linux-sstar_ssd20x/linux-atm-2.5.2/ipkg-install/usr/bin/sonetdiag
OpenWrt-libtool: install: /usr/bin/install -c .libs/saaldump /media/gwind/windcode/openwrt-ssd20x/18.06/build_dir/target-arm-linux-gnueabihf_glibc/linux-sstar_ssd20x/linux-atm-2.5.2/ipkg-install/usr/bin/saaldump
 /bin/mkdir -p '/media/gwind/windcode/openwrt-ssd20x/18.06/build_dir/target-arm-linux-gnueabihf_glibc/linux-sstar_ssd20x/linux-atm-2.5.2/ipkg-install/usr/sbin'
  /bin/bash ../../libtool   --mode=install /usr/bin/install -c atmaddr esi atmloop atmtcp enitune zntune hediag '/media/gwind/windcode/openwrt-ssd20x/18.06/build_dir/target-arm-linux-gnueabihf_glibc/linux-sstar_ssd20x/linux-atm-2.5.2/ipkg-install/usr/sbin'
OpenWrt-libtool: install: /usr/bin/install -c .libs/atmaddr /media/gwind/windcode/openwrt-ssd20x/18.06/build_dir/target-arm-linux-gnueabihf_glibc/linux-sstar_ssd20x/linux-atm-2.5.2/ipkg-install/usr/sbin/atmaddr
OpenWrt-libtool: install: /usr/bin/install -c .libs/esi /media/gwind/windcode/openwrt-ssd20x/18.06/build_dir/target-arm-linux-gnueabihf_glibc/linux-sstar_ssd20x/linux-atm-2.5.2/ipkg-install/usr/sbin/esi
OpenWrt-libtool: install: /usr/bin/install -c .libs/atmloop /media/gwind/windcode/openwrt-ssd20x/18.06/build_dir/target-arm-linux-gnueabihf_glibc/linux-sstar_ssd20x/linux-atm-2.5.2/ipkg-install/usr/sbin/atmloop
OpenWrt-libtool: install: /usr/bin/install -c .libs/atmtcp /media/gwind/windcode/openwrt-ssd20x/18.06/build_dir/target-arm-linux-gnueabihf_glibc/linux-sstar_ssd20x/linux-atm-2.5.2/ipkg-install/usr/sbin/atmtcp
OpenWrt-libtool: install: /usr/bin/install -c .libs/enitune /media/gwind/windcode/openwrt-ssd20x/18.06/build_dir/target-arm-linux-gnueabihf_glibc/linux-sstar_ssd20x/linux-atm-2.5.2/ipkg-install/usr/sbin/enitune
OpenWrt-libtool: install: /usr/bin/install -c .libs/zntune /media/gwind/windcode/openwrt-ssd20x/18.06/build_dir/target-arm-linux-gnueabihf_glibc/linux-sstar_ssd20x/linux-atm-2.5.2/ipkg-install/usr/sbin/zntune
OpenWrt-libtool: install: /usr/bin/install -c .libs/hediag /media/gwind/windcode/openwrt-ssd20x/18.06/build_dir/target-arm-linux-gnueabihf_glibc/linux-sstar_ssd20x/linux-atm-2.5.2/ipkg-install/usr/sbin/hediag
 /bin/mkdir -p '/media/gwind/windcode/openwrt-ssd20x/18.06/build_dir/target-arm-linux-gnueabihf_glibc/linux-sstar_ssd20x/linux-atm-2.5.2/ipkg-install/usr/man/man8'
 /usr/bin/install -c -m 644 atmaddr.8 atmdiag.8 atmdump.8 atmloop.8 atmtcp.8 esi.8 '/media/gwind/windcode/openwrt-ssd20x/18.06/build_dir/target-arm-linux-gnueabihf_glibc/linux-sstar_ssd20x/linux-atm-2.5.2/ipkg-install/usr/man/man8'
make[7]: Leaving directory '/media/gwind/windcode/openwrt-ssd20x/18.06/build_dir/target-arm-linux-gnueabihf_glibc/linux-sstar_ssd20x/linux-atm-2.5.2/src/maint'
make[6]: Leaving directory '/media/gwind/windcode/openwrt-ssd20x/18.06/build_dir/target-arm-linux-gnueabihf_glibc/linux-sstar_ssd20x/linux-atm-2.5.2/src/maint'
Making install in arpd
make[6]: Entering directory '/media/gwind/windcode/openwrt-ssd20x/18.06/build_dir/target-arm-linux-gnueabihf_glibc/linux-sstar_ssd20x/linux-atm-2.5.2/src/arpd'
make[7]: Entering directory '/media/gwind/windcode/openwrt-ssd20x/18.06/build_dir/target-arm-linux-gnueabihf_glibc/linux-sstar_ssd20x/linux-atm-2.5.2/src/arpd'
 /bin/mkdir -p '/media/gwind/windcode/openwrt-ssd20x/18.06/build_dir/target-arm-linux-gnueabihf_glibc/linux-sstar_ssd20x/linux-atm-2.5.2/ipkg-install/usr/sbin'
  /bin/bash ../../libtool   --mode=install /usr/bin/install -c atmarp atmarpd '/media/gwind/windcode/openwrt-ssd20x/18.06/build_dir/target-arm-linux-gnueabihf_glibc/linux-sstar_ssd20x/linux-atm-2.5.2/ipkg-install/usr/sbin'
OpenWrt-libtool: install: /usr/bin/install -c .libs/atmarp /media/gwind/windcode/openwrt-ssd20x/18.06/build_dir/target-arm-linux-gnueabihf_glibc/linux-sstar_ssd20x/linux-atm-2.5.2/ipkg-install/usr/sbin/atmarp
OpenWrt-libtool: install: /usr/bin/install -c .libs/atmarpd /media/gwind/windcode/openwrt-ssd20x/18.06/build_dir/target-arm-linux-gnueabihf_glibc/linux-sstar_ssd20x/linux-atm-2.5.2/ipkg-install/usr/sbin/atmarpd
 /bin/mkdir -p '/media/gwind/windcode/openwrt-ssd20x/18.06/build_dir/target-arm-linux-gnueabihf_glibc/linux-sstar_ssd20x/linux-atm-2.5.2/ipkg-install/usr/include'
 /usr/bin/install -c -m 644 atmarp.h atmarpd.h '/media/gwind/windcode/openwrt-ssd20x/18.06/build_dir/target-arm-linux-gnueabihf_glibc/linux-sstar_ssd20x/linux-atm-2.5.2/ipkg-install/usr/include'
 /bin/mkdir -p '/media/gwind/windcode/openwrt-ssd20x/18.06/build_dir/target-arm-linux-gnueabihf_glibc/linux-sstar_ssd20x/linux-atm-2.5.2/ipkg-install/usr/man/man8'
 /usr/bin/install -c -m 644 atmarp.8 atmarpd.8 '/media/gwind/windcode/openwrt-ssd20x/18.06/build_dir/target-arm-linux-gnueabihf_glibc/linux-sstar_ssd20x/linux-atm-2.5.2/ipkg-install/usr/man/man8'
make[7]: Leaving directory '/media/gwind/windcode/openwrt-ssd20x/18.06/build_dir/target-arm-linux-gnueabihf_glibc/linux-sstar_ssd20x/linux-atm-2.5.2/src/arpd'
make[6]: Leaving directory '/media/gwind/windcode/openwrt-ssd20x/18.06/build_dir/target-arm-linux-gnueabihf_glibc/linux-sstar_ssd20x/linux-atm-2.5.2/src/arpd'
Making install in ilmid
make[6]: Entering directory '/media/gwind/windcode/openwrt-ssd20x/18.06/build_dir/target-arm-linux-gnueabihf_glibc/linux-sstar_ssd20x/linux-atm-2.5.2/src/ilmid'
Making install in asn1
make[7]: Entering directory '/media/gwind/windcode/openwrt-ssd20x/18.06/build_dir/target-arm-linux-gnueabihf_glibc/linux-sstar_ssd20x/linux-atm-2.5.2/src/ilmid/asn1'
make[8]: Entering directory '/media/gwind/windcode/openwrt-ssd20x/18.06/build_dir/target-arm-linux-gnueabihf_glibc/linux-sstar_ssd20x/linux-atm-2.5.2/src/ilmid/asn1'
make[8]: Nothing to be done for 'install-exec-am'.
make[8]: Nothing to be done for 'install-data-am'.
make[8]: Leaving directory '/media/gwind/windcode/openwrt-ssd20x/18.06/build_dir/target-arm-linux-gnueabihf_glibc/linux-sstar_ssd20x/linux-atm-2.5.2/src/ilmid/asn1'
make[7]: Leaving directory '/media/gwind/windcode/openwrt-ssd20x/18.06/build_dir/target-arm-linux-gnueabihf_glibc/linux-sstar_ssd20x/linux-atm-2.5.2/src/ilmid/asn1'
make[7]: Entering directory '/media/gwind/windcode/openwrt-ssd20x/18.06/build_dir/target-arm-linux-gnueabihf_glibc/linux-sstar_ssd20x/linux-atm-2.5.2/src/ilmid'
make[8]: Entering directory '/media/gwind/windcode/openwrt-ssd20x/18.06/build_dir/target-arm-linux-gnueabihf_glibc/linux-sstar_ssd20x/linux-atm-2.5.2/src/ilmid'
 /bin/mkdir -p '/media/gwind/windcode/openwrt-ssd20x/18.06/build_dir/target-arm-linux-gnueabihf_glibc/linux-sstar_ssd20x/linux-atm-2.5.2/ipkg-install/usr/sbin'
  /bin/bash ../../libtool   --mode=install /usr/bin/install -c ilmid ilmidiag '/media/gwind/windcode/openwrt-ssd20x/18.06/build_dir/target-arm-linux-gnueabihf_glibc/linux-sstar_ssd20x/linux-atm-2.5.2/ipkg-install/usr/sbin'
OpenWrt-libtool: install: /usr/bin/install -c .libs/ilmid /media/gwind/windcode/openwrt-ssd20x/18.06/build_dir/target-arm-linux-gnueabihf_glibc/linux-sstar_ssd20x/linux-atm-2.5.2/ipkg-install/usr/sbin/ilmid
OpenWrt-libtool: install: /usr/bin/install -c .libs/ilmidiag /media/gwind/windcode/openwrt-ssd20x/18.06/build_dir/target-arm-linux-gnueabihf_glibc/linux-sstar_ssd20x/linux-atm-2.5.2/ipkg-install/usr/sbin/ilmidiag
 /bin/mkdir -p '/media/gwind/windcode/openwrt-ssd20x/18.06/build_dir/target-arm-linux-gnueabihf_glibc/linux-sstar_ssd20x/linux-atm-2.5.2/ipkg-install/usr/man/man8'
 /usr/bin/install -c -m 644 ilmid.8 '/media/gwind/windcode/openwrt-ssd20x/18.06/build_dir/target-arm-linux-gnueabihf_glibc/linux-sstar_ssd20x/linux-atm-2.5.2/ipkg-install/usr/man/man8'
make[8]: Leaving directory '/media/gwind/windcode/openwrt-ssd20x/18.06/build_dir/target-arm-linux-gnueabihf_glibc/linux-sstar_ssd20x/linux-atm-2.5.2/src/ilmid'
make[7]: Leaving directory '/media/gwind/windcode/openwrt-ssd20x/18.06/build_dir/target-arm-linux-gnueabihf_glibc/linux-sstar_ssd20x/linux-atm-2.5.2/src/ilmid'
make[6]: Leaving directory '/media/gwind/windcode/openwrt-ssd20x/18.06/build_dir/target-arm-linux-gnueabihf_glibc/linux-sstar_ssd20x/linux-atm-2.5.2/src/ilmid'
Making install in man
make[6]: Entering directory '/media/gwind/windcode/openwrt-ssd20x/18.06/build_dir/target-arm-linux-gnueabihf_glibc/linux-sstar_ssd20x/linux-atm-2.5.2/src/man'
make[7]: Entering directory '/media/gwind/windcode/openwrt-ssd20x/18.06/build_dir/target-arm-linux-gnueabihf_glibc/linux-sstar_ssd20x/linux-atm-2.5.2/src/man'
make[7]: Nothing to be done for 'install-exec-am'.
 /bin/mkdir -p '/media/gwind/windcode/openwrt-ssd20x/18.06/build_dir/target-arm-linux-gnueabihf_glibc/linux-sstar_ssd20x/linux-atm-2.5.2/ipkg-install/usr/man/man7'
 /usr/bin/install -c -m 644 qos.7 sap.7 '/media/gwind/windcode/openwrt-ssd20x/18.06/build_dir/target-arm-linux-gnueabihf_glibc/linux-sstar_ssd20x/linux-atm-2.5.2/ipkg-install/usr/man/man7'
make[7]: Leaving directory '/media/gwind/windcode/openwrt-ssd20x/18.06/build_dir/target-arm-linux-gnueabihf_glibc/linux-sstar_ssd20x/linux-atm-2.5.2/src/man'
make[6]: Leaving directory '/media/gwind/windcode/openwrt-ssd20x/18.06/build_dir/target-arm-linux-gnueabihf_glibc/linux-sstar_ssd20x/linux-atm-2.5.2/src/man'
Making install in led
make[6]: Entering directory '/media/gwind/windcode/openwrt-ssd20x/18.06/build_dir/target-arm-linux-gnueabihf_glibc/linux-sstar_ssd20x/linux-atm-2.5.2/src/led'
make[7]: Entering directory '/media/gwind/windcode/openwrt-ssd20x/18.06/build_dir/target-arm-linux-gnueabihf_glibc/linux-sstar_ssd20x/linux-atm-2.5.2/src/led'
 /bin/mkdir -p '/media/gwind/windcode/openwrt-ssd20x/18.06/build_dir/target-arm-linux-gnueabihf_glibc/linux-sstar_ssd20x/linux-atm-2.5.2/ipkg-install/usr/sbin'
  /bin/bash ../../libtool   --mode=install /usr/bin/install -c zeppelin '/media/gwind/windcode/openwrt-ssd20x/18.06/build_dir/target-arm-linux-gnueabihf_glibc/linux-sstar_ssd20x/linux-atm-2.5.2/ipkg-install/usr/sbin'
OpenWrt-libtool: install: /usr/bin/install -c .libs/zeppelin /media/gwind/windcode/openwrt-ssd20x/18.06/build_dir/target-arm-linux-gnueabihf_glibc/linux-sstar_ssd20x/linux-atm-2.5.2/ipkg-install/usr/sbin/zeppelin
 /bin/mkdir -p '/media/gwind/windcode/openwrt-ssd20x/18.06/build_dir/target-arm-linux-gnueabihf_glibc/linux-sstar_ssd20x/linux-atm-2.5.2/ipkg-install/usr/man/man8'
 /usr/bin/install -c -m 644 zeppelin.8 '/media/gwind/windcode/openwrt-ssd20x/18.06/build_dir/target-arm-linux-gnueabihf_glibc/linux-sstar_ssd20x/linux-atm-2.5.2/ipkg-install/usr/man/man8'
make[7]: Leaving directory '/media/gwind/windcode/openwrt-ssd20x/18.06/build_dir/target-arm-linux-gnueabihf_glibc/linux-sstar_ssd20x/linux-atm-2.5.2/src/led'
make[6]: Leaving directory '/media/gwind/windcode/openwrt-ssd20x/18.06/build_dir/target-arm-linux-gnueabihf_glibc/linux-sstar_ssd20x/linux-atm-2.5.2/src/led'
Making install in lane
make[6]: Entering directory '/media/gwind/windcode/openwrt-ssd20x/18.06/build_dir/target-arm-linux-gnueabihf_glibc/linux-sstar_ssd20x/linux-atm-2.5.2/src/lane'
make[7]: Entering directory '/media/gwind/windcode/openwrt-ssd20x/18.06/build_dir/target-arm-linux-gnueabihf_glibc/linux-sstar_ssd20x/linux-atm-2.5.2/src/lane'
 /bin/mkdir -p '/media/gwind/windcode/openwrt-ssd20x/18.06/build_dir/target-arm-linux-gnueabihf_glibc/linux-sstar_ssd20x/linux-atm-2.5.2/ipkg-install/usr/sbin'
  /bin/bash ../../libtool   --mode=install /usr/bin/install -c les bus lecs '/media/gwind/windcode/openwrt-ssd20x/18.06/build_dir/target-arm-linux-gnueabihf_glibc/linux-sstar_ssd20x/linux-atm-2.5.2/ipkg-install/usr/sbin'
OpenWrt-libtool: install: /usr/bin/install -c .libs/les /media/gwind/windcode/openwrt-ssd20x/18.06/build_dir/target-arm-linux-gnueabihf_glibc/linux-sstar_ssd20x/linux-atm-2.5.2/ipkg-install/usr/sbin/les
OpenWrt-libtool: install: /usr/bin/install -c .libs/bus /media/gwind/windcode/openwrt-ssd20x/18.06/build_dir/target-arm-linux-gnueabihf_glibc/linux-sstar_ssd20x/linux-atm-2.5.2/ipkg-install/usr/sbin/bus
OpenWrt-libtool: install: /usr/bin/install -c .libs/lecs /media/gwind/windcode/openwrt-ssd20x/18.06/build_dir/target-arm-linux-gnueabihf_glibc/linux-sstar_ssd20x/linux-atm-2.5.2/ipkg-install/usr/sbin/lecs
 /bin/mkdir -p '/media/gwind/windcode/openwrt-ssd20x/18.06/build_dir/target-arm-linux-gnueabihf_glibc/linux-sstar_ssd20x/linux-atm-2.5.2/ipkg-install/usr/man/man8'
 /usr/bin/install -c -m 644 les.8 lecs.8 bus.8 '/media/gwind/windcode/openwrt-ssd20x/18.06/build_dir/target-arm-linux-gnueabihf_glibc/linux-sstar_ssd20x/linux-atm-2.5.2/ipkg-install/usr/man/man8'
make[7]: Leaving directory '/media/gwind/windcode/openwrt-ssd20x/18.06/build_dir/target-arm-linux-gnueabihf_glibc/linux-sstar_ssd20x/linux-atm-2.5.2/src/lane'
make[6]: Leaving directory '/media/gwind/windcode/openwrt-ssd20x/18.06/build_dir/target-arm-linux-gnueabihf_glibc/linux-sstar_ssd20x/linux-atm-2.5.2/src/lane'
Making install in mpoad
make[6]: Entering directory '/media/gwind/windcode/openwrt-ssd20x/18.06/build_dir/target-arm-linux-gnueabihf_glibc/linux-sstar_ssd20x/linux-atm-2.5.2/src/mpoad'
make[7]: Entering directory '/media/gwind/windcode/openwrt-ssd20x/18.06/build_dir/target-arm-linux-gnueabihf_glibc/linux-sstar_ssd20x/linux-atm-2.5.2/src/mpoad'
 /bin/mkdir -p '/media/gwind/windcode/openwrt-ssd20x/18.06/build_dir/target-arm-linux-gnueabihf_glibc/linux-sstar_ssd20x/linux-atm-2.5.2/ipkg-install/usr/sbin'
  /bin/bash ../../libtool   --mode=install /usr/bin/install -c mpcd '/media/gwind/windcode/openwrt-ssd20x/18.06/build_dir/target-arm-linux-gnueabihf_glibc/linux-sstar_ssd20x/linux-atm-2.5.2/ipkg-install/usr/sbin'
OpenWrt-libtool: install: /usr/bin/install -c .libs/mpcd /media/gwind/windcode/openwrt-ssd20x/18.06/build_dir/target-arm-linux-gnueabihf_glibc/linux-sstar_ssd20x/linux-atm-2.5.2/ipkg-install/usr/sbin/mpcd
 /bin/mkdir -p '/media/gwind/windcode/openwrt-ssd20x/18.06/build_dir/target-arm-linux-gnueabihf_glibc/linux-sstar_ssd20x/linux-atm-2.5.2/ipkg-install/usr/man/man8'
 /usr/bin/install -c -m 644 mpcd.8 '/media/gwind/windcode/openwrt-ssd20x/18.06/build_dir/target-arm-linux-gnueabihf_glibc/linux-sstar_ssd20x/linux-atm-2.5.2/ipkg-install/usr/man/man8'
make[7]: Leaving directory '/media/gwind/windcode/openwrt-ssd20x/18.06/build_dir/target-arm-linux-gnueabihf_glibc/linux-sstar_ssd20x/linux-atm-2.5.2/src/mpoad'
make[6]: Leaving directory '/media/gwind/windcode/openwrt-ssd20x/18.06/build_dir/target-arm-linux-gnueabihf_glibc/linux-sstar_ssd20x/linux-atm-2.5.2/src/mpoad'
Making install in oamd
make[6]: Entering directory '/media/gwind/windcode/openwrt-ssd20x/18.06/build_dir/target-arm-linux-gnueabihf_glibc/linux-sstar_ssd20x/linux-atm-2.5.2/src/oamd'
make[7]: Entering directory '/media/gwind/windcode/openwrt-ssd20x/18.06/build_dir/target-arm-linux-gnueabihf_glibc/linux-sstar_ssd20x/linux-atm-2.5.2/src/oamd'
make[7]: Nothing to be done for 'install-data-am'.
make[7]: Leaving directory '/media/gwind/windcode/openwrt-ssd20x/18.06/build_dir/target-arm-linux-gnueabihf_glibc/linux-sstar_ssd20x/linux-atm-2.5.2/src/oamd'
make[6]: Leaving directory '/media/gwind/windcode/openwrt-ssd20x/18.06/build_dir/target-arm-linux-gnueabihf_glibc/linux-sstar_ssd20x/linux-atm-2.5.2/src/oamd'
Making install in switch
make[6]: Entering directory '/media/gwind/windcode/openwrt-ssd20x/18.06/build_dir/target-arm-linux-gnueabihf_glibc/linux-sstar_ssd20x/linux-atm-2.5.2/src/switch'
Making install in .
make[7]: Entering directory '/media/gwind/windcode/openwrt-ssd20x/18.06/build_dir/target-arm-linux-gnueabihf_glibc/linux-sstar_ssd20x/linux-atm-2.5.2/src/switch'
make[8]: Entering directory '/media/gwind/windcode/openwrt-ssd20x/18.06/build_dir/target-arm-linux-gnueabihf_glibc/linux-sstar_ssd20x/linux-atm-2.5.2/src/switch'
make[8]: Nothing to be done for 'install-exec-am'.
make[8]: Nothing to be done for 'install-data-am'.
make[8]: Leaving directory '/media/gwind/windcode/openwrt-ssd20x/18.06/build_dir/target-arm-linux-gnueabihf_glibc/linux-sstar_ssd20x/linux-atm-2.5.2/src/switch'
make[7]: Leaving directory '/media/gwind/windcode/openwrt-ssd20x/18.06/build_dir/target-arm-linux-gnueabihf_glibc/linux-sstar_ssd20x/linux-atm-2.5.2/src/switch'
Making install in debug
make[7]: Entering directory '/media/gwind/windcode/openwrt-ssd20x/18.06/build_dir/target-arm-linux-gnueabihf_glibc/linux-sstar_ssd20x/linux-atm-2.5.2/src/switch/debug'
make[8]: Entering directory '/media/gwind/windcode/openwrt-ssd20x/18.06/build_dir/target-arm-linux-gnueabihf_glibc/linux-sstar_ssd20x/linux-atm-2.5.2/src/switch/debug'
make[8]: Nothing to be done for 'install-exec-am'.
make[8]: Nothing to be done for 'install-data-am'.
make[8]: Leaving directory '/media/gwind/windcode/openwrt-ssd20x/18.06/build_dir/target-arm-linux-gnueabihf_glibc/linux-sstar_ssd20x/linux-atm-2.5.2/src/switch/debug'
make[7]: Leaving directory '/media/gwind/windcode/openwrt-ssd20x/18.06/build_dir/target-arm-linux-gnueabihf_glibc/linux-sstar_ssd20x/linux-atm-2.5.2/src/switch/debug'
Making install in tcp
make[7]: Entering directory '/media/gwind/windcode/openwrt-ssd20x/18.06/build_dir/target-arm-linux-gnueabihf_glibc/linux-sstar_ssd20x/linux-atm-2.5.2/src/switch/tcp'
make[8]: Entering directory '/media/gwind/windcode/openwrt-ssd20x/18.06/build_dir/target-arm-linux-gnueabihf_glibc/linux-sstar_ssd20x/linux-atm-2.5.2/src/switch/tcp'
make[8]: Nothing to be done for 'install-exec-am'.
make[8]: Nothing to be done for 'install-data-am'.
make[8]: Leaving directory '/media/gwind/windcode/openwrt-ssd20x/18.06/build_dir/target-arm-linux-gnueabihf_glibc/linux-sstar_ssd20x/linux-atm-2.5.2/src/switch/tcp'
make[7]: Leaving directory '/media/gwind/windcode/openwrt-ssd20x/18.06/build_dir/target-arm-linux-gnueabihf_glibc/linux-sstar_ssd20x/linux-atm-2.5.2/src/switch/tcp'
make[6]: Leaving directory '/media/gwind/windcode/openwrt-ssd20x/18.06/build_dir/target-arm-linux-gnueabihf_glibc/linux-sstar_ssd20x/linux-atm-2.5.2/src/switch'
Making install in config
make[6]: Entering directory '/media/gwind/windcode/openwrt-ssd20x/18.06/build_dir/target-arm-linux-gnueabihf_glibc/linux-sstar_ssd20x/linux-atm-2.5.2/src/config'
make[7]: Entering directory '/media/gwind/windcode/openwrt-ssd20x/18.06/build_dir/target-arm-linux-gnueabihf_glibc/linux-sstar_ssd20x/linux-atm-2.5.2/src/config'
 /bin/mkdir -p '/media/gwind/windcode/openwrt-ssd20x/18.06/build_dir/target-arm-linux-gnueabihf_glibc/linux-sstar_ssd20x/linux-atm-2.5.2/ipkg-install/etc'
 /usr/bin/install -c -m 644 hosts.atm '/media/gwind/windcode/openwrt-ssd20x/18.06/build_dir/target-arm-linux-gnueabihf_glibc/linux-sstar_ssd20x/linux-atm-2.5.2/ipkg-install/etc'
make[7]: Nothing to be done for 'install-data-am'.
make[7]: Leaving directory '/media/gwind/windcode/openwrt-ssd20x/18.06/build_dir/target-arm-linux-gnueabihf_glibc/linux-sstar_ssd20x/linux-atm-2.5.2/src/config'
make[6]: Leaving directory '/media/gwind/windcode/openwrt-ssd20x/18.06/build_dir/target-arm-linux-gnueabihf_glibc/linux-sstar_ssd20x/linux-atm-2.5.2/src/config'
Making install in extra
make[6]: Entering directory '/media/gwind/windcode/openwrt-ssd20x/18.06/build_dir/target-arm-linux-gnueabihf_glibc/linux-sstar_ssd20x/linux-atm-2.5.2/src/extra'
make  install-am
make[7]: Entering directory '/media/gwind/windcode/openwrt-ssd20x/18.06/build_dir/target-arm-linux-gnueabihf_glibc/linux-sstar_ssd20x/linux-atm-2.5.2/src/extra'
make[8]: Entering directory '/media/gwind/windcode/openwrt-ssd20x/18.06/build_dir/target-arm-linux-gnueabihf_glibc/linux-sstar_ssd20x/linux-atm-2.5.2/src/extra'
make  install-exec-hook
make[9]: Entering directory '/media/gwind/windcode/openwrt-ssd20x/18.06/build_dir/target-arm-linux-gnueabihf_glibc/linux-sstar_ssd20x/linux-atm-2.5.2/src/extra'
/bin/mkdir -p /media/gwind/windcode/openwrt-ssd20x/18.06/build_dir/target-arm-linux-gnueabihf_glibc/linux-sstar_ssd20x/linux-atm-2.5.2/ipkg-install/lib/firmware
/usr/bin/install -c -m 644 ./pca200e.bin /media/gwind/windcode/openwrt-ssd20x/18.06/build_dir/target-arm-linux-gnueabihf_glibc/linux-sstar_ssd20x/linux-atm-2.5.2/ipkg-install/lib/firmware
/usr/bin/install -c -m 644 ./pca200e_ecd.bin2 /media/gwind/windcode/openwrt-ssd20x/18.06/build_dir/target-arm-linux-gnueabihf_glibc/linux-sstar_ssd20x/linux-atm-2.5.2/ipkg-install/lib/firmware
/usr/bin/install -c -m 644 ./sba200e_ecd.bin2 /media/gwind/windcode/openwrt-ssd20x/18.06/build_dir/target-arm-linux-gnueabihf_glibc/linux-sstar_ssd20x/linux-atm-2.5.2/ipkg-install/lib/firmware
make[9]: Leaving directory '/media/gwind/windcode/openwrt-ssd20x/18.06/build_dir/target-arm-linux-gnueabihf_glibc/linux-sstar_ssd20x/linux-atm-2.5.2/src/extra'
make[8]: Nothing to be done for 'install-data-am'.
make[8]: Leaving directory '/media/gwind/windcode/openwrt-ssd20x/18.06/build_dir/target-arm-linux-gnueabihf_glibc/linux-sstar_ssd20x/linux-atm-2.5.2/src/extra'
make[7]: Leaving directory '/media/gwind/windcode/openwrt-ssd20x/18.06/build_dir/target-arm-linux-gnueabihf_glibc/linux-sstar_ssd20x/linux-atm-2.5.2/src/extra'
make[6]: Leaving directory '/media/gwind/windcode/openwrt-ssd20x/18.06/build_dir/target-arm-linux-gnueabihf_glibc/linux-sstar_ssd20x/linux-atm-2.5.2/src/extra'
Making install in br2684
make[6]: Entering directory '/media/gwind/windcode/openwrt-ssd20x/18.06/build_dir/target-arm-linux-gnueabihf_glibc/linux-sstar_ssd20x/linux-atm-2.5.2/src/br2684'
make[7]: Entering directory '/media/gwind/windcode/openwrt-ssd20x/18.06/build_dir/target-arm-linux-gnueabihf_glibc/linux-sstar_ssd20x/linux-atm-2.5.2/src/br2684'
 /bin/mkdir -p '/media/gwind/windcode/openwrt-ssd20x/18.06/build_dir/target-arm-linux-gnueabihf_glibc/linux-sstar_ssd20x/linux-atm-2.5.2/ipkg-install/usr/sbin'
  /bin/bash ../../libtool   --mode=install /usr/bin/install -c br2684ctl '/media/gwind/windcode/openwrt-ssd20x/18.06/build_dir/target-arm-linux-gnueabihf_glibc/linux-sstar_ssd20x/linux-atm-2.5.2/ipkg-install/usr/sbin'
OpenWrt-libtool: install: /usr/bin/install -c .libs/br2684ctl /media/gwind/windcode/openwrt-ssd20x/18.06/build_dir/target-arm-linux-gnueabihf_glibc/linux-sstar_ssd20x/linux-atm-2.5.2/ipkg-install/usr/sbin/br2684ctl
 /bin/mkdir -p '/media/gwind/windcode/openwrt-ssd20x/18.06/build_dir/target-arm-linux-gnueabihf_glibc/linux-sstar_ssd20x/linux-atm-2.5.2/ipkg-install/usr/man/man8'
 /usr/bin/install -c -m 644 br2684ctl.8 '/media/gwind/windcode/openwrt-ssd20x/18.06/build_dir/target-arm-linux-gnueabihf_glibc/linux-sstar_ssd20x/linux-atm-2.5.2/ipkg-install/usr/man/man8'
make[7]: Leaving directory '/media/gwind/windcode/openwrt-ssd20x/18.06/build_dir/target-arm-linux-gnueabihf_glibc/linux-sstar_ssd20x/linux-atm-2.5.2/src/br2684'
make[6]: Leaving directory '/media/gwind/windcode/openwrt-ssd20x/18.06/build_dir/target-arm-linux-gnueabihf_glibc/linux-sstar_ssd20x/linux-atm-2.5.2/src/br2684'
make[6]: Entering directory '/media/gwind/windcode/openwrt-ssd20x/18.06/build_dir/target-arm-linux-gnueabihf_glibc/linux-sstar_ssd20x/linux-atm-2.5.2/src'
make[7]: Entering directory '/media/gwind/windcode/openwrt-ssd20x/18.06/build_dir/target-arm-linux-gnueabihf_glibc/linux-sstar_ssd20x/linux-atm-2.5.2/src'
make[7]: Nothing to be done for 'install-exec-am'.
make[7]: Nothing to be done for 'install-data-am'.
make[7]: Leaving directory '/media/gwind/windcode/openwrt-ssd20x/18.06/build_dir/target-arm-linux-gnueabihf_glibc/linux-sstar_ssd20x/linux-atm-2.5.2/src'
make[6]: Leaving directory '/media/gwind/windcode/openwrt-ssd20x/18.06/build_dir/target-arm-linux-gnueabihf_glibc/linux-sstar_ssd20x/linux-atm-2.5.2/src'
make[5]: Leaving directory '/media/gwind/windcode/openwrt-ssd20x/18.06/build_dir/target-arm-linux-gnueabihf_glibc/linux-sstar_ssd20x/linux-atm-2.5.2/src'
Making install in doc
make[5]: Entering directory '/media/gwind/windcode/openwrt-ssd20x/18.06/build_dir/target-arm-linux-gnueabihf_glibc/linux-sstar_ssd20x/linux-atm-2.5.2/doc'
make[6]: Entering directory '/media/gwind/windcode/openwrt-ssd20x/18.06/build_dir/target-arm-linux-gnueabihf_glibc/linux-sstar_ssd20x/linux-atm-2.5.2/doc'
make[6]: Nothing to be done for 'install-exec-am'.
make[6]: Nothing to be done for 'install-data-am'.
make[6]: Leaving directory '/media/gwind/windcode/openwrt-ssd20x/18.06/build_dir/target-arm-linux-gnueabihf_glibc/linux-sstar_ssd20x/linux-atm-2.5.2/doc'
make[5]: Leaving directory '/media/gwind/windcode/openwrt-ssd20x/18.06/build_dir/target-arm-linux-gnueabihf_glibc/linux-sstar_ssd20x/linux-atm-2.5.2/doc'
make[5]: Entering directory '/media/gwind/windcode/openwrt-ssd20x/18.06/build_dir/target-arm-linux-gnueabihf_glibc/linux-sstar_ssd20x/linux-atm-2.5.2'
make[6]: Entering directory '/media/gwind/windcode/openwrt-ssd20x/18.06/build_dir/target-arm-linux-gnueabihf_glibc/linux-sstar_ssd20x/linux-atm-2.5.2'
make[6]: Nothing to be done for 'install-exec-am'.
make[6]: Nothing to be done for 'install-data-am'.
make[6]: Leaving directory '/media/gwind/windcode/openwrt-ssd20x/18.06/build_dir/target-arm-linux-gnueabihf_glibc/linux-sstar_ssd20x/linux-atm-2.5.2'
make[5]: Leaving directory '/media/gwind/windcode/openwrt-ssd20x/18.06/build_dir/target-arm-linux-gnueabihf_glibc/linux-sstar_ssd20x/linux-atm-2.5.2'
make[4]: Leaving directory '/media/gwind/windcode/openwrt-ssd20x/18.06/build_dir/target-arm-linux-gnueabihf_glibc/linux-sstar_ssd20x/linux-atm-2.5.2'
touch /media/gwind/windcode/openwrt-ssd20x/18.06/build_dir/target-arm-linux-gnueabihf_glibc/linux-sstar_ssd20x/linux-atm-2.5.2/.built
rm -rf /media/gwind/windcode/openwrt-ssd20x/18.06/tmp/stage-linux-atm
mkdir -p /media/gwind/windcode/openwrt-ssd20x/18.06/tmp/stage-linux-atm/host /media/gwind/windcode/openwrt-ssd20x/18.06/staging_dir/target-arm-linux-gnueabihf_glibc/packages /media/gwind/windcode/openwrt-ssd20x/18.06/staging_dir/host/packages
install -d -m0755 /media/gwind/windcode/openwrt-ssd20x/18.06/tmp/stage-linux-atm/usr
cp -fpR /media/gwind/windcode/openwrt-ssd20x/18.06/build_dir/target-arm-linux-gnueabihf_glibc/linux-sstar_ssd20x/linux-atm-2.5.2/ipkg-install/usr/include /media/gwind/windcode/openwrt-ssd20x/18.06/build_dir/target-arm-linux-gnueabihf_glibc/linux-sstar_ssd20x/linux-atm-2.5.2/ipkg-install/usr/lib /media/gwind/windcode/openwrt-ssd20x/18.06/tmp/stage-linux-atm/usr/
find /media/gwind/windcode/openwrt-ssd20x/18.06/tmp/stage-linux-atm -name '*.la' | xargs -r rm -f; 
if [ -f /media/gwind/windcode/openwrt-ssd20x/18.06/staging_dir/target-arm-linux-gnueabihf_glibc/packages/linux-atm.list ]; then /media/gwind/windcode/openwrt-ssd20x/18.06/scripts/clean-package.sh "/media/gwind/windcode/openwrt-ssd20x/18.06/staging_dir/target-arm-linux-gnueabihf_glibc/packages/linux-atm.list" "/media/gwind/windcode/openwrt-ssd20x/18.06/staging_dir/target-arm-linux-gnueabihf_glibc"; fi
if [ -d /media/gwind/windcode/openwrt-ssd20x/18.06/tmp/stage-linux-atm ]; then (cd /media/gwind/windcode/openwrt-ssd20x/18.06/tmp/stage-linux-atm; find ./ > /media/gwind/windcode/openwrt-ssd20x/18.06/tmp/stage-linux-atm.files); 	SHELL= flock /media/gwind/windcode/openwrt-ssd20x/18.06/tmp/.staging-dir.flock -c ' mv /media/gwind/windcode/openwrt-ssd20x/18.06/tmp/stage-linux-atm.files /media/gwind/windcode/openwrt-ssd20x/18.06/staging_dir/target-arm-linux-gnueabihf_glibc/packages/linux-atm.list && cp -fpR /media/gwind/windcode/openwrt-ssd20x/18.06/tmp/stage-linux-atm/* /media/gwind/windcode/openwrt-ssd20x/18.06/staging_dir/target-arm-linux-gnueabihf_glibc/; '; fi
rm -rf /media/gwind/windcode/openwrt-ssd20x/18.06/tmp/stage-linux-atm
touch /media/gwind/windcode/openwrt-ssd20x/18.06/staging_dir/target-arm-linux-gnueabihf_glibc/stamp/.linux-atm_installed
make[3]: Leaving directory '/media/gwind/windcode/openwrt-ssd20x/18.06/package/network/utils/linux-atm'
make[3]: Entering directory '/media/gwind/windcode/openwrt-ssd20x/18.06/package/network/utils/resolveip'
make[3]: Nothing to be done for 'compile'.
make[3]: Leaving directory '/media/gwind/windcode/openwrt-ssd20x/18.06/package/network/utils/resolveip'
make[3]: Entering directory '/media/gwind/windcode/openwrt-ssd20x/18.06/package/network/services/ppp'
touch /media/gwind/windcode/openwrt-ssd20x/18.06/build_dir/target-arm-linux-gnueabihf_glibc/linux-sstar_ssd20x/ppp-2.4.8.git-2020-08-07/.prepared_1abfa1044877c363fa4e274946b40528_6664517399ebbbc92a37c5bb081b5c53_check
. /media/gwind/windcode/openwrt-ssd20x/18.06/include/shell.sh; xzcat /media/gwind/windcode/openwrt-ssd20x/18.06/dl/ppp-2.4.8.git-2020-08-07.tar.xz | tar -C /media/gwind/windcode/openwrt-ssd20x/18.06/build_dir/target-arm-linux-gnueabihf_glibc/linux-sstar_ssd20x/ppp-2.4.8.git-2020-08-07/.. -xf - 
[ ! -d ./src/ ] || cp -fpR ./src/. /media/gwind/windcode/openwrt-ssd20x/18.06/build_dir/target-arm-linux-gnueabihf_glibc/linux-sstar_ssd20x/ppp-2.4.8.git-2020-08-07

Applying ./patches/010-use_target_for_configure.patch using plaintext: 
patching file configure

Applying ./patches/100-debian_ip-ip_option.patch using plaintext: 
patching file pppd/ipcp.c
patching file pppd/main.c
patching file pppd/options.c
patching file pppd/pppd.h

Applying ./patches/101-debian_close_dev_ppp.patch using plaintext: 
patching file pppd/sys-linux.c

Applying ./patches/103-debian_fix_link_pidfile.patch using plaintext: 
patching file pppd/main.c

Applying ./patches/105-debian_demand.patch using plaintext: 
patching file pppd/demand.c
patching file pppd/ipcp.c
patching file pppd/ipv6cp.c
patching file pppd/pppd.h

Applying ./patches/106-debian_stripMSdomain.patch using plaintext: 
patching file pppd/chap-new.c

Applying ./patches/107-debian_pppoatm_wildcard.patch using plaintext: 
patching file pppd/plugins/pppoatm/pppoatm.c

Applying ./patches/110-debian_defaultroute.patch using plaintext: 
patching file pppd/ipcp.c
patching file pppd/ipcp.h
patching file pppd/pppd.8
patching file pppd/pppd.h
patching file pppd/sys-linux.c
patching file pppd/sys-solaris.c

Applying ./patches/120-debian_ipv6_updown_option.patch using plaintext: 
patching file pppd/main.c
patching file pppd/options.c
patching file pppd/ipv6cp.c
patching file pppd/pppd.h

Applying ./patches/133-fix_sha1_include.patch using plaintext: 
patching file pppd/sha1.c

Applying ./patches/140-pppoe_compile_fix.patch using plaintext: 
patching file pppd/plugins/rp-pppoe/pppoe.h

Applying ./patches/200-makefile.patch using plaintext: 
patching file pppd/Makefile.linux

Applying ./patches/201-mppe_mppc_1.1.patch using plaintext: 
patching file include/linux/ppp-comp.h
patching file include/net/ppp-comp.h
patching file pppd/ccp.c
patching file pppd/ccp.h
patching file pppd/chap_ms.c

Applying ./patches/202-no_strip.patch using plaintext: 
patching file chat/Makefile.linux
patching file pppd/Makefile.linux
patching file pppd/plugins/radius/Makefile.linux
patching file pppd/plugins/rp-pppoe/Makefile.linux
patching file pppdump/Makefile.linux
patching file pppstats/Makefile.linux

Applying ./patches/203-opt_flags.patch using plaintext: 
patching file pppd/plugins/radius/Makefile.linux
patching file pppdump/Makefile.linux
patching file pppd/plugins/rp-pppoe/Makefile.linux

Applying ./patches/204-radius_config.patch using plaintext: 
patching file pppd/plugins/radius/config.c
patching file pppd/plugins/radius/options.h

Applying ./patches/205-no_exponential_timeout.patch using plaintext: 
patching file pppd/plugins/rp-pppoe/discovery.c

Applying ./patches/207-lcp_mtu_max.patch using plaintext: 
patching file pppd/lcp.c

Applying ./patches/208-fix_status_code.patch using plaintext: 
patching file pppd/main.c

Applying ./patches/300-filter-pcap-includes-lib.patch using plaintext: 
patching file pppd/Makefile.linux

Applying ./patches/310-precompile_filter.patch using plaintext: 
patching file pppd/Makefile.linux
patching file pppd/options.c
patching file pppd/pcap_pcc.c
patching file pppd/pcap_pcc.h

Applying ./patches/321-multilink_support_custom_iface_names.patch using plaintext: 
patching file pppd/multilink.c
patching file pppd/sys-linux.c

Applying ./patches/330-retain_foreign_default_routes.patch using plaintext: 
patching file pppd/sys-linux.c

Applying ./patches/340-populate_default_gateway.patch using plaintext: 
patching file pppd/sys-linux.c

Applying ./patches/400-simplify_kernel_checks.patch using plaintext: 
patching file pppd/sys-linux.c
patching file pppd/plugins/pppoatm/pppoatm.c
patching file pppd/plugins/rp-pppoe/plugin.c
patching file pppd/plugins/pppol2tp/pppol2tp.c

Applying ./patches/401-no_record_file.patch using plaintext: 
patching file pppd/pppd.h
patching file pppd/tty.c

Applying ./patches/403-no_wtmp.patch using plaintext: 
patching file pppd/sys-linux.c

Applying ./patches/404-remove_obsolete_protocol_names.patch using plaintext: 
patching file pppd/main.c

Applying ./patches/405-no_multilink_option.patch using plaintext: 
patching file pppd/options.c

Applying ./patches/500-add-pptp-plugin.patch using plaintext: 
patching file configure
patching file pppd/plugins/Makefile.linux
patching file pppd/plugins/pptp/Makefile.linux
patching file pppd/plugins/pptp/dirutil.c
patching file pppd/plugins/pptp/dirutil.h
patching file pppd/plugins/pptp/orckit_quirks.c
patching file pppd/plugins/pptp/orckit_quirks.h
patching file pppd/plugins/pptp/pppd-pptp.8
patching file pppd/plugins/pptp/pptp.c
patching file pppd/plugins/pptp/pptp_callmgr.c
patching file pppd/plugins/pptp/pptp_callmgr.h
patching file pppd/plugins/pptp/pptp_ctrl.c
patching file pppd/plugins/pptp/pptp_ctrl.h
patching file pppd/plugins/pptp/pptp_msg.h
patching file pppd/plugins/pptp/pptp_options.h
patching file pppd/plugins/pptp/pptp_quirks.c
patching file pppd/plugins/pptp/pptp_quirks.h
patching file pppd/plugins/pptp/util.c
patching file pppd/plugins/pptp/util.h
patching file pppd/plugins/pptp/vector.c
patching file pppd/plugins/pptp/vector.h

Applying ./patches/510-pptp_compile_fix.patch using plaintext: 
patching file pppd/plugins/pptp/pptp.c

Applying ./patches/511-pptp_cflags.patch using plaintext: 
patching file pppd/plugins/pptp/Makefile.linux

Applying ./patches/540-save-pppol2tp_fd_str.patch using plaintext: 
patching file pppd/plugins/pppol2tp/pppol2tp.c
touch /media/gwind/windcode/openwrt-ssd20x/18.06/build_dir/target-arm-linux-gnueabihf_glibc/linux-sstar_ssd20x/ppp-2.4.8.git-2020-08-07/.prepared_1abfa1044877c363fa4e274946b40528_6664517399ebbbc92a37c5bb081b5c53
rm -f /media/gwind/windcode/openwrt-ssd20x/18.06/build_dir/target-arm-linux-gnueabihf_glibc/linux-sstar_ssd20x/ppp-2.4.8.git-2020-08-07/.configured_*
rm -f /media/gwind/windcode/openwrt-ssd20x/18.06/staging_dir/target-arm-linux-gnueabihf_glibc/stamp/.ppp.default_installed
(cd /media/gwind/windcode/openwrt-ssd20x/18.06/build_dir/target-arm-linux-gnueabihf_glibc/linux-sstar_ssd20x/ppp-2.4.8.git-2020-08-07/./; if [ -x ./configure ]; then find /media/gwind/windcode/openwrt-ssd20x/18.06/build_dir/target-arm-linux-gnueabihf_glibc/linux-sstar_ssd20x/ppp-2.4.8.git-2020-08-07/ -name config.guess | xargs -r chmod u+w; find /media/gwind/windcode/openwrt-ssd20x/18.06/build_dir/target-arm-linux-gnueabihf_glibc/linux-sstar_ssd20x/ppp-2.4.8.git-2020-08-07/ -name config.guess | xargs -r -n1 cp --remove-destination /media/gwind/windcode/openwrt-ssd20x/18.06/scripts/config.guess; find /media/gwind/windcode/openwrt-ssd20x/18.06/build_dir/target-arm-linux-gnueabihf_glibc/linux-sstar_ssd20x/ppp-2.4.8.git-2020-08-07/ -name config.sub | xargs -r chmod u+w; find /media/gwind/windcode/openwrt-ssd20x/18.06/build_dir/target-arm-linux-gnueabihf_glibc/linux-sstar_ssd20x/ppp-2.4.8.git-2020-08-07/ -name config.sub | xargs -r -n1 cp --remove-destination /media/gwind/windcode/openwrt-ssd20x/18.06/scripts/config.sub; AR="arm-linux-gnueabihf-ar" AS="arm-linux-gnueabihf-gcc -c -Os -pipe -Wno-implicit-fallthrough -mfpu=neon -Wno-format-overflow -fno-caller-saves -fno-plt -mfloat-abi=hard  -D_FORTIFY_SOURCE=1 -Wl,-z,now -Wl,-z,relro -ffunction-sections -fdata-sections -flto -I/media/gwind/windcode/openwrt-ssd20x/18.06/staging_dir/target-arm-linux-gnueabihf_glibc/usr/include/openssl" LD=arm-linux-gnueabihf-ld NM="arm-linux-gnueabihf-nm" CC="arm-linux-gnueabihf-gcc" GCC="arm-linux-gnueabihf-gcc" CXX="arm-linux-gnueabihf-g++" RANLIB="arm-linux-gnueabihf-ranlib" STRIP=arm-linux-gnueabihf-strip OBJCOPY=arm-linux-gnueabihf-objcopy OBJDUMP=arm-linux-gnueabihf-objdump SIZE=arm-linux-gnueabihf-size CFLAGS="-Os -pipe -Wno-implicit-fallthrough -mfpu=neon -Wno-format-overflow -fno-caller-saves -fno-plt -mfloat-abi=hard  -D_FORTIFY_SOURCE=1 -Wl,-z,now -Wl,-z,relro -ffunction-sections -fdata-sections -flto -I/media/gwind/windcode/openwrt-ssd20x/18.06/staging_dir/target-arm-linux-gnueabihf_glibc/usr/include/openssl " CXXFLAGS="-Os -pipe -Wno-implicit-fallthrough -mfpu=neon -Wno-format-overflow -fno-caller-saves -fno-plt -mfloat-abi=hard  -D_FORTIFY_SOURCE=1 -Wl,-z,now -Wl,-z,relro -ffunction-sections -fdata-sections -flto -I/media/gwind/windcode/openwrt-ssd20x/18.06/staging_dir/target-arm-linux-gnueabihf_glibc/usr/include/openssl " CPPFLAGS="-I/media/gwind/windcode/openwrt-ssd20x/18.06/staging_dir/target-arm-linux-gnueabihf_glibc/usr/include -I/media/gwind/windcode/openwrt-ssd20x/18.06/staging_dir/target-arm-linux-gnueabihf_glibc/include " LDFLAGS="-L/media/gwind/windcode/openwrt-ssd20x/18.06/staging_dir/target-arm-linux-gnueabihf_glibc/usr/lib -L/media/gwind/windcode/openwrt-ssd20x/18.06/staging_dir/target-arm-linux-gnueabihf_glibc/lib -L/opt/ssd20x/gcc-arm-8.2-2018.08-x86_64-arm-linux-gnueabihf/arm-linux-gnueabihf/libc/usr/lib -L/opt/ssd20x/gcc-arm-8.2-2018.08-x86_64-arm-linux-gnueabihf/arm-linux-gnueabihf/libc/lib -znow -zrelro -Wl,--gc-sections -flto -fuse-linker-plugin "   UNAME_S="Linux" UNAME_R="4.9.84" UNAME_M="arm"  ./configure --target=arm-linux-gnueabihf --host=arm-linux-gnueabihf --build=x86_64-pc-linux-gnu --program-prefix="" --program-suffix="" --prefix=/usr --exec-prefix=/usr --bindir=/usr/bin --sbindir=/usr/sbin --libexecdir=/usr/lib --sysconfdir=/etc --datadir=/usr/share --localstatedir=/var --mandir=/usr/man --infodir=/usr/info --disable-nls  ; fi; )
Configuring for Linux
Creating Makefiles.
  Makefile <= linux/Makefile.top
  pppd/Makefile <= pppd/Makefile.linux
  pppstats/Makefile <= pppstats/Makefile.linux
  chat/Makefile <= chat/Makefile.linux
  pppdump/Makefile <= pppdump/Makefile.linux
  pppd/plugins/Makefile <= pppd/plugins/Makefile.linux
  pppd/plugins/rp-pppoe/Makefile <= pppd/plugins/rp-pppoe/Makefile.linux
  pppd/plugins/radius/Makefile <= pppd/plugins/radius/Makefile.linux
  pppd/plugins/pppoatm/Makefile <= pppd/plugins/pppoatm/Makefile.linux
  pppd/plugins/pppol2tp/Makefile <= pppd/plugins/pppol2tp/Makefile.linux
  pppd/plugins/pptp/Makefile <= pppd/plugins/pptp/Makefile.linux
mkdir -p /media/gwind/windcode/openwrt-ssd20x/18.06/build_dir/target-arm-linux-gnueabihf_glibc/linux-sstar_ssd20x/ppp-2.4.8.git-2020-08-07/pppd/plugins/pppoatm/linux
cp -fpR /media/gwind/windcode/openwrt-ssd20x/18.06/build_dir/target-arm-linux-gnueabihf_glibc/linux-sstar_ssd20x/linux-4.9.84/include/linux/compiler.h /media/gwind/windcode/openwrt-ssd20x/18.06/build_dir/target-arm-linux-gnueabihf_glibc/linux-sstar_ssd20x/linux-4.9.84/include/uapi/linux/atm*.h /media/gwind/windcode/openwrt-ssd20x/18.06/build_dir/target-arm-linux-gnueabihf_glibc/linux-sstar_ssd20x/ppp-2.4.8.git-2020-08-07/pppd/plugins/pppoatm/linux/
# Kernel 4.14.9+ only, ignore the exit status of cp in case the file
# doesn't exits
cp -fpR /media/gwind/windcode/openwrt-ssd20x/18.06/build_dir/target-arm-linux-gnueabihf_glibc/linux-sstar_ssd20x/linux-4.9.84/include/linux/compiler_types.h /media/gwind/windcode/openwrt-ssd20x/18.06/build_dir/target-arm-linux-gnueabihf_glibc/linux-sstar_ssd20x/ppp-2.4.8.git-2020-08-07/pppd/plugins/pppoatm/linux/
Makefile:302: recipe for target '/media/gwind/windcode/openwrt-ssd20x/18.06/build_dir/target-arm-linux-gnueabihf_glibc/linux-sstar_ssd20x/ppp-2.4.8.git-2020-08-07/.configured_68b329da9893e34099c7d8ad5cb9c940' failed
touch /media/gwind/windcode/openwrt-ssd20x/18.06/build_dir/target-arm-linux-gnueabihf_glibc/linux-sstar_ssd20x/ppp-2.4.8.git-2020-08-07/.configured_68b329da9893e34099c7d8ad5cb9c940
rm -f /media/gwind/windcode/openwrt-ssd20x/18.06/build_dir/target-arm-linux-gnueabihf_glibc/linux-sstar_ssd20x/ppp-2.4.8.git-2020-08-07/.built
touch /media/gwind/windcode/openwrt-ssd20x/18.06/build_dir/target-arm-linux-gnueabihf_glibc/linux-sstar_ssd20x/ppp-2.4.8.git-2020-08-07/.built_check
CFLAGS="-Os -pipe -Wno-implicit-fallthrough -mfpu=neon -Wno-format-overflow -fno-caller-saves -fno-plt -mfloat-abi=hard  -D_FORTIFY_SOURCE=1 -Wl,-z,now -Wl,-z,relro -ffunction-sections -fdata-sections -flto -I/media/gwind/windcode/openwrt-ssd20x/18.06/staging_dir/target-arm-linux-gnueabihf_glibc/usr/include/openssl  -I/media/gwind/windcode/openwrt-ssd20x/18.06/staging_dir/target-arm-linux-gnueabihf_glibc/usr/include -I/media/gwind/windcode/openwrt-ssd20x/18.06/staging_dir/target-arm-linux-gnueabihf_glibc/include " CXXFLAGS="-Os -pipe -Wno-implicit-fallthrough -mfpu=neon -Wno-format-overflow -fno-caller-saves -fno-plt -mfloat-abi=hard  -D_FORTIFY_SOURCE=1 -Wl,-z,now -Wl,-z,relro -ffunction-sections -fdata-sections -flto -I/media/gwind/windcode/openwrt-ssd20x/18.06/staging_dir/target-arm-linux-gnueabihf_glibc/usr/include/openssl  -I/media/gwind/windcode/openwrt-ssd20x/18.06/staging_dir/target-arm-linux-gnueabihf_glibc/usr/include -I/media/gwind/windcode/openwrt-ssd20x/18.06/staging_dir/target-arm-linux-gnueabihf_glibc/include " LDFLAGS="-L/media/gwind/windcode/openwrt-ssd20x/18.06/staging_dir/target-arm-linux-gnueabihf_glibc/usr/lib -L/media/gwind/windcode/openwrt-ssd20x/18.06/staging_dir/target-arm-linux-gnueabihf_glibc/lib -L/opt/ssd20x/gcc-arm-8.2-2018.08-x86_64-arm-linux-gnueabihf/arm-linux-gnueabihf/libc/usr/lib -L/opt/ssd20x/gcc-arm-8.2-2018.08-x86_64-arm-linux-gnueabihf/arm-linux-gnueabihf/libc/lib -znow -zrelro -Wl,--gc-sections -flto -fuse-linker-plugin " make  -C /media/gwind/windcode/openwrt-ssd20x/18.06/build_dir/target-arm-linux-gnueabihf_glibc/linux-sstar_ssd20x/ppp-2.4.8.git-2020-08-07/. AR="arm-linux-gnueabihf-ar" AS="arm-linux-gnueabihf-gcc -c -Os -pipe -Wno-implicit-fallthrough -mfpu=neon -Wno-format-overflow -fno-caller-saves -fno-plt -mfloat-abi=hard  -D_FORTIFY_SOURCE=1 -Wl,-z,now -Wl,-z,relro -ffunction-sections -fdata-sections -flto -I/media/gwind/windcode/openwrt-ssd20x/18.06/staging_dir/target-arm-linux-gnueabihf_glibc/usr/include/openssl" LD=arm-linux-gnueabihf-ld NM="arm-linux-gnueabihf-nm" CC="arm-linux-gnueabihf-gcc" GCC="arm-linux-gnueabihf-gcc" CXX="arm-linux-gnueabihf-g++" RANLIB="arm-linux-gnueabihf-ranlib" STRIP=arm-linux-gnueabihf-strip OBJCOPY=arm-linux-gnueabihf-objcopy OBJDUMP=arm-linux-gnueabihf-objdump SIZE=arm-linux-gnueabihf-size CROSS="arm-linux-gnueabihf-" ARCH="arm" COPTS="-Os -pipe -Wno-implicit-fallthrough -mfpu=neon -Wno-format-overflow -fno-caller-saves -fno-plt -mfloat-abi=hard  -D_FORTIFY_SOURCE=1 -Wl,-z,now -Wl,-z,relro -ffunction-sections -fdata-sections -flto -I/media/gwind/windcode/openwrt-ssd20x/18.06/staging_dir/target-arm-linux-gnueabihf_glibc/usr/include/openssl" PRECOMPILED_FILTER=1 STAGING_DIR="/media/gwind/windcode/openwrt-ssd20x/18.06/staging_dir/target-arm-linux-gnueabihf_glibc" HAVE_MULTILINK= ;
make[4]: Entering directory '/media/gwind/windcode/openwrt-ssd20x/18.06/build_dir/target-arm-linux-gnueabihf_glibc/linux-sstar_ssd20x/ppp-2.4.8.git-2020-08-07'
cd chat; make -w all
make[5]: Entering directory '/media/gwind/windcode/openwrt-ssd20x/18.06/build_dir/target-arm-linux-gnueabihf_glibc/linux-sstar_ssd20x/ppp-2.4.8.git-2020-08-07/chat'
arm-linux-gnueabihf-gcc -c -Os -pipe -Wno-implicit-fallthrough -mfpu=neon -Wno-format-overflow -fno-caller-saves -fno-plt -mfloat-abi=hard  -D_FORTIFY_SOURCE=1 -Wl,-z,now -Wl,-z,relro -ffunction-sections -fdata-sections -flto -I/media/gwind/windcode/openwrt-ssd20x/18.06/staging_dir/target-arm-linux-gnueabihf_glibc/usr/include/openssl -DTERMIOS			 -DSIGTYPE=void			 -UNO_SLEEP			 -DFNDELAY=O_NDELAY		 -o chat.o chat.c
arm-linux-gnueabihf-gcc -L/media/gwind/windcode/openwrt-ssd20x/18.06/staging_dir/target-arm-linux-gnueabihf_glibc/usr/lib -L/media/gwind/windcode/openwrt-ssd20x/18.06/staging_dir/target-arm-linux-gnueabihf_glibc/lib -L/opt/ssd20x/gcc-arm-8.2-2018.08-x86_64-arm-linux-gnueabihf/arm-linux-gnueabihf/libc/usr/lib -L/opt/ssd20x/gcc-arm-8.2-2018.08-x86_64-arm-linux-gnueabihf/arm-linux-gnueabihf/libc/lib -znow -zrelro -Wl,--gc-sections -flto -fuse-linker-plugin  -o chat chat.o
make[5]: Leaving directory '/media/gwind/windcode/openwrt-ssd20x/18.06/build_dir/target-arm-linux-gnueabihf_glibc/linux-sstar_ssd20x/ppp-2.4.8.git-2020-08-07/chat'
cd pppd/plugins; make -w all
make[5]: Entering directory '/media/gwind/windcode/openwrt-ssd20x/18.06/build_dir/target-arm-linux-gnueabihf_glibc/linux-sstar_ssd20x/ppp-2.4.8.git-2020-08-07/pppd/plugins'
arm-linux-gnueabihf-gcc -o minconn.so -L/media/gwind/windcode/openwrt-ssd20x/18.06/staging_dir/target-arm-linux-gnueabihf_glibc/usr/lib -L/media/gwind/windcode/openwrt-ssd20x/18.06/staging_dir/target-arm-linux-gnueabihf_glibc/lib -L/opt/ssd20x/gcc-arm-8.2-2018.08-x86_64-arm-linux-gnueabihf/arm-linux-gnueabihf/libc/usr/lib -L/opt/ssd20x/gcc-arm-8.2-2018.08-x86_64-arm-linux-gnueabihf/arm-linux-gnueabihf/libc/lib -znow -zrelro -Wl,--gc-sections -flto -fuse-linker-plugin  -shared -Os -pipe -Wno-implicit-fallthrough -mfpu=neon -Wno-format-overflow -fno-caller-saves -fno-plt -mfloat-abi=hard  -D_FORTIFY_SOURCE=1 -Wl,-z,now -Wl,-z,relro -ffunction-sections -fdata-sections -flto -I/media/gwind/windcode/openwrt-ssd20x/18.06/staging_dir/target-arm-linux-gnueabihf_glibc/usr/include/openssl -I.. -I../../include -fPIC -DMPPE=1 minconn.c
arm-linux-gnueabihf-gcc -o passprompt.so -L/media/gwind/windcode/openwrt-ssd20x/18.06/staging_dir/target-arm-linux-gnueabihf_glibc/usr/lib -L/media/gwind/windcode/openwrt-ssd20x/18.06/staging_dir/target-arm-linux-gnueabihf_glibc/lib -L/opt/ssd20x/gcc-arm-8.2-2018.08-x86_64-arm-linux-gnueabihf/arm-linux-gnueabihf/libc/usr/lib -L/opt/ssd20x/gcc-arm-8.2-2018.08-x86_64-arm-linux-gnueabihf/arm-linux-gnueabihf/libc/lib -znow -zrelro -Wl,--gc-sections -flto -fuse-linker-plugin  -shared -Os -pipe -Wno-implicit-fallthrough -mfpu=neon -Wno-format-overflow -fno-caller-saves -fno-plt -mfloat-abi=hard  -D_FORTIFY_SOURCE=1 -Wl,-z,now -Wl,-z,relro -ffunction-sections -fdata-sections -flto -I/media/gwind/windcode/openwrt-ssd20x/18.06/staging_dir/target-arm-linux-gnueabihf_glibc/usr/include/openssl -I.. -I../../include -fPIC -DMPPE=1 passprompt.c
arm-linux-gnueabihf-gcc -o passwordfd.so -L/media/gwind/windcode/openwrt-ssd20x/18.06/staging_dir/target-arm-linux-gnueabihf_glibc/usr/lib -L/media/gwind/windcode/openwrt-ssd20x/18.06/staging_dir/target-arm-linux-gnueabihf_glibc/lib -L/opt/ssd20x/gcc-arm-8.2-2018.08-x86_64-arm-linux-gnueabihf/arm-linux-gnueabihf/libc/usr/lib -L/opt/ssd20x/gcc-arm-8.2-2018.08-x86_64-arm-linux-gnueabihf/arm-linux-gnueabihf/libc/lib -znow -zrelro -Wl,--gc-sections -flto -fuse-linker-plugin  -shared -Os -pipe -Wno-implicit-fallthrough -mfpu=neon -Wno-format-overflow -fno-caller-saves -fno-plt -mfloat-abi=hard  -D_FORTIFY_SOURCE=1 -Wl,-z,now -Wl,-z,relro -ffunction-sections -fdata-sections -flto -I/media/gwind/windcode/openwrt-ssd20x/18.06/staging_dir/target-arm-linux-gnueabihf_glibc/usr/include/openssl -I.. -I../../include -fPIC -DMPPE=1 passwordfd.c
arm-linux-gnueabihf-gcc -o winbind.so -L/media/gwind/windcode/openwrt-ssd20x/18.06/staging_dir/target-arm-linux-gnueabihf_glibc/usr/lib -L/media/gwind/windcode/openwrt-ssd20x/18.06/staging_dir/target-arm-linux-gnueabihf_glibc/lib -L/opt/ssd20x/gcc-arm-8.2-2018.08-x86_64-arm-linux-gnueabihf/arm-linux-gnueabihf/libc/usr/lib -L/opt/ssd20x/gcc-arm-8.2-2018.08-x86_64-arm-linux-gnueabihf/arm-linux-gnueabihf/libc/lib -znow -zrelro -Wl,--gc-sections -flto -fuse-linker-plugin  -shared -Os -pipe -Wno-implicit-fallthrough -mfpu=neon -Wno-format-overflow -fno-caller-saves -fno-plt -mfloat-abi=hard  -D_FORTIFY_SOURCE=1 -Wl,-z,now -Wl,-z,relro -ffunction-sections -fdata-sections -flto -I/media/gwind/windcode/openwrt-ssd20x/18.06/staging_dir/target-arm-linux-gnueabihf_glibc/usr/include/openssl -I.. -I../../include -fPIC -DMPPE=1 winbind.c
for d in rp-pppoe pppoatm pppol2tp pptp radius; do make -w -C $d all || exit $?; done
make[6]: Entering directory '/media/gwind/windcode/openwrt-ssd20x/18.06/build_dir/target-arm-linux-gnueabihf_glibc/linux-sstar_ssd20x/ppp-2.4.8.git-2020-08-07/pppd/plugins/rp-pppoe'
arm-linux-gnueabihf-gcc -Os -pipe -Wno-implicit-fallthrough -mfpu=neon -Wno-format-overflow -fno-caller-saves -fno-plt -mfloat-abi=hard  -D_FORTIFY_SOURCE=1 -Wl,-z,now -Wl,-z,relro -ffunction-sections -fdata-sections -flto -I/media/gwind/windcode/openwrt-ssd20x/18.06/staging_dir/target-arm-linux-gnueabihf_glibc/usr/include/openssl -I../../../include '-DRP_VERSION="3.8p"' -I../../.. -c -o plugin.o -fPIC plugin.c
arm-linux-gnueabihf-gcc -Os -pipe -Wno-implicit-fallthrough -mfpu=neon -Wno-format-overflow -fno-caller-saves -fno-plt -mfloat-abi=hard  -D_FORTIFY_SOURCE=1 -Wl,-z,now -Wl,-z,relro -ffunction-sections -fdata-sections -flto -I/media/gwind/windcode/openwrt-ssd20x/18.06/staging_dir/target-arm-linux-gnueabihf_glibc/usr/include/openssl -I../../../include '-DRP_VERSION="3.8p"' -I../../.. -c -o discovery.o -fPIC discovery.c
arm-linux-gnueabihf-gcc -Os -pipe -Wno-implicit-fallthrough -mfpu=neon -Wno-format-overflow -fno-caller-saves -fno-plt -mfloat-abi=hard  -D_FORTIFY_SOURCE=1 -Wl,-z,now -Wl,-z,relro -ffunction-sections -fdata-sections -flto -I/media/gwind/windcode/openwrt-ssd20x/18.06/staging_dir/target-arm-linux-gnueabihf_glibc/usr/include/openssl -I../../../include '-DRP_VERSION="3.8p"' -I../../.. -c -o if.o -fPIC if.c
arm-linux-gnueabihf-gcc -Os -pipe -Wno-implicit-fallthrough -mfpu=neon -Wno-format-overflow -fno-caller-saves -fno-plt -mfloat-abi=hard  -D_FORTIFY_SOURCE=1 -Wl,-z,now -Wl,-z,relro -ffunction-sections -fdata-sections -flto -I/media/gwind/windcode/openwrt-ssd20x/18.06/staging_dir/target-arm-linux-gnueabihf_glibc/usr/include/openssl -I../../../include '-DRP_VERSION="3.8p"' -I../../.. -c -o common.o -fPIC common.c
arm-linux-gnueabihf-gcc -L/media/gwind/windcode/openwrt-ssd20x/18.06/staging_dir/target-arm-linux-gnueabihf_glibc/usr/lib -L/media/gwind/windcode/openwrt-ssd20x/18.06/staging_dir/target-arm-linux-gnueabihf_glibc/lib -L/opt/ssd20x/gcc-arm-8.2-2018.08-x86_64-arm-linux-gnueabihf/arm-linux-gnueabihf/libc/usr/lib -L/opt/ssd20x/gcc-arm-8.2-2018.08-x86_64-arm-linux-gnueabihf/arm-linux-gnueabihf/libc/lib -znow -zrelro -Wl,--gc-sections -flto -fuse-linker-plugin  -fPIC -o rp-pppoe.so -shared plugin.o discovery.o if.o common.o
arm-linux-gnueabihf-gcc -Os -pipe -Wno-implicit-fallthrough -mfpu=neon -Wno-format-overflow -fno-caller-saves -fno-plt -mfloat-abi=hard  -D_FORTIFY_SOURCE=1 -Wl,-z,now -Wl,-z,relro -ffunction-sections -fdata-sections -flto -I/media/gwind/windcode/openwrt-ssd20x/18.06/staging_dir/target-arm-linux-gnueabihf_glibc/usr/include/openssl -I../../../include '-DRP_VERSION="3.8p"' -I../../.. -c -o pppoe-discovery.o pppoe-discovery.c
arm-linux-gnueabihf-gcc -Os -pipe -Wno-implicit-fallthrough -mfpu=neon -Wno-format-overflow -fno-caller-saves -fno-plt -mfloat-abi=hard  -D_FORTIFY_SOURCE=1 -Wl,-z,now -Wl,-z,relro -ffunction-sections -fdata-sections -flto -I/media/gwind/windcode/openwrt-ssd20x/18.06/staging_dir/target-arm-linux-gnueabihf_glibc/usr/include/openssl -I../../../include '-DRP_VERSION="3.8p"' -I../../.. -c -o debug.o debug.c
arm-linux-gnueabihf-gcc -L/media/gwind/windcode/openwrt-ssd20x/18.06/staging_dir/target-arm-linux-gnueabihf_glibc/usr/lib -L/media/gwind/windcode/openwrt-ssd20x/18.06/staging_dir/target-arm-linux-gnueabihf_glibc/lib -L/opt/ssd20x/gcc-arm-8.2-2018.08-x86_64-arm-linux-gnueabihf/arm-linux-gnueabihf/libc/usr/lib -L/opt/ssd20x/gcc-arm-8.2-2018.08-x86_64-arm-linux-gnueabihf/arm-linux-gnueabihf/libc/lib -znow -zrelro -Wl,--gc-sections -flto -fuse-linker-plugin  -o pppoe-discovery pppoe-discovery.o debug.o
make[6]: Leaving directory '/media/gwind/windcode/openwrt-ssd20x/18.06/build_dir/target-arm-linux-gnueabihf_glibc/linux-sstar_ssd20x/ppp-2.4.8.git-2020-08-07/pppd/plugins/rp-pppoe'
make[6]: Entering directory '/media/gwind/windcode/openwrt-ssd20x/18.06/build_dir/target-arm-linux-gnueabihf_glibc/linux-sstar_ssd20x/ppp-2.4.8.git-2020-08-07/pppd/plugins/pppoatm'
arm-linux-gnueabihf-gcc -Os -pipe -Wno-implicit-fallthrough -mfpu=neon -Wno-format-overflow -fno-caller-saves -fno-plt -mfloat-abi=hard  -D_FORTIFY_SOURCE=1 -Wl,-z,now -Wl,-z,relro -ffunction-sections -fdata-sections -flto -I/media/gwind/windcode/openwrt-ssd20x/18.06/staging_dir/target-arm-linux-gnueabihf_glibc/usr/include/openssl -I../.. -I../../../include -fPIC -I. -c -o pppoatm.o pppoatm.c
arm-linux-gnueabihf-gcc -Os -pipe -Wno-implicit-fallthrough -mfpu=neon -Wno-format-overflow -fno-caller-saves -fno-plt -mfloat-abi=hard  -D_FORTIFY_SOURCE=1 -Wl,-z,now -Wl,-z,relro -ffunction-sections -fdata-sections -flto -I/media/gwind/windcode/openwrt-ssd20x/18.06/staging_dir/target-arm-linux-gnueabihf_glibc/usr/include/openssl -I../.. -I../../../include -fPIC -I. -c -o text2qos.o text2qos.c
arm-linux-gnueabihf-gcc -Os -pipe -Wno-implicit-fallthrough -mfpu=neon -Wno-format-overflow -fno-caller-saves -fno-plt -mfloat-abi=hard  -D_FORTIFY_SOURCE=1 -Wl,-z,now -Wl,-z,relro -ffunction-sections -fdata-sections -flto -I/media/gwind/windcode/openwrt-ssd20x/18.06/staging_dir/target-arm-linux-gnueabihf_glibc/usr/include/openssl -I../.. -I../../../include -fPIC -I. -c -o text2atm.o text2atm.c
arm-linux-gnueabihf-gcc -Os -pipe -Wno-implicit-fallthrough -mfpu=neon -Wno-format-overflow -fno-caller-saves -fno-plt -mfloat-abi=hard  -D_FORTIFY_SOURCE=1 -Wl,-z,now -Wl,-z,relro -ffunction-sections -fdata-sections -flto -I/media/gwind/windcode/openwrt-ssd20x/18.06/staging_dir/target-arm-linux-gnueabihf_glibc/usr/include/openssl -I../.. -I../../../include -fPIC -I. -c -o misc.o misc.c
arm-linux-gnueabihf-gcc -Os -pipe -Wno-implicit-fallthrough -mfpu=neon -Wno-format-overflow -fno-caller-saves -fno-plt -mfloat-abi=hard  -D_FORTIFY_SOURCE=1 -Wl,-z,now -Wl,-z,relro -ffunction-sections -fdata-sections -flto -I/media/gwind/windcode/openwrt-ssd20x/18.06/staging_dir/target-arm-linux-gnueabihf_glibc/usr/include/openssl -I../.. -I../../../include -fPIC -I. -c -o ans.o ans.c
arm-linux-gnueabihf-gcc -Os -pipe -Wno-implicit-fallthrough -mfpu=neon -Wno-format-overflow -fno-caller-saves -fno-plt -mfloat-abi=hard  -D_FORTIFY_SOURCE=1 -Wl,-z,now -Wl,-z,relro -ffunction-sections -fdata-sections -flto -I/media/gwind/windcode/openwrt-ssd20x/18.06/staging_dir/target-arm-linux-gnueabihf_glibc/usr/include/openssl -I../.. -I../../../include -fPIC -I. -L/media/gwind/windcode/openwrt-ssd20x/18.06/staging_dir/target-arm-linux-gnueabihf_glibc/usr/lib -L/media/gwind/windcode/openwrt-ssd20x/18.06/staging_dir/target-arm-linux-gnueabihf_glibc/lib -L/opt/ssd20x/gcc-arm-8.2-2018.08-x86_64-arm-linux-gnueabihf/arm-linux-gnueabihf/libc/usr/lib -L/opt/ssd20x/gcc-arm-8.2-2018.08-x86_64-arm-linux-gnueabihf/arm-linux-gnueabihf/libc/lib -znow -zrelro -Wl,--gc-sections -flto -fuse-linker-plugin  -o pppoatm.so -shared pppoatm.o text2qos.o text2atm.o misc.o ans.o -lresolv
make[6]: Leaving directory '/media/gwind/windcode/openwrt-ssd20x/18.06/build_dir/target-arm-linux-gnueabihf_glibc/linux-sstar_ssd20x/ppp-2.4.8.git-2020-08-07/pppd/plugins/pppoatm'
make[6]: Entering directory '/media/gwind/windcode/openwrt-ssd20x/18.06/build_dir/target-arm-linux-gnueabihf_glibc/linux-sstar_ssd20x/ppp-2.4.8.git-2020-08-07/pppd/plugins/pppol2tp'
arm-linux-gnueabihf-gcc -Os -pipe -Wno-implicit-fallthrough -mfpu=neon -Wno-format-overflow -fno-caller-saves -fno-plt -mfloat-abi=hard  -D_FORTIFY_SOURCE=1 -Wl,-z,now -Wl,-z,relro -ffunction-sections -fdata-sections -flto -I/media/gwind/windcode/openwrt-ssd20x/18.06/staging_dir/target-arm-linux-gnueabihf_glibc/usr/include/openssl -I. -I../.. -I../../../include -fPIC -c -o pppol2tp.o pppol2tp.c
arm-linux-gnueabihf-gcc -Os -pipe -Wno-implicit-fallthrough -mfpu=neon -Wno-format-overflow -fno-caller-saves -fno-plt -mfloat-abi=hard  -D_FORTIFY_SOURCE=1 -Wl,-z,now -Wl,-z,relro -ffunction-sections -fdata-sections -flto -I/media/gwind/windcode/openwrt-ssd20x/18.06/staging_dir/target-arm-linux-gnueabihf_glibc/usr/include/openssl -I. -I../.. -I../../../include -fPIC -L/media/gwind/windcode/openwrt-ssd20x/18.06/staging_dir/target-arm-linux-gnueabihf_glibc/usr/lib -L/media/gwind/windcode/openwrt-ssd20x/18.06/staging_dir/target-arm-linux-gnueabihf_glibc/lib -L/opt/ssd20x/gcc-arm-8.2-2018.08-x86_64-arm-linux-gnueabihf/arm-linux-gnueabihf/libc/usr/lib -L/opt/ssd20x/gcc-arm-8.2-2018.08-x86_64-arm-linux-gnueabihf/arm-linux-gnueabihf/libc/lib -znow -zrelro -Wl,--gc-sections -flto -fuse-linker-plugin  -o pppol2tp.so -shared pppol2tp.o 
arm-linux-gnueabihf-gcc -Os -pipe -Wno-implicit-fallthrough -mfpu=neon -Wno-format-overflow -fno-caller-saves -fno-plt -mfloat-abi=hard  -D_FORTIFY_SOURCE=1 -Wl,-z,now -Wl,-z,relro -ffunction-sections -fdata-sections -flto -I/media/gwind/windcode/openwrt-ssd20x/18.06/staging_dir/target-arm-linux-gnueabihf_glibc/usr/include/openssl -I. -I../.. -I../../../include -fPIC -c -o openl2tp.o openl2tp.c
arm-linux-gnueabihf-gcc -Os -pipe -Wno-implicit-fallthrough -mfpu=neon -Wno-format-overflow -fno-caller-saves -fno-plt -mfloat-abi=hard  -D_FORTIFY_SOURCE=1 -Wl,-z,now -Wl,-z,relro -ffunction-sections -fdata-sections -flto -I/media/gwind/windcode/openwrt-ssd20x/18.06/staging_dir/target-arm-linux-gnueabihf_glibc/usr/include/openssl -I. -I../.. -I../../../include -fPIC -L/media/gwind/windcode/openwrt-ssd20x/18.06/staging_dir/target-arm-linux-gnueabihf_glibc/usr/lib -L/media/gwind/windcode/openwrt-ssd20x/18.06/staging_dir/target-arm-linux-gnueabihf_glibc/lib -L/opt/ssd20x/gcc-arm-8.2-2018.08-x86_64-arm-linux-gnueabihf/arm-linux-gnueabihf/libc/usr/lib -L/opt/ssd20x/gcc-arm-8.2-2018.08-x86_64-arm-linux-gnueabihf/arm-linux-gnueabihf/libc/lib -znow -zrelro -Wl,--gc-sections -flto -fuse-linker-plugin  -o openl2tp.so -shared openl2tp.o 
rm openl2tp.o pppol2tp.o
make[6]: Leaving directory '/media/gwind/windcode/openwrt-ssd20x/18.06/build_dir/target-arm-linux-gnueabihf_glibc/linux-sstar_ssd20x/ppp-2.4.8.git-2020-08-07/pppd/plugins/pppol2tp'
make[6]: Entering directory '/media/gwind/windcode/openwrt-ssd20x/18.06/build_dir/target-arm-linux-gnueabihf_glibc/linux-sstar_ssd20x/ppp-2.4.8.git-2020-08-07/pppd/plugins/pptp'
arm-linux-gnueabihf-gcc -Os -pipe -Wno-implicit-fallthrough -mfpu=neon -Wno-format-overflow -fno-caller-saves -fno-plt -mfloat-abi=hard  -D_FORTIFY_SOURCE=1 -Wl,-z,now -Wl,-z,relro -ffunction-sections -fdata-sections -flto -I/media/gwind/windcode/openwrt-ssd20x/18.06/staging_dir/target-arm-linux-gnueabihf_glibc/usr/include/openssl -I. -I../.. -I../../../include -fPIC -DPPPD_VERSION=\"2.4.8\" -c -o dirutil.o dirutil.c
arm-linux-gnueabihf-gcc -Os -pipe -Wno-implicit-fallthrough -mfpu=neon -Wno-format-overflow -fno-caller-saves -fno-plt -mfloat-abi=hard  -D_FORTIFY_SOURCE=1 -Wl,-z,now -Wl,-z,relro -ffunction-sections -fdata-sections -flto -I/media/gwind/windcode/openwrt-ssd20x/18.06/staging_dir/target-arm-linux-gnueabihf_glibc/usr/include/openssl -I. -I../.. -I../../../include -fPIC -DPPPD_VERSION=\"2.4.8\" -c -o orckit_quirks.o orckit_quirks.c
arm-linux-gnueabihf-gcc -Os -pipe -Wno-implicit-fallthrough -mfpu=neon -Wno-format-overflow -fno-caller-saves -fno-plt -mfloat-abi=hard  -D_FORTIFY_SOURCE=1 -Wl,-z,now -Wl,-z,relro -ffunction-sections -fdata-sections -flto -I/media/gwind/windcode/openwrt-ssd20x/18.06/staging_dir/target-arm-linux-gnueabihf_glibc/usr/include/openssl -I. -I../.. -I../../../include -fPIC -DPPPD_VERSION=\"2.4.8\" -c -o pptp.o pptp.c
arm-linux-gnueabihf-gcc -Os -pipe -Wno-implicit-fallthrough -mfpu=neon -Wno-format-overflow -fno-caller-saves -fno-plt -mfloat-abi=hard  -D_FORTIFY_SOURCE=1 -Wl,-z,now -Wl,-z,relro -ffunction-sections -fdata-sections -flto -I/media/gwind/windcode/openwrt-ssd20x/18.06/staging_dir/target-arm-linux-gnueabihf_glibc/usr/include/openssl -I. -I../.. -I../../../include -fPIC -DPPPD_VERSION=\"2.4.8\" -c -o pptp_callmgr.o pptp_callmgr.c
arm-linux-gnueabihf-gcc -Os -pipe -Wno-implicit-fallthrough -mfpu=neon -Wno-format-overflow -fno-caller-saves -fno-plt -mfloat-abi=hard  -D_FORTIFY_SOURCE=1 -Wl,-z,now -Wl,-z,relro -ffunction-sections -fdata-sections -flto -I/media/gwind/windcode/openwrt-ssd20x/18.06/staging_dir/target-arm-linux-gnueabihf_glibc/usr/include/openssl -I. -I../.. -I../../../include -fPIC -DPPPD_VERSION=\"2.4.8\" -c -o pptp_ctrl.o pptp_ctrl.c
arm-linux-gnueabihf-gcc -Os -pipe -Wno-implicit-fallthrough -mfpu=neon -Wno-format-overflow -fno-caller-saves -fno-plt -mfloat-abi=hard  -D_FORTIFY_SOURCE=1 -Wl,-z,now -Wl,-z,relro -ffunction-sections -fdata-sections -flto -I/media/gwind/windcode/openwrt-ssd20x/18.06/staging_dir/target-arm-linux-gnueabihf_glibc/usr/include/openssl -I. -I../.. -I../../../include -fPIC -DPPPD_VERSION=\"2.4.8\" -c -o pptp_quirks.o pptp_quirks.c
arm-linux-gnueabihf-gcc -Os -pipe -Wno-implicit-fallthrough -mfpu=neon -Wno-format-overflow -fno-caller-saves -fno-plt -mfloat-abi=hard  -D_FORTIFY_SOURCE=1 -Wl,-z,now -Wl,-z,relro -ffunction-sections -fdata-sections -flto -I/media/gwind/windcode/openwrt-ssd20x/18.06/staging_dir/target-arm-linux-gnueabihf_glibc/usr/include/openssl -I. -I../.. -I../../../include -fPIC -DPPPD_VERSION=\"2.4.8\" -c -o util.o util.c
arm-linux-gnueabihf-gcc -Os -pipe -Wno-implicit-fallthrough -mfpu=neon -Wno-format-overflow -fno-caller-saves -fno-plt -mfloat-abi=hard  -D_FORTIFY_SOURCE=1 -Wl,-z,now -Wl,-z,relro -ffunction-sections -fdata-sections -flto -I/media/gwind/windcode/openwrt-ssd20x/18.06/staging_dir/target-arm-linux-gnueabihf_glibc/usr/include/openssl -I. -I../.. -I../../../include -fPIC -DPPPD_VERSION=\"2.4.8\" -c -o vector.o vector.c
arm-linux-gnueabihf-gcc -fPIC -o pptp.so -shared dirutil.o orckit_quirks.o pptp.o pptp_callmgr.o pptp_ctrl.o pptp_quirks.o util.o vector.o
make[6]: Leaving directory '/media/gwind/windcode/openwrt-ssd20x/18.06/build_dir/target-arm-linux-gnueabihf_glibc/linux-sstar_ssd20x/ppp-2.4.8.git-2020-08-07/pppd/plugins/pptp'
make[6]: Entering directory '/media/gwind/windcode/openwrt-ssd20x/18.06/build_dir/target-arm-linux-gnueabihf_glibc/linux-sstar_ssd20x/ppp-2.4.8.git-2020-08-07/pppd/plugins/radius'
arm-linux-gnueabihf-gcc -I. -I../.. -I../../../include -Os -pipe -Wno-implicit-fallthrough -mfpu=neon -Wno-format-overflow -fno-caller-saves -fno-plt -mfloat-abi=hard  -D_FORTIFY_SOURCE=1 -Wl,-z,now -Wl,-z,relro -ffunction-sections -fdata-sections -flto -I/media/gwind/windcode/openwrt-ssd20x/18.06/staging_dir/target-arm-linux-gnueabihf_glibc/usr/include/openssl -fPIC -DRC_LOG_FACILITY=LOG_DAEMON -DCHAPMS=1 -DMPPE=1 -DMAXOCTETS=1   -c -o radius.o radius.c
arm-linux-gnueabihf-gcc -I. -I../.. -I../../../include -Os -pipe -Wno-implicit-fallthrough -mfpu=neon -Wno-format-overflow -fno-caller-saves -fno-plt -mfloat-abi=hard  -D_FORTIFY_SOURCE=1 -Wl,-z,now -Wl,-z,relro -ffunction-sections -fdata-sections -flto -I/media/gwind/windcode/openwrt-ssd20x/18.06/staging_dir/target-arm-linux-gnueabihf_glibc/usr/include/openssl -fPIC -DRC_LOG_FACILITY=LOG_DAEMON -DCHAPMS=1 -DMPPE=1 -DMAXOCTETS=1   -c -o avpair.o avpair.c
arm-linux-gnueabihf-gcc -I. -I../.. -I../../../include -Os -pipe -Wno-implicit-fallthrough -mfpu=neon -Wno-format-overflow -fno-caller-saves -fno-plt -mfloat-abi=hard  -D_FORTIFY_SOURCE=1 -Wl,-z,now -Wl,-z,relro -ffunction-sections -fdata-sections -flto -I/media/gwind/windcode/openwrt-ssd20x/18.06/staging_dir/target-arm-linux-gnueabihf_glibc/usr/include/openssl -fPIC -DRC_LOG_FACILITY=LOG_DAEMON -DCHAPMS=1 -DMPPE=1 -DMAXOCTETS=1   -c -o buildreq.o buildreq.c
arm-linux-gnueabihf-gcc -I. -I../.. -I../../../include -Os -pipe -Wno-implicit-fallthrough -mfpu=neon -Wno-format-overflow -fno-caller-saves -fno-plt -mfloat-abi=hard  -D_FORTIFY_SOURCE=1 -Wl,-z,now -Wl,-z,relro -ffunction-sections -fdata-sections -flto -I/media/gwind/windcode/openwrt-ssd20x/18.06/staging_dir/target-arm-linux-gnueabihf_glibc/usr/include/openssl -fPIC -DRC_LOG_FACILITY=LOG_DAEMON -DCHAPMS=1 -DMPPE=1 -DMAXOCTETS=1   -c -o config.o config.c
arm-linux-gnueabihf-gcc -I. -I../.. -I../../../include -Os -pipe -Wno-implicit-fallthrough -mfpu=neon -Wno-format-overflow -fno-caller-saves -fno-plt -mfloat-abi=hard  -D_FORTIFY_SOURCE=1 -Wl,-z,now -Wl,-z,relro -ffunction-sections -fdata-sections -flto -I/media/gwind/windcode/openwrt-ssd20x/18.06/staging_dir/target-arm-linux-gnueabihf_glibc/usr/include/openssl -fPIC -DRC_LOG_FACILITY=LOG_DAEMON -DCHAPMS=1 -DMPPE=1 -DMAXOCTETS=1   -c -o dict.o dict.c
arm-linux-gnueabihf-gcc -I. -I../.. -I../../../include -Os -pipe -Wno-implicit-fallthrough -mfpu=neon -Wno-format-overflow -fno-caller-saves -fno-plt -mfloat-abi=hard  -D_FORTIFY_SOURCE=1 -Wl,-z,now -Wl,-z,relro -ffunction-sections -fdata-sections -flto -I/media/gwind/windcode/openwrt-ssd20x/18.06/staging_dir/target-arm-linux-gnueabihf_glibc/usr/include/openssl -fPIC -DRC_LOG_FACILITY=LOG_DAEMON -DCHAPMS=1 -DMPPE=1 -DMAXOCTETS=1   -c -o ip_util.o ip_util.c
arm-linux-gnueabihf-gcc -I. -I../.. -I../../../include -Os -pipe -Wno-implicit-fallthrough -mfpu=neon -Wno-format-overflow -fno-caller-saves -fno-plt -mfloat-abi=hard  -D_FORTIFY_SOURCE=1 -Wl,-z,now -Wl,-z,relro -ffunction-sections -fdata-sections -flto -I/media/gwind/windcode/openwrt-ssd20x/18.06/staging_dir/target-arm-linux-gnueabihf_glibc/usr/include/openssl -fPIC -DRC_LOG_FACILITY=LOG_DAEMON -DCHAPMS=1 -DMPPE=1 -DMAXOCTETS=1   -c -o clientid.o clientid.c
arm-linux-gnueabihf-gcc -I. -I../.. -I../../../include -Os -pipe -Wno-implicit-fallthrough -mfpu=neon -Wno-format-overflow -fno-caller-saves -fno-plt -mfloat-abi=hard  -D_FORTIFY_SOURCE=1 -Wl,-z,now -Wl,-z,relro -ffunction-sections -fdata-sections -flto -I/media/gwind/windcode/openwrt-ssd20x/18.06/staging_dir/target-arm-linux-gnueabihf_glibc/usr/include/openssl -fPIC -DRC_LOG_FACILITY=LOG_DAEMON -DCHAPMS=1 -DMPPE=1 -DMAXOCTETS=1   -c -o sendserver.o sendserver.c
arm-linux-gnueabihf-gcc -I. -I../.. -I../../../include -Os -pipe -Wno-implicit-fallthrough -mfpu=neon -Wno-format-overflow -fno-caller-saves -fno-plt -mfloat-abi=hard  -D_FORTIFY_SOURCE=1 -Wl,-z,now -Wl,-z,relro -ffunction-sections -fdata-sections -flto -I/media/gwind/windcode/openwrt-ssd20x/18.06/staging_dir/target-arm-linux-gnueabihf_glibc/usr/include/openssl -fPIC -DRC_LOG_FACILITY=LOG_DAEMON -DCHAPMS=1 -DMPPE=1 -DMAXOCTETS=1   -c -o lock.o lock.c
arm-linux-gnueabihf-gcc -I. -I../.. -I../../../include -Os -pipe -Wno-implicit-fallthrough -mfpu=neon -Wno-format-overflow -fno-caller-saves -fno-plt -mfloat-abi=hard  -D_FORTIFY_SOURCE=1 -Wl,-z,now -Wl,-z,relro -ffunction-sections -fdata-sections -flto -I/media/gwind/windcode/openwrt-ssd20x/18.06/staging_dir/target-arm-linux-gnueabihf_glibc/usr/include/openssl -fPIC -DRC_LOG_FACILITY=LOG_DAEMON -DCHAPMS=1 -DMPPE=1 -DMAXOCTETS=1   -c -o util.o util.c
arm-linux-gnueabihf-gcc -I. -I../.. -I../../../include -Os -pipe -Wno-implicit-fallthrough -mfpu=neon -Wno-format-overflow -fno-caller-saves -fno-plt -mfloat-abi=hard  -D_FORTIFY_SOURCE=1 -Wl,-z,now -Wl,-z,relro -ffunction-sections -fdata-sections -flto -I/media/gwind/windcode/openwrt-ssd20x/18.06/staging_dir/target-arm-linux-gnueabihf_glibc/usr/include/openssl -fPIC -DRC_LOG_FACILITY=LOG_DAEMON -DCHAPMS=1 -DMPPE=1 -DMAXOCTETS=1   -c -o md5.o md5.c
arm-linux-gnueabihf-ar rv libradiusclient.a avpair.o buildreq.o config.o dict.o ip_util.o clientid.o sendserver.o lock.o util.o md5.o
a - avpair.o
a - buildreq.o
a - config.o
a - dict.o
a - ip_util.o
a - clientid.o
a - sendserver.o
a - lock.o
a - util.o
a - md5.o
arm-linux-gnueabihf-gcc -L/media/gwind/windcode/openwrt-ssd20x/18.06/staging_dir/target-arm-linux-gnueabihf_glibc/usr/lib -L/media/gwind/windcode/openwrt-ssd20x/18.06/staging_dir/target-arm-linux-gnueabihf_glibc/lib -L/opt/ssd20x/gcc-arm-8.2-2018.08-x86_64-arm-linux-gnueabihf/arm-linux-gnueabihf/libc/usr/lib -L/opt/ssd20x/gcc-arm-8.2-2018.08-x86_64-arm-linux-gnueabihf/arm-linux-gnueabihf/libc/lib -znow -zrelro -Wl,--gc-sections -flto -fuse-linker-plugin  -fPIC -o radius.so -shared radius.o libradiusclient.a
arm-linux-gnueabihf-gcc -I. -I../.. -I../../../include -Os -pipe -Wno-implicit-fallthrough -mfpu=neon -Wno-format-overflow -fno-caller-saves -fno-plt -mfloat-abi=hard  -D_FORTIFY_SOURCE=1 -Wl,-z,now -Wl,-z,relro -ffunction-sections -fdata-sections -flto -I/media/gwind/windcode/openwrt-ssd20x/18.06/staging_dir/target-arm-linux-gnueabihf_glibc/usr/include/openssl -fPIC -DRC_LOG_FACILITY=LOG_DAEMON -DCHAPMS=1 -DMPPE=1 -DMAXOCTETS=1   -c -o radattr.o radattr.c
arm-linux-gnueabihf-gcc -L/media/gwind/windcode/openwrt-ssd20x/18.06/staging_dir/target-arm-linux-gnueabihf_glibc/usr/lib -L/media/gwind/windcode/openwrt-ssd20x/18.06/staging_dir/target-arm-linux-gnueabihf_glibc/lib -L/opt/ssd20x/gcc-arm-8.2-2018.08-x86_64-arm-linux-gnueabihf/arm-linux-gnueabihf/libc/usr/lib -L/opt/ssd20x/gcc-arm-8.2-2018.08-x86_64-arm-linux-gnueabihf/arm-linux-gnueabihf/libc/lib -znow -zrelro -Wl,--gc-sections -flto -fuse-linker-plugin  -fPIC -o radattr.so -shared radattr.o
arm-linux-gnueabihf-gcc -I. -I../.. -I../../../include -Os -pipe -Wno-implicit-fallthrough -mfpu=neon -Wno-format-overflow -fno-caller-saves -fno-plt -mfloat-abi=hard  -D_FORTIFY_SOURCE=1 -Wl,-z,now -Wl,-z,relro -ffunction-sections -fdata-sections -flto -I/media/gwind/windcode/openwrt-ssd20x/18.06/staging_dir/target-arm-linux-gnueabihf_glibc/usr/include/openssl -fPIC -DRC_LOG_FACILITY=LOG_DAEMON -DCHAPMS=1 -DMPPE=1 -DMAXOCTETS=1   -c -o radrealms.o radrealms.c
arm-linux-gnueabihf-gcc -L/media/gwind/windcode/openwrt-ssd20x/18.06/staging_dir/target-arm-linux-gnueabihf_glibc/usr/lib -L/media/gwind/windcode/openwrt-ssd20x/18.06/staging_dir/target-arm-linux-gnueabihf_glibc/lib -L/opt/ssd20x/gcc-arm-8.2-2018.08-x86_64-arm-linux-gnueabihf/arm-linux-gnueabihf/libc/usr/lib -L/opt/ssd20x/gcc-arm-8.2-2018.08-x86_64-arm-linux-gnueabihf/arm-linux-gnueabihf/libc/lib -znow -zrelro -Wl,--gc-sections -flto -fuse-linker-plugin  -fPIC -o radrealms.so -shared radrealms.o
make[6]: Leaving directory '/media/gwind/windcode/openwrt-ssd20x/18.06/build_dir/target-arm-linux-gnueabihf_glibc/linux-sstar_ssd20x/ppp-2.4.8.git-2020-08-07/pppd/plugins/radius'
make[5]: Leaving directory '/media/gwind/windcode/openwrt-ssd20x/18.06/build_dir/target-arm-linux-gnueabihf_glibc/linux-sstar_ssd20x/ppp-2.4.8.git-2020-08-07/pppd/plugins'
cd pppd; make -w all
make[5]: Entering directory '/media/gwind/windcode/openwrt-ssd20x/18.06/build_dir/target-arm-linux-gnueabihf_glibc/linux-sstar_ssd20x/ppp-2.4.8.git-2020-08-07/pppd'
arm-linux-gnueabihf-gcc -Os -pipe -Wno-implicit-fallthrough -mfpu=neon -Wno-format-overflow -fno-caller-saves -fno-plt -mfloat-abi=hard  -D_FORTIFY_SOURCE=1 -Wl,-z,now -Wl,-z,relro -ffunction-sections -fdata-sections -flto -I/media/gwind/windcode/openwrt-ssd20x/18.06/staging_dir/target-arm-linux-gnueabihf_glibc/usr/include/openssl -DHAVE_PATHS_H -DHAVE_MMAP -I../include '-DDESTDIR="/usr"' -DCHAPMS=1 -DMPPE=1 -DHAS_SHADOW -DHAVE_CRYPT_H=1 -DHAVE_LOGWTMP=1 -I/opt/ssd20x/gcc-arm-8.2-2018.08-x86_64-arm-linux-gnueabihf/bin/../arm-linux-gnueabihf/libc/usr/include/openssl -DPLUGIN -DPPP_FILTER -DPPP_PRECOMPILED_FILTER -I/media/gwind/windcode/openwrt-ssd20x/18.06/staging_dir/target-arm-linux-gnueabihf_glibc/usr/include -DINET6=1 -DMAXOCTETS   -c -o main.o main.c
arm-linux-gnueabihf-gcc -Os -pipe -Wno-implicit-fallthrough -mfpu=neon -Wno-format-overflow -fno-caller-saves -fno-plt -mfloat-abi=hard  -D_FORTIFY_SOURCE=1 -Wl,-z,now -Wl,-z,relro -ffunction-sections -fdata-sections -flto -I/media/gwind/windcode/openwrt-ssd20x/18.06/staging_dir/target-arm-linux-gnueabihf_glibc/usr/include/openssl -DHAVE_PATHS_H -DHAVE_MMAP -I../include '-DDESTDIR="/usr"' -DCHAPMS=1 -DMPPE=1 -DHAS_SHADOW -DHAVE_CRYPT_H=1 -DHAVE_LOGWTMP=1 -I/opt/ssd20x/gcc-arm-8.2-2018.08-x86_64-arm-linux-gnueabihf/bin/../arm-linux-gnueabihf/libc/usr/include/openssl -DPLUGIN -DPPP_FILTER -DPPP_PRECOMPILED_FILTER -I/media/gwind/windcode/openwrt-ssd20x/18.06/staging_dir/target-arm-linux-gnueabihf_glibc/usr/include -DINET6=1 -DMAXOCTETS   -c -o magic.o magic.c
arm-linux-gnueabihf-gcc -Os -pipe -Wno-implicit-fallthrough -mfpu=neon -Wno-format-overflow -fno-caller-saves -fno-plt -mfloat-abi=hard  -D_FORTIFY_SOURCE=1 -Wl,-z,now -Wl,-z,relro -ffunction-sections -fdata-sections -flto -I/media/gwind/windcode/openwrt-ssd20x/18.06/staging_dir/target-arm-linux-gnueabihf_glibc/usr/include/openssl -DHAVE_PATHS_H -DHAVE_MMAP -I../include '-DDESTDIR="/usr"' -DCHAPMS=1 -DMPPE=1 -DHAS_SHADOW -DHAVE_CRYPT_H=1 -DHAVE_LOGWTMP=1 -I/opt/ssd20x/gcc-arm-8.2-2018.08-x86_64-arm-linux-gnueabihf/bin/../arm-linux-gnueabihf/libc/usr/include/openssl -DPLUGIN -DPPP_FILTER -DPPP_PRECOMPILED_FILTER -I/media/gwind/windcode/openwrt-ssd20x/18.06/staging_dir/target-arm-linux-gnueabihf_glibc/usr/include -DINET6=1 -DMAXOCTETS   -c -o fsm.o fsm.c
arm-linux-gnueabihf-gcc -Os -pipe -Wno-implicit-fallthrough -mfpu=neon -Wno-format-overflow -fno-caller-saves -fno-plt -mfloat-abi=hard  -D_FORTIFY_SOURCE=1 -Wl,-z,now -Wl,-z,relro -ffunction-sections -fdata-sections -flto -I/media/gwind/windcode/openwrt-ssd20x/18.06/staging_dir/target-arm-linux-gnueabihf_glibc/usr/include/openssl -DHAVE_PATHS_H -DHAVE_MMAP -I../include '-DDESTDIR="/usr"' -DCHAPMS=1 -DMPPE=1 -DHAS_SHADOW -DHAVE_CRYPT_H=1 -DHAVE_LOGWTMP=1 -I/opt/ssd20x/gcc-arm-8.2-2018.08-x86_64-arm-linux-gnueabihf/bin/../arm-linux-gnueabihf/libc/usr/include/openssl -DPLUGIN -DPPP_FILTER -DPPP_PRECOMPILED_FILTER -I/media/gwind/windcode/openwrt-ssd20x/18.06/staging_dir/target-arm-linux-gnueabihf_glibc/usr/include -DINET6=1 -DMAXOCTETS   -c -o lcp.o lcp.c
arm-linux-gnueabihf-gcc -Os -pipe -Wno-implicit-fallthrough -mfpu=neon -Wno-format-overflow -fno-caller-saves -fno-plt -mfloat-abi=hard  -D_FORTIFY_SOURCE=1 -Wl,-z,now -Wl,-z,relro -ffunction-sections -fdata-sections -flto -I/media/gwind/windcode/openwrt-ssd20x/18.06/staging_dir/target-arm-linux-gnueabihf_glibc/usr/include/openssl -DHAVE_PATHS_H -DHAVE_MMAP -I../include '-DDESTDIR="/usr"' -DCHAPMS=1 -DMPPE=1 -DHAS_SHADOW -DHAVE_CRYPT_H=1 -DHAVE_LOGWTMP=1 -I/opt/ssd20x/gcc-arm-8.2-2018.08-x86_64-arm-linux-gnueabihf/bin/../arm-linux-gnueabihf/libc/usr/include/openssl -DPLUGIN -DPPP_FILTER -DPPP_PRECOMPILED_FILTER -I/media/gwind/windcode/openwrt-ssd20x/18.06/staging_dir/target-arm-linux-gnueabihf_glibc/usr/include -DINET6=1 -DMAXOCTETS   -c -o ipcp.o ipcp.c
arm-linux-gnueabihf-gcc -Os -pipe -Wno-implicit-fallthrough -mfpu=neon -Wno-format-overflow -fno-caller-saves -fno-plt -mfloat-abi=hard  -D_FORTIFY_SOURCE=1 -Wl,-z,now -Wl,-z,relro -ffunction-sections -fdata-sections -flto -I/media/gwind/windcode/openwrt-ssd20x/18.06/staging_dir/target-arm-linux-gnueabihf_glibc/usr/include/openssl -DHAVE_PATHS_H -DHAVE_MMAP -I../include '-DDESTDIR="/usr"' -DCHAPMS=1 -DMPPE=1 -DHAS_SHADOW -DHAVE_CRYPT_H=1 -DHAVE_LOGWTMP=1 -I/opt/ssd20x/gcc-arm-8.2-2018.08-x86_64-arm-linux-gnueabihf/bin/../arm-linux-gnueabihf/libc/usr/include/openssl -DPLUGIN -DPPP_FILTER -DPPP_PRECOMPILED_FILTER -I/media/gwind/windcode/openwrt-ssd20x/18.06/staging_dir/target-arm-linux-gnueabihf_glibc/usr/include -DINET6=1 -DMAXOCTETS   -c -o upap.o upap.c
arm-linux-gnueabihf-gcc -Os -pipe -Wno-implicit-fallthrough -mfpu=neon -Wno-format-overflow -fno-caller-saves -fno-plt -mfloat-abi=hard  -D_FORTIFY_SOURCE=1 -Wl,-z,now -Wl,-z,relro -ffunction-sections -fdata-sections -flto -I/media/gwind/windcode/openwrt-ssd20x/18.06/staging_dir/target-arm-linux-gnueabihf_glibc/usr/include/openssl -DHAVE_PATHS_H -DHAVE_MMAP -I../include '-DDESTDIR="/usr"' -DCHAPMS=1 -DMPPE=1 -DHAS_SHADOW -DHAVE_CRYPT_H=1 -DHAVE_LOGWTMP=1 -I/opt/ssd20x/gcc-arm-8.2-2018.08-x86_64-arm-linux-gnueabihf/bin/../arm-linux-gnueabihf/libc/usr/include/openssl -DPLUGIN -DPPP_FILTER -DPPP_PRECOMPILED_FILTER -I/media/gwind/windcode/openwrt-ssd20x/18.06/staging_dir/target-arm-linux-gnueabihf_glibc/usr/include -DINET6=1 -DMAXOCTETS   -c -o chap-new.o chap-new.c
arm-linux-gnueabihf-gcc -Os -pipe -Wno-implicit-fallthrough -mfpu=neon -Wno-format-overflow -fno-caller-saves -fno-plt -mfloat-abi=hard  -D_FORTIFY_SOURCE=1 -Wl,-z,now -Wl,-z,relro -ffunction-sections -fdata-sections -flto -I/media/gwind/windcode/openwrt-ssd20x/18.06/staging_dir/target-arm-linux-gnueabihf_glibc/usr/include/openssl -DHAVE_PATHS_H -DHAVE_MMAP -I../include '-DDESTDIR="/usr"' -DCHAPMS=1 -DMPPE=1 -DHAS_SHADOW -DHAVE_CRYPT_H=1 -DHAVE_LOGWTMP=1 -I/opt/ssd20x/gcc-arm-8.2-2018.08-x86_64-arm-linux-gnueabihf/bin/../arm-linux-gnueabihf/libc/usr/include/openssl -DPLUGIN -DPPP_FILTER -DPPP_PRECOMPILED_FILTER -I/media/gwind/windcode/openwrt-ssd20x/18.06/staging_dir/target-arm-linux-gnueabihf_glibc/usr/include -DINET6=1 -DMAXOCTETS   -c -o md5.o md5.c
arm-linux-gnueabihf-gcc -Os -pipe -Wno-implicit-fallthrough -mfpu=neon -Wno-format-overflow -fno-caller-saves -fno-plt -mfloat-abi=hard  -D_FORTIFY_SOURCE=1 -Wl,-z,now -Wl,-z,relro -ffunction-sections -fdata-sections -flto -I/media/gwind/windcode/openwrt-ssd20x/18.06/staging_dir/target-arm-linux-gnueabihf_glibc/usr/include/openssl -DHAVE_PATHS_H -DHAVE_MMAP -I../include '-DDESTDIR="/usr"' -DCHAPMS=1 -DMPPE=1 -DHAS_SHADOW -DHAVE_CRYPT_H=1 -DHAVE_LOGWTMP=1 -I/opt/ssd20x/gcc-arm-8.2-2018.08-x86_64-arm-linux-gnueabihf/bin/../arm-linux-gnueabihf/libc/usr/include/openssl -DPLUGIN -DPPP_FILTER -DPPP_PRECOMPILED_FILTER -I/media/gwind/windcode/openwrt-ssd20x/18.06/staging_dir/target-arm-linux-gnueabihf_glibc/usr/include -DINET6=1 -DMAXOCTETS   -c -o ccp.o ccp.c
arm-linux-gnueabihf-gcc -Os -pipe -Wno-implicit-fallthrough -mfpu=neon -Wno-format-overflow -fno-caller-saves -fno-plt -mfloat-abi=hard  -D_FORTIFY_SOURCE=1 -Wl,-z,now -Wl,-z,relro -ffunction-sections -fdata-sections -flto -I/media/gwind/windcode/openwrt-ssd20x/18.06/staging_dir/target-arm-linux-gnueabihf_glibc/usr/include/openssl -DHAVE_PATHS_H -DHAVE_MMAP -I../include '-DDESTDIR="/usr"' -DCHAPMS=1 -DMPPE=1 -DHAS_SHADOW -DHAVE_CRYPT_H=1 -DHAVE_LOGWTMP=1 -I/opt/ssd20x/gcc-arm-8.2-2018.08-x86_64-arm-linux-gnueabihf/bin/../arm-linux-gnueabihf/libc/usr/include/openssl -DPLUGIN -DPPP_FILTER -DPPP_PRECOMPILED_FILTER -I/media/gwind/windcode/openwrt-ssd20x/18.06/staging_dir/target-arm-linux-gnueabihf_glibc/usr/include -DINET6=1 -DMAXOCTETS   -c -o ecp.o ecp.c
arm-linux-gnueabihf-gcc -Os -pipe -Wno-implicit-fallthrough -mfpu=neon -Wno-format-overflow -fno-caller-saves -fno-plt -mfloat-abi=hard  -D_FORTIFY_SOURCE=1 -Wl,-z,now -Wl,-z,relro -ffunction-sections -fdata-sections -flto -I/media/gwind/windcode/openwrt-ssd20x/18.06/staging_dir/target-arm-linux-gnueabihf_glibc/usr/include/openssl -DHAVE_PATHS_H -DHAVE_MMAP -I../include '-DDESTDIR="/usr"' -DCHAPMS=1 -DMPPE=1 -DHAS_SHADOW -DHAVE_CRYPT_H=1 -DHAVE_LOGWTMP=1 -I/opt/ssd20x/gcc-arm-8.2-2018.08-x86_64-arm-linux-gnueabihf/bin/../arm-linux-gnueabihf/libc/usr/include/openssl -DPLUGIN -DPPP_FILTER -DPPP_PRECOMPILED_FILTER -I/media/gwind/windcode/openwrt-ssd20x/18.06/staging_dir/target-arm-linux-gnueabihf_glibc/usr/include -DINET6=1 -DMAXOCTETS   -c -o auth.o auth.c
arm-linux-gnueabihf-gcc -Os -pipe -Wno-implicit-fallthrough -mfpu=neon -Wno-format-overflow -fno-caller-saves -fno-plt -mfloat-abi=hard  -D_FORTIFY_SOURCE=1 -Wl,-z,now -Wl,-z,relro -ffunction-sections -fdata-sections -flto -I/media/gwind/windcode/openwrt-ssd20x/18.06/staging_dir/target-arm-linux-gnueabihf_glibc/usr/include/openssl -DHAVE_PATHS_H -DHAVE_MMAP -I../include '-DDESTDIR="/usr"' -DCHAPMS=1 -DMPPE=1 -DHAS_SHADOW -DHAVE_CRYPT_H=1 -DHAVE_LOGWTMP=1 -I/opt/ssd20x/gcc-arm-8.2-2018.08-x86_64-arm-linux-gnueabihf/bin/../arm-linux-gnueabihf/libc/usr/include/openssl -DPLUGIN -DPPP_FILTER -DPPP_PRECOMPILED_FILTER -I/media/gwind/windcode/openwrt-ssd20x/18.06/staging_dir/target-arm-linux-gnueabihf_glibc/usr/include -DINET6=1 -DMAXOCTETS   -c -o options.o options.c
arm-linux-gnueabihf-gcc -Os -pipe -Wno-implicit-fallthrough -mfpu=neon -Wno-format-overflow -fno-caller-saves -fno-plt -mfloat-abi=hard  -D_FORTIFY_SOURCE=1 -Wl,-z,now -Wl,-z,relro -ffunction-sections -fdata-sections -flto -I/media/gwind/windcode/openwrt-ssd20x/18.06/staging_dir/target-arm-linux-gnueabihf_glibc/usr/include/openssl -DHAVE_PATHS_H -DHAVE_MMAP -I../include '-DDESTDIR="/usr"' -DCHAPMS=1 -DMPPE=1 -DHAS_SHADOW -DHAVE_CRYPT_H=1 -DHAVE_LOGWTMP=1 -I/opt/ssd20x/gcc-arm-8.2-2018.08-x86_64-arm-linux-gnueabihf/bin/../arm-linux-gnueabihf/libc/usr/include/openssl -DPLUGIN -DPPP_FILTER -DPPP_PRECOMPILED_FILTER -I/media/gwind/windcode/openwrt-ssd20x/18.06/staging_dir/target-arm-linux-gnueabihf_glibc/usr/include -DINET6=1 -DMAXOCTETS   -c -o demand.o demand.c
arm-linux-gnueabihf-gcc -Os -pipe -Wno-implicit-fallthrough -mfpu=neon -Wno-format-overflow -fno-caller-saves -fno-plt -mfloat-abi=hard  -D_FORTIFY_SOURCE=1 -Wl,-z,now -Wl,-z,relro -ffunction-sections -fdata-sections -flto -I/media/gwind/windcode/openwrt-ssd20x/18.06/staging_dir/target-arm-linux-gnueabihf_glibc/usr/include/openssl -DHAVE_PATHS_H -DHAVE_MMAP -I../include '-DDESTDIR="/usr"' -DCHAPMS=1 -DMPPE=1 -DHAS_SHADOW -DHAVE_CRYPT_H=1 -DHAVE_LOGWTMP=1 -I/opt/ssd20x/gcc-arm-8.2-2018.08-x86_64-arm-linux-gnueabihf/bin/../arm-linux-gnueabihf/libc/usr/include/openssl -DPLUGIN -DPPP_FILTER -DPPP_PRECOMPILED_FILTER -I/media/gwind/windcode/openwrt-ssd20x/18.06/staging_dir/target-arm-linux-gnueabihf_glibc/usr/include -DINET6=1 -DMAXOCTETS   -c -o utils.o utils.c
arm-linux-gnueabihf-gcc -Os -pipe -Wno-implicit-fallthrough -mfpu=neon -Wno-format-overflow -fno-caller-saves -fno-plt -mfloat-abi=hard  -D_FORTIFY_SOURCE=1 -Wl,-z,now -Wl,-z,relro -ffunction-sections -fdata-sections -flto -I/media/gwind/windcode/openwrt-ssd20x/18.06/staging_dir/target-arm-linux-gnueabihf_glibc/usr/include/openssl -DHAVE_PATHS_H -DHAVE_MMAP -I../include '-DDESTDIR="/usr"' -DCHAPMS=1 -DMPPE=1 -DHAS_SHADOW -DHAVE_CRYPT_H=1 -DHAVE_LOGWTMP=1 -I/opt/ssd20x/gcc-arm-8.2-2018.08-x86_64-arm-linux-gnueabihf/bin/../arm-linux-gnueabihf/libc/usr/include/openssl -DPLUGIN -DPPP_FILTER -DPPP_PRECOMPILED_FILTER -I/media/gwind/windcode/openwrt-ssd20x/18.06/staging_dir/target-arm-linux-gnueabihf_glibc/usr/include -DINET6=1 -DMAXOCTETS   -c -o sys-linux.o sys-linux.c
arm-linux-gnueabihf-gcc -Os -pipe -Wno-implicit-fallthrough -mfpu=neon -Wno-format-overflow -fno-caller-saves -fno-plt -mfloat-abi=hard  -D_FORTIFY_SOURCE=1 -Wl,-z,now -Wl,-z,relro -ffunction-sections -fdata-sections -flto -I/media/gwind/windcode/openwrt-ssd20x/18.06/staging_dir/target-arm-linux-gnueabihf_glibc/usr/include/openssl -DHAVE_PATHS_H -DHAVE_MMAP -I../include '-DDESTDIR="/usr"' -DCHAPMS=1 -DMPPE=1 -DHAS_SHADOW -DHAVE_CRYPT_H=1 -DHAVE_LOGWTMP=1 -I/opt/ssd20x/gcc-arm-8.2-2018.08-x86_64-arm-linux-gnueabihf/bin/../arm-linux-gnueabihf/libc/usr/include/openssl -DPLUGIN -DPPP_FILTER -DPPP_PRECOMPILED_FILTER -I/media/gwind/windcode/openwrt-ssd20x/18.06/staging_dir/target-arm-linux-gnueabihf_glibc/usr/include -DINET6=1 -DMAXOCTETS   -c -o ipxcp.o ipxcp.c
arm-linux-gnueabihf-gcc -Os -pipe -Wno-implicit-fallthrough -mfpu=neon -Wno-format-overflow -fno-caller-saves -fno-plt -mfloat-abi=hard  -D_FORTIFY_SOURCE=1 -Wl,-z,now -Wl,-z,relro -ffunction-sections -fdata-sections -flto -I/media/gwind/windcode/openwrt-ssd20x/18.06/staging_dir/target-arm-linux-gnueabihf_glibc/usr/include/openssl -DHAVE_PATHS_H -DHAVE_MMAP -I../include '-DDESTDIR="/usr"' -DCHAPMS=1 -DMPPE=1 -DHAS_SHADOW -DHAVE_CRYPT_H=1 -DHAVE_LOGWTMP=1 -I/opt/ssd20x/gcc-arm-8.2-2018.08-x86_64-arm-linux-gnueabihf/bin/../arm-linux-gnueabihf/libc/usr/include/openssl -DPLUGIN -DPPP_FILTER -DPPP_PRECOMPILED_FILTER -I/media/gwind/windcode/openwrt-ssd20x/18.06/staging_dir/target-arm-linux-gnueabihf_glibc/usr/include -DINET6=1 -DMAXOCTETS   -c -o tty.o tty.c
arm-linux-gnueabihf-gcc -Os -pipe -Wno-implicit-fallthrough -mfpu=neon -Wno-format-overflow -fno-caller-saves -fno-plt -mfloat-abi=hard  -D_FORTIFY_SOURCE=1 -Wl,-z,now -Wl,-z,relro -ffunction-sections -fdata-sections -flto -I/media/gwind/windcode/openwrt-ssd20x/18.06/staging_dir/target-arm-linux-gnueabihf_glibc/usr/include/openssl -DHAVE_PATHS_H -DHAVE_MMAP -I../include '-DDESTDIR="/usr"' -DCHAPMS=1 -DMPPE=1 -DHAS_SHADOW -DHAVE_CRYPT_H=1 -DHAVE_LOGWTMP=1 -I/opt/ssd20x/gcc-arm-8.2-2018.08-x86_64-arm-linux-gnueabihf/bin/../arm-linux-gnueabihf/libc/usr/include/openssl -DPLUGIN -DPPP_FILTER -DPPP_PRECOMPILED_FILTER -I/media/gwind/windcode/openwrt-ssd20x/18.06/staging_dir/target-arm-linux-gnueabihf_glibc/usr/include -DINET6=1 -DMAXOCTETS   -c -o eap.o eap.c
arm-linux-gnueabihf-gcc -Os -pipe -Wno-implicit-fallthrough -mfpu=neon -Wno-format-overflow -fno-caller-saves -fno-plt -mfloat-abi=hard  -D_FORTIFY_SOURCE=1 -Wl,-z,now -Wl,-z,relro -ffunction-sections -fdata-sections -flto -I/media/gwind/windcode/openwrt-ssd20x/18.06/staging_dir/target-arm-linux-gnueabihf_glibc/usr/include/openssl -DHAVE_PATHS_H -DHAVE_MMAP -I../include '-DDESTDIR="/usr"' -DCHAPMS=1 -DMPPE=1 -DHAS_SHADOW -DHAVE_CRYPT_H=1 -DHAVE_LOGWTMP=1 -I/opt/ssd20x/gcc-arm-8.2-2018.08-x86_64-arm-linux-gnueabihf/bin/../arm-linux-gnueabihf/libc/usr/include/openssl -DPLUGIN -DPPP_FILTER -DPPP_PRECOMPILED_FILTER -I/media/gwind/windcode/openwrt-ssd20x/18.06/staging_dir/target-arm-linux-gnueabihf_glibc/usr/include -DINET6=1 -DMAXOCTETS   -c -o chap-md5.o chap-md5.c
arm-linux-gnueabihf-gcc -Os -pipe -Wno-implicit-fallthrough -mfpu=neon -Wno-format-overflow -fno-caller-saves -fno-plt -mfloat-abi=hard  -D_FORTIFY_SOURCE=1 -Wl,-z,now -Wl,-z,relro -ffunction-sections -fdata-sections -flto -I/media/gwind/windcode/openwrt-ssd20x/18.06/staging_dir/target-arm-linux-gnueabihf_glibc/usr/include/openssl -DHAVE_PATHS_H -DHAVE_MMAP -I../include '-DDESTDIR="/usr"' -DCHAPMS=1 -DMPPE=1 -DHAS_SHADOW -DHAVE_CRYPT_H=1 -DHAVE_LOGWTMP=1 -I/opt/ssd20x/gcc-arm-8.2-2018.08-x86_64-arm-linux-gnueabihf/bin/../arm-linux-gnueabihf/libc/usr/include/openssl -DPLUGIN -DPPP_FILTER -DPPP_PRECOMPILED_FILTER -I/media/gwind/windcode/openwrt-ssd20x/18.06/staging_dir/target-arm-linux-gnueabihf_glibc/usr/include -DINET6=1 -DMAXOCTETS   -c -o session.o session.c
arm-linux-gnueabihf-gcc -Os -pipe -Wno-implicit-fallthrough -mfpu=neon -Wno-format-overflow -fno-caller-saves -fno-plt -mfloat-abi=hard  -D_FORTIFY_SOURCE=1 -Wl,-z,now -Wl,-z,relro -ffunction-sections -fdata-sections -flto -I/media/gwind/windcode/openwrt-ssd20x/18.06/staging_dir/target-arm-linux-gnueabihf_glibc/usr/include/openssl -DHAVE_PATHS_H -DHAVE_MMAP -I../include '-DDESTDIR="/usr"' -DCHAPMS=1 -DMPPE=1 -DHAS_SHADOW -DHAVE_CRYPT_H=1 -DHAVE_LOGWTMP=1 -I/opt/ssd20x/gcc-arm-8.2-2018.08-x86_64-arm-linux-gnueabihf/bin/../arm-linux-gnueabihf/libc/usr/include/openssl -DPLUGIN -DPPP_FILTER -DPPP_PRECOMPILED_FILTER -I/media/gwind/windcode/openwrt-ssd20x/18.06/staging_dir/target-arm-linux-gnueabihf_glibc/usr/include -DINET6=1 -DMAXOCTETS   -c -o md4.o md4.c
arm-linux-gnueabihf-gcc -Os -pipe -Wno-implicit-fallthrough -mfpu=neon -Wno-format-overflow -fno-caller-saves -fno-plt -mfloat-abi=hard  -D_FORTIFY_SOURCE=1 -Wl,-z,now -Wl,-z,relro -ffunction-sections -fdata-sections -flto -I/media/gwind/windcode/openwrt-ssd20x/18.06/staging_dir/target-arm-linux-gnueabihf_glibc/usr/include/openssl -DHAVE_PATHS_H -DHAVE_MMAP -I../include '-DDESTDIR="/usr"' -DCHAPMS=1 -DMPPE=1 -DHAS_SHADOW -DHAVE_CRYPT_H=1 -DHAVE_LOGWTMP=1 -I/opt/ssd20x/gcc-arm-8.2-2018.08-x86_64-arm-linux-gnueabihf/bin/../arm-linux-gnueabihf/libc/usr/include/openssl -DPLUGIN -DPPP_FILTER -DPPP_PRECOMPILED_FILTER -I/media/gwind/windcode/openwrt-ssd20x/18.06/staging_dir/target-arm-linux-gnueabihf_glibc/usr/include -DINET6=1 -DMAXOCTETS   -c -o chap_ms.o chap_ms.c
arm-linux-gnueabihf-gcc -Os -pipe -Wno-implicit-fallthrough -mfpu=neon -Wno-format-overflow -fno-caller-saves -fno-plt -mfloat-abi=hard  -D_FORTIFY_SOURCE=1 -Wl,-z,now -Wl,-z,relro -ffunction-sections -fdata-sections -flto -I/media/gwind/windcode/openwrt-ssd20x/18.06/staging_dir/target-arm-linux-gnueabihf_glibc/usr/include/openssl -DHAVE_PATHS_H -DHAVE_MMAP -I../include '-DDESTDIR="/usr"' -DCHAPMS=1 -DMPPE=1 -DHAS_SHADOW -DHAVE_CRYPT_H=1 -DHAVE_LOGWTMP=1 -I/opt/ssd20x/gcc-arm-8.2-2018.08-x86_64-arm-linux-gnueabihf/bin/../arm-linux-gnueabihf/libc/usr/include/openssl -DPLUGIN -DPPP_FILTER -DPPP_PRECOMPILED_FILTER -I/media/gwind/windcode/openwrt-ssd20x/18.06/staging_dir/target-arm-linux-gnueabihf_glibc/usr/include -DINET6=1 -DMAXOCTETS   -c -o sha1.o sha1.c
arm-linux-gnueabihf-gcc -Os -pipe -Wno-implicit-fallthrough -mfpu=neon -Wno-format-overflow -fno-caller-saves -fno-plt -mfloat-abi=hard  -D_FORTIFY_SOURCE=1 -Wl,-z,now -Wl,-z,relro -ffunction-sections -fdata-sections -flto -I/media/gwind/windcode/openwrt-ssd20x/18.06/staging_dir/target-arm-linux-gnueabihf_glibc/usr/include/openssl -DHAVE_PATHS_H -DHAVE_MMAP -I../include '-DDESTDIR="/usr"' -DCHAPMS=1 -DMPPE=1 -DHAS_SHADOW -DHAVE_CRYPT_H=1 -DHAVE_LOGWTMP=1 -I/opt/ssd20x/gcc-arm-8.2-2018.08-x86_64-arm-linux-gnueabihf/bin/../arm-linux-gnueabihf/libc/usr/include/openssl -DPLUGIN -DPPP_FILTER -DPPP_PRECOMPILED_FILTER -I/media/gwind/windcode/openwrt-ssd20x/18.06/staging_dir/target-arm-linux-gnueabihf_glibc/usr/include -DINET6=1 -DMAXOCTETS   -c -o pppcrypt.o pppcrypt.c
arm-linux-gnueabihf-gcc -Os -pipe -Wno-implicit-fallthrough -mfpu=neon -Wno-format-overflow -fno-caller-saves -fno-plt -mfloat-abi=hard  -D_FORTIFY_SOURCE=1 -Wl,-z,now -Wl,-z,relro -ffunction-sections -fdata-sections -flto -I/media/gwind/windcode/openwrt-ssd20x/18.06/staging_dir/target-arm-linux-gnueabihf_glibc/usr/include/openssl -DHAVE_PATHS_H -DHAVE_MMAP -I../include '-DDESTDIR="/usr"' -DCHAPMS=1 -DMPPE=1 -DHAS_SHADOW -DHAVE_CRYPT_H=1 -DHAVE_LOGWTMP=1 -I/opt/ssd20x/gcc-arm-8.2-2018.08-x86_64-arm-linux-gnueabihf/bin/../arm-linux-gnueabihf/libc/usr/include/openssl -DPLUGIN -DPPP_FILTER -DPPP_PRECOMPILED_FILTER -I/media/gwind/windcode/openwrt-ssd20x/18.06/staging_dir/target-arm-linux-gnueabihf_glibc/usr/include -DINET6=1 -DMAXOCTETS   -c -o pcap_pcc.o pcap_pcc.c
arm-linux-gnueabihf-gcc -Os -pipe -Wno-implicit-fallthrough -mfpu=neon -Wno-format-overflow -fno-caller-saves -fno-plt -mfloat-abi=hard  -D_FORTIFY_SOURCE=1 -Wl,-z,now -Wl,-z,relro -ffunction-sections -fdata-sections -flto -I/media/gwind/windcode/openwrt-ssd20x/18.06/staging_dir/target-arm-linux-gnueabihf_glibc/usr/include/openssl -DHAVE_PATHS_H -DHAVE_MMAP -I../include '-DDESTDIR="/usr"' -DCHAPMS=1 -DMPPE=1 -DHAS_SHADOW -DHAVE_CRYPT_H=1 -DHAVE_LOGWTMP=1 -I/opt/ssd20x/gcc-arm-8.2-2018.08-x86_64-arm-linux-gnueabihf/bin/../arm-linux-gnueabihf/libc/usr/include/openssl -DPLUGIN -DPPP_FILTER -DPPP_PRECOMPILED_FILTER -I/media/gwind/windcode/openwrt-ssd20x/18.06/staging_dir/target-arm-linux-gnueabihf_glibc/usr/include -DINET6=1 -DMAXOCTETS   -c -o ipv6cp.o ipv6cp.c
arm-linux-gnueabihf-gcc -Os -pipe -Wno-implicit-fallthrough -mfpu=neon -Wno-format-overflow -fno-caller-saves -fno-plt -mfloat-abi=hard  -D_FORTIFY_SOURCE=1 -Wl,-z,now -Wl,-z,relro -ffunction-sections -fdata-sections -flto -I/media/gwind/windcode/openwrt-ssd20x/18.06/staging_dir/target-arm-linux-gnueabihf_glibc/usr/include/openssl -DHAVE_PATHS_H -DHAVE_MMAP -I../include '-DDESTDIR="/usr"' -DCHAPMS=1 -DMPPE=1 -DHAS_SHADOW -DHAVE_CRYPT_H=1 -DHAVE_LOGWTMP=1 -I/opt/ssd20x/gcc-arm-8.2-2018.08-x86_64-arm-linux-gnueabihf/bin/../arm-linux-gnueabihf/libc/usr/include/openssl -DPLUGIN -DPPP_FILTER -DPPP_PRECOMPILED_FILTER -I/media/gwind/windcode/openwrt-ssd20x/18.06/staging_dir/target-arm-linux-gnueabihf_glibc/usr/include -DINET6=1 -DMAXOCTETS   -c -o eui64.o eui64.c
arm-linux-gnueabihf-gcc -Os -pipe -Wno-implicit-fallthrough -mfpu=neon -Wno-format-overflow -fno-caller-saves -fno-plt -mfloat-abi=hard  -D_FORTIFY_SOURCE=1 -Wl,-z,now -Wl,-z,relro -ffunction-sections -fdata-sections -flto -I/media/gwind/windcode/openwrt-ssd20x/18.06/staging_dir/target-arm-linux-gnueabihf_glibc/usr/include/openssl -DHAVE_PATHS_H -DHAVE_MMAP -I../include '-DDESTDIR="/usr"' -DCHAPMS=1 -DMPPE=1 -DHAS_SHADOW -DHAVE_CRYPT_H=1 -DHAVE_LOGWTMP=1 -I/opt/ssd20x/gcc-arm-8.2-2018.08-x86_64-arm-linux-gnueabihf/bin/../arm-linux-gnueabihf/libc/usr/include/openssl -DPLUGIN -DPPP_FILTER -DPPP_PRECOMPILED_FILTER -I/media/gwind/windcode/openwrt-ssd20x/18.06/staging_dir/target-arm-linux-gnueabihf_glibc/usr/include -DINET6=1 -DMAXOCTETS -L/media/gwind/windcode/openwrt-ssd20x/18.06/staging_dir/target-arm-linux-gnueabihf_glibc/usr/lib -L/media/gwind/windcode/openwrt-ssd20x/18.06/staging_dir/target-arm-linux-gnueabihf_glibc/lib -L/opt/ssd20x/gcc-arm-8.2-2018.08-x86_64-arm-linux-gnueabihf/arm-linux-gnueabihf/libc/usr/lib -L/opt/ssd20x/gcc-arm-8.2-2018.08-x86_64-arm-linux-gnueabihf/arm-linux-gnueabihf/libc/lib -znow -zrelro -Wl,--gc-sections -flto -fuse-linker-plugin  -Wl,-E -o pppd main.o magic.o fsm.o lcp.o ipcp.o upap.o chap-new.o md5.o ccp.o ecp.o auth.o options.o demand.o utils.o sys-linux.o ipxcp.o tty.o eap.o chap-md5.o session.o md4.o chap_ms.o sha1.o pppcrypt.o pcap_pcc.o ipv6cp.o eui64.o -lrt -lcrypt -lutil -lcrypto -ldl /media/gwind/windcode/openwrt-ssd20x/18.06/staging_dir/target-arm-linux-gnueabihf_glibc/usr/lib/libpcap.a
make[5]: Leaving directory '/media/gwind/windcode/openwrt-ssd20x/18.06/build_dir/target-arm-linux-gnueabihf_glibc/linux-sstar_ssd20x/ppp-2.4.8.git-2020-08-07/pppd'
cd pppstats; make -w all
make[5]: Entering directory '/media/gwind/windcode/openwrt-ssd20x/18.06/build_dir/target-arm-linux-gnueabihf_glibc/linux-sstar_ssd20x/ppp-2.4.8.git-2020-08-07/pppstats'
arm-linux-gnueabihf-gcc -Os -pipe -Wno-implicit-fallthrough -mfpu=neon -Wno-format-overflow -fno-caller-saves -fno-plt -mfloat-abi=hard  -D_FORTIFY_SOURCE=1 -Wl,-z,now -Wl,-z,relro -ffunction-sections -fdata-sections -flto -I/media/gwind/windcode/openwrt-ssd20x/18.06/staging_dir/target-arm-linux-gnueabihf_glibc/usr/include/openssl -I../include -L/media/gwind/windcode/openwrt-ssd20x/18.06/staging_dir/target-arm-linux-gnueabihf_glibc/usr/lib -L/media/gwind/windcode/openwrt-ssd20x/18.06/staging_dir/target-arm-linux-gnueabihf_glibc/lib -L/opt/ssd20x/gcc-arm-8.2-2018.08-x86_64-arm-linux-gnueabihf/arm-linux-gnueabihf/libc/usr/lib -L/opt/ssd20x/gcc-arm-8.2-2018.08-x86_64-arm-linux-gnueabihf/arm-linux-gnueabihf/libc/lib -znow -zrelro -Wl,--gc-sections -flto -fuse-linker-plugin  -o pppstats pppstats.c 
make[5]: Leaving directory '/media/gwind/windcode/openwrt-ssd20x/18.06/build_dir/target-arm-linux-gnueabihf_glibc/linux-sstar_ssd20x/ppp-2.4.8.git-2020-08-07/pppstats'
cd pppdump; make -w all
make[5]: Entering directory '/media/gwind/windcode/openwrt-ssd20x/18.06/build_dir/target-arm-linux-gnueabihf_glibc/linux-sstar_ssd20x/ppp-2.4.8.git-2020-08-07/pppdump'
arm-linux-gnueabihf-gcc -Os -pipe -Wno-implicit-fallthrough -mfpu=neon -Wno-format-overflow -fno-caller-saves -fno-plt -mfloat-abi=hard  -D_FORTIFY_SOURCE=1 -Wl,-z,now -Wl,-z,relro -ffunction-sections -fdata-sections -flto -I/media/gwind/windcode/openwrt-ssd20x/18.06/staging_dir/target-arm-linux-gnueabihf_glibc/usr/include/openssl -I../include/net   -c -o pppdump.o pppdump.c
arm-linux-gnueabihf-gcc -Os -pipe -Wno-implicit-fallthrough -mfpu=neon -Wno-format-overflow -fno-caller-saves -fno-plt -mfloat-abi=hard  -D_FORTIFY_SOURCE=1 -Wl,-z,now -Wl,-z,relro -ffunction-sections -fdata-sections -flto -I/media/gwind/windcode/openwrt-ssd20x/18.06/staging_dir/target-arm-linux-gnueabihf_glibc/usr/include/openssl -I../include/net   -c -o bsd-comp.o bsd-comp.c
arm-linux-gnueabihf-gcc -Os -pipe -Wno-implicit-fallthrough -mfpu=neon -Wno-format-overflow -fno-caller-saves -fno-plt -mfloat-abi=hard  -D_FORTIFY_SOURCE=1 -Wl,-z,now -Wl,-z,relro -ffunction-sections -fdata-sections -flto -I/media/gwind/windcode/openwrt-ssd20x/18.06/staging_dir/target-arm-linux-gnueabihf_glibc/usr/include/openssl -I../include/net   -c -o deflate.o deflate.c
arm-linux-gnueabihf-gcc -Os -pipe -Wno-implicit-fallthrough -mfpu=neon -Wno-format-overflow -fno-caller-saves -fno-plt -mfloat-abi=hard  -D_FORTIFY_SOURCE=1 -Wl,-z,now -Wl,-z,relro -ffunction-sections -fdata-sections -flto -I/media/gwind/windcode/openwrt-ssd20x/18.06/staging_dir/target-arm-linux-gnueabihf_glibc/usr/include/openssl -I../include/net   -c -o zlib.o zlib.c
arm-linux-gnueabihf-gcc -L/media/gwind/windcode/openwrt-ssd20x/18.06/staging_dir/target-arm-linux-gnueabihf_glibc/usr/lib -L/media/gwind/windcode/openwrt-ssd20x/18.06/staging_dir/target-arm-linux-gnueabihf_glibc/lib -L/opt/ssd20x/gcc-arm-8.2-2018.08-x86_64-arm-linux-gnueabihf/arm-linux-gnueabihf/libc/usr/lib -L/opt/ssd20x/gcc-arm-8.2-2018.08-x86_64-arm-linux-gnueabihf/arm-linux-gnueabihf/libc/lib -znow -zrelro -Wl,--gc-sections -flto -fuse-linker-plugin  -o pppdump pppdump.o bsd-comp.o deflate.o zlib.o
make[5]: Leaving directory '/media/gwind/windcode/openwrt-ssd20x/18.06/build_dir/target-arm-linux-gnueabihf_glibc/linux-sstar_ssd20x/ppp-2.4.8.git-2020-08-07/pppdump'
make[4]: Leaving directory '/media/gwind/windcode/openwrt-ssd20x/18.06/build_dir/target-arm-linux-gnueabihf_glibc/linux-sstar_ssd20x/ppp-2.4.8.git-2020-08-07'
CFLAGS="-Os -pipe -Wno-implicit-fallthrough -mfpu=neon -Wno-format-overflow -fno-caller-saves -fno-plt -mfloat-abi=hard  -D_FORTIFY_SOURCE=1 -Wl,-z,now -Wl,-z,relro -ffunction-sections -fdata-sections -flto -I/media/gwind/windcode/openwrt-ssd20x/18.06/staging_dir/target-arm-linux-gnueabihf_glibc/usr/include/openssl  -I/media/gwind/windcode/openwrt-ssd20x/18.06/staging_dir/target-arm-linux-gnueabihf_glibc/usr/include -I/media/gwind/windcode/openwrt-ssd20x/18.06/staging_dir/target-arm-linux-gnueabihf_glibc/include " CXXFLAGS="-Os -pipe -Wno-implicit-fallthrough -mfpu=neon -Wno-format-overflow -fno-caller-saves -fno-plt -mfloat-abi=hard  -D_FORTIFY_SOURCE=1 -Wl,-z,now -Wl,-z,relro -ffunction-sections -fdata-sections -flto -I/media/gwind/windcode/openwrt-ssd20x/18.06/staging_dir/target-arm-linux-gnueabihf_glibc/usr/include/openssl  -I/media/gwind/windcode/openwrt-ssd20x/18.06/staging_dir/target-arm-linux-gnueabihf_glibc/usr/include -I/media/gwind/windcode/openwrt-ssd20x/18.06/staging_dir/target-arm-linux-gnueabihf_glibc/include " LDFLAGS="-L/media/gwind/windcode/openwrt-ssd20x/18.06/staging_dir/target-arm-linux-gnueabihf_glibc/usr/lib -L/media/gwind/windcode/openwrt-ssd20x/18.06/staging_dir/target-arm-linux-gnueabihf_glibc/lib -L/opt/ssd20x/gcc-arm-8.2-2018.08-x86_64-arm-linux-gnueabihf/arm-linux-gnueabihf/libc/usr/lib -L/opt/ssd20x/gcc-arm-8.2-2018.08-x86_64-arm-linux-gnueabihf/arm-linux-gnueabihf/libc/lib -znow -zrelro -Wl,--gc-sections -flto -fuse-linker-plugin " make -C /media/gwind/windcode/openwrt-ssd20x/18.06/build_dir/target-arm-linux-gnueabihf_glibc/linux-sstar_ssd20x/ppp-2.4.8.git-2020-08-07/. AR="arm-linux-gnueabihf-ar" AS="arm-linux-gnueabihf-gcc -c -Os -pipe -Wno-implicit-fallthrough -mfpu=neon -Wno-format-overflow -fno-caller-saves -fno-plt -mfloat-abi=hard  -D_FORTIFY_SOURCE=1 -Wl,-z,now -Wl,-z,relro -ffunction-sections -fdata-sections -flto -I/media/gwind/windcode/openwrt-ssd20x/18.06/staging_dir/target-arm-linux-gnueabihf_glibc/usr/include/openssl" LD=arm-linux-gnueabihf-ld NM="arm-linux-gnueabihf-nm" CC="arm-linux-gnueabihf-gcc" GCC="arm-linux-gnueabihf-gcc" CXX="arm-linux-gnueabihf-g++" RANLIB="arm-linux-gnueabihf-ranlib" STRIP=arm-linux-gnueabihf-strip OBJCOPY=arm-linux-gnueabihf-objcopy OBJDUMP=arm-linux-gnueabihf-objdump SIZE=arm-linux-gnueabihf-size CROSS="arm-linux-gnueabihf-" ARCH="arm" COPTS="-Os -pipe -Wno-implicit-fallthrough -mfpu=neon -Wno-format-overflow -fno-caller-saves -fno-plt -mfloat-abi=hard  -D_FORTIFY_SOURCE=1 -Wl,-z,now -Wl,-z,relro -ffunction-sections -fdata-sections -flto -I/media/gwind/windcode/openwrt-ssd20x/18.06/staging_dir/target-arm-linux-gnueabihf_glibc/usr/include/openssl" PRECOMPILED_FILTER=1 STAGING_DIR="/media/gwind/windcode/openwrt-ssd20x/18.06/staging_dir/target-arm-linux-gnueabihf_glibc" HAVE_MULTILINK= DESTDIR="/media/gwind/windcode/openwrt-ssd20x/18.06/build_dir/target-arm-linux-gnueabihf_glibc/linux-sstar_ssd20x/ppp-2.4.8.git-2020-08-07/ipkg-install"  install;
make[4]: Entering directory '/media/gwind/windcode/openwrt-ssd20x/18.06/build_dir/target-arm-linux-gnueabihf_glibc/linux-sstar_ssd20x/ppp-2.4.8.git-2020-08-07'
install -d -m 755 /media/gwind/windcode/openwrt-ssd20x/18.06/build_dir/target-arm-linux-gnueabihf_glibc/linux-sstar_ssd20x/ppp-2.4.8.git-2020-08-07/ipkg-install/sbin
install -d -m 755 /media/gwind/windcode/openwrt-ssd20x/18.06/build_dir/target-arm-linux-gnueabihf_glibc/linux-sstar_ssd20x/ppp-2.4.8.git-2020-08-07/ipkg-install/share/man/man8
cd chat; make -w install
make[5]: Entering directory '/media/gwind/windcode/openwrt-ssd20x/18.06/build_dir/target-arm-linux-gnueabihf_glibc/linux-sstar_ssd20x/ppp-2.4.8.git-2020-08-07/chat'
mkdir -p /media/gwind/windcode/openwrt-ssd20x/18.06/build_dir/target-arm-linux-gnueabihf_glibc/linux-sstar_ssd20x/ppp-2.4.8.git-2020-08-07/ipkg-install/sbin /media/gwind/windcode/openwrt-ssd20x/18.06/build_dir/target-arm-linux-gnueabihf_glibc/linux-sstar_ssd20x/ppp-2.4.8.git-2020-08-07/ipkg-install/share/man/man8
install -c chat /media/gwind/windcode/openwrt-ssd20x/18.06/build_dir/target-arm-linux-gnueabihf_glibc/linux-sstar_ssd20x/ppp-2.4.8.git-2020-08-07/ipkg-install/sbin
install -c -m 644 chat.8 /media/gwind/windcode/openwrt-ssd20x/18.06/build_dir/target-arm-linux-gnueabihf_glibc/linux-sstar_ssd20x/ppp-2.4.8.git-2020-08-07/ipkg-install/share/man/man8
make[5]: Leaving directory '/media/gwind/windcode/openwrt-ssd20x/18.06/build_dir/target-arm-linux-gnueabihf_glibc/linux-sstar_ssd20x/ppp-2.4.8.git-2020-08-07/chat'
cd pppd/plugins; make -w install
make[5]: Entering directory '/media/gwind/windcode/openwrt-ssd20x/18.06/build_dir/target-arm-linux-gnueabihf_glibc/linux-sstar_ssd20x/ppp-2.4.8.git-2020-08-07/pppd/plugins'
install -d /media/gwind/windcode/openwrt-ssd20x/18.06/build_dir/target-arm-linux-gnueabihf_glibc/linux-sstar_ssd20x/ppp-2.4.8.git-2020-08-07/ipkg-install/lib/pppd/2.4.8
install minconn.so passprompt.so passwordfd.so winbind.so /media/gwind/windcode/openwrt-ssd20x/18.06/build_dir/target-arm-linux-gnueabihf_glibc/linux-sstar_ssd20x/ppp-2.4.8.git-2020-08-07/ipkg-install/lib/pppd/2.4.8
for d in rp-pppoe pppoatm pppol2tp pptp radius; do make -w -C $d install || exit $?; done
make[6]: Entering directory '/media/gwind/windcode/openwrt-ssd20x/18.06/build_dir/target-arm-linux-gnueabihf_glibc/linux-sstar_ssd20x/ppp-2.4.8.git-2020-08-07/pppd/plugins/rp-pppoe'
install -d -m 755 /media/gwind/windcode/openwrt-ssd20x/18.06/build_dir/target-arm-linux-gnueabihf_glibc/linux-sstar_ssd20x/ppp-2.4.8.git-2020-08-07/ipkg-install/lib/pppd/2.4.8
install -c -m 4550 rp-pppoe.so /media/gwind/windcode/openwrt-ssd20x/18.06/build_dir/target-arm-linux-gnueabihf_glibc/linux-sstar_ssd20x/ppp-2.4.8.git-2020-08-07/ipkg-install/lib/pppd/2.4.8
install -d -m 755 /media/gwind/windcode/openwrt-ssd20x/18.06/build_dir/target-arm-linux-gnueabihf_glibc/linux-sstar_ssd20x/ppp-2.4.8.git-2020-08-07/ipkg-install/sbin
install -c -m 555 pppoe-discovery /media/gwind/windcode/openwrt-ssd20x/18.06/build_dir/target-arm-linux-gnueabihf_glibc/linux-sstar_ssd20x/ppp-2.4.8.git-2020-08-07/ipkg-install/sbin
make[6]: Leaving directory '/media/gwind/windcode/openwrt-ssd20x/18.06/build_dir/target-arm-linux-gnueabihf_glibc/linux-sstar_ssd20x/ppp-2.4.8.git-2020-08-07/pppd/plugins/rp-pppoe'
make[6]: Entering directory '/media/gwind/windcode/openwrt-ssd20x/18.06/build_dir/target-arm-linux-gnueabihf_glibc/linux-sstar_ssd20x/ppp-2.4.8.git-2020-08-07/pppd/plugins/pppoatm'
install -d -m 755 /media/gwind/windcode/openwrt-ssd20x/18.06/build_dir/target-arm-linux-gnueabihf_glibc/linux-sstar_ssd20x/ppp-2.4.8.git-2020-08-07/ipkg-install/lib/pppd/2.4.8
install -c -m 4550 pppoatm.so /media/gwind/windcode/openwrt-ssd20x/18.06/build_dir/target-arm-linux-gnueabihf_glibc/linux-sstar_ssd20x/ppp-2.4.8.git-2020-08-07/ipkg-install/lib/pppd/2.4.8
make[6]: Leaving directory '/media/gwind/windcode/openwrt-ssd20x/18.06/build_dir/target-arm-linux-gnueabihf_glibc/linux-sstar_ssd20x/ppp-2.4.8.git-2020-08-07/pppd/plugins/pppoatm'
make[6]: Entering directory '/media/gwind/windcode/openwrt-ssd20x/18.06/build_dir/target-arm-linux-gnueabihf_glibc/linux-sstar_ssd20x/ppp-2.4.8.git-2020-08-07/pppd/plugins/pppol2tp'
install -d -m 755 /media/gwind/windcode/openwrt-ssd20x/18.06/build_dir/target-arm-linux-gnueabihf_glibc/linux-sstar_ssd20x/ppp-2.4.8.git-2020-08-07/ipkg-install/lib/pppd/2.4.8
install -c -m 755 pppol2tp.so openl2tp.so /media/gwind/windcode/openwrt-ssd20x/18.06/build_dir/target-arm-linux-gnueabihf_glibc/linux-sstar_ssd20x/ppp-2.4.8.git-2020-08-07/ipkg-install/lib/pppd/2.4.8
make[6]: Leaving directory '/media/gwind/windcode/openwrt-ssd20x/18.06/build_dir/target-arm-linux-gnueabihf_glibc/linux-sstar_ssd20x/ppp-2.4.8.git-2020-08-07/pppd/plugins/pppol2tp'
make[6]: Entering directory '/media/gwind/windcode/openwrt-ssd20x/18.06/build_dir/target-arm-linux-gnueabihf_glibc/linux-sstar_ssd20x/ppp-2.4.8.git-2020-08-07/pppd/plugins/pptp'
install -d -m 755 /media/gwind/windcode/openwrt-ssd20x/18.06/build_dir/target-arm-linux-gnueabihf_glibc/linux-sstar_ssd20x/ppp-2.4.8.git-2020-08-07/ipkg-install/lib/pppd/2.4.8
install -c -m 4550 pptp.so /media/gwind/windcode/openwrt-ssd20x/18.06/build_dir/target-arm-linux-gnueabihf_glibc/linux-sstar_ssd20x/ppp-2.4.8.git-2020-08-07/ipkg-install/lib/pppd/2.4.8
make[6]: Leaving directory '/media/gwind/windcode/openwrt-ssd20x/18.06/build_dir/target-arm-linux-gnueabihf_glibc/linux-sstar_ssd20x/ppp-2.4.8.git-2020-08-07/pppd/plugins/pptp'
make[6]: Entering directory '/media/gwind/windcode/openwrt-ssd20x/18.06/build_dir/target-arm-linux-gnueabihf_glibc/linux-sstar_ssd20x/ppp-2.4.8.git-2020-08-07/pppd/plugins/radius'
install -d -m 755 /media/gwind/windcode/openwrt-ssd20x/18.06/build_dir/target-arm-linux-gnueabihf_glibc/linux-sstar_ssd20x/ppp-2.4.8.git-2020-08-07/ipkg-install/lib/pppd/2.4.8
install -c -m 755 radius.so /media/gwind/windcode/openwrt-ssd20x/18.06/build_dir/target-arm-linux-gnueabihf_glibc/linux-sstar_ssd20x/ppp-2.4.8.git-2020-08-07/ipkg-install/lib/pppd/2.4.8
install -c -m 755 radattr.so /media/gwind/windcode/openwrt-ssd20x/18.06/build_dir/target-arm-linux-gnueabihf_glibc/linux-sstar_ssd20x/ppp-2.4.8.git-2020-08-07/ipkg-install/lib/pppd/2.4.8
install -c -m 755 radrealms.so /media/gwind/windcode/openwrt-ssd20x/18.06/build_dir/target-arm-linux-gnueabihf_glibc/linux-sstar_ssd20x/ppp-2.4.8.git-2020-08-07/ipkg-install/lib/pppd/2.4.8
install -c -m 444 pppd-radius.8 /media/gwind/windcode/openwrt-ssd20x/18.06/build_dir/target-arm-linux-gnueabihf_glibc/linux-sstar_ssd20x/ppp-2.4.8.git-2020-08-07/ipkg-install/share/man/man8
install -c -m 444 pppd-radattr.8 /media/gwind/windcode/openwrt-ssd20x/18.06/build_dir/target-arm-linux-gnueabihf_glibc/linux-sstar_ssd20x/ppp-2.4.8.git-2020-08-07/ipkg-install/share/man/man8
make[6]: Leaving directory '/media/gwind/windcode/openwrt-ssd20x/18.06/build_dir/target-arm-linux-gnueabihf_glibc/linux-sstar_ssd20x/ppp-2.4.8.git-2020-08-07/pppd/plugins/radius'
make[5]: Leaving directory '/media/gwind/windcode/openwrt-ssd20x/18.06/build_dir/target-arm-linux-gnueabihf_glibc/linux-sstar_ssd20x/ppp-2.4.8.git-2020-08-07/pppd/plugins'
cd pppd; make -w install
make[5]: Entering directory '/media/gwind/windcode/openwrt-ssd20x/18.06/build_dir/target-arm-linux-gnueabihf_glibc/linux-sstar_ssd20x/ppp-2.4.8.git-2020-08-07/pppd'
mkdir -p /media/gwind/windcode/openwrt-ssd20x/18.06/build_dir/target-arm-linux-gnueabihf_glibc/linux-sstar_ssd20x/ppp-2.4.8.git-2020-08-07/ipkg-install/sbin /media/gwind/windcode/openwrt-ssd20x/18.06/build_dir/target-arm-linux-gnueabihf_glibc/linux-sstar_ssd20x/ppp-2.4.8.git-2020-08-07/ipkg-install/share/man/man8
install -c -m 555 pppd /media/gwind/windcode/openwrt-ssd20x/18.06/build_dir/target-arm-linux-gnueabihf_glibc/linux-sstar_ssd20x/ppp-2.4.8.git-2020-08-07/ipkg-install/sbin/pppd
if chgrp pppusers /media/gwind/windcode/openwrt-ssd20x/18.06/build_dir/target-arm-linux-gnueabihf_glibc/linux-sstar_ssd20x/ppp-2.4.8.git-2020-08-07/ipkg-install/sbin/pppd 2>/dev/null; then \
  chmod o-rx,u+s /media/gwind/windcode/openwrt-ssd20x/18.06/build_dir/target-arm-linux-gnueabihf_glibc/linux-sstar_ssd20x/ppp-2.4.8.git-2020-08-07/ipkg-install/sbin/pppd; fi
install -c -m 444 pppd.8 /media/gwind/windcode/openwrt-ssd20x/18.06/build_dir/target-arm-linux-gnueabihf_glibc/linux-sstar_ssd20x/ppp-2.4.8.git-2020-08-07/ipkg-install/share/man/man8
make[5]: Leaving directory '/media/gwind/windcode/openwrt-ssd20x/18.06/build_dir/target-arm-linux-gnueabihf_glibc/linux-sstar_ssd20x/ppp-2.4.8.git-2020-08-07/pppd'
cd pppstats; make -w install
make[5]: Entering directory '/media/gwind/windcode/openwrt-ssd20x/18.06/build_dir/target-arm-linux-gnueabihf_glibc/linux-sstar_ssd20x/ppp-2.4.8.git-2020-08-07/pppstats'
mkdir -p /media/gwind/windcode/openwrt-ssd20x/18.06/build_dir/target-arm-linux-gnueabihf_glibc/linux-sstar_ssd20x/ppp-2.4.8.git-2020-08-07/ipkg-install/share/man/man8
install -c pppstats /media/gwind/windcode/openwrt-ssd20x/18.06/build_dir/target-arm-linux-gnueabihf_glibc/linux-sstar_ssd20x/ppp-2.4.8.git-2020-08-07/ipkg-install/sbin
install -c -m 444 pppstats.8 /media/gwind/windcode/openwrt-ssd20x/18.06/build_dir/target-arm-linux-gnueabihf_glibc/linux-sstar_ssd20x/ppp-2.4.8.git-2020-08-07/ipkg-install/share/man/man8
make[5]: Leaving directory '/media/gwind/windcode/openwrt-ssd20x/18.06/build_dir/target-arm-linux-gnueabihf_glibc/linux-sstar_ssd20x/ppp-2.4.8.git-2020-08-07/pppstats'
cd pppdump; make -w install
make[5]: Entering directory '/media/gwind/windcode/openwrt-ssd20x/18.06/build_dir/target-arm-linux-gnueabihf_glibc/linux-sstar_ssd20x/ppp-2.4.8.git-2020-08-07/pppdump'
mkdir -p /media/gwind/windcode/openwrt-ssd20x/18.06/build_dir/target-arm-linux-gnueabihf_glibc/linux-sstar_ssd20x/ppp-2.4.8.git-2020-08-07/ipkg-install/sbin /media/gwind/windcode/openwrt-ssd20x/18.06/build_dir/target-arm-linux-gnueabihf_glibc/linux-sstar_ssd20x/ppp-2.4.8.git-2020-08-07/ipkg-install/share/man/man8
install -c pppdump /media/gwind/windcode/openwrt-ssd20x/18.06/build_dir/target-arm-linux-gnueabihf_glibc/linux-sstar_ssd20x/ppp-2.4.8.git-2020-08-07/ipkg-install/sbin
install -c -m 444 pppdump.8 /media/gwind/windcode/openwrt-ssd20x/18.06/build_dir/target-arm-linux-gnueabihf_glibc/linux-sstar_ssd20x/ppp-2.4.8.git-2020-08-07/ipkg-install/share/man/man8
make[5]: Leaving directory '/media/gwind/windcode/openwrt-ssd20x/18.06/build_dir/target-arm-linux-gnueabihf_glibc/linux-sstar_ssd20x/ppp-2.4.8.git-2020-08-07/pppdump'
cd pppd; make -w install-devel
make[5]: Entering directory '/media/gwind/windcode/openwrt-ssd20x/18.06/build_dir/target-arm-linux-gnueabihf_glibc/linux-sstar_ssd20x/ppp-2.4.8.git-2020-08-07/pppd'
mkdir -p /media/gwind/windcode/openwrt-ssd20x/18.06/build_dir/target-arm-linux-gnueabihf_glibc/linux-sstar_ssd20x/ppp-2.4.8.git-2020-08-07/ipkg-install/include/pppd
install -c -m 644 ccp.h session.h chap-new.h ecp.h fsm.h ipcp.h ipxcp.h lcp.h magic.h md5.h patchlevel.h pathnames.h pppd.h upap.h eap.h md4.h chap_ms.h mppe.h sha1.h pppcrypt.h pcap_pcc.h ipv6cp.h eui64.h /media/gwind/windcode/openwrt-ssd20x/18.06/build_dir/target-arm-linux-gnueabihf_glibc/linux-sstar_ssd20x/ppp-2.4.8.git-2020-08-07/ipkg-install/include/pppd
make[5]: Leaving directory '/media/gwind/windcode/openwrt-ssd20x/18.06/build_dir/target-arm-linux-gnueabihf_glibc/linux-sstar_ssd20x/ppp-2.4.8.git-2020-08-07/pppd'
make[4]: Leaving directory '/media/gwind/windcode/openwrt-ssd20x/18.06/build_dir/target-arm-linux-gnueabihf_glibc/linux-sstar_ssd20x/ppp-2.4.8.git-2020-08-07'
touch /media/gwind/windcode/openwrt-ssd20x/18.06/build_dir/target-arm-linux-gnueabihf_glibc/linux-sstar_ssd20x/ppp-2.4.8.git-2020-08-07/.built
rm -rf /media/gwind/windcode/openwrt-ssd20x/18.06/build_dir/target-arm-linux-gnueabihf_glibc/linux-sstar_ssd20x/ppp-2.4.8.git-2020-08-07/.pkgdir/ppp.installed /media/gwind/windcode/openwrt-ssd20x/18.06/build_dir/target-arm-linux-gnueabihf_glibc/linux-sstar_ssd20x/ppp-2.4.8.git-2020-08-07/.pkgdir/ppp
mkdir -p /media/gwind/windcode/openwrt-ssd20x/18.06/build_dir/target-arm-linux-gnueabihf_glibc/linux-sstar_ssd20x/ppp-2.4.8.git-2020-08-07/.pkgdir/ppp
install -d -m0755 /media/gwind/windcode/openwrt-ssd20x/18.06/build_dir/target-arm-linux-gnueabihf_glibc/linux-sstar_ssd20x/ppp-2.4.8.git-2020-08-07/.pkgdir/ppp/usr/lib/pppd/2.4.8
install -d -m0755 /media/gwind/windcode/openwrt-ssd20x/18.06/build_dir/target-arm-linux-gnueabihf_glibc/linux-sstar_ssd20x/ppp-2.4.8.git-2020-08-07/.pkgdir/ppp/usr/sbin
install -m0755 /media/gwind/windcode/openwrt-ssd20x/18.06/build_dir/target-arm-linux-gnueabihf_glibc/linux-sstar_ssd20x/ppp-2.4.8.git-2020-08-07/ipkg-install/sbin/pppd /media/gwind/windcode/openwrt-ssd20x/18.06/build_dir/target-arm-linux-gnueabihf_glibc/linux-sstar_ssd20x/ppp-2.4.8.git-2020-08-07/.pkgdir/ppp/usr/sbin/
install -d -m0755 /media/gwind/windcode/openwrt-ssd20x/18.06/build_dir/target-arm-linux-gnueabihf_glibc/linux-sstar_ssd20x/ppp-2.4.8.git-2020-08-07/.pkgdir/ppp/etc/ppp
install -m0600 ./files/etc/ppp/chap-secrets /media/gwind/windcode/openwrt-ssd20x/18.06/build_dir/target-arm-linux-gnueabihf_glibc/linux-sstar_ssd20x/ppp-2.4.8.git-2020-08-07/.pkgdir/ppp/etc/ppp/
install -m0644 ./files/etc/ppp/filter /media/gwind/windcode/openwrt-ssd20x/18.06/build_dir/target-arm-linux-gnueabihf_glibc/linux-sstar_ssd20x/ppp-2.4.8.git-2020-08-07/.pkgdir/ppp/etc/ppp/
install -m0644 ./files/etc/ppp/options /media/gwind/windcode/openwrt-ssd20x/18.06/build_dir/target-arm-linux-gnueabihf_glibc/linux-sstar_ssd20x/ppp-2.4.8.git-2020-08-07/.pkgdir/ppp/etc/ppp/
ln -sf /tmp/resolv.conf.ppp /media/gwind/windcode/openwrt-ssd20x/18.06/build_dir/target-arm-linux-gnueabihf_glibc/linux-sstar_ssd20x/ppp-2.4.8.git-2020-08-07/.pkgdir/ppp/etc/ppp/resolv.conf
install -d -m0755 /media/gwind/windcode/openwrt-ssd20x/18.06/build_dir/target-arm-linux-gnueabihf_glibc/linux-sstar_ssd20x/ppp-2.4.8.git-2020-08-07/.pkgdir/ppp/lib/netifd/proto
install -m0755 ./files/ppp.sh /media/gwind/windcode/openwrt-ssd20x/18.06/build_dir/target-arm-linux-gnueabihf_glibc/linux-sstar_ssd20x/ppp-2.4.8.git-2020-08-07/.pkgdir/ppp/lib/netifd/proto/
install -m0755 ./files/lib/netifd/ppp-up /media/gwind/windcode/openwrt-ssd20x/18.06/build_dir/target-arm-linux-gnueabihf_glibc/linux-sstar_ssd20x/ppp-2.4.8.git-2020-08-07/.pkgdir/ppp/lib/netifd/
install -m0755 ./files/lib/netifd/ppp6-up /media/gwind/windcode/openwrt-ssd20x/18.06/build_dir/target-arm-linux-gnueabihf_glibc/linux-sstar_ssd20x/ppp-2.4.8.git-2020-08-07/.pkgdir/ppp/lib/netifd/
install -m0755 ./files/lib/netifd/ppp-down /media/gwind/windcode/openwrt-ssd20x/18.06/build_dir/target-arm-linux-gnueabihf_glibc/linux-sstar_ssd20x/ppp-2.4.8.git-2020-08-07/.pkgdir/ppp/lib/netifd/
touch /media/gwind/windcode/openwrt-ssd20x/18.06/build_dir/target-arm-linux-gnueabihf_glibc/linux-sstar_ssd20x/ppp-2.4.8.git-2020-08-07/.pkgdir/ppp.installed
mkdir -p /media/gwind/windcode/openwrt-ssd20x/18.06/staging_dir/target-arm-linux-gnueabihf_glibc/root-sstar/stamp
SHELL= flock /media/gwind/windcode/openwrt-ssd20x/18.06/tmp/.root-copy.flock -c 'cp -fpR /media/gwind/windcode/openwrt-ssd20x/18.06/build_dir/target-arm-linux-gnueabihf_glibc/linux-sstar_ssd20x/ppp-2.4.8.git-2020-08-07/.pkgdir/ppp/. /media/gwind/windcode/openwrt-ssd20x/18.06/staging_dir/target-arm-linux-gnueabihf_glibc/root-sstar/'
touch /media/gwind/windcode/openwrt-ssd20x/18.06/staging_dir/target-arm-linux-gnueabihf_glibc/root-sstar/stamp/.ppp_installed
mkdir -p /media/gwind/windcode/openwrt-ssd20x/18.06/bin/targets/sstar/ssd20x/packages /media/gwind/windcode/openwrt-ssd20x/18.06/build_dir/target-arm-linux-gnueabihf_glibc/linux-sstar_ssd20x/ppp-2.4.8.git-2020-08-07/ipkg-arm_cortex-a7_neon/ppp/CONTROL /media/gwind/windcode/openwrt-ssd20x/18.06/staging_dir/target-arm-linux-gnueabihf_glibc/pkginfo
install -d -m0755 /media/gwind/windcode/openwrt-ssd20x/18.06/build_dir/target-arm-linux-gnueabihf_glibc/linux-sstar_ssd20x/ppp-2.4.8.git-2020-08-07/ipkg-arm_cortex-a7_neon/ppp/usr/lib/pppd/2.4.8
install -d -m0755 /media/gwind/windcode/openwrt-ssd20x/18.06/build_dir/target-arm-linux-gnueabihf_glibc/linux-sstar_ssd20x/ppp-2.4.8.git-2020-08-07/ipkg-arm_cortex-a7_neon/ppp/usr/sbin
install -m0755 /media/gwind/windcode/openwrt-ssd20x/18.06/build_dir/target-arm-linux-gnueabihf_glibc/linux-sstar_ssd20x/ppp-2.4.8.git-2020-08-07/ipkg-install/sbin/pppd /media/gwind/windcode/openwrt-ssd20x/18.06/build_dir/target-arm-linux-gnueabihf_glibc/linux-sstar_ssd20x/ppp-2.4.8.git-2020-08-07/ipkg-arm_cortex-a7_neon/ppp/usr/sbin/
install -d -m0755 /media/gwind/windcode/openwrt-ssd20x/18.06/build_dir/target-arm-linux-gnueabihf_glibc/linux-sstar_ssd20x/ppp-2.4.8.git-2020-08-07/ipkg-arm_cortex-a7_neon/ppp/etc/ppp
install -m0600 ./files/etc/ppp/chap-secrets /media/gwind/windcode/openwrt-ssd20x/18.06/build_dir/target-arm-linux-gnueabihf_glibc/linux-sstar_ssd20x/ppp-2.4.8.git-2020-08-07/ipkg-arm_cortex-a7_neon/ppp/etc/ppp/
install -m0644 ./files/etc/ppp/filter /media/gwind/windcode/openwrt-ssd20x/18.06/build_dir/target-arm-linux-gnueabihf_glibc/linux-sstar_ssd20x/ppp-2.4.8.git-2020-08-07/ipkg-arm_cortex-a7_neon/ppp/etc/ppp/
install -m0644 ./files/etc/ppp/options /media/gwind/windcode/openwrt-ssd20x/18.06/build_dir/target-arm-linux-gnueabihf_glibc/linux-sstar_ssd20x/ppp-2.4.8.git-2020-08-07/ipkg-arm_cortex-a7_neon/ppp/etc/ppp/
ln -sf /tmp/resolv.conf.ppp /media/gwind/windcode/openwrt-ssd20x/18.06/build_dir/target-arm-linux-gnueabihf_glibc/linux-sstar_ssd20x/ppp-2.4.8.git-2020-08-07/ipkg-arm_cortex-a7_neon/ppp/etc/ppp/resolv.conf
install -d -m0755 /media/gwind/windcode/openwrt-ssd20x/18.06/build_dir/target-arm-linux-gnueabihf_glibc/linux-sstar_ssd20x/ppp-2.4.8.git-2020-08-07/ipkg-arm_cortex-a7_neon/ppp/lib/netifd/proto
install -m0755 ./files/ppp.sh /media/gwind/windcode/openwrt-ssd20x/18.06/build_dir/target-arm-linux-gnueabihf_glibc/linux-sstar_ssd20x/ppp-2.4.8.git-2020-08-07/ipkg-arm_cortex-a7_neon/ppp/lib/netifd/proto/
install -m0755 ./files/lib/netifd/ppp-up /media/gwind/windcode/openwrt-ssd20x/18.06/build_dir/target-arm-linux-gnueabihf_glibc/linux-sstar_ssd20x/ppp-2.4.8.git-2020-08-07/ipkg-arm_cortex-a7_neon/ppp/lib/netifd/
install -m0755 ./files/lib/netifd/ppp6-up /media/gwind/windcode/openwrt-ssd20x/18.06/build_dir/target-arm-linux-gnueabihf_glibc/linux-sstar_ssd20x/ppp-2.4.8.git-2020-08-07/ipkg-arm_cortex-a7_neon/ppp/lib/netifd/
install -m0755 ./files/lib/netifd/ppp-down /media/gwind/windcode/openwrt-ssd20x/18.06/build_dir/target-arm-linux-gnueabihf_glibc/linux-sstar_ssd20x/ppp-2.4.8.git-2020-08-07/ipkg-arm_cortex-a7_neon/ppp/lib/netifd/
find /media/gwind/windcode/openwrt-ssd20x/18.06/build_dir/target-arm-linux-gnueabihf_glibc/linux-sstar_ssd20x/ppp-2.4.8.git-2020-08-07/ipkg-arm_cortex-a7_neon/ppp -name 'CVS' -o -name '.svn' -o -name '.#*' -o -name '*~'| xargs -r rm -rf
export CROSS="arm-linux-gnueabihf-"  NO_RENAME=1 ; NM="arm-linux-gnueabihf-nm" STRIP="arm-linux-gnueabihf-strip --strip-all" STRIP_KMOD="/media/gwind/windcode/openwrt-ssd20x/18.06/scripts/strip-kmod.sh" PATCHELF="/media/gwind/windcode/openwrt-ssd20x/18.06/staging_dir/host/bin/patchelf" /media/gwind/windcode/openwrt-ssd20x/18.06/scripts/rstrip.sh /media/gwind/windcode/openwrt-ssd20x/18.06/build_dir/target-arm-linux-gnueabihf_glibc/linux-sstar_ssd20x/ppp-2.4.8.git-2020-08-07/ipkg-arm_cortex-a7_neon/ppp
rstrip.sh: /media/gwind/windcode/openwrt-ssd20x/18.06/build_dir/target-arm-linux-gnueabihf_glibc/linux-sstar_ssd20x/ppp-2.4.8.git-2020-08-07/ipkg-arm_cortex-a7_neon/ppp/usr/sbin/pppd: executable
(cd /media/gwind/windcode/openwrt-ssd20x/18.06/build_dir/target-arm-linux-gnueabihf_glibc/linux-sstar_ssd20x/ppp-2.4.8.git-2020-08-07/ipkg-arm_cortex-a7_neon/ppp/CONTROL; ( echo "$CONTROL"; printf "Description: "; echo "$DESCRIPTION" | sed -e 's,^[[:space:]]*, ,g'; ) > control; chmod 644 control; ( echo "#!/bin/sh"; echo "[ \"\${IPKG_NO_SCRIPT}\" = \"1\" ] && exit 0"; echo "[ -x "\${IPKG_INSTROOT}/lib/functions.sh" ] || exit 0"; echo ". \${IPKG_INSTROOT}/lib/functions.sh"; echo "default_postinst \$0 \$@"; ) > postinst; ( echo "#!/bin/sh"; echo "[ -x "\${IPKG_INSTROOT}/lib/functions.sh" ] || exit 0"; echo ". \${IPKG_INSTROOT}/lib/functions.sh"; echo "default_prerm \$0 \$@"; ) > prerm; chmod 0755 postinst prerm; echo "$V_Package_ppp_conffiles" > conffiles;  )
install -d -m0755 /media/gwind/windcode/openwrt-ssd20x/18.06/bin/packages/arm_cortex-a7_neon/base
/media/gwind/windcode/openwrt-ssd20x/18.06/scripts/ipkg-build -c -o 0 -g 0 /media/gwind/windcode/openwrt-ssd20x/18.06/build_dir/target-arm-linux-gnueabihf_glibc/linux-sstar_ssd20x/ppp-2.4.8.git-2020-08-07/ipkg-arm_cortex-a7_neon/ppp /media/gwind/windcode/openwrt-ssd20x/18.06/bin/packages/arm_cortex-a7_neon/base
Packaged contents of /media/gwind/windcode/openwrt-ssd20x/18.06/build_dir/target-arm-linux-gnueabihf_glibc/linux-sstar_ssd20x/ppp-2.4.8.git-2020-08-07/ipkg-arm_cortex-a7_neon/ppp into /media/gwind/windcode/openwrt-ssd20x/18.06/bin/packages/arm_cortex-a7_neon/base/ppp_2.4.8.git-2020-08-07-2_arm_cortex-a7_neon.ipk
mkdir -p /media/gwind/windcode/openwrt-ssd20x/18.06/bin/targets/sstar/ssd20x/packages /media/gwind/windcode/openwrt-ssd20x/18.06/build_dir/target-arm-linux-gnueabihf_glibc/linux-sstar_ssd20x/ppp-2.4.8.git-2020-08-07/ipkg-arm_cortex-a7_neon/chat/CONTROL /media/gwind/windcode/openwrt-ssd20x/18.06/staging_dir/target-arm-linux-gnueabihf_glibc/pkginfo
install -d -m0755 /media/gwind/windcode/openwrt-ssd20x/18.06/build_dir/target-arm-linux-gnueabihf_glibc/linux-sstar_ssd20x/ppp-2.4.8.git-2020-08-07/ipkg-arm_cortex-a7_neon/chat/usr/sbin
install -m0755 /media/gwind/windcode/openwrt-ssd20x/18.06/build_dir/target-arm-linux-gnueabihf_glibc/linux-sstar_ssd20x/ppp-2.4.8.git-2020-08-07/ipkg-install/sbin/chat /media/gwind/windcode/openwrt-ssd20x/18.06/build_dir/target-arm-linux-gnueabihf_glibc/linux-sstar_ssd20x/ppp-2.4.8.git-2020-08-07/ipkg-arm_cortex-a7_neon/chat/usr/sbin/
find /media/gwind/windcode/openwrt-ssd20x/18.06/build_dir/target-arm-linux-gnueabihf_glibc/linux-sstar_ssd20x/ppp-2.4.8.git-2020-08-07/ipkg-arm_cortex-a7_neon/chat -name 'CVS' -o -name '.svn' -o -name '.#*' -o -name '*~'| xargs -r rm -rf
export CROSS="arm-linux-gnueabihf-"  NO_RENAME=1 ; NM="arm-linux-gnueabihf-nm" STRIP="arm-linux-gnueabihf-strip --strip-all" STRIP_KMOD="/media/gwind/windcode/openwrt-ssd20x/18.06/scripts/strip-kmod.sh" PATCHELF="/media/gwind/windcode/openwrt-ssd20x/18.06/staging_dir/host/bin/patchelf" /media/gwind/windcode/openwrt-ssd20x/18.06/scripts/rstrip.sh /media/gwind/windcode/openwrt-ssd20x/18.06/build_dir/target-arm-linux-gnueabihf_glibc/linux-sstar_ssd20x/ppp-2.4.8.git-2020-08-07/ipkg-arm_cortex-a7_neon/chat
rstrip.sh: /media/gwind/windcode/openwrt-ssd20x/18.06/build_dir/target-arm-linux-gnueabihf_glibc/linux-sstar_ssd20x/ppp-2.4.8.git-2020-08-07/ipkg-arm_cortex-a7_neon/chat/usr/sbin/chat: executable
(cd /media/gwind/windcode/openwrt-ssd20x/18.06/build_dir/target-arm-linux-gnueabihf_glibc/linux-sstar_ssd20x/ppp-2.4.8.git-2020-08-07/ipkg-arm_cortex-a7_neon/chat/CONTROL; ( echo "$CONTROL"; printf "Description: "; echo "$DESCRIPTION" | sed -e 's,^[[:space:]]*, ,g'; ) > control; chmod 644 control; ( echo "#!/bin/sh"; echo "[ \"\${IPKG_NO_SCRIPT}\" = \"1\" ] && exit 0"; echo "[ -x "\${IPKG_INSTROOT}/lib/functions.sh" ] || exit 0"; echo ". \${IPKG_INSTROOT}/lib/functions.sh"; echo "default_postinst \$0 \$@"; ) > postinst; ( echo "#!/bin/sh"; echo "[ -x "\${IPKG_INSTROOT}/lib/functions.sh" ] || exit 0"; echo ". \${IPKG_INSTROOT}/lib/functions.sh"; echo "default_prerm \$0 \$@"; ) > prerm; chmod 0755 postinst prerm;  )
install -d -m0755 /media/gwind/windcode/openwrt-ssd20x/18.06/bin/packages/arm_cortex-a7_neon/base
/media/gwind/windcode/openwrt-ssd20x/18.06/scripts/ipkg-build -c -o 0 -g 0 /media/gwind/windcode/openwrt-ssd20x/18.06/build_dir/target-arm-linux-gnueabihf_glibc/linux-sstar_ssd20x/ppp-2.4.8.git-2020-08-07/ipkg-arm_cortex-a7_neon/chat /media/gwind/windcode/openwrt-ssd20x/18.06/bin/packages/arm_cortex-a7_neon/base
Packaged contents of /media/gwind/windcode/openwrt-ssd20x/18.06/build_dir/target-arm-linux-gnueabihf_glibc/linux-sstar_ssd20x/ppp-2.4.8.git-2020-08-07/ipkg-arm_cortex-a7_neon/chat into /media/gwind/windcode/openwrt-ssd20x/18.06/bin/packages/arm_cortex-a7_neon/base/chat_2.4.8.git-2020-08-07-2_arm_cortex-a7_neon.ipk
echo "ppp" >> /media/gwind/windcode/openwrt-ssd20x/18.06/staging_dir/target-arm-linux-gnueabihf_glibc/pkginfo/ppp.default.install
rm -rf /media/gwind/windcode/openwrt-ssd20x/18.06/tmp/stage-ppp
mkdir -p /media/gwind/windcode/openwrt-ssd20x/18.06/tmp/stage-ppp/host /media/gwind/windcode/openwrt-ssd20x/18.06/staging_dir/target-arm-linux-gnueabihf_glibc/packages /media/gwind/windcode/openwrt-ssd20x/18.06/staging_dir/host/packages
install -d -m0755 /media/gwind/windcode/openwrt-ssd20x/18.06/tmp/stage-ppp/usr/include
cp -fpR /media/gwind/windcode/openwrt-ssd20x/18.06/build_dir/target-arm-linux-gnueabihf_glibc/linux-sstar_ssd20x/ppp-2.4.8.git-2020-08-07/ipkg-install/include/pppd /media/gwind/windcode/openwrt-ssd20x/18.06/tmp/stage-ppp/usr/include/
find /media/gwind/windcode/openwrt-ssd20x/18.06/tmp/stage-ppp -name '*.la' | xargs -r rm -f; 
if [ -f /media/gwind/windcode/openwrt-ssd20x/18.06/staging_dir/target-arm-linux-gnueabihf_glibc/packages/ppp.default.list ]; then /media/gwind/windcode/openwrt-ssd20x/18.06/scripts/clean-package.sh "/media/gwind/windcode/openwrt-ssd20x/18.06/staging_dir/target-arm-linux-gnueabihf_glibc/packages/ppp.default.list" "/media/gwind/windcode/openwrt-ssd20x/18.06/staging_dir/target-arm-linux-gnueabihf_glibc"; fi
if [ -d /media/gwind/windcode/openwrt-ssd20x/18.06/tmp/stage-ppp ]; then (cd /media/gwind/windcode/openwrt-ssd20x/18.06/tmp/stage-ppp; find ./ > /media/gwind/windcode/openwrt-ssd20x/18.06/tmp/stage-ppp.files); 	SHELL= flock /media/gwind/windcode/openwrt-ssd20x/18.06/tmp/.staging-dir.flock -c ' mv /media/gwind/windcode/openwrt-ssd20x/18.06/tmp/stage-ppp.files /media/gwind/windcode/openwrt-ssd20x/18.06/staging_dir/target-arm-linux-gnueabihf_glibc/packages/ppp.default.list && cp -fpR /media/gwind/windcode/openwrt-ssd20x/18.06/tmp/stage-ppp/* /media/gwind/windcode/openwrt-ssd20x/18.06/staging_dir/target-arm-linux-gnueabihf_glibc/; '; fi
rm -rf /media/gwind/windcode/openwrt-ssd20x/18.06/tmp/stage-ppp
touch /media/gwind/windcode/openwrt-ssd20x/18.06/staging_dir/target-arm-linux-gnueabihf_glibc/stamp/.ppp.default_installed
rm -rf /media/gwind/windcode/openwrt-ssd20x/18.06/build_dir/target-arm-linux-gnueabihf_glibc/linux-sstar_ssd20x/ppp-2.4.8.git-2020-08-07/.pkgdir/chat.installed /media/gwind/windcode/openwrt-ssd20x/18.06/build_dir/target-arm-linux-gnueabihf_glibc/linux-sstar_ssd20x/ppp-2.4.8.git-2020-08-07/.pkgdir/chat
mkdir -p /media/gwind/windcode/openwrt-ssd20x/18.06/build_dir/target-arm-linux-gnueabihf_glibc/linux-sstar_ssd20x/ppp-2.4.8.git-2020-08-07/.pkgdir/chat
install -d -m0755 /media/gwind/windcode/openwrt-ssd20x/18.06/build_dir/target-arm-linux-gnueabihf_glibc/linux-sstar_ssd20x/ppp-2.4.8.git-2020-08-07/.pkgdir/chat/usr/sbin
install -m0755 /media/gwind/windcode/openwrt-ssd20x/18.06/build_dir/target-arm-linux-gnueabihf_glibc/linux-sstar_ssd20x/ppp-2.4.8.git-2020-08-07/ipkg-install/sbin/chat /media/gwind/windcode/openwrt-ssd20x/18.06/build_dir/target-arm-linux-gnueabihf_glibc/linux-sstar_ssd20x/ppp-2.4.8.git-2020-08-07/.pkgdir/chat/usr/sbin/
touch /media/gwind/windcode/openwrt-ssd20x/18.06/build_dir/target-arm-linux-gnueabihf_glibc/linux-sstar_ssd20x/ppp-2.4.8.git-2020-08-07/.pkgdir/chat.installed
mkdir -p /media/gwind/windcode/openwrt-ssd20x/18.06/staging_dir/target-arm-linux-gnueabihf_glibc/root-sstar/stamp
SHELL= flock /media/gwind/windcode/openwrt-ssd20x/18.06/tmp/.root-copy.flock -c 'cp -fpR /media/gwind/windcode/openwrt-ssd20x/18.06/build_dir/target-arm-linux-gnueabihf_glibc/linux-sstar_ssd20x/ppp-2.4.8.git-2020-08-07/.pkgdir/chat/. /media/gwind/windcode/openwrt-ssd20x/18.06/staging_dir/target-arm-linux-gnueabihf_glibc/root-sstar/'
touch /media/gwind/windcode/openwrt-ssd20x/18.06/staging_dir/target-arm-linux-gnueabihf_glibc/root-sstar/stamp/.chat_installed
echo "chat" >> /media/gwind/windcode/openwrt-ssd20x/18.06/staging_dir/target-arm-linux-gnueabihf_glibc/pkginfo/ppp.default.install
make[3]: Leaving directory '/media/gwind/windcode/openwrt-ssd20x/18.06/package/network/services/ppp'
make[3]: Entering directory '/media/gwind/windcode/openwrt-ssd20x/18.06/package/network/utils/wwan'
make[3]: Nothing to be done for 'compile'.
make[3]: Leaving directory '/media/gwind/windcode/openwrt-ssd20x/18.06/package/network/utils/wwan'
make[3]: Entering directory '/media/gwind/windcode/openwrt-ssd20x/18.06/package/network/utils/comgt'
mkdir -p /media/gwind/windcode/openwrt-ssd20x/18.06/staging_dir/target-arm-linux-gnueabihf_glibc/root-sstar/stamp
SHELL= flock /media/gwind/windcode/openwrt-ssd20x/18.06/tmp/.root-copy.flock -c 'cp -fpR /media/gwind/windcode/openwrt-ssd20x/18.06/build_dir/target-arm-linux-gnueabihf_glibc/comgt.0.32/.pkgdir/comgt/. /media/gwind/windcode/openwrt-ssd20x/18.06/staging_dir/target-arm-linux-gnueabihf_glibc/root-sstar/'
touch /media/gwind/windcode/openwrt-ssd20x/18.06/staging_dir/target-arm-linux-gnueabihf_glibc/root-sstar/stamp/.comgt_installed
echo "comgt" >> /media/gwind/windcode/openwrt-ssd20x/18.06/staging_dir/target-arm-linux-gnueabihf_glibc/pkginfo/comgt.default.install
make[3]: Leaving directory '/media/gwind/windcode/openwrt-ssd20x/18.06/package/network/utils/comgt'
make[3]: Entering directory '/media/gwind/windcode/openwrt-ssd20x/18.06/package/system/ca-certificates'
mkdir -p /media/gwind/windcode/openwrt-ssd20x/18.06/staging_dir/target-arm-linux-gnueabihf_glibc/root-sstar/stamp
SHELL= flock /media/gwind/windcode/openwrt-ssd20x/18.06/tmp/.root-copy.flock -c 'cp -fpR /media/gwind/windcode/openwrt-ssd20x/18.06/build_dir/target-arm-linux-gnueabihf_glibc/work/.pkgdir/ca-bundle/. /media/gwind/windcode/openwrt-ssd20x/18.06/staging_dir/target-arm-linux-gnueabihf_glibc/root-sstar/'
touch /media/gwind/windcode/openwrt-ssd20x/18.06/staging_dir/target-arm-linux-gnueabihf_glibc/root-sstar/stamp/.ca-bundle_installed
echo "ca-bundle" >> /media/gwind/windcode/openwrt-ssd20x/18.06/staging_dir/target-arm-linux-gnueabihf_glibc/pkginfo/ca-certificates.default.install
make[3]: Leaving directory '/media/gwind/windcode/openwrt-ssd20x/18.06/package/system/ca-certificates'
make[3]: Entering directory '/media/gwind/windcode/openwrt-ssd20x/18.06/package/network/utils/curl'
mkdir -p /media/gwind/windcode/openwrt-ssd20x/18.06/staging_dir/target-arm-linux-gnueabihf_glibc/root-sstar/stamp
SHELL= flock /media/gwind/windcode/openwrt-ssd20x/18.06/tmp/.root-copy.flock -c 'cp -fpR /media/gwind/windcode/openwrt-ssd20x/18.06/build_dir/target-arm-linux-gnueabihf_glibc/curl-7.60.0/.pkgdir/curl/. /media/gwind/windcode/openwrt-ssd20x/18.06/staging_dir/target-arm-linux-gnueabihf_glibc/root-sstar/'
touch /media/gwind/windcode/openwrt-ssd20x/18.06/staging_dir/target-arm-linux-gnueabihf_glibc/root-sstar/stamp/.curl_installed
echo "curl" >> /media/gwind/windcode/openwrt-ssd20x/18.06/staging_dir/target-arm-linux-gnueabihf_glibc/pkginfo/curl.default.install
mkdir -p /media/gwind/windcode/openwrt-ssd20x/18.06/staging_dir/target-arm-linux-gnueabihf_glibc/root-sstar/stamp
SHELL= flock /media/gwind/windcode/openwrt-ssd20x/18.06/tmp/.root-copy.flock -c 'cp -fpR /media/gwind/windcode/openwrt-ssd20x/18.06/build_dir/target-arm-linux-gnueabihf_glibc/curl-7.60.0/.pkgdir/libcurl/. /media/gwind/windcode/openwrt-ssd20x/18.06/staging_dir/target-arm-linux-gnueabihf_glibc/root-sstar/'
touch /media/gwind/windcode/openwrt-ssd20x/18.06/staging_dir/target-arm-linux-gnueabihf_glibc/root-sstar/stamp/.libcurl_installed
echo "libcurl" >> /media/gwind/windcode/openwrt-ssd20x/18.06/staging_dir/target-arm-linux-gnueabihf_glibc/pkginfo/curl.default.install
make[3]: Leaving directory '/media/gwind/windcode/openwrt-ssd20x/18.06/package/network/utils/curl'
make[3]: Entering directory '/media/gwind/windcode/openwrt-ssd20x/18.06/package/network/utils/wireless-tools'
mkdir -p /media/gwind/windcode/openwrt-ssd20x/18.06/staging_dir/target-arm-linux-gnueabihf_glibc/root-sstar/stamp
SHELL= flock /media/gwind/windcode/openwrt-ssd20x/18.06/tmp/.root-copy.flock -c 'cp -fpR /media/gwind/windcode/openwrt-ssd20x/18.06/build_dir/target-arm-linux-gnueabihf_glibc/wireless_tools.29/.pkgdir/wireless-tools/. /media/gwind/windcode/openwrt-ssd20x/18.06/staging_dir/target-arm-linux-gnueabihf_glibc/root-sstar/'
touch /media/gwind/windcode/openwrt-ssd20x/18.06/staging_dir/target-arm-linux-gnueabihf_glibc/root-sstar/stamp/.wireless-tools_installed
echo "wireless-tools" >> /media/gwind/windcode/openwrt-ssd20x/18.06/staging_dir/target-arm-linux-gnueabihf_glibc/pkginfo/wireless-tools.default.install
make[3]: Leaving directory '/media/gwind/windcode/openwrt-ssd20x/18.06/package/network/utils/wireless-tools'
make[3]: Entering directory '/media/gwind/windcode/openwrt-ssd20x/18.06/package/sigmastar/sstar-mpp'
touch /media/gwind/windcode/openwrt-ssd20x/18.06/build_dir/target-arm-linux-gnueabihf_glibc/linux-sstar_ssd20x/sstar-mpp/.prepared_896fe29b93cb60dc3866a0f8f4838d4b_6664517399ebbbc92a37c5bb081b5c53_check
touch /media/gwind/windcode/openwrt-ssd20x/18.06/build_dir/target-arm-linux-gnueabihf_glibc/linux-sstar_ssd20x/sstar-mpp/.prepared_896fe29b93cb60dc3866a0f8f4838d4b_6664517399ebbbc92a37c5bb081b5c53
rm -f /media/gwind/windcode/openwrt-ssd20x/18.06/build_dir/target-arm-linux-gnueabihf_glibc/linux-sstar_ssd20x/sstar-mpp/.configured_*
rm -f /media/gwind/windcode/openwrt-ssd20x/18.06/staging_dir/target-arm-linux-gnueabihf_glibc/stamp/.sstar-mpp_installed
touch /media/gwind/windcode/openwrt-ssd20x/18.06/build_dir/target-arm-linux-gnueabihf_glibc/linux-sstar_ssd20x/sstar-mpp/.configured_68b329da9893e34099c7d8ad5cb9c940
rm -f /media/gwind/windcode/openwrt-ssd20x/18.06/build_dir/target-arm-linux-gnueabihf_glibc/linux-sstar_ssd20x/sstar-mpp/.built
touch /media/gwind/windcode/openwrt-ssd20x/18.06/build_dir/target-arm-linux-gnueabihf_glibc/linux-sstar_ssd20x/sstar-mpp/.built_check
touch /media/gwind/windcode/openwrt-ssd20x/18.06/build_dir/target-arm-linux-gnueabihf_glibc/linux-sstar_ssd20x/sstar-mpp/.built
rm -rf /media/gwind/windcode/openwrt-ssd20x/18.06/build_dir/target-arm-linux-gnueabihf_glibc/linux-sstar_ssd20x/sstar-mpp/.pkgdir/sstar-mpp-lib.installed /media/gwind/windcode/openwrt-ssd20x/18.06/build_dir/target-arm-linux-gnueabihf_glibc/linux-sstar_ssd20x/sstar-mpp/.pkgdir/sstar-mpp-lib
mkdir -p /media/gwind/windcode/openwrt-ssd20x/18.06/build_dir/target-arm-linux-gnueabihf_glibc/linux-sstar_ssd20x/sstar-mpp/.pkgdir/sstar-mpp-lib
install -d -m0755 /media/gwind/windcode/openwrt-ssd20x/18.06/build_dir/target-arm-linux-gnueabihf_glibc/linux-sstar_ssd20x/sstar-mpp/.pkgdir/sstar-mpp-lib/usr/lib
cp -fpR ./files/glibc/mi_libs/dynamic/*.so /media/gwind/windcode/openwrt-ssd20x/18.06/build_dir/target-arm-linux-gnueabihf_glibc/linux-sstar_ssd20x/sstar-mpp/.pkgdir/sstar-mpp-lib/usr/lib/
cp -fpR ./files/glibc/ex_libs/dynamic/*.so /media/gwind/windcode/openwrt-ssd20x/18.06/build_dir/target-arm-linux-gnueabihf_glibc/linux-sstar_ssd20x/sstar-mpp/.pkgdir/sstar-mpp-lib/usr/lib/
touch /media/gwind/windcode/openwrt-ssd20x/18.06/build_dir/target-arm-linux-gnueabihf_glibc/linux-sstar_ssd20x/sstar-mpp/.pkgdir/sstar-mpp-lib.installed
mkdir -p /media/gwind/windcode/openwrt-ssd20x/18.06/staging_dir/target-arm-linux-gnueabihf_glibc/root-sstar/stamp
SHELL= flock /media/gwind/windcode/openwrt-ssd20x/18.06/tmp/.root-copy.flock -c 'cp -fpR /media/gwind/windcode/openwrt-ssd20x/18.06/build_dir/target-arm-linux-gnueabihf_glibc/linux-sstar_ssd20x/sstar-mpp/.pkgdir/sstar-mpp-lib/. /media/gwind/windcode/openwrt-ssd20x/18.06/staging_dir/target-arm-linux-gnueabihf_glibc/root-sstar/'
touch /media/gwind/windcode/openwrt-ssd20x/18.06/staging_dir/target-arm-linux-gnueabihf_glibc/root-sstar/stamp/.sstar-mpp-lib_installed
mkdir -p /media/gwind/windcode/openwrt-ssd20x/18.06/bin/targets/sstar/ssd20x/packages /media/gwind/windcode/openwrt-ssd20x/18.06/build_dir/target-arm-linux-gnueabihf_glibc/linux-sstar_ssd20x/sstar-mpp/ipkg-arm_cortex-a7_neon/sstar-mpp-lib/CONTROL /media/gwind/windcode/openwrt-ssd20x/18.06/staging_dir/target-arm-linux-gnueabihf_glibc/pkginfo
install -d -m0755 /media/gwind/windcode/openwrt-ssd20x/18.06/build_dir/target-arm-linux-gnueabihf_glibc/linux-sstar_ssd20x/sstar-mpp/ipkg-arm_cortex-a7_neon/sstar-mpp-lib/usr/lib
cp -fpR ./files/glibc/mi_libs/dynamic/*.so /media/gwind/windcode/openwrt-ssd20x/18.06/build_dir/target-arm-linux-gnueabihf_glibc/linux-sstar_ssd20x/sstar-mpp/ipkg-arm_cortex-a7_neon/sstar-mpp-lib/usr/lib/
cp -fpR ./files/glibc/ex_libs/dynamic/*.so /media/gwind/windcode/openwrt-ssd20x/18.06/build_dir/target-arm-linux-gnueabihf_glibc/linux-sstar_ssd20x/sstar-mpp/ipkg-arm_cortex-a7_neon/sstar-mpp-lib/usr/lib/
find /media/gwind/windcode/openwrt-ssd20x/18.06/build_dir/target-arm-linux-gnueabihf_glibc/linux-sstar_ssd20x/sstar-mpp/ipkg-arm_cortex-a7_neon/sstar-mpp-lib -name 'CVS' -o -name '.svn' -o -name '.#*' -o -name '*~'| xargs -r rm -rf
export CROSS="arm-linux-gnueabihf-"  NO_RENAME=1 ; NM="arm-linux-gnueabihf-nm" STRIP="arm-linux-gnueabihf-strip --strip-all" STRIP_KMOD="/media/gwind/windcode/openwrt-ssd20x/18.06/scripts/strip-kmod.sh" PATCHELF="/media/gwind/windcode/openwrt-ssd20x/18.06/staging_dir/host/bin/patchelf" /media/gwind/windcode/openwrt-ssd20x/18.06/scripts/rstrip.sh /media/gwind/windcode/openwrt-ssd20x/18.06/build_dir/target-arm-linux-gnueabihf_glibc/linux-sstar_ssd20x/sstar-mpp/ipkg-arm_cortex-a7_neon/sstar-mpp-lib
rstrip.sh: /media/gwind/windcode/openwrt-ssd20x/18.06/build_dir/target-arm-linux-gnueabihf_glibc/linux-sstar_ssd20x/sstar-mpp/ipkg-arm_cortex-a7_neon/sstar-mpp-lib/usr/lib/libmi_ipu.so: shared object
rstrip.sh: /media/gwind/windcode/openwrt-ssd20x/18.06/build_dir/target-arm-linux-gnueabihf_glibc/linux-sstar_ssd20x/sstar-mpp/ipkg-arm_cortex-a7_neon/sstar-mpp-lib/usr/lib/libAPC_LINUX.so: shared object
rstrip.sh: /media/gwind/windcode/openwrt-ssd20x/18.06/build_dir/target-arm-linux-gnueabihf_glibc/linux-sstar_ssd20x/sstar-mpp/ipkg-arm_cortex-a7_neon/sstar-mpp-lib/usr/lib/libmi_panel.so: shared object
rstrip.sh: /media/gwind/windcode/openwrt-ssd20x/18.06/build_dir/target-arm-linux-gnueabihf_glibc/linux-sstar_ssd20x/sstar-mpp/ipkg-arm_cortex-a7_neon/sstar-mpp-lib/usr/lib/libmi_wlan.so: shared object
rstrip.sh: /media/gwind/windcode/openwrt-ssd20x/18.06/build_dir/target-arm-linux-gnueabihf_glibc/linux-sstar_ssd20x/sstar-mpp/ipkg-arm_cortex-a7_neon/sstar-mpp-lib/usr/lib/libcjson.so: shared object
rstrip.sh: /media/gwind/windcode/openwrt-ssd20x/18.06/build_dir/target-arm-linux-gnueabihf_glibc/linux-sstar_ssd20x/sstar-mpp/ipkg-arm_cortex-a7_neon/sstar-mpp-lib/usr/lib/libmi_common.so: shared object
rstrip.sh: /media/gwind/windcode/openwrt-ssd20x/18.06/build_dir/target-arm-linux-gnueabihf_glibc/linux-sstar_ssd20x/sstar-mpp/ipkg-arm_cortex-a7_neon/sstar-mpp-lib/usr/lib/libBF_LINUX.so: shared object
rstrip.sh: /media/gwind/windcode/openwrt-ssd20x/18.06/build_dir/target-arm-linux-gnueabihf_glibc/linux-sstar_ssd20x/sstar-mpp/ipkg-arm_cortex-a7_neon/sstar-mpp-lib/usr/lib/libSSL_LINUX.so: shared object
rstrip.sh: /media/gwind/windcode/openwrt-ssd20x/18.06/build_dir/target-arm-linux-gnueabihf_glibc/linux-sstar_ssd20x/sstar-mpp/ipkg-arm_cortex-a7_neon/sstar-mpp-lib/usr/lib/libmi_disp.so: shared object
rstrip.sh: /media/gwind/windcode/openwrt-ssd20x/18.06/build_dir/target-arm-linux-gnueabihf_glibc/linux-sstar_ssd20x/sstar-mpp/ipkg-arm_cortex-a7_neon/sstar-mpp-lib/usr/lib/libcam_os_wrapper.so: shared object
rstrip.sh: /media/gwind/windcode/openwrt-ssd20x/18.06/build_dir/target-arm-linux-gnueabihf_glibc/linux-sstar_ssd20x/sstar-mpp/ipkg-arm_cortex-a7_neon/sstar-mpp-lib/usr/lib/libmi_sys.so: shared object
rstrip.sh: /media/gwind/windcode/openwrt-ssd20x/18.06/build_dir/target-arm-linux-gnueabihf_glibc/linux-sstar_ssd20x/sstar-mpp/ipkg-arm_cortex-a7_neon/sstar-mpp-lib/usr/lib/libcam_fs_wrapper.so: shared object
rstrip.sh: /media/gwind/windcode/openwrt-ssd20x/18.06/build_dir/target-arm-linux-gnueabihf_glibc/linux-sstar_ssd20x/sstar-mpp/ipkg-arm_cortex-a7_neon/sstar-mpp-lib/usr/lib/libmi_gfx.so: shared object
rstrip.sh: /media/gwind/windcode/openwrt-ssd20x/18.06/build_dir/target-arm-linux-gnueabihf_glibc/linux-sstar_ssd20x/sstar-mpp/ipkg-arm_cortex-a7_neon/sstar-mpp-lib/usr/lib/libmi_sed.so: shared object
rstrip.sh: /media/gwind/windcode/openwrt-ssd20x/18.06/build_dir/target-arm-linux-gnueabihf_glibc/linux-sstar_ssd20x/sstar-mpp/ipkg-arm_cortex-a7_neon/sstar-mpp-lib/usr/lib/libmi_ai.so: shared object
rstrip.sh: /media/gwind/windcode/openwrt-ssd20x/18.06/build_dir/target-arm-linux-gnueabihf_glibc/linux-sstar_ssd20x/sstar-mpp/ipkg-arm_cortex-a7_neon/sstar-mpp-lib/usr/lib/libSRC_LINUX.so: shared object
rstrip.sh: /media/gwind/windcode/openwrt-ssd20x/18.06/build_dir/target-arm-linux-gnueabihf_glibc/linux-sstar_ssd20x/sstar-mpp/ipkg-arm_cortex-a7_neon/sstar-mpp-lib/usr/lib/libmi_venc.so: shared object
rstrip.sh: /media/gwind/windcode/openwrt-ssd20x/18.06/build_dir/target-arm-linux-gnueabihf_glibc/linux-sstar_ssd20x/sstar-mpp/ipkg-arm_cortex-a7_neon/sstar-mpp-lib/usr/lib/libmi_ao.so: shared object
rstrip.sh: /media/gwind/windcode/openwrt-ssd20x/18.06/build_dir/target-arm-linux-gnueabihf_glibc/linux-sstar_ssd20x/sstar-mpp/ipkg-arm_cortex-a7_neon/sstar-mpp-lib/usr/lib/libmi_divp.so: shared object
rstrip.sh: /media/gwind/windcode/openwrt-ssd20x/18.06/build_dir/target-arm-linux-gnueabihf_glibc/linux-sstar_ssd20x/sstar-mpp/ipkg-arm_cortex-a7_neon/sstar-mpp-lib/usr/lib/libAED_LINUX.so: shared object
rstrip.sh: /media/gwind/windcode/openwrt-ssd20x/18.06/build_dir/target-arm-linux-gnueabihf_glibc/linux-sstar_ssd20x/sstar-mpp/ipkg-arm_cortex-a7_neon/sstar-mpp-lib/usr/lib/libmi_vdec.so: shared object
rstrip.sh: /media/gwind/windcode/openwrt-ssd20x/18.06/build_dir/target-arm-linux-gnueabihf_glibc/linux-sstar_ssd20x/sstar-mpp/ipkg-arm_cortex-a7_neon/sstar-mpp-lib/usr/lib/libAEC_LINUX.so: shared object
rstrip.sh: /media/gwind/windcode/openwrt-ssd20x/18.06/build_dir/target-arm-linux-gnueabihf_glibc/linux-sstar_ssd20x/sstar-mpp/ipkg-arm_cortex-a7_neon/sstar-mpp-lib/usr/lib/libg711.so: shared object
rstrip.sh: /media/gwind/windcode/openwrt-ssd20x/18.06/build_dir/target-arm-linux-gnueabihf_glibc/linux-sstar_ssd20x/sstar-mpp/ipkg-arm_cortex-a7_neon/sstar-mpp-lib/usr/lib/libg726.so: shared object
(cd /media/gwind/windcode/openwrt-ssd20x/18.06/build_dir/target-arm-linux-gnueabihf_glibc/linux-sstar_ssd20x/sstar-mpp/ipkg-arm_cortex-a7_neon/sstar-mpp-lib/CONTROL; ( echo "$CONTROL"; printf "Description: "; echo "$DESCRIPTION" | sed -e 's,^[[:space:]]*, ,g'; ) > control; chmod 644 control; ( echo "#!/bin/sh"; echo "[ \"\${IPKG_NO_SCRIPT}\" = \"1\" ] && exit 0"; echo "[ -x "\${IPKG_INSTROOT}/lib/functions.sh" ] || exit 0"; echo ". \${IPKG_INSTROOT}/lib/functions.sh"; echo "default_postinst \$0 \$@"; ) > postinst; ( echo "#!/bin/sh"; echo "[ -x "\${IPKG_INSTROOT}/lib/functions.sh" ] || exit 0"; echo ". \${IPKG_INSTROOT}/lib/functions.sh"; echo "default_prerm \$0 \$@"; ) > prerm; chmod 0755 postinst prerm;  )
install -d -m0755 /media/gwind/windcode/openwrt-ssd20x/18.06/bin/packages/arm_cortex-a7_neon/base
/media/gwind/windcode/openwrt-ssd20x/18.06/scripts/ipkg-build -c -o 0 -g 0 /media/gwind/windcode/openwrt-ssd20x/18.06/build_dir/target-arm-linux-gnueabihf_glibc/linux-sstar_ssd20x/sstar-mpp/ipkg-arm_cortex-a7_neon/sstar-mpp-lib /media/gwind/windcode/openwrt-ssd20x/18.06/bin/packages/arm_cortex-a7_neon/base
Packaged contents of /media/gwind/windcode/openwrt-ssd20x/18.06/build_dir/target-arm-linux-gnueabihf_glibc/linux-sstar_ssd20x/sstar-mpp/ipkg-arm_cortex-a7_neon/sstar-mpp-lib into /media/gwind/windcode/openwrt-ssd20x/18.06/bin/packages/arm_cortex-a7_neon/base/sstar-mpp-lib_1_arm_cortex-a7_neon.ipk
echo "sstar-mpp-lib" >> /media/gwind/windcode/openwrt-ssd20x/18.06/staging_dir/target-arm-linux-gnueabihf_glibc/pkginfo/sstar-mpp.default.install
rm -rf /media/gwind/windcode/openwrt-ssd20x/18.06/tmp/stage-sstar-mpp
mkdir -p /media/gwind/windcode/openwrt-ssd20x/18.06/tmp/stage-sstar-mpp/host /media/gwind/windcode/openwrt-ssd20x/18.06/staging_dir/target-arm-linux-gnueabihf_glibc/packages /media/gwind/windcode/openwrt-ssd20x/18.06/staging_dir/host/packages
install -d -m0755 /media/gwind/windcode/openwrt-ssd20x/18.06/tmp/stage-sstar-mpp/usr/include/ssd201mpp /media/gwind/windcode/openwrt-ssd20x/18.06/tmp/stage-sstar-mpp/usr/lib
cp -fpR ./files/glibc/include/* /media/gwind/windcode/openwrt-ssd20x/18.06/tmp/stage-sstar-mpp/usr/include/ssd201mpp/
cp -fpR ./files/glibc/mi_libs/dynamic/*.so /media/gwind/windcode/openwrt-ssd20x/18.06/tmp/stage-sstar-mpp/usr/lib/
cp -fpR ./files/glibc/ex_libs/dynamic/*.so /media/gwind/windcode/openwrt-ssd20x/18.06/tmp/stage-sstar-mpp/usr/lib/
find /media/gwind/windcode/openwrt-ssd20x/18.06/tmp/stage-sstar-mpp -name '*.la' | xargs -r rm -f; 
if [ -f /media/gwind/windcode/openwrt-ssd20x/18.06/staging_dir/target-arm-linux-gnueabihf_glibc/packages/sstar-mpp.list ]; then /media/gwind/windcode/openwrt-ssd20x/18.06/scripts/clean-package.sh "/media/gwind/windcode/openwrt-ssd20x/18.06/staging_dir/target-arm-linux-gnueabihf_glibc/packages/sstar-mpp.list" "/media/gwind/windcode/openwrt-ssd20x/18.06/staging_dir/target-arm-linux-gnueabihf_glibc"; fi
if [ -d /media/gwind/windcode/openwrt-ssd20x/18.06/tmp/stage-sstar-mpp ]; then (cd /media/gwind/windcode/openwrt-ssd20x/18.06/tmp/stage-sstar-mpp; find ./ > /media/gwind/windcode/openwrt-ssd20x/18.06/tmp/stage-sstar-mpp.files); 	SHELL= flock /media/gwind/windcode/openwrt-ssd20x/18.06/tmp/.staging-dir.flock -c ' mv /media/gwind/windcode/openwrt-ssd20x/18.06/tmp/stage-sstar-mpp.files /media/gwind/windcode/openwrt-ssd20x/18.06/staging_dir/target-arm-linux-gnueabihf_glibc/packages/sstar-mpp.list && cp -fpR /media/gwind/windcode/openwrt-ssd20x/18.06/tmp/stage-sstar-mpp/* /media/gwind/windcode/openwrt-ssd20x/18.06/staging_dir/target-arm-linux-gnueabihf_glibc/; '; fi
rm -rf /media/gwind/windcode/openwrt-ssd20x/18.06/tmp/stage-sstar-mpp
touch /media/gwind/windcode/openwrt-ssd20x/18.06/staging_dir/target-arm-linux-gnueabihf_glibc/stamp/.sstar-mpp_installed
make[3]: Leaving directory '/media/gwind/windcode/openwrt-ssd20x/18.06/package/sigmastar/sstar-mpp'
make[3]: Entering directory '/media/gwind/windcode/openwrt-ssd20x/18.06/package/sigmastar/uboot-sstar'
mkdir -p /media/gwind/windcode/openwrt-ssd20x/18.06/staging_dir/target-arm-linux-gnueabihf_glibc/root-sstar/stamp
SHELL= flock /media/gwind/windcode/openwrt-ssd20x/18.06/tmp/.root-copy.flock -c 'cp -fpR /media/gwind/windcode/openwrt-ssd20x/18.06/build_dir/target-arm-linux-gnueabihf_glibc/uboot-sstar/WT2022/.pkgdir/uboot-nand-sstar-WT2022/. /media/gwind/windcode/openwrt-ssd20x/18.06/staging_dir/target-arm-linux-gnueabihf_glibc/root-sstar/'
touch /media/gwind/windcode/openwrt-ssd20x/18.06/staging_dir/target-arm-linux-gnueabihf_glibc/root-sstar/stamp/.uboot-nand-sstar-WT2022_installed
echo "uboot-nand-sstar-WT2022" >> /media/gwind/windcode/openwrt-ssd20x/18.06/staging_dir/target-arm-linux-gnueabihf_glibc/pkginfo/uboot-sstar.WT2022.install
make[3]: Leaving directory '/media/gwind/windcode/openwrt-ssd20x/18.06/package/sigmastar/uboot-sstar'
make[3]: Entering directory '/media/gwind/windcode/openwrt-ssd20x/18.06/package/system/mtd'
touch /media/gwind/windcode/openwrt-ssd20x/18.06/build_dir/target-arm-linux-gnueabihf_glibc/linux-sstar_ssd20x/mtd/.prepared_c509c882b282bbae61495696375e8936_6664517399ebbbc92a37c5bb081b5c53_check
true
[ ! -d ./src/ ] || cp -fpR ./src/. /media/gwind/windcode/openwrt-ssd20x/18.06/build_dir/target-arm-linux-gnueabihf_glibc/linux-sstar_ssd20x/mtd
touch /media/gwind/windcode/openwrt-ssd20x/18.06/build_dir/target-arm-linux-gnueabihf_glibc/linux-sstar_ssd20x/mtd/.prepared_c509c882b282bbae61495696375e8936_6664517399ebbbc92a37c5bb081b5c53
rm -f /media/gwind/windcode/openwrt-ssd20x/18.06/build_dir/target-arm-linux-gnueabihf_glibc/linux-sstar_ssd20x/mtd/.configured_*
rm -f /media/gwind/windcode/openwrt-ssd20x/18.06/staging_dir/target-arm-linux-gnueabihf_glibc/stamp/.mtd_installed
(cd /media/gwind/windcode/openwrt-ssd20x/18.06/build_dir/target-arm-linux-gnueabihf_glibc/linux-sstar_ssd20x/mtd/./; if [ -x ./configure ]; then find /media/gwind/windcode/openwrt-ssd20x/18.06/build_dir/target-arm-linux-gnueabihf_glibc/linux-sstar_ssd20x/mtd/ -name config.guess | xargs -r chmod u+w; find /media/gwind/windcode/openwrt-ssd20x/18.06/build_dir/target-arm-linux-gnueabihf_glibc/linux-sstar_ssd20x/mtd/ -name config.guess | xargs -r -n1 cp --remove-destination /media/gwind/windcode/openwrt-ssd20x/18.06/scripts/config.guess; find /media/gwind/windcode/openwrt-ssd20x/18.06/build_dir/target-arm-linux-gnueabihf_glibc/linux-sstar_ssd20x/mtd/ -name config.sub | xargs -r chmod u+w; find /media/gwind/windcode/openwrt-ssd20x/18.06/build_dir/target-arm-linux-gnueabihf_glibc/linux-sstar_ssd20x/mtd/ -name config.sub | xargs -r -n1 cp --remove-destination /media/gwind/windcode/openwrt-ssd20x/18.06/scripts/config.sub; AR="arm-linux-gnueabihf-ar" AS="arm-linux-gnueabihf-gcc -c -Os -pipe -Wno-implicit-fallthrough -mfpu=neon -Wno-format-overflow -fno-caller-saves -fno-plt -mfloat-abi=hard  -D_FORTIFY_SOURCE=1 -Wl,-z,now -Wl,-z,relro -Dtarget_sstar=1 -Wall" LD=arm-linux-gnueabihf-ld NM="arm-linux-gnueabihf-nm" CC="arm-linux-gnueabihf-gcc" GCC="arm-linux-gnueabihf-gcc" CXX="arm-linux-gnueabihf-g++" RANLIB="arm-linux-gnueabihf-ranlib" STRIP=arm-linux-gnueabihf-strip OBJCOPY=arm-linux-gnueabihf-objcopy OBJDUMP=arm-linux-gnueabihf-objdump SIZE=arm-linux-gnueabihf-size CFLAGS="-Os -pipe -Wno-implicit-fallthrough -mfpu=neon -Wno-format-overflow -fno-caller-saves -fno-plt -mfloat-abi=hard  -D_FORTIFY_SOURCE=1 -Wl,-z,now -Wl,-z,relro -Dtarget_sstar=1 -Wall " CXXFLAGS="-Os -pipe -Wno-implicit-fallthrough -mfpu=neon -Wno-format-overflow -fno-caller-saves -fno-plt -mfloat-abi=hard  -D_FORTIFY_SOURCE=1 -Wl,-z,now -Wl,-z,relro -Dtarget_sstar=1 -Wall " CPPFLAGS="-I/media/gwind/windcode/openwrt-ssd20x/18.06/staging_dir/target-arm-linux-gnueabihf_glibc/usr/include -I/media/gwind/windcode/openwrt-ssd20x/18.06/staging_dir/target-arm-linux-gnueabihf_glibc/include " LDFLAGS="-L/media/gwind/windcode/openwrt-ssd20x/18.06/staging_dir/target-arm-linux-gnueabihf_glibc/usr/lib -L/media/gwind/windcode/openwrt-ssd20x/18.06/staging_dir/target-arm-linux-gnueabihf_glibc/lib -L/opt/ssd20x/gcc-arm-8.2-2018.08-x86_64-arm-linux-gnueabihf/arm-linux-gnueabihf/libc/usr/lib -L/opt/ssd20x/gcc-arm-8.2-2018.08-x86_64-arm-linux-gnueabihf/arm-linux-gnueabihf/libc/lib -znow -zrelro "   ./configure --target=arm-linux-gnueabihf --host=arm-linux-gnueabihf --build=x86_64-pc-linux-gnu --program-prefix="" --program-suffix="" --prefix=/usr --exec-prefix=/usr --bindir=/usr/bin --sbindir=/usr/sbin --libexecdir=/usr/lib --sysconfdir=/etc --datadir=/usr/share --localstatedir=/var --mandir=/usr/man --infodir=/usr/info --disable-nls  ; fi; )
touch /media/gwind/windcode/openwrt-ssd20x/18.06/build_dir/target-arm-linux-gnueabihf_glibc/linux-sstar_ssd20x/mtd/.configured_68b329da9893e34099c7d8ad5cb9c940
rm -f /media/gwind/windcode/openwrt-ssd20x/18.06/build_dir/target-arm-linux-gnueabihf_glibc/linux-sstar_ssd20x/mtd/.built
touch /media/gwind/windcode/openwrt-ssd20x/18.06/build_dir/target-arm-linux-gnueabihf_glibc/linux-sstar_ssd20x/mtd/.built_check
CFLAGS="-Os -pipe -Wno-implicit-fallthrough -mfpu=neon -Wno-format-overflow -fno-caller-saves -fno-plt -mfloat-abi=hard  -D_FORTIFY_SOURCE=1 -Wl,-z,now -Wl,-z,relro -Dtarget_sstar=1 -Wall  -I/media/gwind/windcode/openwrt-ssd20x/18.06/staging_dir/target-arm-linux-gnueabihf_glibc/usr/include -I/media/gwind/windcode/openwrt-ssd20x/18.06/staging_dir/target-arm-linux-gnueabihf_glibc/include " CXXFLAGS="-Os -pipe -Wno-implicit-fallthrough -mfpu=neon -Wno-format-overflow -fno-caller-saves -fno-plt -mfloat-abi=hard  -D_FORTIFY_SOURCE=1 -Wl,-z,now -Wl,-z,relro -Dtarget_sstar=1 -Wall  -I/media/gwind/windcode/openwrt-ssd20x/18.06/staging_dir/target-arm-linux-gnueabihf_glibc/usr/include -I/media/gwind/windcode/openwrt-ssd20x/18.06/staging_dir/target-arm-linux-gnueabihf_glibc/include " LDFLAGS="-L/media/gwind/windcode/openwrt-ssd20x/18.06/staging_dir/target-arm-linux-gnueabihf_glibc/usr/lib -L/media/gwind/windcode/openwrt-ssd20x/18.06/staging_dir/target-arm-linux-gnueabihf_glibc/lib -L/opt/ssd20x/gcc-arm-8.2-2018.08-x86_64-arm-linux-gnueabihf/arm-linux-gnueabihf/libc/usr/lib -L/opt/ssd20x/gcc-arm-8.2-2018.08-x86_64-arm-linux-gnueabihf/arm-linux-gnueabihf/libc/lib -znow -zrelro " make -j1 -C /media/gwind/windcode/openwrt-ssd20x/18.06/build_dir/target-arm-linux-gnueabihf_glibc/linux-sstar_ssd20x/mtd/. AR="arm-linux-gnueabihf-ar" AS="arm-linux-gnueabihf-gcc -c -Os -pipe -Wno-implicit-fallthrough -mfpu=neon -Wno-format-overflow -fno-caller-saves -fno-plt -mfloat-abi=hard  -D_FORTIFY_SOURCE=1 -Wl,-z,now -Wl,-z,relro -Dtarget_sstar=1 -Wall" LD=arm-linux-gnueabihf-ld NM="arm-linux-gnueabihf-nm" CC="arm-linux-gnueabihf-gcc" GCC="arm-linux-gnueabihf-gcc" CXX="arm-linux-gnueabihf-g++" RANLIB="arm-linux-gnueabihf-ranlib" STRIP=arm-linux-gnueabihf-strip OBJCOPY=arm-linux-gnueabihf-objcopy OBJDUMP=arm-linux-gnueabihf-objdump SIZE=arm-linux-gnueabihf-size CROSS="arm-linux-gnueabihf-" ARCH="arm" TARGET="sstar" ;
make[4]: Entering directory '/media/gwind/windcode/openwrt-ssd20x/18.06/build_dir/target-arm-linux-gnueabihf_glibc/linux-sstar_ssd20x/mtd'
arm-linux-gnueabihf-gcc -Os -pipe -Wno-implicit-fallthrough -mfpu=neon -Wno-format-overflow -fno-caller-saves -fno-plt -mfloat-abi=hard  -D_FORTIFY_SOURCE=1 -Wl,-z,now -Wl,-z,relro -Dtarget_sstar=1 -Wall  -I/media/gwind/windcode/openwrt-ssd20x/18.06/staging_dir/target-arm-linux-gnueabihf_glibc/usr/include -I/media/gwind/windcode/openwrt-ssd20x/18.06/staging_dir/target-arm-linux-gnueabihf_glibc/include  -Wall   -c -o mtd.o mtd.c
arm-linux-gnueabihf-gcc -Os -pipe -Wno-implicit-fallthrough -mfpu=neon -Wno-format-overflow -fno-caller-saves -fno-plt -mfloat-abi=hard  -D_FORTIFY_SOURCE=1 -Wl,-z,now -Wl,-z,relro -Dtarget_sstar=1 -Wall  -I/media/gwind/windcode/openwrt-ssd20x/18.06/staging_dir/target-arm-linux-gnueabihf_glibc/usr/include -I/media/gwind/windcode/openwrt-ssd20x/18.06/staging_dir/target-arm-linux-gnueabihf_glibc/include  -Wall   -c -o jffs2.o jffs2.c
arm-linux-gnueabihf-gcc -Os -pipe -Wno-implicit-fallthrough -mfpu=neon -Wno-format-overflow -fno-caller-saves -fno-plt -mfloat-abi=hard  -D_FORTIFY_SOURCE=1 -Wl,-z,now -Wl,-z,relro -Dtarget_sstar=1 -Wall  -I/media/gwind/windcode/openwrt-ssd20x/18.06/staging_dir/target-arm-linux-gnueabihf_glibc/usr/include -I/media/gwind/windcode/openwrt-ssd20x/18.06/staging_dir/target-arm-linux-gnueabihf_glibc/include  -Wall   -c -o crc32.o crc32.c
arm-linux-gnueabihf-gcc -Os -pipe -Wno-implicit-fallthrough -mfpu=neon -Wno-format-overflow -fno-caller-saves -fno-plt -mfloat-abi=hard  -D_FORTIFY_SOURCE=1 -Wl,-z,now -Wl,-z,relro -Dtarget_sstar=1 -Wall  -I/media/gwind/windcode/openwrt-ssd20x/18.06/staging_dir/target-arm-linux-gnueabihf_glibc/usr/include -I/media/gwind/windcode/openwrt-ssd20x/18.06/staging_dir/target-arm-linux-gnueabihf_glibc/include  -Wall   -c -o md5.o md5.c
arm-linux-gnueabihf-gcc -L/media/gwind/windcode/openwrt-ssd20x/18.06/staging_dir/target-arm-linux-gnueabihf_glibc/usr/lib -L/media/gwind/windcode/openwrt-ssd20x/18.06/staging_dir/target-arm-linux-gnueabihf_glibc/lib -L/opt/ssd20x/gcc-arm-8.2-2018.08-x86_64-arm-linux-gnueabihf/arm-linux-gnueabihf/libc/usr/lib -L/opt/ssd20x/gcc-arm-8.2-2018.08-x86_64-arm-linux-gnueabihf/arm-linux-gnueabihf/libc/lib -znow -zrelro  -lubox  mtd.o jffs2.o crc32.o md5.o   -o mtd
make[4]: Leaving directory '/media/gwind/windcode/openwrt-ssd20x/18.06/build_dir/target-arm-linux-gnueabihf_glibc/linux-sstar_ssd20x/mtd'
touch /media/gwind/windcode/openwrt-ssd20x/18.06/build_dir/target-arm-linux-gnueabihf_glibc/linux-sstar_ssd20x/mtd/.built
rm -rf /media/gwind/windcode/openwrt-ssd20x/18.06/build_dir/target-arm-linux-gnueabihf_glibc/linux-sstar_ssd20x/mtd/.pkgdir/mtd.installed /media/gwind/windcode/openwrt-ssd20x/18.06/build_dir/target-arm-linux-gnueabihf_glibc/linux-sstar_ssd20x/mtd/.pkgdir/mtd
mkdir -p /media/gwind/windcode/openwrt-ssd20x/18.06/build_dir/target-arm-linux-gnueabihf_glibc/linux-sstar_ssd20x/mtd/.pkgdir/mtd
install -d -m0755 /media/gwind/windcode/openwrt-ssd20x/18.06/build_dir/target-arm-linux-gnueabihf_glibc/linux-sstar_ssd20x/mtd/.pkgdir/mtd/sbin
install -m0755 /media/gwind/windcode/openwrt-ssd20x/18.06/build_dir/target-arm-linux-gnueabihf_glibc/linux-sstar_ssd20x/mtd/mtd /media/gwind/windcode/openwrt-ssd20x/18.06/build_dir/target-arm-linux-gnueabihf_glibc/linux-sstar_ssd20x/mtd/.pkgdir/mtd/sbin/
touch /media/gwind/windcode/openwrt-ssd20x/18.06/build_dir/target-arm-linux-gnueabihf_glibc/linux-sstar_ssd20x/mtd/.pkgdir/mtd.installed
mkdir -p /media/gwind/windcode/openwrt-ssd20x/18.06/staging_dir/target-arm-linux-gnueabihf_glibc/root-sstar/stamp
SHELL= flock /media/gwind/windcode/openwrt-ssd20x/18.06/tmp/.root-copy.flock -c 'cp -fpR /media/gwind/windcode/openwrt-ssd20x/18.06/build_dir/target-arm-linux-gnueabihf_glibc/linux-sstar_ssd20x/mtd/.pkgdir/mtd/. /media/gwind/windcode/openwrt-ssd20x/18.06/staging_dir/target-arm-linux-gnueabihf_glibc/root-sstar/'
touch /media/gwind/windcode/openwrt-ssd20x/18.06/staging_dir/target-arm-linux-gnueabihf_glibc/root-sstar/stamp/.mtd_installed
mkdir -p /media/gwind/windcode/openwrt-ssd20x/18.06/bin/targets/sstar/ssd20x/packages /media/gwind/windcode/openwrt-ssd20x/18.06/build_dir/target-arm-linux-gnueabihf_glibc/linux-sstar_ssd20x/mtd/ipkg-arm_cortex-a7_neon/mtd/CONTROL /media/gwind/windcode/openwrt-ssd20x/18.06/staging_dir/target-arm-linux-gnueabihf_glibc/pkginfo
install -d -m0755 /media/gwind/windcode/openwrt-ssd20x/18.06/build_dir/target-arm-linux-gnueabihf_glibc/linux-sstar_ssd20x/mtd/ipkg-arm_cortex-a7_neon/mtd/sbin
install -m0755 /media/gwind/windcode/openwrt-ssd20x/18.06/build_dir/target-arm-linux-gnueabihf_glibc/linux-sstar_ssd20x/mtd/mtd /media/gwind/windcode/openwrt-ssd20x/18.06/build_dir/target-arm-linux-gnueabihf_glibc/linux-sstar_ssd20x/mtd/ipkg-arm_cortex-a7_neon/mtd/sbin/
find /media/gwind/windcode/openwrt-ssd20x/18.06/build_dir/target-arm-linux-gnueabihf_glibc/linux-sstar_ssd20x/mtd/ipkg-arm_cortex-a7_neon/mtd -name 'CVS' -o -name '.svn' -o -name '.#*' -o -name '*~'| xargs -r rm -rf
export CROSS="arm-linux-gnueabihf-"  NO_RENAME=1 ; NM="arm-linux-gnueabihf-nm" STRIP="arm-linux-gnueabihf-strip --strip-all" STRIP_KMOD="/media/gwind/windcode/openwrt-ssd20x/18.06/scripts/strip-kmod.sh" PATCHELF="/media/gwind/windcode/openwrt-ssd20x/18.06/staging_dir/host/bin/patchelf" /media/gwind/windcode/openwrt-ssd20x/18.06/scripts/rstrip.sh /media/gwind/windcode/openwrt-ssd20x/18.06/build_dir/target-arm-linux-gnueabihf_glibc/linux-sstar_ssd20x/mtd/ipkg-arm_cortex-a7_neon/mtd
rstrip.sh: /media/gwind/windcode/openwrt-ssd20x/18.06/build_dir/target-arm-linux-gnueabihf_glibc/linux-sstar_ssd20x/mtd/ipkg-arm_cortex-a7_neon/mtd/sbin/mtd: executable
(cd /media/gwind/windcode/openwrt-ssd20x/18.06/build_dir/target-arm-linux-gnueabihf_glibc/linux-sstar_ssd20x/mtd/ipkg-arm_cortex-a7_neon/mtd/CONTROL; ( echo "$CONTROL"; printf "Description: "; echo "$DESCRIPTION" | sed -e 's,^[[:space:]]*, ,g'; ) > control; chmod 644 control; ( echo "#!/bin/sh"; echo "[ \"\${IPKG_NO_SCRIPT}\" = \"1\" ] && exit 0"; echo "[ -x "\${IPKG_INSTROOT}/lib/functions.sh" ] || exit 0"; echo ". \${IPKG_INSTROOT}/lib/functions.sh"; echo "default_postinst \$0 \$@"; ) > postinst; ( echo "#!/bin/sh"; echo "[ -x "\${IPKG_INSTROOT}/lib/functions.sh" ] || exit 0"; echo ". \${IPKG_INSTROOT}/lib/functions.sh"; echo "default_prerm \$0 \$@"; ) > prerm; chmod 0755 postinst prerm;  )
install -d -m0755 /media/gwind/windcode/openwrt-ssd20x/18.06/bin/targets/sstar/ssd20x/packages
/media/gwind/windcode/openwrt-ssd20x/18.06/scripts/ipkg-build -c -o 0 -g 0 /media/gwind/windcode/openwrt-ssd20x/18.06/build_dir/target-arm-linux-gnueabihf_glibc/linux-sstar_ssd20x/mtd/ipkg-arm_cortex-a7_neon/mtd /media/gwind/windcode/openwrt-ssd20x/18.06/bin/targets/sstar/ssd20x/packages
Packaged contents of /media/gwind/windcode/openwrt-ssd20x/18.06/build_dir/target-arm-linux-gnueabihf_glibc/linux-sstar_ssd20x/mtd/ipkg-arm_cortex-a7_neon/mtd into /media/gwind/windcode/openwrt-ssd20x/18.06/bin/targets/sstar/ssd20x/packages/mtd_23_arm_cortex-a7_neon.ipk
echo "mtd" >> /media/gwind/windcode/openwrt-ssd20x/18.06/staging_dir/target-arm-linux-gnueabihf_glibc/pkginfo/mtd.default.install
make[3]: Leaving directory '/media/gwind/windcode/openwrt-ssd20x/18.06/package/system/mtd'
make[3]: Entering directory '/media/gwind/windcode/openwrt-ssd20x/18.06/package/system/opkg'
touch /media/gwind/windcode/openwrt-ssd20x/18.06/build_dir/target-arm-linux-gnueabihf_glibc/linux-sstar_ssd20x/opkg-2020-01-25-c09fe209/.prepared_9c7f14c33a234417af7ef3c9a7fc9670_6664517399ebbbc92a37c5bb081b5c53_check
. /media/gwind/windcode/openwrt-ssd20x/18.06/include/shell.sh; xzcat /media/gwind/windcode/openwrt-ssd20x/18.06/dl/opkg-2020-01-25-c09fe209.tar.xz | tar -C /media/gwind/windcode/openwrt-ssd20x/18.06/build_dir/target-arm-linux-gnueabihf_glibc/linux-sstar_ssd20x/opkg-2020-01-25-c09fe209/.. -xf - 
[ ! -d ./src/ ] || cp -fpR ./src/. /media/gwind/windcode/openwrt-ssd20x/18.06/build_dir/target-arm-linux-gnueabihf_glibc/linux-sstar_ssd20x/opkg-2020-01-25-c09fe209
touch /media/gwind/windcode/openwrt-ssd20x/18.06/build_dir/target-arm-linux-gnueabihf_glibc/linux-sstar_ssd20x/opkg-2020-01-25-c09fe209/.prepared_9c7f14c33a234417af7ef3c9a7fc9670_6664517399ebbbc92a37c5bb081b5c53
rm -f /media/gwind/windcode/openwrt-ssd20x/18.06/build_dir/target-arm-linux-gnueabihf_glibc/linux-sstar_ssd20x/opkg-2020-01-25-c09fe209/.configured_*
rm -f /media/gwind/windcode/openwrt-ssd20x/18.06/staging_dir/target-arm-linux-gnueabihf_glibc/stamp/.opkg_installed
mkdir -p /media/gwind/windcode/openwrt-ssd20x/18.06/build_dir/target-arm-linux-gnueabihf_glibc/linux-sstar_ssd20x/opkg-2020-01-25-c09fe209
(cd /media/gwind/windcode/openwrt-ssd20x/18.06/build_dir/target-arm-linux-gnueabihf_glibc/linux-sstar_ssd20x/opkg-2020-01-25-c09fe209; CFLAGS="-Os -pipe -Wno-implicit-fallthrough -mfpu=neon -Wno-format-overflow -fno-caller-saves -fno-plt -mfloat-abi=hard  -D_FORTIFY_SOURCE=1 -Wl,-z,now -Wl,-z,relro -ffunction-sections -fdata-sections -I/media/gwind/windcode/openwrt-ssd20x/18.06/staging_dir/target-arm-linux-gnueabihf_glibc/usr/include -I/media/gwind/windcode/openwrt-ssd20x/18.06/staging_dir/target-arm-linux-gnueabihf_glibc/include" CXXFLAGS="-Os -pipe -Wno-implicit-fallthrough -mfpu=neon -Wno-format-overflow -fno-caller-saves -fno-plt -mfloat-abi=hard  -D_FORTIFY_SOURCE=1 -Wl,-z,now -Wl,-z,relro -ffunction-sections -fdata-sections -I/media/gwind/windcode/openwrt-ssd20x/18.06/staging_dir/target-arm-linux-gnueabihf_glibc/usr/include -I/media/gwind/windcode/openwrt-ssd20x/18.06/staging_dir/target-arm-linux-gnueabihf_glibc/include" LDFLAGS="-L/media/gwind/windcode/openwrt-ssd20x/18.06/staging_dir/target-arm-linux-gnueabihf_glibc/usr/lib -L/media/gwind/windcode/openwrt-ssd20x/18.06/staging_dir/target-arm-linux-gnueabihf_glibc/lib -L/opt/ssd20x/gcc-arm-8.2-2018.08-x86_64-arm-linux-gnueabihf/arm-linux-gnueabihf/libc/usr/lib -L/opt/ssd20x/gcc-arm-8.2-2018.08-x86_64-arm-linux-gnueabihf/arm-linux-gnueabihf/libc/lib -znow -zrelro " cmake -DCMAKE_SYSTEM_NAME=Linux -DCMAKE_SYSTEM_VERSION=1 -DCMAKE_SYSTEM_PROCESSOR=arm -DCMAKE_BUILD_TYPE=Release -DCMAKE_C_FLAGS_RELEASE="-DNDEBUG" -DCMAKE_CXX_FLAGS_RELEASE="-DNDEBUG" -DCMAKE_C_COMPILER="/media/gwind/windcode/openwrt-ssd20x/18.06/staging_dir/toolchain-arm-linux-gnueabihf/bin/arm-linux-gnueabihf-gcc" -DCMAKE_C_COMPILER_ARG1="" -DCMAKE_CXX_COMPILER="/media/gwind/windcode/openwrt-ssd20x/18.06/staging_dir/toolchain-arm-linux-gnueabihf/bin/arm-linux-gnueabihf-g++" -DCMAKE_CXX_COMPILER_ARG1="" -DCMAKE_ASM_COMPILER="/media/gwind/windcode/openwrt-ssd20x/18.06/staging_dir/toolchain-arm-linux-gnueabihf/bin/arm-linux-gnueabihf-gcc" -DCMAKE_ASM_COMPILER_ARG1="" -DCMAKE_EXE_LINKER_FLAGS:STRING="-L/media/gwind/windcode/openwrt-ssd20x/18.06/staging_dir/target-arm-linux-gnueabihf_glibc/usr/lib -L/media/gwind/windcode/openwrt-ssd20x/18.06/staging_dir/target-arm-linux-gnueabihf_glibc/lib -L/opt/ssd20x/gcc-arm-8.2-2018.08-x86_64-arm-linux-gnueabihf/arm-linux-gnueabihf/libc/usr/lib -L/opt/ssd20x/gcc-arm-8.2-2018.08-x86_64-arm-linux-gnueabihf/arm-linux-gnueabihf/libc/lib -znow -zrelro" -DCMAKE_MODULE_LINKER_FLAGS:STRING="-L/media/gwind/windcode/openwrt-ssd20x/18.06/staging_dir/target-arm-linux-gnueabihf_glibc/usr/lib -L/media/gwind/windcode/openwrt-ssd20x/18.06/staging_dir/target-arm-linux-gnueabihf_glibc/lib -L/opt/ssd20x/gcc-arm-8.2-2018.08-x86_64-arm-linux-gnueabihf/arm-linux-gnueabihf/libc/usr/lib -L/opt/ssd20x/gcc-arm-8.2-2018.08-x86_64-arm-linux-gnueabihf/arm-linux-gnueabihf/libc/lib -znow -zrelro -Wl,-Bsymbolic-functions" -DCMAKE_SHARED_LINKER_FLAGS:STRING="-L/media/gwind/windcode/openwrt-ssd20x/18.06/staging_dir/target-arm-linux-gnueabihf_glibc/usr/lib -L/media/gwind/windcode/openwrt-ssd20x/18.06/staging_dir/target-arm-linux-gnueabihf_glibc/lib -L/opt/ssd20x/gcc-arm-8.2-2018.08-x86_64-arm-linux-gnueabihf/arm-linux-gnueabihf/libc/usr/lib -L/opt/ssd20x/gcc-arm-8.2-2018.08-x86_64-arm-linux-gnueabihf/arm-linux-gnueabihf/libc/lib -znow -zrelro -Wl,-Bsymbolic-functions" -DCMAKE_AR="/media/gwind/windcode/openwrt-ssd20x/18.06/staging_dir/toolchain-arm-linux-gnueabihf/bin/arm-linux-gnueabihf-ar" -DCMAKE_NM="/media/gwind/windcode/openwrt-ssd20x/18.06/staging_dir/toolchain-arm-linux-gnueabihf/bin/arm-linux-gnueabihf-nm" -DCMAKE_RANLIB="/media/gwind/windcode/openwrt-ssd20x/18.06/staging_dir/toolchain-arm-linux-gnueabihf/bin/arm-linux-gnueabihf-ranlib" -DCMAKE_FIND_ROOT_PATH="/media/gwind/windcode/openwrt-ssd20x/18.06/staging_dir/target-arm-linux-gnueabihf_glibc/usr;/media/gwind/windcode/openwrt-ssd20x/18.06/staging_dir/toolchain-arm-linux-gnueabihf;"/opt/ssd20x/gcc-arm-8.2-2018.08-x86_64-arm-linux-gnueabihf";"/opt/ssd20x/gcc-arm-8.2-2018.08-x86_64-arm-linux-gnueabihf"/arm-linux-gnueabihf/libc" -DCMAKE_FIND_ROOT_PATH_MODE_PROGRAM=BOTH -DCMAKE_FIND_ROOT_PATH_MODE_LIBRARY=ONLY -DCMAKE_FIND_ROOT_PATH_MODE_INCLUDE=ONLY -DCMAKE_STRIP=: -DCMAKE_INSTALL_PREFIX=/usr -DDL_LIBRARY=/media/gwind/windcode/openwrt-ssd20x/18.06/staging_dir/target-arm-linux-gnueabihf_glibc -DCMAKE_PREFIX_PATH=/media/gwind/windcode/openwrt-ssd20x/18.06/staging_dir/target-arm-linux-gnueabihf_glibc -DCMAKE_SKIP_RPATH=TRUE -DBUILD_TESTS=OFF -DHOST_CPU=arm_cortex-a7_neon -DPATH_SPEC="/usr/sbin:/usr/bin:/sbin:/bin" -DVERSION="c09fe2098718807ddbca13ee36e3e38801822946 (2020-01-25)" /media/gwind/windcode/openwrt-ssd20x/18.06/build_dir/target-arm-linux-gnueabihf_glibc/linux-sstar_ssd20x/opkg-2020-01-25-c09fe209 )
-- The C compiler identification is GNU 8.2.1
-- Check for working C compiler: /media/gwind/windcode/openwrt-ssd20x/18.06/staging_dir/toolchain-arm-linux-gnueabihf/bin/arm-linux-gnueabihf-gcc
-- Check for working C compiler: /media/gwind/windcode/openwrt-ssd20x/18.06/staging_dir/toolchain-arm-linux-gnueabihf/bin/arm-linux-gnueabihf-gcc -- works
-- Detecting C compiler ABI info
-- Detecting C compiler ABI info - done
-- Detecting C compile features
-- Detecting C compile features - done
-- Check if the system is big endian
-- Searching 16 bit integer
-- Looking for sys/types.h
-- Looking for sys/types.h - found
-- Looking for stdint.h
-- Looking for stdint.h - found
-- Looking for stddef.h
-- Looking for stddef.h - found
-- Check size of unsigned short
-- Check size of unsigned short - done
-- Using unsigned short
-- Check if the system is big endian - little endian
-- Looking for pthread_create in pthread
-- Looking for pthread_create in pthread - found
-- Configuring done
-- Generating done
-- Build files have been written to: /media/gwind/windcode/openwrt-ssd20x/18.06/build_dir/target-arm-linux-gnueabihf_glibc/linux-sstar_ssd20x/opkg-2020-01-25-c09fe209
touch /media/gwind/windcode/openwrt-ssd20x/18.06/build_dir/target-arm-linux-gnueabihf_glibc/linux-sstar_ssd20x/opkg-2020-01-25-c09fe209/.configured_1abc92b0cccc72dc88c98993cc0dd6a5
rm -f /media/gwind/windcode/openwrt-ssd20x/18.06/build_dir/target-arm-linux-gnueabihf_glibc/linux-sstar_ssd20x/opkg-2020-01-25-c09fe209/.built
touch /media/gwind/windcode/openwrt-ssd20x/18.06/build_dir/target-arm-linux-gnueabihf_glibc/linux-sstar_ssd20x/opkg-2020-01-25-c09fe209/.built_check
CFLAGS="-Os -pipe -Wno-implicit-fallthrough -mfpu=neon -Wno-format-overflow -fno-caller-saves -fno-plt -mfloat-abi=hard  -D_FORTIFY_SOURCE=1 -Wl,-z,now -Wl,-z,relro -ffunction-sections -fdata-sections -I/media/gwind/windcode/openwrt-ssd20x/18.06/staging_dir/target-arm-linux-gnueabihf_glibc/usr/include -I/media/gwind/windcode/openwrt-ssd20x/18.06/staging_dir/target-arm-linux-gnueabihf_glibc/include -I/media/gwind/windcode/openwrt-ssd20x/18.06/staging_dir/target-arm-linux-gnueabihf_glibc/usr/include -I/media/gwind/windcode/openwrt-ssd20x/18.06/staging_dir/target-arm-linux-gnueabihf_glibc/include " CXXFLAGS="-Os -pipe -Wno-implicit-fallthrough -mfpu=neon -Wno-format-overflow -fno-caller-saves -fno-plt -mfloat-abi=hard  -D_FORTIFY_SOURCE=1 -Wl,-z,now -Wl,-z,relro -ffunction-sections -fdata-sections -I/media/gwind/windcode/openwrt-ssd20x/18.06/staging_dir/target-arm-linux-gnueabihf_glibc/usr/include -I/media/gwind/windcode/openwrt-ssd20x/18.06/staging_dir/target-arm-linux-gnueabihf_glibc/include -I/media/gwind/windcode/openwrt-ssd20x/18.06/staging_dir/target-arm-linux-gnueabihf_glibc/usr/include -I/media/gwind/windcode/openwrt-ssd20x/18.06/staging_dir/target-arm-linux-gnueabihf_glibc/include " LDFLAGS="-L/media/gwind/windcode/openwrt-ssd20x/18.06/staging_dir/target-arm-linux-gnueabihf_glibc/usr/lib -L/media/gwind/windcode/openwrt-ssd20x/18.06/staging_dir/target-arm-linux-gnueabihf_glibc/lib -L/opt/ssd20x/gcc-arm-8.2-2018.08-x86_64-arm-linux-gnueabihf/arm-linux-gnueabihf/libc/usr/lib -L/opt/ssd20x/gcc-arm-8.2-2018.08-x86_64-arm-linux-gnueabihf/arm-linux-gnueabihf/libc/lib -znow -zrelro " make  -C /media/gwind/windcode/openwrt-ssd20x/18.06/build_dir/target-arm-linux-gnueabihf_glibc/linux-sstar_ssd20x/opkg-2020-01-25-c09fe209/. AR="arm-linux-gnueabihf-ar" AS="arm-linux-gnueabihf-gcc -c -Os -pipe -Wno-implicit-fallthrough -mfpu=neon -Wno-format-overflow -fno-caller-saves -fno-plt -mfloat-abi=hard  -D_FORTIFY_SOURCE=1 -Wl,-z,now -Wl,-z,relro -ffunction-sections -fdata-sections" LD=arm-linux-gnueabihf-ld NM="arm-linux-gnueabihf-nm" CC="arm-linux-gnueabihf-gcc" GCC="arm-linux-gnueabihf-gcc" CXX="arm-linux-gnueabihf-g++" RANLIB="arm-linux-gnueabihf-ranlib" STRIP=arm-linux-gnueabihf-strip OBJCOPY=arm-linux-gnueabihf-objcopy OBJDUMP=arm-linux-gnueabihf-objdump SIZE=arm-linux-gnueabihf-size CROSS="arm-linux-gnueabihf-" ARCH="arm" CMAKE_COMMAND='/media/gwind/windcode/openwrt-ssd20x/18.06/staging_dir/host/bin/cmake' CMAKE_DISABLE_cmake_check_build_system=1 ;
make[4]: Entering directory '/media/gwind/windcode/openwrt-ssd20x/18.06/build_dir/target-arm-linux-gnueabihf_glibc/linux-sstar_ssd20x/opkg-2020-01-25-c09fe209'
make[5]: Entering directory '/media/gwind/windcode/openwrt-ssd20x/18.06/build_dir/target-arm-linux-gnueabihf_glibc/linux-sstar_ssd20x/opkg-2020-01-25-c09fe209'
make[6]: Entering directory '/media/gwind/windcode/openwrt-ssd20x/18.06/build_dir/target-arm-linux-gnueabihf_glibc/linux-sstar_ssd20x/opkg-2020-01-25-c09fe209'
Scanning dependencies of target bb
make[6]: Leaving directory '/media/gwind/windcode/openwrt-ssd20x/18.06/build_dir/target-arm-linux-gnueabihf_glibc/linux-sstar_ssd20x/opkg-2020-01-25-c09fe209'
make[6]: Entering directory '/media/gwind/windcode/openwrt-ssd20x/18.06/build_dir/target-arm-linux-gnueabihf_glibc/linux-sstar_ssd20x/opkg-2020-01-25-c09fe209'
[  1%] Building C object libbb/CMakeFiles/bb.dir/all_read.c.o
[  3%] Building C object libbb/CMakeFiles/bb.dir/concat_path_file.c.o
[  5%] Building C object libbb/CMakeFiles/bb.dir/copy_file.c.o
[  7%] Building C object libbb/CMakeFiles/bb.dir/copy_file_chunk.c.o
[  8%] Building C object libbb/CMakeFiles/bb.dir/gzip.c.o
[ 10%] Building C object libbb/CMakeFiles/bb.dir/gz_open.c.o
[ 12%] Building C object libbb/CMakeFiles/bb.dir/last_char_is.c.o
[ 14%] Building C object libbb/CMakeFiles/bb.dir/make_directory.c.o
[ 16%] Building C object libbb/CMakeFiles/bb.dir/mode_string.c.o
[ 17%] Building C object libbb/CMakeFiles/bb.dir/parse_mode.c.o
[ 19%] Building C object libbb/CMakeFiles/bb.dir/safe_strncpy.c.o
[ 21%] Building C object libbb/CMakeFiles/bb.dir/time_string.c.o
[ 23%] Building C object libbb/CMakeFiles/bb.dir/unarchive.c.o
[ 25%] Building C object libbb/CMakeFiles/bb.dir/unzip.c.o
[ 26%] Building C object libbb/CMakeFiles/bb.dir/wfopen.c.o
[ 28%] Building C object libbb/CMakeFiles/bb.dir/xfuncs.c.o
[ 30%] Building C object libbb/CMakeFiles/bb.dir/xreadlink.c.o
[ 32%] Linking C static library libbb.a
make[6]: Leaving directory '/media/gwind/windcode/openwrt-ssd20x/18.06/build_dir/target-arm-linux-gnueabihf_glibc/linux-sstar_ssd20x/opkg-2020-01-25-c09fe209'
[ 32%] Built target bb
make[6]: Entering directory '/media/gwind/windcode/openwrt-ssd20x/18.06/build_dir/target-arm-linux-gnueabihf_glibc/linux-sstar_ssd20x/opkg-2020-01-25-c09fe209'
Scanning dependencies of target opkg
make[6]: Leaving directory '/media/gwind/windcode/openwrt-ssd20x/18.06/build_dir/target-arm-linux-gnueabihf_glibc/linux-sstar_ssd20x/opkg-2020-01-25-c09fe209'
make[6]: Entering directory '/media/gwind/windcode/openwrt-ssd20x/18.06/build_dir/target-arm-linux-gnueabihf_glibc/linux-sstar_ssd20x/opkg-2020-01-25-c09fe209'
[ 33%] Building C object libopkg/CMakeFiles/opkg.dir/active_list.c.o
[ 35%] Building C object libopkg/CMakeFiles/opkg.dir/conffile.c.o
[ 37%] Building C object libopkg/CMakeFiles/opkg.dir/conffile_list.c.o
[ 39%] Building C object libopkg/CMakeFiles/opkg.dir/file_util.c.o
[ 41%] Building C object libopkg/CMakeFiles/opkg.dir/hash_table.c.o
[ 42%] Building C object libopkg/CMakeFiles/opkg.dir/nv_pair.c.o
[ 44%] Building C object libopkg/CMakeFiles/opkg.dir/nv_pair_list.c.o
[ 46%] Building C object libopkg/CMakeFiles/opkg.dir/opkg.c.o
[ 48%] Building C object libopkg/CMakeFiles/opkg.dir/opkg_cmd.c.o
[ 50%] Building C object libopkg/CMakeFiles/opkg.dir/opkg_conf.c.o
[ 51%] Building C object libopkg/CMakeFiles/opkg.dir/opkg_configure.c.o
[ 53%] Building C object libopkg/CMakeFiles/opkg.dir/opkg_download.c.o
[ 55%] Building C object libopkg/CMakeFiles/opkg.dir/opkg_install.c.o
[ 57%] Building C object libopkg/CMakeFiles/opkg.dir/opkg_message.c.o
[ 58%] Building C object libopkg/CMakeFiles/opkg.dir/opkg_remove.c.o
[ 60%] Building C object libopkg/CMakeFiles/opkg.dir/opkg_upgrade.c.o
[ 62%] Building C object libopkg/CMakeFiles/opkg.dir/opkg_utils.c.o
[ 64%] Building C object libopkg/CMakeFiles/opkg.dir/parse_util.c.o
[ 66%] Building C object libopkg/CMakeFiles/opkg.dir/pkg.c.o
[ 67%] Building C object libopkg/CMakeFiles/opkg.dir/pkg_alternatives.c.o
[ 69%] Building C object libopkg/CMakeFiles/opkg.dir/pkg_depends.c.o
[ 71%] Building C object libopkg/CMakeFiles/opkg.dir/pkg_dest.c.o
[ 73%] Building C object libopkg/CMakeFiles/opkg.dir/pkg_dest_list.c.o
[ 75%] Building C object libopkg/CMakeFiles/opkg.dir/pkg_extract.c.o
[ 76%] Building C object libopkg/CMakeFiles/opkg.dir/pkg_hash.c.o
[ 78%] Building C object libopkg/CMakeFiles/opkg.dir/pkg_parse.c.o
[ 80%] Building C object libopkg/CMakeFiles/opkg.dir/pkg_src.c.o
[ 82%] Building C object libopkg/CMakeFiles/opkg.dir/pkg_src_list.c.o
[ 83%] Building C object libopkg/CMakeFiles/opkg.dir/pkg_vec.c.o
[ 85%] Building C object libopkg/CMakeFiles/opkg.dir/sha256.c.o
[ 87%] Building C object libopkg/CMakeFiles/opkg.dir/sprintf_alloc.c.o
[ 89%] Building C object libopkg/CMakeFiles/opkg.dir/str_list.c.o
[ 91%] Building C object libopkg/CMakeFiles/opkg.dir/void_list.c.o
[ 92%] Building C object libopkg/CMakeFiles/opkg.dir/xregex.c.o
[ 94%] Building C object libopkg/CMakeFiles/opkg.dir/xsystem.c.o
[ 96%] Linking C static library libopkg.a
make[6]: Leaving directory '/media/gwind/windcode/openwrt-ssd20x/18.06/build_dir/target-arm-linux-gnueabihf_glibc/linux-sstar_ssd20x/opkg-2020-01-25-c09fe209'
[ 96%] Built target opkg
make[6]: Entering directory '/media/gwind/windcode/openwrt-ssd20x/18.06/build_dir/target-arm-linux-gnueabihf_glibc/linux-sstar_ssd20x/opkg-2020-01-25-c09fe209'
Scanning dependencies of target opkg-cl
make[6]: Leaving directory '/media/gwind/windcode/openwrt-ssd20x/18.06/build_dir/target-arm-linux-gnueabihf_glibc/linux-sstar_ssd20x/opkg-2020-01-25-c09fe209'
make[6]: Entering directory '/media/gwind/windcode/openwrt-ssd20x/18.06/build_dir/target-arm-linux-gnueabihf_glibc/linux-sstar_ssd20x/opkg-2020-01-25-c09fe209'
[ 98%] Building C object src/CMakeFiles/opkg-cl.dir/opkg-cl.c.o
[100%] Linking C executable opkg-cl
make[6]: Leaving directory '/media/gwind/windcode/openwrt-ssd20x/18.06/build_dir/target-arm-linux-gnueabihf_glibc/linux-sstar_ssd20x/opkg-2020-01-25-c09fe209'
[100%] Built target opkg-cl
make[5]: Leaving directory '/media/gwind/windcode/openwrt-ssd20x/18.06/build_dir/target-arm-linux-gnueabihf_glibc/linux-sstar_ssd20x/opkg-2020-01-25-c09fe209'
make[4]: Leaving directory '/media/gwind/windcode/openwrt-ssd20x/18.06/build_dir/target-arm-linux-gnueabihf_glibc/linux-sstar_ssd20x/opkg-2020-01-25-c09fe209'
CFLAGS="-Os -pipe -Wno-implicit-fallthrough -mfpu=neon -Wno-format-overflow -fno-caller-saves -fno-plt -mfloat-abi=hard  -D_FORTIFY_SOURCE=1 -Wl,-z,now -Wl,-z,relro -ffunction-sections -fdata-sections -I/media/gwind/windcode/openwrt-ssd20x/18.06/staging_dir/target-arm-linux-gnueabihf_glibc/usr/include -I/media/gwind/windcode/openwrt-ssd20x/18.06/staging_dir/target-arm-linux-gnueabihf_glibc/include -I/media/gwind/windcode/openwrt-ssd20x/18.06/staging_dir/target-arm-linux-gnueabihf_glibc/usr/include -I/media/gwind/windcode/openwrt-ssd20x/18.06/staging_dir/target-arm-linux-gnueabihf_glibc/include " CXXFLAGS="-Os -pipe -Wno-implicit-fallthrough -mfpu=neon -Wno-format-overflow -fno-caller-saves -fno-plt -mfloat-abi=hard  -D_FORTIFY_SOURCE=1 -Wl,-z,now -Wl,-z,relro -ffunction-sections -fdata-sections -I/media/gwind/windcode/openwrt-ssd20x/18.06/staging_dir/target-arm-linux-gnueabihf_glibc/usr/include -I/media/gwind/windcode/openwrt-ssd20x/18.06/staging_dir/target-arm-linux-gnueabihf_glibc/include -I/media/gwind/windcode/openwrt-ssd20x/18.06/staging_dir/target-arm-linux-gnueabihf_glibc/usr/include -I/media/gwind/windcode/openwrt-ssd20x/18.06/staging_dir/target-arm-linux-gnueabihf_glibc/include " LDFLAGS="-L/media/gwind/windcode/openwrt-ssd20x/18.06/staging_dir/target-arm-linux-gnueabihf_glibc/usr/lib -L/media/gwind/windcode/openwrt-ssd20x/18.06/staging_dir/target-arm-linux-gnueabihf_glibc/lib -L/opt/ssd20x/gcc-arm-8.2-2018.08-x86_64-arm-linux-gnueabihf/arm-linux-gnueabihf/libc/usr/lib -L/opt/ssd20x/gcc-arm-8.2-2018.08-x86_64-arm-linux-gnueabihf/arm-linux-gnueabihf/libc/lib -znow -zrelro " make -C /media/gwind/windcode/openwrt-ssd20x/18.06/build_dir/target-arm-linux-gnueabihf_glibc/linux-sstar_ssd20x/opkg-2020-01-25-c09fe209/. AR="arm-linux-gnueabihf-ar" AS="arm-linux-gnueabihf-gcc -c -Os -pipe -Wno-implicit-fallthrough -mfpu=neon -Wno-format-overflow -fno-caller-saves -fno-plt -mfloat-abi=hard  -D_FORTIFY_SOURCE=1 -Wl,-z,now -Wl,-z,relro -ffunction-sections -fdata-sections" LD=arm-linux-gnueabihf-ld NM="arm-linux-gnueabihf-nm" CC="arm-linux-gnueabihf-gcc" GCC="arm-linux-gnueabihf-gcc" CXX="arm-linux-gnueabihf-g++" RANLIB="arm-linux-gnueabihf-ranlib" STRIP=arm-linux-gnueabihf-strip OBJCOPY=arm-linux-gnueabihf-objcopy OBJDUMP=arm-linux-gnueabihf-objdump SIZE=arm-linux-gnueabihf-size CROSS="arm-linux-gnueabihf-" ARCH="arm" CMAKE_COMMAND='/media/gwind/windcode/openwrt-ssd20x/18.06/staging_dir/host/bin/cmake' CMAKE_DISABLE_cmake_check_build_system=1 DESTDIR="/media/gwind/windcode/openwrt-ssd20x/18.06/build_dir/target-arm-linux-gnueabihf_glibc/linux-sstar_ssd20x/opkg-2020-01-25-c09fe209/ipkg-install"  install;
make[4]: Entering directory '/media/gwind/windcode/openwrt-ssd20x/18.06/build_dir/target-arm-linux-gnueabihf_glibc/linux-sstar_ssd20x/opkg-2020-01-25-c09fe209'
make[5]: Entering directory '/media/gwind/windcode/openwrt-ssd20x/18.06/build_dir/target-arm-linux-gnueabihf_glibc/linux-sstar_ssd20x/opkg-2020-01-25-c09fe209'
make[6]: Entering directory '/media/gwind/windcode/openwrt-ssd20x/18.06/build_dir/target-arm-linux-gnueabihf_glibc/linux-sstar_ssd20x/opkg-2020-01-25-c09fe209'
make[6]: Leaving directory '/media/gwind/windcode/openwrt-ssd20x/18.06/build_dir/target-arm-linux-gnueabihf_glibc/linux-sstar_ssd20x/opkg-2020-01-25-c09fe209'
[ 32%] Built target bb
make[6]: Entering directory '/media/gwind/windcode/openwrt-ssd20x/18.06/build_dir/target-arm-linux-gnueabihf_glibc/linux-sstar_ssd20x/opkg-2020-01-25-c09fe209'
make[6]: Leaving directory '/media/gwind/windcode/openwrt-ssd20x/18.06/build_dir/target-arm-linux-gnueabihf_glibc/linux-sstar_ssd20x/opkg-2020-01-25-c09fe209'
[ 96%] Built target opkg
make[6]: Entering directory '/media/gwind/windcode/openwrt-ssd20x/18.06/build_dir/target-arm-linux-gnueabihf_glibc/linux-sstar_ssd20x/opkg-2020-01-25-c09fe209'
make[6]: Leaving directory '/media/gwind/windcode/openwrt-ssd20x/18.06/build_dir/target-arm-linux-gnueabihf_glibc/linux-sstar_ssd20x/opkg-2020-01-25-c09fe209'
[100%] Built target opkg-cl
make[5]: Leaving directory '/media/gwind/windcode/openwrt-ssd20x/18.06/build_dir/target-arm-linux-gnueabihf_glibc/linux-sstar_ssd20x/opkg-2020-01-25-c09fe209'
Install the project...
-- Install configuration: "Release"
-- Installing: /media/gwind/windcode/openwrt-ssd20x/18.06/build_dir/target-arm-linux-gnueabihf_glibc/linux-sstar_ssd20x/opkg-2020-01-25-c09fe209/ipkg-install/usr/bin/opkg-cl
make[4]: Leaving directory '/media/gwind/windcode/openwrt-ssd20x/18.06/build_dir/target-arm-linux-gnueabihf_glibc/linux-sstar_ssd20x/opkg-2020-01-25-c09fe209'
touch /media/gwind/windcode/openwrt-ssd20x/18.06/build_dir/target-arm-linux-gnueabihf_glibc/linux-sstar_ssd20x/opkg-2020-01-25-c09fe209/.built
rm -rf /media/gwind/windcode/openwrt-ssd20x/18.06/build_dir/target-arm-linux-gnueabihf_glibc/linux-sstar_ssd20x/opkg-2020-01-25-c09fe209/.pkgdir/opkg.installed /media/gwind/windcode/openwrt-ssd20x/18.06/build_dir/target-arm-linux-gnueabihf_glibc/linux-sstar_ssd20x/opkg-2020-01-25-c09fe209/.pkgdir/opkg
mkdir -p /media/gwind/windcode/openwrt-ssd20x/18.06/build_dir/target-arm-linux-gnueabihf_glibc/linux-sstar_ssd20x/opkg-2020-01-25-c09fe209/.pkgdir/opkg
install -d -m0755 /media/gwind/windcode/openwrt-ssd20x/18.06/build_dir/target-arm-linux-gnueabihf_glibc/linux-sstar_ssd20x/opkg-2020-01-25-c09fe209/.pkgdir/opkg/usr/lib/opkg
install -d -m0755 /media/gwind/windcode/openwrt-ssd20x/18.06/build_dir/target-arm-linux-gnueabihf_glibc/linux-sstar_ssd20x/opkg-2020-01-25-c09fe209/.pkgdir/opkg/bin
install -d -m0755 /media/gwind/windcode/openwrt-ssd20x/18.06/build_dir/target-arm-linux-gnueabihf_glibc/linux-sstar_ssd20x/opkg-2020-01-25-c09fe209/.pkgdir/opkg/etc/opkg
install -d -m0755 /media/gwind/windcode/openwrt-ssd20x/18.06/build_dir/target-arm-linux-gnueabihf_glibc/linux-sstar_ssd20x/opkg-2020-01-25-c09fe209/.pkgdir/opkg/etc/uci-defaults
install -m0644 ./files/customfeeds.conf /media/gwind/windcode/openwrt-ssd20x/18.06/build_dir/target-arm-linux-gnueabihf_glibc/linux-sstar_ssd20x/opkg-2020-01-25-c09fe209/.pkgdir/opkg/etc/opkg/customfeeds.conf
install -m0644 ./files/opkg.conf /media/gwind/windcode/openwrt-ssd20x/18.06/build_dir/target-arm-linux-gnueabihf_glibc/linux-sstar_ssd20x/opkg-2020-01-25-c09fe209/.pkgdir/opkg/etc/opkg.conf
install -m0755 ./files/20_migrate-feeds /media/gwind/windcode/openwrt-ssd20x/18.06/build_dir/target-arm-linux-gnueabihf_glibc/linux-sstar_ssd20x/opkg-2020-01-25-c09fe209/.pkgdir/opkg/etc/uci-defaults/
install -m0755 /media/gwind/windcode/openwrt-ssd20x/18.06/build_dir/target-arm-linux-gnueabihf_glibc/linux-sstar_ssd20x/opkg-2020-01-25-c09fe209/ipkg-install/usr/bin/opkg-cl /media/gwind/windcode/openwrt-ssd20x/18.06/build_dir/target-arm-linux-gnueabihf_glibc/linux-sstar_ssd20x/opkg-2020-01-25-c09fe209/.pkgdir/opkg/bin/opkg
echo "option check_signature" >> /media/gwind/windcode/openwrt-ssd20x/18.06/build_dir/target-arm-linux-gnueabihf_glibc/linux-sstar_ssd20x/opkg-2020-01-25-c09fe209/.pkgdir/opkg/etc/opkg.conf
install -d -m0755 /media/gwind/windcode/openwrt-ssd20x/18.06/build_dir/target-arm-linux-gnueabihf_glibc/linux-sstar_ssd20x/opkg-2020-01-25-c09fe209/.pkgdir/opkg/usr/sbin
install -m0755 ./files/opkg-key /media/gwind/windcode/openwrt-ssd20x/18.06/build_dir/target-arm-linux-gnueabihf_glibc/linux-sstar_ssd20x/opkg-2020-01-25-c09fe209/.pkgdir/opkg/usr/sbin/
touch /media/gwind/windcode/openwrt-ssd20x/18.06/build_dir/target-arm-linux-gnueabihf_glibc/linux-sstar_ssd20x/opkg-2020-01-25-c09fe209/.pkgdir/opkg.installed
mkdir -p /media/gwind/windcode/openwrt-ssd20x/18.06/staging_dir/target-arm-linux-gnueabihf_glibc/root-sstar/stamp
SHELL= flock /media/gwind/windcode/openwrt-ssd20x/18.06/tmp/.root-copy.flock -c 'cp -fpR /media/gwind/windcode/openwrt-ssd20x/18.06/build_dir/target-arm-linux-gnueabihf_glibc/linux-sstar_ssd20x/opkg-2020-01-25-c09fe209/.pkgdir/opkg/. /media/gwind/windcode/openwrt-ssd20x/18.06/staging_dir/target-arm-linux-gnueabihf_glibc/root-sstar/'
touch /media/gwind/windcode/openwrt-ssd20x/18.06/staging_dir/target-arm-linux-gnueabihf_glibc/root-sstar/stamp/.opkg_installed
mkdir -p /media/gwind/windcode/openwrt-ssd20x/18.06/bin/targets/sstar/ssd20x/packages /media/gwind/windcode/openwrt-ssd20x/18.06/build_dir/target-arm-linux-gnueabihf_glibc/linux-sstar_ssd20x/opkg-2020-01-25-c09fe209/ipkg-arm_cortex-a7_neon/opkg/CONTROL /media/gwind/windcode/openwrt-ssd20x/18.06/staging_dir/target-arm-linux-gnueabihf_glibc/pkginfo
install -d -m0755 /media/gwind/windcode/openwrt-ssd20x/18.06/build_dir/target-arm-linux-gnueabihf_glibc/linux-sstar_ssd20x/opkg-2020-01-25-c09fe209/ipkg-arm_cortex-a7_neon/opkg/usr/lib/opkg
install -d -m0755 /media/gwind/windcode/openwrt-ssd20x/18.06/build_dir/target-arm-linux-gnueabihf_glibc/linux-sstar_ssd20x/opkg-2020-01-25-c09fe209/ipkg-arm_cortex-a7_neon/opkg/bin
install -d -m0755 /media/gwind/windcode/openwrt-ssd20x/18.06/build_dir/target-arm-linux-gnueabihf_glibc/linux-sstar_ssd20x/opkg-2020-01-25-c09fe209/ipkg-arm_cortex-a7_neon/opkg/etc/opkg
install -d -m0755 /media/gwind/windcode/openwrt-ssd20x/18.06/build_dir/target-arm-linux-gnueabihf_glibc/linux-sstar_ssd20x/opkg-2020-01-25-c09fe209/ipkg-arm_cortex-a7_neon/opkg/etc/uci-defaults
install -m0644 ./files/customfeeds.conf /media/gwind/windcode/openwrt-ssd20x/18.06/build_dir/target-arm-linux-gnueabihf_glibc/linux-sstar_ssd20x/opkg-2020-01-25-c09fe209/ipkg-arm_cortex-a7_neon/opkg/etc/opkg/customfeeds.conf
install -m0644 ./files/opkg.conf /media/gwind/windcode/openwrt-ssd20x/18.06/build_dir/target-arm-linux-gnueabihf_glibc/linux-sstar_ssd20x/opkg-2020-01-25-c09fe209/ipkg-arm_cortex-a7_neon/opkg/etc/opkg.conf
install -m0755 ./files/20_migrate-feeds /media/gwind/windcode/openwrt-ssd20x/18.06/build_dir/target-arm-linux-gnueabihf_glibc/linux-sstar_ssd20x/opkg-2020-01-25-c09fe209/ipkg-arm_cortex-a7_neon/opkg/etc/uci-defaults/
install -m0755 /media/gwind/windcode/openwrt-ssd20x/18.06/build_dir/target-arm-linux-gnueabihf_glibc/linux-sstar_ssd20x/opkg-2020-01-25-c09fe209/ipkg-install/usr/bin/opkg-cl /media/gwind/windcode/openwrt-ssd20x/18.06/build_dir/target-arm-linux-gnueabihf_glibc/linux-sstar_ssd20x/opkg-2020-01-25-c09fe209/ipkg-arm_cortex-a7_neon/opkg/bin/opkg
echo "option check_signature" >> /media/gwind/windcode/openwrt-ssd20x/18.06/build_dir/target-arm-linux-gnueabihf_glibc/linux-sstar_ssd20x/opkg-2020-01-25-c09fe209/ipkg-arm_cortex-a7_neon/opkg/etc/opkg.conf
install -d -m0755 /media/gwind/windcode/openwrt-ssd20x/18.06/build_dir/target-arm-linux-gnueabihf_glibc/linux-sstar_ssd20x/opkg-2020-01-25-c09fe209/ipkg-arm_cortex-a7_neon/opkg/usr/sbin
install -m0755 ./files/opkg-key /media/gwind/windcode/openwrt-ssd20x/18.06/build_dir/target-arm-linux-gnueabihf_glibc/linux-sstar_ssd20x/opkg-2020-01-25-c09fe209/ipkg-arm_cortex-a7_neon/opkg/usr/sbin/
find /media/gwind/windcode/openwrt-ssd20x/18.06/build_dir/target-arm-linux-gnueabihf_glibc/linux-sstar_ssd20x/opkg-2020-01-25-c09fe209/ipkg-arm_cortex-a7_neon/opkg -name 'CVS' -o -name '.svn' -o -name '.#*' -o -name '*~'| xargs -r rm -rf
export CROSS="arm-linux-gnueabihf-"  NO_RENAME=1 ; NM="arm-linux-gnueabihf-nm" STRIP="arm-linux-gnueabihf-strip --strip-all" STRIP_KMOD="/media/gwind/windcode/openwrt-ssd20x/18.06/scripts/strip-kmod.sh" PATCHELF="/media/gwind/windcode/openwrt-ssd20x/18.06/staging_dir/host/bin/patchelf" /media/gwind/windcode/openwrt-ssd20x/18.06/scripts/rstrip.sh /media/gwind/windcode/openwrt-ssd20x/18.06/build_dir/target-arm-linux-gnueabihf_glibc/linux-sstar_ssd20x/opkg-2020-01-25-c09fe209/ipkg-arm_cortex-a7_neon/opkg
rstrip.sh: /media/gwind/windcode/openwrt-ssd20x/18.06/build_dir/target-arm-linux-gnueabihf_glibc/linux-sstar_ssd20x/opkg-2020-01-25-c09fe209/ipkg-arm_cortex-a7_neon/opkg/bin/opkg: executable
(cd /media/gwind/windcode/openwrt-ssd20x/18.06/build_dir/target-arm-linux-gnueabihf_glibc/linux-sstar_ssd20x/opkg-2020-01-25-c09fe209/ipkg-arm_cortex-a7_neon/opkg/CONTROL; ( echo "$CONTROL"; printf "Description: "; echo "$DESCRIPTION" | sed -e 's,^[[:space:]]*, ,g'; ) > control; chmod 644 control; ( echo "#!/bin/sh"; echo "[ \"\${IPKG_NO_SCRIPT}\" = \"1\" ] && exit 0"; echo "[ -x "\${IPKG_INSTROOT}/lib/functions.sh" ] || exit 0"; echo ". \${IPKG_INSTROOT}/lib/functions.sh"; echo "default_postinst \$0 \$@"; ) > postinst; ( echo "#!/bin/sh"; echo "[ -x "\${IPKG_INSTROOT}/lib/functions.sh" ] || exit 0"; echo ". \${IPKG_INSTROOT}/lib/functions.sh"; echo "default_prerm \$0 \$@"; ) > prerm; chmod 0755 postinst prerm; echo "$V_Package_opkg_conffiles" > conffiles;  )
install -d -m0755 /media/gwind/windcode/openwrt-ssd20x/18.06/bin/packages/arm_cortex-a7_neon/base
/media/gwind/windcode/openwrt-ssd20x/18.06/scripts/ipkg-build -c -o 0 -g 0 /media/gwind/windcode/openwrt-ssd20x/18.06/build_dir/target-arm-linux-gnueabihf_glibc/linux-sstar_ssd20x/opkg-2020-01-25-c09fe209/ipkg-arm_cortex-a7_neon/opkg /media/gwind/windcode/openwrt-ssd20x/18.06/bin/packages/arm_cortex-a7_neon/base
Packaged contents of /media/gwind/windcode/openwrt-ssd20x/18.06/build_dir/target-arm-linux-gnueabihf_glibc/linux-sstar_ssd20x/opkg-2020-01-25-c09fe209/ipkg-arm_cortex-a7_neon/opkg into /media/gwind/windcode/openwrt-ssd20x/18.06/bin/packages/arm_cortex-a7_neon/base/opkg_2020-01-25-c09fe209-1_arm_cortex-a7_neon.ipk
echo "opkg" >> /media/gwind/windcode/openwrt-ssd20x/18.06/staging_dir/target-arm-linux-gnueabihf_glibc/pkginfo/opkg.default.install
rm -rf /media/gwind/windcode/openwrt-ssd20x/18.06/tmp/stage-opkg
mkdir -p /media/gwind/windcode/openwrt-ssd20x/18.06/tmp/stage-opkg/host /media/gwind/windcode/openwrt-ssd20x/18.06/staging_dir/target-arm-linux-gnueabihf_glibc/packages /media/gwind/windcode/openwrt-ssd20x/18.06/staging_dir/host/packages
find /media/gwind/windcode/openwrt-ssd20x/18.06/tmp/stage-opkg -name '*.la' | xargs -r rm -f;   	find /media/gwind/windcode/openwrt-ssd20x/18.06/tmp/stage-opkg -name '*.la' | xargs -r rm -f; 
if [ -f /media/gwind/windcode/openwrt-ssd20x/18.06/staging_dir/target-arm-linux-gnueabihf_glibc/packages/opkg.list ]; then /media/gwind/windcode/openwrt-ssd20x/18.06/scripts/clean-package.sh "/media/gwind/windcode/openwrt-ssd20x/18.06/staging_dir/target-arm-linux-gnueabihf_glibc/packages/opkg.list" "/media/gwind/windcode/openwrt-ssd20x/18.06/staging_dir/target-arm-linux-gnueabihf_glibc"; fi
if [ -d /media/gwind/windcode/openwrt-ssd20x/18.06/tmp/stage-opkg ]; then (cd /media/gwind/windcode/openwrt-ssd20x/18.06/tmp/stage-opkg; find ./ > /media/gwind/windcode/openwrt-ssd20x/18.06/tmp/stage-opkg.files); 	SHELL= flock /media/gwind/windcode/openwrt-ssd20x/18.06/tmp/.staging-dir.flock -c ' mv /media/gwind/windcode/openwrt-ssd20x/18.06/tmp/stage-opkg.files /media/gwind/windcode/openwrt-ssd20x/18.06/staging_dir/target-arm-linux-gnueabihf_glibc/packages/opkg.list && cp -fpR /media/gwind/windcode/openwrt-ssd20x/18.06/tmp/stage-opkg/* /media/gwind/windcode/openwrt-ssd20x/18.06/staging_dir/target-arm-linux-gnueabihf_glibc/; '; fi
rm -rf /media/gwind/windcode/openwrt-ssd20x/18.06/tmp/stage-opkg
touch /media/gwind/windcode/openwrt-ssd20x/18.06/staging_dir/target-arm-linux-gnueabihf_glibc/stamp/.opkg_installed
make[3]: Leaving directory '/media/gwind/windcode/openwrt-ssd20x/18.06/package/system/opkg'
make[3]: Entering directory '/media/gwind/windcode/openwrt-ssd20x/18.06/package/system/zram-swap'
mkdir -p /media/gwind/windcode/openwrt-ssd20x/18.06/staging_dir/target-arm-linux-gnueabihf_glibc/root-sstar/stamp
SHELL= flock /media/gwind/windcode/openwrt-ssd20x/18.06/tmp/.root-copy.flock -c 'cp -fpR /media/gwind/windcode/openwrt-ssd20x/18.06/build_dir/target-arm-linux-gnueabihf_glibc/zram-swap/.pkgdir/zram-swap/. /media/gwind/windcode/openwrt-ssd20x/18.06/staging_dir/target-arm-linux-gnueabihf_glibc/root-sstar/'
touch /media/gwind/windcode/openwrt-ssd20x/18.06/staging_dir/target-arm-linux-gnueabihf_glibc/root-sstar/stamp/.zram-swap_installed
echo "zram-swap" >> /media/gwind/windcode/openwrt-ssd20x/18.06/staging_dir/target-arm-linux-gnueabihf_glibc/pkginfo/zram-swap.default.install
make[3]: Leaving directory '/media/gwind/windcode/openwrt-ssd20x/18.06/package/system/zram-swap'
make[3]: Entering directory '/media/gwind/windcode/openwrt-ssd20x/18.06/package/utils/busybox'
mkdir -p /media/gwind/windcode/openwrt-ssd20x/18.06/staging_dir/target-arm-linux-gnueabihf_glibc/root-sstar/stamp
SHELL= flock /media/gwind/windcode/openwrt-ssd20x/18.06/tmp/.root-copy.flock -c 'cp -fpR /media/gwind/windcode/openwrt-ssd20x/18.06/build_dir/target-arm-linux-gnueabihf_glibc/busybox-1.28.4/.pkgdir/busybox/. /media/gwind/windcode/openwrt-ssd20x/18.06/staging_dir/target-arm-linux-gnueabihf_glibc/root-sstar/'
touch /media/gwind/windcode/openwrt-ssd20x/18.06/staging_dir/target-arm-linux-gnueabihf_glibc/root-sstar/stamp/.busybox_installed
echo "busybox" >> /media/gwind/windcode/openwrt-ssd20x/18.06/staging_dir/target-arm-linux-gnueabihf_glibc/pkginfo/busybox.default.install
make[3]: Leaving directory '/media/gwind/windcode/openwrt-ssd20x/18.06/package/utils/busybox'
make[3]: Entering directory '/media/gwind/windcode/openwrt-ssd20x/18.06/package/wt/libs/cjson'
mkdir -p /media/gwind/windcode/openwrt-ssd20x/18.06/staging_dir/target-arm-linux-gnueabihf_glibc/root-sstar/stamp
SHELL= flock /media/gwind/windcode/openwrt-ssd20x/18.06/tmp/.root-copy.flock -c 'cp -fpR /media/gwind/windcode/openwrt-ssd20x/18.06/build_dir/target-arm-linux-gnueabihf_glibc/libcjson/.pkgdir/libcjson/. /media/gwind/windcode/openwrt-ssd20x/18.06/staging_dir/target-arm-linux-gnueabihf_glibc/root-sstar/'
touch /media/gwind/windcode/openwrt-ssd20x/18.06/staging_dir/target-arm-linux-gnueabihf_glibc/root-sstar/stamp/.libcjson_installed
echo "libcjson" >> /media/gwind/windcode/openwrt-ssd20x/18.06/staging_dir/target-arm-linux-gnueabihf_glibc/pkginfo/cjson.default.install
make[3]: Leaving directory '/media/gwind/windcode/openwrt-ssd20x/18.06/package/wt/libs/cjson'
make[3]: Entering directory '/media/gwind/windcode/openwrt-ssd20x/18.06/package/wt/libs/wtinfo'
mkdir -p /media/gwind/windcode/openwrt-ssd20x/18.06/staging_dir/target-arm-linux-gnueabihf_glibc/root-sstar/stamp
SHELL= flock /media/gwind/windcode/openwrt-ssd20x/18.06/tmp/.root-copy.flock -c 'cp -fpR /media/gwind/windcode/openwrt-ssd20x/18.06/build_dir/target-arm-linux-gnueabihf_glibc/libwtinfo/.pkgdir/libwtinfo/. /media/gwind/windcode/openwrt-ssd20x/18.06/staging_dir/target-arm-linux-gnueabihf_glibc/root-sstar/'
touch /media/gwind/windcode/openwrt-ssd20x/18.06/staging_dir/target-arm-linux-gnueabihf_glibc/root-sstar/stamp/.libwtinfo_installed
echo "libwtinfo" >> /media/gwind/windcode/openwrt-ssd20x/18.06/staging_dir/target-arm-linux-gnueabihf_glibc/pkginfo/wtinfo.default.install
mkdir -p /media/gwind/windcode/openwrt-ssd20x/18.06/staging_dir/target-arm-linux-gnueabihf_glibc/root-sstar/stamp
SHELL= flock /media/gwind/windcode/openwrt-ssd20x/18.06/tmp/.root-copy.flock -c 'cp -fpR /media/gwind/windcode/openwrt-ssd20x/18.06/build_dir/target-arm-linux-gnueabihf_glibc/libwtinfo/.pkgdir/libwtinfo-lua/. /media/gwind/windcode/openwrt-ssd20x/18.06/staging_dir/target-arm-linux-gnueabihf_glibc/root-sstar/'
touch /media/gwind/windcode/openwrt-ssd20x/18.06/staging_dir/target-arm-linux-gnueabihf_glibc/root-sstar/stamp/.libwtinfo-lua_installed
echo "libwtinfo-lua" >> /media/gwind/windcode/openwrt-ssd20x/18.06/staging_dir/target-arm-linux-gnueabihf_glibc/pkginfo/wtinfo.default.install
mkdir -p /media/gwind/windcode/openwrt-ssd20x/18.06/staging_dir/target-arm-linux-gnueabihf_glibc/root-sstar/stamp
SHELL= flock /media/gwind/windcode/openwrt-ssd20x/18.06/tmp/.root-copy.flock -c 'cp -fpR /media/gwind/windcode/openwrt-ssd20x/18.06/build_dir/target-arm-linux-gnueabihf_glibc/libwtinfo/.pkgdir/wtinfo/. /media/gwind/windcode/openwrt-ssd20x/18.06/staging_dir/target-arm-linux-gnueabihf_glibc/root-sstar/'
touch /media/gwind/windcode/openwrt-ssd20x/18.06/staging_dir/target-arm-linux-gnueabihf_glibc/root-sstar/stamp/.wtinfo_installed
echo "wtinfo" >> /media/gwind/windcode/openwrt-ssd20x/18.06/staging_dir/target-arm-linux-gnueabihf_glibc/pkginfo/wtinfo.default.install
make[3]: Leaving directory '/media/gwind/windcode/openwrt-ssd20x/18.06/package/wt/libs/wtinfo'
make[3]: Entering directory '/media/gwind/windcode/openwrt-ssd20x/18.06/package/wt/libs/wtlvgl'
mkdir -p /media/gwind/windcode/openwrt-ssd20x/18.06/staging_dir/target-arm-linux-gnueabihf_glibc/root-sstar/stamp
SHELL= flock /media/gwind/windcode/openwrt-ssd20x/18.06/tmp/.root-copy.flock -c 'cp -fpR /media/gwind/windcode/openwrt-ssd20x/18.06/build_dir/target-arm-linux-gnueabihf_glibc/liblvgl-v7.10.1/.pkgdir/liblvgl/. /media/gwind/windcode/openwrt-ssd20x/18.06/staging_dir/target-arm-linux-gnueabihf_glibc/root-sstar/'
touch /media/gwind/windcode/openwrt-ssd20x/18.06/staging_dir/target-arm-linux-gnueabihf_glibc/root-sstar/stamp/.liblvgl_installed
echo "liblvgl" >> /media/gwind/windcode/openwrt-ssd20x/18.06/staging_dir/target-arm-linux-gnueabihf_glibc/pkginfo/wtlvgl.default.install
make[3]: Leaving directory '/media/gwind/windcode/openwrt-ssd20x/18.06/package/wt/libs/wtlvgl'
make[3]: Entering directory '/media/gwind/windcode/openwrt-ssd20x/18.06/package/wt/lte-air724'
mkdir -p /media/gwind/windcode/openwrt-ssd20x/18.06/staging_dir/target-arm-linux-gnueabihf_glibc/root-sstar/stamp
SHELL= flock /media/gwind/windcode/openwrt-ssd20x/18.06/tmp/.root-copy.flock -c 'cp -fpR /media/gwind/windcode/openwrt-ssd20x/18.06/build_dir/target-arm-linux-gnueabihf_glibc/lte-air724/.pkgdir/lte-air724/. /media/gwind/windcode/openwrt-ssd20x/18.06/staging_dir/target-arm-linux-gnueabihf_glibc/root-sstar/'
touch /media/gwind/windcode/openwrt-ssd20x/18.06/staging_dir/target-arm-linux-gnueabihf_glibc/root-sstar/stamp/.lte-air724_installed
echo "lte-air724" >> /media/gwind/windcode/openwrt-ssd20x/18.06/staging_dir/target-arm-linux-gnueabihf_glibc/pkginfo/lte-air724.default.install
make[3]: Leaving directory '/media/gwind/windcode/openwrt-ssd20x/18.06/package/wt/lte-air724'
make[3]: Entering directory '/media/gwind/windcode/openwrt-ssd20x/18.06/package/wt/wapi'
mkdir -p /media/gwind/windcode/openwrt-ssd20x/18.06/staging_dir/target-arm-linux-gnueabihf_glibc/root-sstar/stamp
SHELL= flock /media/gwind/windcode/openwrt-ssd20x/18.06/tmp/.root-copy.flock -c 'cp -fpR /media/gwind/windcode/openwrt-ssd20x/18.06/build_dir/target-arm-linux-gnueabihf_glibc/wapi-1.0/.pkgdir/wapi/. /media/gwind/windcode/openwrt-ssd20x/18.06/staging_dir/target-arm-linux-gnueabihf_glibc/root-sstar/'
touch /media/gwind/windcode/openwrt-ssd20x/18.06/staging_dir/target-arm-linux-gnueabihf_glibc/root-sstar/stamp/.wapi_installed
echo "wapi" >> /media/gwind/windcode/openwrt-ssd20x/18.06/staging_dir/target-arm-linux-gnueabihf_glibc/pkginfo/wapi.default.install
make[3]: Leaving directory '/media/gwind/windcode/openwrt-ssd20x/18.06/package/wt/wapi'
make[2]: Leaving directory '/media/gwind/windcode/openwrt-ssd20x/18.06'
make[2]: Entering directory '/media/gwind/windcode/openwrt-ssd20x/18.06'
rm -rf /media/gwind/windcode/openwrt-ssd20x/18.06/staging_dir/packages/sstar
mkdir -p /media/gwind/windcode/openwrt-ssd20x/18.06/staging_dir/packages/sstar
ln -s /media/gwind/windcode/openwrt-ssd20x/18.06/bin/targets/sstar/ssd20x/packages/*.ipk /media/gwind/windcode/openwrt-ssd20x/18.06/staging_dir/packages/sstar; ln -s /media/gwind/windcode/openwrt-ssd20x/18.06/bin/packages/arm_cortex-a7_neon/base/*.ipk /media/gwind/windcode/openwrt-ssd20x/18.06/staging_dir/packages/sstar; ln -s /media/gwind/windcode/openwrt-ssd20x/18.06/bin/packages/arm_cortex-a7_neon/luci/*.ipk /media/gwind/windcode/openwrt-ssd20x/18.06/staging_dir/packages/sstar; ln -s /media/gwind/windcode/openwrt-ssd20x/18.06/bin/packages/arm_cortex-a7_neon/packages/*.ipk /media/gwind/windcode/openwrt-ssd20x/18.06/staging_dir/packages/sstar;  
find /media/gwind/windcode/openwrt-ssd20x/18.06/staging_dir/target-arm-linux-gnueabihf_glibc/root-sstar -type d | xargs -r chmod 0755
rm -rf /media/gwind/windcode/openwrt-ssd20x/18.06/build_dir/target-arm-linux-gnueabihf_glibc/root-sstar /media/gwind/windcode/openwrt-ssd20x/18.06/build_dir/target-arm-linux-gnueabihf_glibc/root.orig-sstar
mkdir -p /media/gwind/windcode/openwrt-ssd20x/18.06/build_dir/target-arm-linux-gnueabihf_glibc/root-sstar/tmp
IPKG_NO_SCRIPT=1 IPKG_INSTROOT=/media/gwind/windcode/openwrt-ssd20x/18.06/build_dir/target-arm-linux-gnueabihf_glibc/root-sstar TMPDIR=/media/gwind/windcode/openwrt-ssd20x/18.06/build_dir/target-arm-linux-gnueabihf_glibc/root-sstar/tmp /media/gwind/windcode/openwrt-ssd20x/18.06/staging_dir/host/bin/opkg --offline-root /media/gwind/windcode/openwrt-ssd20x/18.06/build_dir/target-arm-linux-gnueabihf_glibc/root-sstar --force-postinstall --add-dest root:/ --add-arch all:100 --add-arch arm_cortex-a7_neon:200 install \
	/media/gwind/windcode/openwrt-ssd20x/18.06/bin/targets/sstar/ssd20x/packages/base-files_194.3-1.0.0_arm_cortex-a7_neon.ipk /media/gwind/windcode/openwrt-ssd20x/18.06/bin/targets/sstar/ssd20x/packages/uboot-envtools_2018.03-1_arm_cortex-a7_neon.ipk /media/gwind/windcode/openwrt-ssd20x/18.06/bin/targets/sstar/ssd20x/packages/kmod-fs-exfat_4.9.84+2017-06-20-de4c760b-1_arm_cortex-a7_neon.ipk /media/gwind/windcode/openwrt-ssd20x/18.06/bin/targets/sstar/ssd20x/packages/kernel_4.9.84-1-5188d31184bc778a05bf91d77317c58a_arm_cortex-a7_neon.ipk /media/gwind/windcode/openwrt-ssd20x/18.06/bin/targets/sstar/ssd20x/packages/kmod-fs-vfat_4.9.84-1_arm_cortex-a7_neon.ipk /media/gwind/windcode/openwrt-ssd20x/18.06/bin/targets/sstar/ssd20x/packages/kmod-lib-crc-ccitt_4.9.84-1_arm_cortex-a7_neon.ipk /media/gwind/windcode/openwrt-ssd20x/18.06/bin/targets/sstar/ssd20x/packages/kmod-lib-lzo_4.9.84-1_arm_cortex-a7_neon.ipk /media/gwind/windcode/openwrt-ssd20x/18.06/bin/targets/sstar/ssd20x/packages/kmod-lib-lz4_4.9.84-1_arm_cortex-a7_neon.ipk /media/gwind/windcode/openwrt-ssd20x/18.06/bin/targets/sstar/ssd20x/packages/kmod-libphy_4.9.84-1_arm_cortex-a7_neon.ipk /media/gwind/windcode/openwrt-ssd20x/18.06/bin/targets/sstar/ssd20x/packages/kmod-of-mdio_4.9.84-1_arm_cortex-a7_neon.ipk /media/gwind/windcode/openwrt-ssd20x/18.06/bin/targets/sstar/ssd20x/packages/kmod-nf-reject_4.9.84-1_arm_cortex-a7_neon.ipk /media/gwind/windcode/openwrt-ssd20x/18.06/bin/targets/sstar/ssd20x/packages/kmod-nf-ipt_4.9.84-1_arm_cortex-a7_neon.ipk /media/gwind/windcode/openwrt-ssd20x/18.06/bin/targets/sstar/ssd20x/packages/kmod-ipt-core_4.9.84-1_arm_cortex-a7_neon.ipk /media/gwind/windcode/openwrt-ssd20x/18.06/bin/targets/sstar/ssd20x/packages/kmod-nf-conntrack_4.9.84-1_arm_cortex-a7_neon.ipk /media/gwind/windcode/openwrt-ssd20x/18.06/bin/targets/sstar/ssd20x/packages/kmod-nf-conntrack6_4.9.84-1_arm_cortex-a7_neon.ipk /media/gwind/windcode/openwrt-ssd20x/18.06/bin/targets/sstar/ssd20x/packages/kmod-nf-nat_4.9.84-1_arm_cortex-a7_neon.ipk /media/gwind/windcode/openwrt-ssd20x/18.06/bin/targets/sstar/ssd20x/packages/kmod-ipt-conntrack_4.9.84-1_arm_cortex-a7_neon.ipk /media/gwind/windcode/openwrt-ssd20x/18.06/bin/targets/sstar/ssd20x/packages/kmod-ipt-nat_4.9.84-1_arm_cortex-a7_neon.ipk /media/gwind/windcode/openwrt-ssd20x/18.06/bin/targets/sstar/ssd20x/packages/kmod-slhc_4.9.84-1_arm_cortex-a7_neon.ipk /media/gwind/windcode/openwrt-ssd20x/18.06/bin/targets/sstar/ssd20x/packages/kmod-ppp_4.9.84-1_arm_cortex-a7_neon.ipk /media/gwind/windcode/openwrt-ssd20x/18.06/bin/targets/sstar/ssd20x/packages/kmod-nls-base_4.9.84-1_arm_cortex-a7_neon.ipk /media/gwind/windcode/openwrt-ssd20x/18.06/bin/targets/sstar/ssd20x/packages/kmod-nls-cp437_4.9.84-1_arm_cortex-a7_neon.ipk /media/gwind/windcode/openwrt-ssd20x/18.06/bin/targets/sstar/ssd20x/packages/kmod-nls-iso8859-1_4.9.84-1_arm_cortex-a7_neon.ipk /media/gwind/windcode/openwrt-ssd20x/18.06/bin/targets/sstar/ssd20x/packages/kmod-nls-utf8_4.9.84-1_arm_cortex-a7_neon.ipk /media/gwind/windcode/openwrt-ssd20x/18.06/bin/targets/sstar/ssd20x/packages/kmod-mmc_4.9.84-1_arm_cortex-a7_neon.ipk /media/gwind/windcode/openwrt-ssd20x/18.06/bin/targets/sstar/ssd20x/packages/kmod-zram_4.9.84-1_arm_cortex-a7_neon.ipk /media/gwind/windcode/openwrt-ssd20x/18.06/bin/targets/sstar/ssd20x/packages/kmod-usb-core_4.9.84-1_arm_cortex-a7_neon.ipk /media/gwind/windcode/openwrt-ssd20x/18.06/bin/targets/sstar/ssd20x/packages/kmod-usb-serial_4.9.84-1_arm_cortex-a7_neon.ipk /media/gwind/windcode/openwrt-ssd20x/18.06/bin/targets/sstar/ssd20x/packages/kmod-usb-serial-wwan_4.9.84-1_arm_cortex-a7_neon.ipk /media/gwind/windcode/openwrt-ssd20x/18.06/bin/targets/sstar/ssd20x/packages/kmod-usb-serial-option_4.9.84-1_arm_cortex-a7_neon.ipk /media/gwind/windcode/openwrt-ssd20x/18.06/bin/targets/sstar/ssd20x/packages/kmod-cfg80211-linux_4.9.84-1_arm_cortex-a7_neon.ipk /media/gwind/windcode/openwrt-ssd20x/18.06/bin/targets/sstar/ssd20x/packages/kmod-usb-sstar_4.9.84-1_arm_cortex-a7_neon.ipk /media/gwind/windcode/openwrt-ssd20x/18.06/bin/targets/sstar/ssd20x/packages/kmod-mmc-sstar_4.9.84-1_arm_cortex-a7_neon.ipk /media/gwind/windcode/openwrt-ssd20x/18.06/bin/targets/sstar/ssd20x/packages/kmod-emac-sstar_4.9.84-1_arm_cortex-a7_neon.ipk /media/gwind/windcode/openwrt-ssd20x/18.06/bin/targets/sstar/ssd20x/packages/libc_-2_arm_cortex-a7_neon.ipk /media/gwind/windcode/openwrt-ssd20x/18.06/bin/targets/sstar/ssd20x/packages/libgcc_-2_arm_cortex-a7_neon.ipk /media/gwind/windcode/openwrt-ssd20x/18.06/bin/targets/sstar/ssd20x/packages/libssp_-2_arm_cortex-a7_neon.ipk /media/gwind/windcode/openwrt-ssd20x/18.06/bin/targets/sstar/ssd20x/packages/libstdcpp_-2_arm_cortex-a7_neon.ipk /media/gwind/windcode/openwrt-ssd20x/18.06/bin/targets/sstar/ssd20x/packages/libpthread_-2_arm_cortex-a7_neon.ipk /media/gwind/windcode/openwrt-ssd20x/18.06/bin/targets/sstar/ssd20x/packages/librt_-2_arm_cortex-a7_neon.ipk /media/gwind/windcode/openwrt-ssd20x/18.06/bin/targets/sstar/ssd20x/packages/comgt_0.32-30_arm_cortex-a7_neon.ipk /media/gwind/windcode/openwrt-ssd20x/18.06/bin/targets/sstar/ssd20x/packages/libip4tc_1.6.2-3_arm_cortex-a7_neon.ipk /media/gwind/windcode/openwrt-ssd20x/18.06/bin/targets/sstar/ssd20x/packages/libip6tc_1.6.2-3_arm_cortex-a7_neon.ipk /media/gwind/windcode/openwrt-ssd20x/18.06/bin/targets/sstar/ssd20x/packages/libxtables_1.6.2-3_arm_cortex-a7_neon.ipk /media/gwind/windcode/openwrt-ssd20x/18.06/bin/targets/sstar/ssd20x/packages/libiwinfo_2018-07-31-65b8333f-1_arm_cortex-a7_neon.ipk /media/gwind/windcode/openwrt-ssd20x/18.06/bin/targets/sstar/ssd20x/packages/libiwinfo-lua_2018-07-31-65b8333f-1_arm_cortex-a7_neon.ipk /media/gwind/windcode/openwrt-ssd20x/18.06/bin/targets/sstar/ssd20x/packages/iwinfo_2018-07-31-65b8333f-1_arm_cortex-a7_neon.ipk /media/gwind/windcode/openwrt-ssd20x/18.06/bin/targets/sstar/ssd20x/packages/fstools_2019-03-28-ff1ded63-5_arm_cortex-a7_neon.ipk /media/gwind/windcode/openwrt-ssd20x/18.06/bin/targets/sstar/ssd20x/packages/block-mount_2019-03-28-ff1ded63-5_arm_cortex-a7_neon.ipk /media/gwind/windcode/openwrt-ssd20x/18.06/bin/targets/sstar/ssd20x/packages/fwtool_1_arm_cortex-a7_neon.ipk /media/gwind/windcode/openwrt-ssd20x/18.06/bin/targets/sstar/ssd20x/packages/mtd_23_arm_cortex-a7_neon.ipk /media/gwind/windcode/openwrt-ssd20x/18.06/bin/targets/sstar/ssd20x/packages/ubi-utils_2.0.2-1_arm_cortex-a7_neon.ipk /media/gwind/windcode/openwrt-ssd20x/18.06/bin/packages/arm_cortex-a7_neon/base/libbfd_2.27-1_arm_cortex-a7_neon.ipk /media/gwind/windcode/openwrt-ssd20x/18.06/bin/packages/arm_cortex-a7_neon/base/libopcodes_2.27-1_arm_cortex-a7_neon.ipk /media/gwind/windcode/openwrt-ssd20x/18.06/bin/packages/arm_cortex-a7_neon/base/objdump_2.27-1_arm_cortex-a7_neon.ipk /media/gwind/windcode/openwrt-ssd20x/18.06/bin/packages/arm_cortex-a7_neon/base/strace_4.22-1_arm_cortex-a7_neon.ipk /media/gwind/windcode/openwrt-ssd20x/18.06/bin/packages/arm_cortex-a7_neon/base/libjson-c_0.12.1-2.1_arm_cortex-a7_neon.ipk /media/gwind/windcode/openwrt-ssd20x/18.06/bin/packages/arm_cortex-a7_neon/base/libnl-tiny_0.1-5_arm_cortex-a7_neon.ipk /media/gwind/windcode/openwrt-ssd20x/18.06/bin/packages/arm_cortex-a7_neon/base/libubox_2018-07-25-c83a84af-5_arm_cortex-a7_neon.ipk /media/gwind/windcode/openwrt-ssd20x/18.06/bin/packages/arm_cortex-a7_neon/base/libblobmsg-json_2018-07-25-c83a84af-5_arm_cortex-a7_neon.ipk /media/gwind/windcode/openwrt-ssd20x/18.06/bin/packages/arm_cortex-a7_neon/base/jshn_2018-07-25-c83a84af-5_arm_cortex-a7_neon.ipk /media/gwind/windcode/openwrt-ssd20x/18.06/bin/packages/arm_cortex-a7_neon/base/libjson-script_2018-07-25-c83a84af-5_arm_cortex-a7_neon.ipk /media/gwind/windcode/openwrt-ssd20x/18.06/bin/packages/arm_cortex-a7_neon/base/libunwind_1.2.1-2_arm_cortex-a7_neon.ipk /media/gwind/windcode/openwrt-ssd20x/18.06/bin/packages/arm_cortex-a7_neon/base/libusb-1.0_1.0.22-1_arm_cortex-a7_neon.ipk /media/gwind/windcode/openwrt-ssd20x/18.06/bin/packages/arm_cortex-a7_neon/base/libmbedtls_2.16.7-1_arm_cortex-a7_neon.ipk /media/gwind/windcode/openwrt-ssd20x/18.06/bin/packages/arm_cortex-a7_neon/base/terminfo_6.1-1_arm_cortex-a7_neon.ipk /media/gwind/windcode/openwrt-ssd20x/18.06/bin/packages/arm_cortex-a7_neon/base/libncurses_6.1-1_arm_cortex-a7_neon.ipk /media/gwind/windcode/openwrt-ssd20x/18.06/bin/packages/arm_cortex-a7_neon/base/libopenssl_1.0.2u-1_arm_cortex-a7_neon.ipk /media/gwind/windcode/openwrt-ssd20x/18.06/bin/packages/arm_cortex-a7_neon/base/openssl-util_1.0.2u-1_arm_cortex-a7_neon.ipk /media/gwind/windcode/openwrt-ssd20x/18.06/bin/packages/arm_cortex-a7_neon/base/libuclient_2018-11-24-3ba74ebc-1_arm_cortex-a7_neon.ipk /media/gwind/windcode/openwrt-ssd20x/18.06/bin/packages/arm_cortex-a7_neon/base/uclient-fetch_2018-11-24-3ba74ebc-1_arm_cortex-a7_neon.ipk /media/gwind/windcode/openwrt-ssd20x/18.06/bin/packages/arm_cortex-a7_neon/base/zlib_1.2.11-2_arm_cortex-a7_neon.ipk /media/gwind/windcode/openwrt-ssd20x/18.06/bin/packages/arm_cortex-a7_neon/base/firewall_2018-08-13-1c4d5bcd-2_arm_cortex-a7_neon.ipk /media/gwind/windcode/openwrt-ssd20x/18.06/bin/packages/arm_cortex-a7_neon/base/netifd_2019-01-31-a2aba5c7-2.1_arm_cortex-a7_neon.ipk /media/gwind/windcode/openwrt-ssd20x/18.06/bin/packages/arm_cortex-a7_neon/base/dnsmasq_2.80-1.4_arm_cortex-a7_neon.ipk /media/gwind/windcode/openwrt-ssd20x/18.06/bin/packages/arm_cortex-a7_neon/base/dropbear_2017.75-7.1_arm_cortex-a7_neon.ipk /media/gwind/windcode/openwrt-ssd20x/18.06/bin/packages/arm_cortex-a7_neon/base/hostapd_2018-05-21-62566bc2-8_arm_cortex-a7_neon.ipk /media/gwind/windcode/openwrt-ssd20x/18.06/bin/packages/arm_cortex-a7_neon/base/hostapd-utils_2018-05-21-62566bc2-8_arm_cortex-a7_neon.ipk /media/gwind/windcode/openwrt-ssd20x/18.06/bin/packages/arm_cortex-a7_neon/base/hostapd-common_2018-05-21-62566bc2-8_arm_cortex-a7_neon.ipk /media/gwind/windcode/openwrt-ssd20x/18.06/bin/packages/arm_cortex-a7_neon/base/hostapd-utils_2018-05-21-62566bc2-8_arm_cortex-a7_neon.ipk /media/gwind/windcode/openwrt-ssd20x/18.06/bin/packages/arm_cortex-a7_neon/base/hostapd-common_2018-05-21-62566bc2-8_arm_cortex-a7_neon.ipk /media/gwind/windcode/openwrt-ssd20x/18.06/bin/packages/arm_cortex-a7_neon/base/wpa-supplicant_2018-05-21-62566bc2-8_arm_cortex-a7_neon.ipk /media/gwind/windcode/openwrt-ssd20x/18.06/bin/packages/arm_cortex-a7_neon/base/wpa-cli_2018-05-21-62566bc2-8_arm_cortex-a7_neon.ipk /media/gwind/windcode/openwrt-ssd20x/18.06/bin/packages/arm_cortex-a7_neon/base/hostapd-common_2018-05-21-62566bc2-8_arm_cortex-a7_neon.ipk /media/gwind/windcode/openwrt-ssd20x/18.06/bin/packages/arm_cortex-a7_neon/base/wpa-cli_2018-05-21-62566bc2-8_arm_cortex-a7_neon.ipk /media/gwind/windcode/openwrt-ssd20x/18.06/bin/packages/arm_cortex-a7_neon/base/hostapd-common_2018-05-21-62566bc2-8_arm_cortex-a7_neon.ipk /media/gwind/windcode/openwrt-ssd20x/18.06/bin/packages/arm_cortex-a7_neon/base/wpa-cli_2018-05-21-62566bc2-8_arm_cortex-a7_neon.ipk /media/gwind/windcode/openwrt-ssd20x/18.06/bin/packages/arm_cortex-a7_neon/base/hostapd-common_2018-05-21-62566bc2-8_arm_cortex-a7_neon.ipk /media/gwind/windcode/openwrt-ssd20x/18.06/bin/packages/arm_cortex-a7_neon/base/ppp_2.4.8.git-2020-08-07-2_arm_cortex-a7_neon.ipk /media/gwind/windcode/openwrt-ssd20x/18.06/bin/packages/arm_cortex-a7_neon/base/chat_2.4.8.git-2020-08-07-2_arm_cortex-a7_neon.ipk /media/gwind/windcode/openwrt-ssd20x/18.06/bin/packages/arm_cortex-a7_neon/base/uhttpd_1_arm_cortex-a7_neon.ipk /media/gwind/windcode/openwrt-ssd20x/18.06/bin/packages/arm_cortex-a7_neon/base/curl_7.60.0-4_arm_cortex-a7_neon.ipk /media/gwind/windcode/openwrt-ssd20x/18.06/bin/packages/arm_cortex-a7_neon/base/libcurl_7.60.0-4_arm_cortex-a7_neon.ipk /media/gwind/windcode/openwrt-ssd20x/18.06/bin/packages/arm_cortex-a7_neon/base/iw_4.14-1_arm_cortex-a7_neon.ipk /media/gwind/windcode/openwrt-ssd20x/18.06/bin/packages/arm_cortex-a7_neon/base/wireless-tools_29-5_arm_cortex-a7_neon.ipk /media/gwind/windcode/openwrt-ssd20x/18.06/bin/packages/arm_cortex-a7_neon/base/sstar-mpp-lib_1_arm_cortex-a7_neon.ipk /media/gwind/windcode/openwrt-ssd20x/18.06/bin/packages/arm_cortex-a7_neon/base/uboot-nand-sstar-WT2022_1.1-1-20200901_arm_cortex-a7_neon.ipk /media/gwind/windcode/openwrt-ssd20x/18.06/bin/packages/arm_cortex-a7_neon/base/ca-bundle_20200601-1_all.ipk /media/gwind/windcode/openwrt-ssd20x/18.06/bin/packages/arm_cortex-a7_neon/base/openwrt-keyring_2018-05-18-103a32e9-1_arm_cortex-a7_neon.ipk /media/gwind/windcode/openwrt-ssd20x/18.06/bin/packages/arm_cortex-a7_neon/base/opkg_2020-01-25-c09fe209-1_arm_cortex-a7_neon.ipk /media/gwind/windcode/openwrt-ssd20x/18.06/bin/packages/arm_cortex-a7_neon/base/procd_2018-03-28-dfb68f85-1_arm_cortex-a7_neon.ipk /media/gwind/windcode/openwrt-ssd20x/18.06/bin/packages/arm_cortex-a7_neon/base/rpcd_2020-05-26-7be1f171-1_arm_cortex-a7_neon.ipk /media/gwind/windcode/openwrt-ssd20x/18.06/bin/packages/arm_cortex-a7_neon/base/ubox_2018-02-14-128bc35f-2_arm_cortex-a7_neon.ipk /media/gwind/windcode/openwrt-ssd20x/18.06/bin/packages/arm_cortex-a7_neon/base/logd_2018-02-14-128bc35f-2_arm_cortex-a7_neon.ipk /media/gwind/windcode/openwrt-ssd20x/18.06/bin/packages/arm_cortex-a7_neon/base/libubus_2018-10-06-221ce7e7-1_arm_cortex-a7_neon.ipk /media/gwind/windcode/openwrt-ssd20x/18.06/bin/packages/arm_cortex-a7_neon/base/libubus-lua_2018-10-06-221ce7e7-1_arm_cortex-a7_neon.ipk /media/gwind/windcode/openwrt-ssd20x/18.06/bin/packages/arm_cortex-a7_neon/base/ubus_2018-10-06-221ce7e7-1_arm_cortex-a7_neon.ipk /media/gwind/windcode/openwrt-ssd20x/18.06/bin/packages/arm_cortex-a7_neon/base/ubusd_2018-10-06-221ce7e7-1_arm_cortex-a7_neon.ipk /media/gwind/windcode/openwrt-ssd20x/18.06/bin/packages/arm_cortex-a7_neon/base/uci_2019-05-17-f199b961-1_arm_cortex-a7_neon.ipk /media/gwind/windcode/openwrt-ssd20x/18.06/bin/packages/arm_cortex-a7_neon/base/libuci_2019-05-17-f199b961-1_arm_cortex-a7_neon.ipk /media/gwind/windcode/openwrt-ssd20x/18.06/bin/packages/arm_cortex-a7_neon/base/libuci-lua_2019-05-17-f199b961-1_arm_cortex-a7_neon.ipk /media/gwind/windcode/openwrt-ssd20x/18.06/bin/packages/arm_cortex-a7_neon/base/usign_2020-05-23-f1f65026-1_arm_cortex-a7_neon.ipk /media/gwind/windcode/openwrt-ssd20x/18.06/bin/packages/arm_cortex-a7_neon/base/zram-swap_1.1-2_all.ipk /media/gwind/windcode/openwrt-ssd20x/18.06/bin/packages/arm_cortex-a7_neon/base/busybox_1.28.4-3_arm_cortex-a7_neon.ipk /media/gwind/windcode/openwrt-ssd20x/18.06/bin/packages/arm_cortex-a7_neon/base/libbz2_1.0.6-5_arm_cortex-a7_neon.ipk /media/gwind/windcode/openwrt-ssd20x/18.06/bin/packages/arm_cortex-a7_neon/base/jsonfilter_2018-02-04-c7e938d6-1_arm_cortex-a7_neon.ipk /media/gwind/windcode/openwrt-ssd20x/18.06/bin/packages/arm_cortex-a7_neon/base/liblua_5.1.5-1_arm_cortex-a7_neon.ipk /media/gwind/windcode/openwrt-ssd20x/18.06/bin/packages/arm_cortex-a7_neon/base/lua_5.1.5-1_arm_cortex-a7_neon.ipk /media/gwind/windcode/openwrt-ssd20x/18.06/bin/packages/arm_cortex-a7_neon/base/flock_2.32-2_arm_cortex-a7_neon.ipk /media/gwind/windcode/openwrt-ssd20x/18.06/bin/packages/arm_cortex-a7_neon/base/libcjson_1_arm_cortex-a7_neon.ipk /media/gwind/windcode/openwrt-ssd20x/18.06/bin/packages/arm_cortex-a7_neon/base/libwtinfo_1_arm_cortex-a7_neon.ipk /media/gwind/windcode/openwrt-ssd20x/18.06/bin/packages/arm_cortex-a7_neon/base/libwtinfo-lua_1_arm_cortex-a7_neon.ipk /media/gwind/windcode/openwrt-ssd20x/18.06/bin/packages/arm_cortex-a7_neon/base/wtinfo_1_arm_cortex-a7_neon.ipk /media/gwind/windcode/openwrt-ssd20x/18.06/bin/packages/arm_cortex-a7_neon/base/liblvgl_v7.10.1-1_arm_cortex-a7_neon.ipk /media/gwind/windcode/openwrt-ssd20x/18.06/bin/packages/arm_cortex-a7_neon/base/lte-air724_V1.0_arm_cortex-a7_neon.ipk /media/gwind/windcode/openwrt-ssd20x/18.06/bin/packages/arm_cortex-a7_neon/base/wapi_1.0-20210129_all.ipk /media/gwind/windcode/openwrt-ssd20x/18.06/bin/packages/arm_cortex-a7_neon/luci/luci_git-21.041.07147-20b3600-1_all.ipk /media/gwind/windcode/openwrt-ssd20x/18.06/bin/packages/arm_cortex-a7_neon/luci/luci-app-firewall_git-21.041.07147-20b3600-1_all.ipk /media/gwind/windcode/openwrt-ssd20x/18.06/bin/packages/arm_cortex-a7_neon/luci/luci-base_git-21.041.07147-20b3600-1_arm_cortex-a7_neon.ipk /media/gwind/windcode/openwrt-ssd20x/18.06/bin/packages/arm_cortex-a7_neon/luci/luci-lib-ip_git-21.041.07147-20b3600-1_arm_cortex-a7_neon.ipk /media/gwind/windcode/openwrt-ssd20x/18.06/bin/packages/arm_cortex-a7_neon/luci/luci-lib-jsonc_git-21.041.07147-20b3600-1_arm_cortex-a7_neon.ipk /media/gwind/windcode/openwrt-ssd20x/18.06/bin/packages/arm_cortex-a7_neon/luci/luci-lib-nixio_git-21.041.07147-20b3600-1_arm_cortex-a7_neon.ipk /media/gwind/windcode/openwrt-ssd20x/18.06/bin/packages/arm_cortex-a7_neon/luci/luci-mod-admin-full_git-21.041.07147-20b3600-1_arm_cortex-a7_neon.ipk /media/gwind/windcode/openwrt-ssd20x/18.06/bin/packages/arm_cortex-a7_neon/luci/luci-proto-ipv6_git-21.041.07147-20b3600-1_all.ipk /media/gwind/windcode/openwrt-ssd20x/18.06/bin/packages/arm_cortex-a7_neon/luci/luci-proto-ppp_git-21.041.07147-20b3600-1_all.ipk /media/gwind/windcode/openwrt-ssd20x/18.06/bin/packages/arm_cortex-a7_neon/luci/luci-theme-bootstrap_git-21.041.07147-20b3600-1_all.ipk /media/gwind/windcode/openwrt-ssd20x/18.06/bin/packages/arm_cortex-a7_neon/luci/liblucihttp_2019-07-05-a34a17d5-1_arm_cortex-a7_neon.ipk /media/gwind/windcode/openwrt-ssd20x/18.06/bin/packages/arm_cortex-a7_neon/luci/liblucihttp-lua_2019-07-05-a34a17d5-1_arm_cortex-a7_neon.ipk /media/gwind/windcode/openwrt-ssd20x/18.06/bin/packages/arm_cortex-a7_neon/luci/rpcd-mod-rrdns_20170710_arm_cortex-a7_neon.ipk /media/gwind/windcode/openwrt-ssd20x/18.06/bin/packages/arm_cortex-a7_neon/packages/libfreetype_2.9-1_arm_cortex-a7_neon.ipk /media/gwind/windcode/openwrt-ssd20x/18.06/bin/packages/arm_cortex-a7_neon/packages/libpng_1.6.34-1_arm_cortex-a7_neon.ipk /media/gwind/windcode/openwrt-ssd20x/18.06/bin/packages/arm_cortex-a7_neon/packages/lua-cjson_2.1.0-2_arm_cortex-a7_neon.ipk /media/gwind/windcode/openwrt-ssd20x/18.06/bin/packages/arm_cortex-a7_neon/packages/luafilesystem_1.6.2-1_arm_cortex-a7_neon.ipk /media/gwind/windcode/openwrt-ssd20x/18.06/bin/packages/arm_cortex-a7_neon/packages/luasec_0.6-3_arm_cortex-a7_neon.ipk /media/gwind/windcode/openwrt-ssd20x/18.06/bin/packages/arm_cortex-a7_neon/packages/luasocket_3.0-rc1-20130909-4_arm_cortex-a7_neon.ipk /media/gwind/windcode/openwrt-ssd20x/18.06/bin/packages/arm_cortex-a7_neon/packages/stress_1.0.4-1_arm_cortex-a7_neon.ipk /media/gwind/windcode/openwrt-ssd20x/18.06/bin/packages/arm_cortex-a7_neon/packages/sysstat_11.6.0-2_arm_cortex-a7_neon.ipk /media/gwind/windcode/openwrt-ssd20x/18.06/bin/packages/arm_cortex-a7_neon/packages/vsftpd_3.0.3-2_arm_cortex-a7_neon.ipk
Installing base-files (194.3-1.0.0) to root...
Installing libgcc ((null)-2) to root...
Installing libc ((null)-2) to root...
Installing libssp ((null)-2) to root...
Installing libpthread ((null)-2) to root...
Installing librt ((null)-2) to root...
Installing libubox (2018-07-25-c83a84af-5) to root...
Installing libuci (2019-05-17-f199b961-1) to root...
Installing libnl-tiny (0.1-5) to root...
Installing libubus (2018-10-06-221ce7e7-1) to root...
Installing libjson-c (0.12.1-2.1) to root...
Installing libblobmsg-json (2018-07-25-c83a84af-5) to root...
Installing ubusd (2018-10-06-221ce7e7-1) to root...
Installing ubus (2018-10-06-221ce7e7-1) to root...
Installing jshn (2018-07-25-c83a84af-5) to root...
Installing netifd (2019-01-31-a2aba5c7-2.1) to root...
Installing libjson-script (2018-07-25-c83a84af-5) to root...
Installing ubox (2018-02-14-128bc35f-2) to root...
Installing procd (2018-03-28-dfb68f85-1) to root...
Installing jsonfilter (2018-02-04-c7e938d6-1) to root...
Installing usign (2020-05-23-f1f65026-1) to root...
Installing openwrt-keyring (2018-05-18-103a32e9-1) to root...
Installing ubi-utils (2.0.2-1) to root...
Installing fstools (2019-03-28-ff1ded63-5) to root...
Installing fwtool (1) to root...
Installing uboot-envtools (2018.03-1) to root...
Installing kmod-fs-exfat (4.9.84+2017-06-20-de4c760b-1) to root...
Installing kernel (4.9.84-1-5188d31184bc778a05bf91d77317c58a) to root...
Installing kmod-nls-base (4.9.84-1) to root...
Package kernel (4.9.84-1-5188d31184bc778a05bf91d77317c58a) installed in root is up to date.
Installing kmod-fs-vfat (4.9.84-1) to root...
Installing kmod-nls-cp437 (4.9.84-1) to root...
Installing kmod-nls-iso8859-1 (4.9.84-1) to root...
Installing kmod-nls-utf8 (4.9.84-1) to root...
Installing kmod-lib-crc-ccitt (4.9.84-1) to root...
Installing kmod-lib-lzo (4.9.84-1) to root...
Installing kmod-lib-lz4 (4.9.84-1) to root...
Installing kmod-libphy (4.9.84-1) to root...
Installing kmod-of-mdio (4.9.84-1) to root...
Installing kmod-nf-reject (4.9.84-1) to root...
Installing kmod-nf-ipt (4.9.84-1) to root...
Installing kmod-ipt-core (4.9.84-1) to root...
Installing kmod-nf-conntrack (4.9.84-1) to root...
Installing kmod-nf-conntrack6 (4.9.84-1) to root...
Installing kmod-nf-nat (4.9.84-1) to root...
Installing kmod-ipt-conntrack (4.9.84-1) to root...
Installing kmod-ipt-nat (4.9.84-1) to root...
Installing kmod-slhc (4.9.84-1) to root...
Installing kmod-ppp (4.9.84-1) to root...
Package kmod-nls-base (4.9.84-1) installed in root is up to date.
Package kmod-nls-cp437 (4.9.84-1) installed in root is up to date.
Package kmod-nls-iso8859-1 (4.9.84-1) installed in root is up to date.
Package kmod-nls-utf8 (4.9.84-1) installed in root is up to date.
Installing kmod-mmc (4.9.84-1) to root...
Installing kmod-zram (4.9.84-1) to root...
Installing kmod-usb-core (4.9.84-1) to root...
Installing kmod-usb-serial (4.9.84-1) to root...
Installing kmod-usb-serial-wwan (4.9.84-1) to root...
Installing kmod-usb-serial-option (4.9.84-1) to root...
Installing kmod-cfg80211-linux (4.9.84-1) to root...
Installing iw (4.14-1) to root...
Installing kmod-usb-sstar (4.9.84-1) to root...
Installing kmod-mmc-sstar (4.9.84-1) to root...
Installing kmod-emac-sstar (4.9.84-1) to root...
Package libc ((null)-2) installed in root is up to date.
Package libgcc ((null)-2) installed in root is up to date.
Package libssp ((null)-2) installed in root is up to date.
Installing libstdcpp ((null)-2) to root...
Package libpthread ((null)-2) installed in root is up to date.
Package librt ((null)-2) installed in root is up to date.
Installing comgt (0.32-30) to root...
Installing chat (2.4.8.git-2020-08-07-2) to root...
Installing libip4tc (1.6.2-3) to root...
Installing libxtables (1.6.2-3) to root...
Installing libip6tc (1.6.2-3) to root...
Package libxtables (1.6.2-3) installed in root is up to date.
Installing libiwinfo (2018-07-31-65b8333f-1) to root...
Installing libiwinfo-lua (2018-07-31-65b8333f-1) to root...
Installing liblua (5.1.5-1) to root...
Installing iwinfo (2018-07-31-65b8333f-1) to root...
Package fstools (2019-03-28-ff1ded63-5) installed in root is up to date.
Installing block-mount (2019-03-28-ff1ded63-5) to root...
Package fwtool (1) installed in root is up to date.
Installing mtd (23) to root...
Package ubi-utils (2.0.2-1) installed in root is up to date.
Installing libbfd (2.27-1) to root...
Installing zlib (1.2.11-2) to root...
Installing libopcodes (2.27-1) to root...
Installing objdump (2.27-1) to root...
Installing strace (4.22-1) to root...
Package libjson-c (0.12.1-2.1) installed in root is up to date.
Package libnl-tiny (0.1-5) installed in root is up to date.
Package libubox (2018-07-25-c83a84af-5) installed in root is up to date.
Package libblobmsg-json (2018-07-25-c83a84af-5) installed in root is up to date.
Package jshn (2018-07-25-c83a84af-5) installed in root is up to date.
Package libjson-script (2018-07-25-c83a84af-5) installed in root is up to date.
Installing libunwind (1.2.1-2) to root...
Installing libusb-1.0 (1.0.22-1) to root...
Installing libmbedtls (2.16.7-1) to root...
Installing terminfo (6.1-1) to root...
Installing libncurses (6.1-1) to root...
Installing libopenssl (1.0.2u-1) to root...
Installing openssl-util (1.0.2u-1) to root...
Installing libuclient (2018-11-24-3ba74ebc-1) to root...
Installing uclient-fetch (2018-11-24-3ba74ebc-1) to root...
Package zlib (1.2.11-2) installed in root is up to date.
Installing firewall (2018-08-13-1c4d5bcd-2) to root...
Package netifd (2019-01-31-a2aba5c7-2.1) installed in root is up to date.
Installing dnsmasq (2.80-1.4) to root...
Installing dropbear (2017.75-7.1) to root...
Installing hostapd (2018-05-21-62566bc2-8) to root...
Installing hostapd-common (2018-05-21-62566bc2-8) to root...
Installing hostapd-utils (2018-05-21-62566bc2-8) to root...
Package hostapd-common (2018-05-21-62566bc2-8) installed in root is up to date.
Package hostapd-utils (2018-05-21-62566bc2-8) installed in root is up to date.
Package hostapd-common (2018-05-21-62566bc2-8) installed in root is up to date.
Installing wpa-supplicant (2018-05-21-62566bc2-8) to root...
Installing wpa-cli (2018-05-21-62566bc2-8) to root...
Package hostapd-common (2018-05-21-62566bc2-8) installed in root is up to date.
Package wpa-cli (2018-05-21-62566bc2-8) installed in root is up to date.
Package hostapd-common (2018-05-21-62566bc2-8) installed in root is up to date.
Package wpa-cli (2018-05-21-62566bc2-8) installed in root is up to date.
Package hostapd-common (2018-05-21-62566bc2-8) installed in root is up to date.
Installing ppp (2.4.8.git-2020-08-07-2) to root...
Package chat (2.4.8.git-2020-08-07-2) installed in root is up to date.
Installing uhttpd (1) to root...
Installing curl (7.60.0-4) to root...
Installing ca-bundle (20200601-1) to root...
Installing libcurl (7.60.0-4) to root...
Package libcurl (7.60.0-4) installed in root is up to date.
Package iw (4.14-1) installed in root is up to date.
Installing wireless-tools (29-5) to root...
Installing sstar-mpp-lib (1) to root...
Installing uboot-nand-sstar-WT2022 (1.1-1-20200901) to root...
Package ca-bundle (20200601-1) installed in root is up to date.
Package openwrt-keyring (2018-05-18-103a32e9-1) installed in root is up to date.
Installing opkg (2020-01-25-c09fe209-1) to root...
Package procd (2018-03-28-dfb68f85-1) installed in root is up to date.
Installing rpcd (2020-05-26-7be1f171-1) to root...
Package ubox (2018-02-14-128bc35f-2) installed in root is up to date.
Installing logd (2018-02-14-128bc35f-2) to root...
Package libubus (2018-10-06-221ce7e7-1) installed in root is up to date.
Installing libubus-lua (2018-10-06-221ce7e7-1) to root...
Package ubus (2018-10-06-221ce7e7-1) installed in root is up to date.
Package ubusd (2018-10-06-221ce7e7-1) installed in root is up to date.
Installing uci (2019-05-17-f199b961-1) to root...
Package libuci (2019-05-17-f199b961-1) installed in root is up to date.
Installing libuci-lua (2019-05-17-f199b961-1) to root...
Package usign (2020-05-23-f1f65026-1) installed in root is up to date.
Installing zram-swap (1.1-2) to root...
Installing busybox (1.28.4-3) to root...
Installing libbz2 (1.0.6-5) to root...
Package jsonfilter (2018-02-04-c7e938d6-1) installed in root is up to date.
Package liblua (5.1.5-1) installed in root is up to date.
Installing lua (5.1.5-1) to root...
Installing flock (2.32-2) to root...
Installing libcjson (1) to root...
Installing libwtinfo (1) to root...
Installing libwtinfo-lua (1) to root...
Installing wtinfo (1) to root...
Installing liblvgl (v7.10.1-1) to root...
Installing libpng (1.6.34-1) to root...
Installing libfreetype (2.9-1) to root...
Installing lte-air724 (V1.0) to root...
Installing wapi (1.0-20210129) to root...
Installing lua-cjson (2.1.0-2) to root...
Installing luci-lib-nixio (git-21.041.07147-20b3600-1) to root...
Installing luci-lib-ip (git-21.041.07147-20b3600-1) to root...
Installing luasocket (3.0-rc1-20130909-4) to root...
Installing luasec (0.6-3) to root...
Installing luafilesystem (1.6.2-1) to root...
Installing luci (git-21.041.07147-20b3600-1) to root...
Installing luci-lib-jsonc (git-21.041.07147-20b3600-1) to root...
Installing liblucihttp (2019-07-05-a34a17d5-1) to root...
Installing liblucihttp-lua (2019-07-05-a34a17d5-1) to root...
Installing luci-base (git-21.041.07147-20b3600-1) to root...
Installing luci-mod-admin-full (git-21.041.07147-20b3600-1) to root...
Installing luci-theme-bootstrap (git-21.041.07147-20b3600-1) to root...
Installing luci-app-firewall (git-21.041.07147-20b3600-1) to root...
Installing luci-proto-ppp (git-21.041.07147-20b3600-1) to root...
Installing rpcd-mod-rrdns (20170710) to root...
Package luci-app-firewall (git-21.041.07147-20b3600-1) installed in root is up to date.
Package luci-base (git-21.041.07147-20b3600-1) installed in root is up to date.
Package luci-lib-ip (git-21.041.07147-20b3600-1) installed in root is up to date.
Package luci-lib-jsonc (git-21.041.07147-20b3600-1) installed in root is up to date.
Package luci-lib-nixio (git-21.041.07147-20b3600-1) installed in root is up to date.
Package luci-mod-admin-full (git-21.041.07147-20b3600-1) installed in root is up to date.
Installing luci-proto-ipv6 (git-21.041.07147-20b3600-1) to root...
Package luci-proto-ppp (git-21.041.07147-20b3600-1) installed in root is up to date.
Package luci-theme-bootstrap (git-21.041.07147-20b3600-1) installed in root is up to date.
Package liblucihttp (2019-07-05-a34a17d5-1) installed in root is up to date.
Package liblucihttp-lua (2019-07-05-a34a17d5-1) installed in root is up to date.
Package rpcd-mod-rrdns (20170710) installed in root is up to date.
Package libfreetype (2.9-1) installed in root is up to date.
Package libpng (1.6.34-1) installed in root is up to date.
Package lua-cjson (2.1.0-2) installed in root is up to date.
Package luafilesystem (1.6.2-1) installed in root is up to date.
Package luasec (0.6-3) installed in root is up to date.
Package luasocket (3.0-rc1-20130909-4) installed in root is up to date.
Installing stress (1.0.4-1) to root...
Installing sysstat (11.6.0-2) to root...
Installing vsftpd (3.0.3-2) to root...
Configuring libgcc.
Configuring libc.
Configuring libssp.
Configuring libpthread.
Configuring librt.
Configuring terminfo.
Configuring libubox.
Configuring libuci.
Configuring liblua.
Configuring libuci-lua.
Configuring libnl-tiny.
Configuring libubus.
Configuring libiwinfo.
Configuring iwinfo.
Configuring lua.
Configuring libubus-lua.
Configuring libjson-c.
Configuring libblobmsg-json.
Configuring rpcd.
Configuring lua-cjson.
Configuring luci-lib-nixio.
Configuring luci-lib-ip.
Configuring libopenssl.
Configuring luasocket.
Configuring luasec.
Configuring luafilesystem.
Configuring wapi.
Configuring sysstat.
Configuring libuclient.
Configuring uclient-fetch.
Configuring opkg.
Configuring kernel.
Configuring kmod-nls-base.
Configuring kmod-usb-core.
Configuring ubusd.
Configuring ubus.
Configuring iw.
Configuring busybox.
Configuring chat.
Configuring kmod-lib-lzo.
Configuring kmod-lib-lz4.
Configuring kmod-zram.
Configuring ubox.
Configuring block-mount.
Configuring zram-swap.
Configuring kmod-libphy.
Configuring kmod-of-mdio.
Configuring kmod-emac-sstar.
Configuring libiwinfo-lua.
Configuring strace.
Configuring libunwind.
Configuring libmbedtls.
Configuring ca-bundle.
Configuring libcurl.
Configuring openssl-util.
Configuring kmod-lib-crc-ccitt.
Configuring kmod-cfg80211-linux.
Configuring uboot-nand-sstar-WT2022.
Configuring luci-theme-bootstrap.
Configuring kmod-nf-reject.
Configuring kmod-nf-ipt.
Configuring kmod-ipt-core.
Configuring kmod-nf-conntrack.
Configuring kmod-ipt-conntrack.
Configuring jshn.
Configuring netifd.
Configuring libjson-script.
Configuring procd.
Configuring jsonfilter.
Configuring usign.
Configuring openwrt-keyring.
Configuring ubi-utils.
Configuring fstools.
Configuring fwtool.
Configuring base-files.
Configuring kmod-nf-nat.
Configuring sstar-mpp-lib.
Configuring uboot-envtools.
Configuring dnsmasq.
Configuring zlib.
Configuring libbfd.
Configuring hostapd-utils.
Configuring libcjson.
Configuring libwtinfo.
Configuring libwtinfo-lua.
Configuring kmod-mmc.
Configuring kmod-mmc-sstar.
Configuring kmod-nls-cp437.
Configuring kmod-nls-iso8859-1.
Configuring kmod-nls-utf8.
Configuring kmod-fs-vfat.
Configuring kmod-usb-serial.
Configuring kmod-usb-serial-wwan.
Configuring kmod-usb-serial-option.
Configuring kmod-fs-exfat.
Configuring libxtables.
Configuring libip4tc.
Configuring libip6tc.
Configuring kmod-nf-conntrack6.
Configuring kmod-ipt-nat.
Configuring firewall.
Configuring comgt.
Configuring luci-app-firewall.
Configuring libopcodes.
Configuring libpng.
Configuring uci.
Configuring dropbear.
Configuring flock.
Configuring curl.
Configuring kmod-usb-sstar.
Configuring libstdcpp.
Configuring mtd.
Configuring wpa-supplicant.
Configuring lte-air724.
Configuring luci-proto-ppp.
Configuring kmod-slhc.
Configuring kmod-ppp.
Configuring ppp.
Configuring luci-lib-jsonc.
Configuring liblucihttp.
Configuring liblucihttp-lua.
Configuring luci-base.
Configuring luci-mod-admin-full.
Configuring objdump.
Configuring libusb-1.0.
Configuring logd.
Configuring luci-proto-ipv6.
Configuring libncurses.
Configuring libbz2.
Configuring libfreetype.
Configuring liblvgl.
Configuring wpa-cli.
Configuring hostapd-common.
Configuring hostapd.
Configuring uhttpd.
Configuring rpcd-mod-rrdns.
Configuring luci.
Configuring wtinfo.
Configuring stress.
Configuring wireless-tools.
Configuring vsftpd.
Setting flags for package libc to hold.
Setting flags for package libgcc to hold.
Setting flags for package libssp to hold.
Setting flags for package libstdcpp to hold.
Setting flags for package libpthread to hold.
Setting flags for package librt to hold.
cp -fpR /media/gwind/windcode/openwrt-ssd20x/18.06/build_dir/target-arm-linux-gnueabihf_glibc/root-sstar /media/gwind/windcode/openwrt-ssd20x/18.06/build_dir/target-arm-linux-gnueabihf_glibc/root.orig-sstar
sed -i "s/Installed-Time: .*/Installed-Time: 1615522880/" /media/gwind/windcode/openwrt-ssd20x/18.06/build_dir/target-arm-linux-gnueabihf_glibc/root-sstar/usr/lib/opkg/status
rm -rf /media/gwind/windcode/openwrt-ssd20x/18.06/build_dir/target-arm-linux-gnueabihf_glibc/root-sstar/tmp/*
rm -f /media/gwind/windcode/openwrt-ssd20x/18.06/build_dir/target-arm-linux-gnueabihf_glibc/root-sstar/usr/lib/opkg/lists/*
rm -f /media/gwind/windcode/openwrt-ssd20x/18.06/build_dir/target-arm-linux-gnueabihf_glibc/root-sstar/usr/lib/opkg/info/*.postinst*
rm -f /media/gwind/windcode/openwrt-ssd20x/18.06/build_dir/target-arm-linux-gnueabihf_glibc/root-sstar/var/lock/*.lock
rm -rf /media/gwind/windcode/openwrt-ssd20x/18.06/build_dir/target-arm-linux-gnueabihf_glibc/root-sstar/boot
make[2]: Leaving directory '/media/gwind/windcode/openwrt-ssd20x/18.06'
make[2]: Entering directory '/media/gwind/windcode/openwrt-ssd20x/18.06'
make[3]: Entering directory '/media/gwind/windcode/openwrt-ssd20x/18.06/target/linux'
make[4]: Entering directory '/media/gwind/windcode/openwrt-ssd20x/18.06/target/linux/sstar'
rm -f /media/gwind/windcode/openwrt-ssd20x/18.06/build_dir/target-arm-linux-gnueabihf_glibc/linux-sstar_ssd20x/linux-4.9.84/localversion
/media/gwind/windcode/openwrt-ssd20x/18.06/scripts/kconfig.pl  + + /media/gwind/windcode/openwrt-ssd20x/18.06/target/linux/generic/config-4.9 /media/gwind/windcode/openwrt-ssd20x/18.06/target/linux/sstar/ssd20x/config-4.9 /media/gwind/windcode/openwrt-ssd20x/18.06/target/linux/sstar/ssd20x/WT2022/config-4.9 > /media/gwind/windcode/openwrt-ssd20x/18.06/build_dir/target-arm-linux-gnueabihf_glibc/linux-sstar_ssd20x/linux-4.9.84/.config.target
awk '/^(#[[:space:]]+)?CONFIG_KERNEL/{sub("CONFIG_KERNEL_","CONFIG_");print}' /media/gwind/windcode/openwrt-ssd20x/18.06/.config >> /media/gwind/windcode/openwrt-ssd20x/18.06/build_dir/target-arm-linux-gnueabihf_glibc/linux-sstar_ssd20x/linux-4.9.84/.config.target
echo "# CONFIG_KALLSYMS_EXTRA_PASS is not set" >> /media/gwind/windcode/openwrt-ssd20x/18.06/build_dir/target-arm-linux-gnueabihf_glibc/linux-sstar_ssd20x/linux-4.9.84/.config.target
echo "CONFIG_KALLSYMS_UNCOMPRESSED=y" >> /media/gwind/windcode/openwrt-ssd20x/18.06/build_dir/target-arm-linux-gnueabihf_glibc/linux-sstar_ssd20x/linux-4.9.84/.config.target
/media/gwind/windcode/openwrt-ssd20x/18.06/scripts/package-metadata.pl kconfig /media/gwind/windcode/openwrt-ssd20x/18.06/tmp/.packageinfo /media/gwind/windcode/openwrt-ssd20x/18.06/.config 4.9 > /media/gwind/windcode/openwrt-ssd20x/18.06/build_dir/target-arm-linux-gnueabihf_glibc/linux-sstar_ssd20x/linux-4.9.84/.config.override
/media/gwind/windcode/openwrt-ssd20x/18.06/scripts/kconfig.pl 'm+' '+' /media/gwind/windcode/openwrt-ssd20x/18.06/build_dir/target-arm-linux-gnueabihf_glibc/linux-sstar_ssd20x/linux-4.9.84/.config.target /dev/null /media/gwind/windcode/openwrt-ssd20x/18.06/build_dir/target-arm-linux-gnueabihf_glibc/linux-sstar_ssd20x/linux-4.9.84/.config.override > /media/gwind/windcode/openwrt-ssd20x/18.06/build_dir/target-arm-linux-gnueabihf_glibc/linux-sstar_ssd20x/linux-4.9.84/.config.set
mv /media/gwind/windcode/openwrt-ssd20x/18.06/build_dir/target-arm-linux-gnueabihf_glibc/linux-sstar_ssd20x/linux-4.9.84/.config.set /media/gwind/windcode/openwrt-ssd20x/18.06/build_dir/target-arm-linux-gnueabihf_glibc/linux-sstar_ssd20x/linux-4.9.84/.config.old
grep -v INITRAMFS /media/gwind/windcode/openwrt-ssd20x/18.06/build_dir/target-arm-linux-gnueabihf_glibc/linux-sstar_ssd20x/linux-4.9.84/.config.old > /media/gwind/windcode/openwrt-ssd20x/18.06/build_dir/target-arm-linux-gnueabihf_glibc/linux-sstar_ssd20x/linux-4.9.84/.config.set
echo 'CONFIG_INITRAMFS_SOURCE=""' >> /media/gwind/windcode/openwrt-ssd20x/18.06/build_dir/target-arm-linux-gnueabihf_glibc/linux-sstar_ssd20x/linux-4.9.84/.config.set
echo '# CONFIG_INITRAMFS_FORCE is not set' >> /media/gwind/windcode/openwrt-ssd20x/18.06/build_dir/target-arm-linux-gnueabihf_glibc/linux-sstar_ssd20x/linux-4.9.84/.config.set
rm -rf /media/gwind/windcode/openwrt-ssd20x/18.06/build_dir/target-arm-linux-gnueabihf_glibc/linux-sstar_ssd20x/modules
cmp -s /media/gwind/windcode/openwrt-ssd20x/18.06/build_dir/target-arm-linux-gnueabihf_glibc/linux-sstar_ssd20x/linux-4.9.84/.config.set /media/gwind/windcode/openwrt-ssd20x/18.06/build_dir/target-arm-linux-gnueabihf_glibc/linux-sstar_ssd20x/linux-4.9.84/.config.prev || { cp /media/gwind/windcode/openwrt-ssd20x/18.06/build_dir/target-arm-linux-gnueabihf_glibc/linux-sstar_ssd20x/linux-4.9.84/.config.set /media/gwind/windcode/openwrt-ssd20x/18.06/build_dir/target-arm-linux-gnueabihf_glibc/linux-sstar_ssd20x/linux-4.9.84/.config; cp /media/gwind/windcode/openwrt-ssd20x/18.06/build_dir/target-arm-linux-gnueabihf_glibc/linux-sstar_ssd20x/linux-4.9.84/.config.set /media/gwind/windcode/openwrt-ssd20x/18.06/build_dir/target-arm-linux-gnueabihf_glibc/linux-sstar_ssd20x/linux-4.9.84/.config.prev; }
export MAKEFLAGS= ; [ -d /media/gwind/windcode/openwrt-ssd20x/18.06/build_dir/target-arm-linux-gnueabihf_glibc/linux-sstar_ssd20x/linux-4.9.84/user_headers ] || make -C /media/gwind/windcode/openwrt-ssd20x/18.06/build_dir/target-arm-linux-gnueabihf_glibc/linux-sstar_ssd20x/linux-4.9.84 HOSTCFLAGS="-O2 -I/media/gwind/windcode/openwrt-ssd20x/18.06/staging_dir/host/include  -Wall -Wmissing-prototypes -Wstrict-prototypes" CROSS_COMPILE="arm-linux-gnueabihf-" ARCH="arm" KBUILD_HAVE_NLS=no KBUILD_BUILD_USER="" KBUILD_BUILD_HOST="" KBUILD_BUILD_TIMESTAMP="Fri Mar 12 04:21:20 2021" KBUILD_BUILD_VERSION="0" HOST_LOADLIBES="-L/media/gwind/windcode/openwrt-ssd20x/18.06/staging_dir/host/lib" CONFIG_SHELL="bash" V=''  cmd_syscalls= CC="arm-linux-gnueabihf-gcc" INSTALL_HDR_PATH=/media/gwind/windcode/openwrt-ssd20x/18.06/build_dir/target-arm-linux-gnueabihf_glibc/linux-sstar_ssd20x/linux-4.9.84/user_headers headers_install
grep '=[ym]' /media/gwind/windcode/openwrt-ssd20x/18.06/build_dir/target-arm-linux-gnueabihf_glibc/linux-sstar_ssd20x/linux-4.9.84/.config.set | LC_ALL=C sort | mkhash md5 > /media/gwind/windcode/openwrt-ssd20x/18.06/build_dir/target-arm-linux-gnueabihf_glibc/linux-sstar_ssd20x/linux-4.9.84/.vermagic
touch /media/gwind/windcode/openwrt-ssd20x/18.06/build_dir/target-arm-linux-gnueabihf_glibc/linux-sstar_ssd20x/linux-4.9.84/.configured
rm -f /media/gwind/windcode/openwrt-ssd20x/18.06/build_dir/target-arm-linux-gnueabihf_glibc/root-sstar/init
make -C /media/gwind/windcode/openwrt-ssd20x/18.06/build_dir/target-arm-linux-gnueabihf_glibc/linux-sstar_ssd20x/linux-4.9.84 HOSTCFLAGS="-O2 -I/media/gwind/windcode/openwrt-ssd20x/18.06/staging_dir/host/include  -Wall -Wmissing-prototypes -Wstrict-prototypes" CROSS_COMPILE="arm-linux-gnueabihf-" ARCH="arm" KBUILD_HAVE_NLS=no KBUILD_BUILD_USER="" KBUILD_BUILD_HOST="" KBUILD_BUILD_TIMESTAMP="Fri Mar 12 04:21:20 2021" KBUILD_BUILD_VERSION="0" HOST_LOADLIBES="-L/media/gwind/windcode/openwrt-ssd20x/18.06/staging_dir/host/lib" CONFIG_SHELL="bash" V=''  cmd_syscalls= CC="arm-linux-gnueabihf-gcc" all modules
make[5]: Entering directory '/media/gwind/windcode/openwrt-ssd20x/sigmastar/kernel/4.9.84'
  CHK     include/config/kernel.release
  GCC version: 8.2.1
  MVXV
  changelist gada1129
  BRANCHID   main 
  MS_PLATFORM_ID: I2M
  CHK     include/generated/uapi/linux/version.h
  CHK     include/generated/utsrelease.h
  CHK     include/generated/bounds.h
  CHK     include/generated/timeconst.h
  CHK     include/generated/asm-offsets.h
  CALL    scripts/checksyscalls.sh
  CHK     include/generated/compile.h
  CC      arch/arm/mach-sstar/ms_chip.o
  LD      arch/arm/mach-sstar/built-in.o
  LD      vmlinux.o
  MODPOST vmlinux.o
  GEN     .version
  CHK     include/generated/compile.h
  KSYM    .tmp_kallsyms1.o
  KSYM    .tmp_kallsyms2.o
  LD      vmlinux
  SORTEX  vmlinux
  SYSMAP  System.map
  OBJCOPY arch/arm/boot/Image
  Kernel: arch/arm/boot/Image is ready
  DTC     arch/arm/boot/dts/WT2022.dtb
  XZKERN  arch/arm/boot/compressed/piggy_data
  AS      arch/arm/boot/compressed/piggy.o
  LD      arch/arm/boot/compressed/vmlinux
  OBJCOPY arch/arm/boot/zImage
#update builtin DTB
  IMAGE   arch/arm/boot/Image
  BNDTB arch/arm/boot/dts/WT2022.dtb
offset:0x003EC650
  size:0x00008F52

#update Image-fpga DTB
#build Image
Image Name:   MVX4##I2M#gada1129KL_LX409##[BR:
Created:      Thu May 27 10:00:22 2021
Image Type:   ARM Linux Kernel Image (uncompressed)
Data Size:    4313088 Bytes = 4212.00 kB = 4.11 MB
Load Address: 20008000
Entry Point:  20008000

Compress Kernel Image
Image Name:   MVX4##I2M#gada1129KL_LX409##[BR:
Created:      Thu May 27 10:00:24 2021
Image Type:   ARM Linux Kernel Image (lzma compressed)
Data Size:    2054144 Bytes = 2006.00 kB = 1.96 MB
Load Address: 20008000
Entry Point:  20008000
Mode: c, Level: 4
Input File: "arch/arm/boot/Image"
Output File: "arch/arm/boot/Image.mz"
Input file size: 4313088
Total input bytes: 4313088
Total output bytes: 2502051
Success.

Image Name:   MVX4##I2M#gada1129KL_LX409##[BR:
Created:      Thu May 27 10:00:24 2021
Image Type:   ARM Linux Kernel Image (mz compressed)
Data Size:    2502051 Bytes = 2443.41 kB = 2.39 MB
Load Address: 20008000
Entry Point:  20008000


  Kernel: arch/arm/boot/zImage is ready
  Building modules, stage 2.
  MODPOST 81 modules


  Packing modules to '/media/gwind/windcode/openwrt-ssd20x/sigmastar/kernel/4.9.84/modules'


make[5]: Nothing to be done for 'modules'.
make[5]: Leaving directory '/media/gwind/windcode/openwrt-ssd20x/sigmastar/kernel/4.9.84'
cmp -s /media/gwind/windcode/openwrt-ssd20x/18.06/build_dir/target-arm-linux-gnueabihf_glibc/linux-sstar_ssd20x/linux-4.9.84/vmlinux /media/gwind/windcode/openwrt-ssd20x/18.06/build_dir/target-arm-linux-gnueabihf_glibc/linux-sstar_ssd20x/vmlinux.debug || { arm-linux-gnueabihf-objcopy -O binary -R .reginfo -R .notes -R .note -R .comment -R .mdebug -R .note.gnu.build-id -S /media/gwind/windcode/openwrt-ssd20x/18.06/build_dir/target-arm-linux-gnueabihf_glibc/linux-sstar_ssd20x/linux-4.9.84/vmlinux /media/gwind/windcode/openwrt-ssd20x/18.06/build_dir/target-arm-linux-gnueabihf_glibc/linux-sstar_ssd20x/vmlinux; arm-linux-gnueabihf-objcopy -R .reginfo -R .notes -R .note -R .comment -R .mdebug -R .note.gnu.build-id -S /media/gwind/windcode/openwrt-ssd20x/18.06/build_dir/target-arm-linux-gnueabihf_glibc/linux-sstar_ssd20x/linux-4.9.84/vmlinux /media/gwind/windcode/openwrt-ssd20x/18.06/build_dir/target-arm-linux-gnueabihf_glibc/linux-sstar_ssd20x/vmlinux.elf; cp -fpR /media/gwind/windcode/openwrt-ssd20x/18.06/build_dir/target-arm-linux-gnueabihf_glibc/linux-sstar_ssd20x/linux-4.9.84/vmlinux /media/gwind/windcode/openwrt-ssd20x/18.06/build_dir/target-arm-linux-gnueabihf_glibc/linux-sstar_ssd20x/vmlinux.debug;  }
touch /media/gwind/windcode/openwrt-ssd20x/18.06/build_dir/target-arm-linux-gnueabihf_glibc/linux-sstar_ssd20x/linux-4.9.84/.image
make -C image compile install TARGET_BUILD=
make[5]: Entering directory '/media/gwind/windcode/openwrt-ssd20x/18.06/target/linux/sstar/image'
make[5]: Nothing to be done for 'compile'.
mkdir -p /media/gwind/windcode/openwrt-ssd20x/18.06/bin/targets/sstar/ssd20x /media/gwind/windcode/openwrt-ssd20x/18.06/build_dir/target-arm-linux-gnueabihf_glibc/linux-sstar_ssd20x/tmp
cp /media/gwind/windcode/openwrt-ssd20x/18.06/build_dir/target-arm-linux-gnueabihf_glibc/linux-sstar_ssd20x/linux-4.9.84/./arch/arm/boot/uImage.xz /media/gwind/windcode/openwrt-ssd20x/18.06/build_dir/target-arm-linux-gnueabihf_glibc/linux-sstar_ssd20x/uImage.xz
cp /media/gwind/windcode/openwrt-ssd20x/18.06/build_dir/target-arm-linux-gnueabihf_glibc/linux-sstar_ssd20x/uImage.xz /media/gwind/windcode/openwrt-ssd20x/18.06/bin/targets/sstar/ssd20x/wt-sstar-uImage.xz
/media/gwind/windcode/openwrt-ssd20x/18.06/staging_dir/host/bin/mksquashfs4 /media/gwind/windcode/openwrt-ssd20x/18.06/build_dir/target-arm-linux-gnueabihf_glibc/root-sstar /media/gwind/windcode/openwrt-ssd20x/18.06/build_dir/target-arm-linux-gnueabihf_glibc/linux-sstar_ssd20x/root.squashfs -nopad -noappend -root-owned -comp xz -Xpreset 9 -Xe -Xlc 0 -Xlp 2 -Xpb 2 -Xbcj arm -b 256k -p '/dev d 755 0 0' -p '/dev/console c 600 0 0 5 1' -p '/dev/debug c 600 0 0 5 2' -processors 1 -fixed-time 1615522880
Parallel mksquashfs: Using 1 processor
Creating 4.0 filesystem on /media/gwind/windcode/openwrt-ssd20x/18.06/build_dir/target-arm-linux-gnueabihf_glibc/linux-sstar_ssd20x/root.squashfs, block size 262144.
[|                                                             ]    0/1171   0%[=====|                                                        ]  100/1171   8%[===============\                                              ]  300/1171  25%[====================/                                         ]  400/1171  34%[==========================-                                   ]  500/1171  42%[===============================-                              ]  600/1171  51%[====================================-                         ]  700/1171  59%[=========================================-                    ]  800/1171  68%[==============================================-               ]  900/1171  76%[====================================================-         ] 1000/1171  85%[=========================================================/    ] 1100/1171  93%[=============================================================/] 1171/1171 100%
Exportable Squashfs 4.0 filesystem, xz compressed, data block size 262144
	compressed data, compressed metadata, compressed fragments, no xattrs
	duplicates are removed
Filesystem size 6139.89 Kbytes (6.00 Mbytes)
	32.79% of uncompressed filesystem size (18724.94 Kbytes)
Inode table size 11102 bytes (10.84 Kbytes)
	21.97% of uncompressed inode table size (50537 bytes)
Directory table size 14976 bytes (14.62 Kbytes)
	47.57% of uncompressed directory table size (31481 bytes)
Number of duplicate files found 149
Number of inodes 1525
Number of files 1149
Number of fragments 45
Number of symbolic links  247
Number of device nodes 2
Number of fifo nodes 0
Number of socket nodes 0
Number of directories 127
Number of ids (unique uids + gids) 1
Number of uids 1
	root (0)
Number of gids 1
	root (0)
/media/gwind/windcode/openwrt-ssd20x/18.06/staging_dir/host/bin/mkfs.ubifs -m 2048 -e 124KiB -c 4096 -U -F  --space-fixup   --compr=zlib  --squash-uids -o /media/gwind/windcode/openwrt-ssd20x/18.06/build_dir/target-arm-linux-gnueabihf_glibc/linux-sstar_ssd20x/root.ubifs -d /media/gwind/windcode/openwrt-ssd20x/18.06/build_dir/target-arm-linux-gnueabihf_glibc/root-sstar
cp /media/gwind/windcode/openwrt-ssd20x/18.06/build_dir/target-arm-linux-gnueabihf_glibc/linux-sstar_ssd20x/root.squashfs /media/gwind/windcode/openwrt-ssd20x/18.06/build_dir/target-arm-linux-gnueabihf_glibc/linux-sstar_ssd20x/root.squashfs-raw
/media/gwind/windcode/openwrt-ssd20x/18.06/staging_dir/host/bin/padjffs2 /media/gwind/windcode/openwrt-ssd20x/18.06/build_dir/target-arm-linux-gnueabihf_glibc/linux-sstar_ssd20x/root.squashfs 4 8 16 64 128 256
dd if=/media/gwind/windcode/openwrt-ssd20x/18.06/build_dir/target-arm-linux-gnueabihf_glibc/linux-sstar_ssd20x/root.squashfs of=/media/gwind/windcode/openwrt-ssd20x/18.06/bin/targets/sstar/ssd20x/wt-sstar-squashfs.img bs=64k conv=sync
mkdir -p /media/gwind/windcode/openwrt-ssd20x/18.06/build_dir/target-arm-linux-gnueabihf_glibc/linux-sstar_ssd20x/tmp
mkdir -p /media/gwind/windcode/openwrt-ssd20x/18.06/bin/targets/sstar/ssd20x/WT2022
cp -fpR /media/gwind/windcode/openwrt-ssd20x/18.06/build_dir/target-arm-linux-gnueabihf_glibc/linux-sstar_ssd20x/uImage.xz /media/gwind/windcode/openwrt-ssd20x/18.06/build_dir/target-arm-linux-gnueabihf_glibc/linux-sstar_ssd20x/tmp/uImage.xz
cp -fpR /media/gwind/windcode/openwrt-ssd20x/18.06/build_dir/target-arm-linux-gnueabihf_glibc/linux-sstar_ssd20x/uImage.xz /media/gwind/windcode/openwrt-ssd20x/18.06/build_dir/target-arm-linux-gnueabihf_glibc/linux-sstar_ssd20x/tmp/WT2022-uImage.xz
cp -fpR /media/gwind/windcode/openwrt-ssd20x/18.06/build_dir/target-arm-linux-gnueabihf_glibc/linux-sstar_ssd20x/uImage.xz /media/gwind/windcode/openwrt-ssd20x/18.06/bin/targets/sstar/ssd20x/WT2022/WT2022-uImage.xz
cp -fpR /media/gwind/windcode/openwrt-ssd20x/18.06/build_dir/target-arm-linux-gnueabihf_glibc/linux-sstar_ssd20x/root.squashfs-raw /media/gwind/windcode/openwrt-ssd20x/18.06/build_dir/target-arm-linux-gnueabihf_glibc/linux-sstar_ssd20x/tmp/root.squashfs
cp -fpR ubinize-sstar.cfg /media/gwind/windcode/openwrt-ssd20x/18.06/build_dir/target-arm-linux-gnueabihf_glibc/linux-sstar_ssd20x/tmp
( cd /media/gwind/windcode/openwrt-ssd20x/18.06/build_dir/target-arm-linux-gnueabihf_glibc/linux-sstar_ssd20x/tmp; /media/gwind/windcode/openwrt-ssd20x/18.06/staging_dir/host/bin/ubinize -o /media/gwind/windcode/openwrt-ssd20x/18.06/build_dir/target-arm-linux-gnueabihf_glibc/linux-sstar_ssd20x/tmp/WT2022-root.ubi -p 128KiB -m 2048 -E 5 ubinize-sstar.cfg)
ubinize: volume size was not specified in section "kernel", assume minimum to fit image "uImage.xz"2054208 bytes (1.9 MiB)
ubinize: volume size was not specified in section "rootfs", assume minimum to fit image "root.squashfs"6287252 bytes (5.9 MiB)
cp -fpR /media/gwind/windcode/openwrt-ssd20x/18.06/build_dir/target-arm-linux-gnueabihf_glibc/linux-sstar_ssd20x/tmp/WT2022-root.ubi /media/gwind/windcode/openwrt-ssd20x/18.06/bin/targets/sstar/ssd20x/WT2022/WT2022-root-ubi.img
mkdir -p "/media/gwind/windcode/openwrt-ssd20x/18.06/build_dir/target-arm-linux-gnueabihf_glibc/linux-sstar_ssd20x/tmp/sysupgrade-WT2022/"
echo "BOARD=WT2022" > "/media/gwind/windcode/openwrt-ssd20x/18.06/build_dir/target-arm-linux-gnueabihf_glibc/linux-sstar_ssd20x/tmp/sysupgrade-WT2022/CONTROL"
cp -fpR "/media/gwind/windcode/openwrt-ssd20x/18.06/build_dir/target-arm-linux-gnueabihf_glibc/linux-sstar_ssd20x/tmp/WT2022-root.ubi" "/media/gwind/windcode/openwrt-ssd20x/18.06/build_dir/target-arm-linux-gnueabihf_glibc/linux-sstar_ssd20x/tmp/sysupgrade-WT2022/root"
(cd "/media/gwind/windcode/openwrt-ssd20x/18.06/build_dir/target-arm-linux-gnueabihf_glibc/linux-sstar_ssd20x/tmp"; tar czvf "/media/gwind/windcode/openwrt-ssd20x/18.06/bin/targets/sstar/ssd20x/WT2022/WT2022-sysupgrade.bin" sysupgrade-WT2022 )
sysupgrade-WT2022/
sysupgrade-WT2022/root
sysupgrade-WT2022/CONTROL
mkdir -p /media/gwind/windcode/openwrt-ssd20x/18.06/build_dir/target-arm-linux-gnueabihf_glibc/linux-sstar_ssd20x/tmp
mkdir -p /media/gwind/windcode/openwrt-ssd20x/18.06/bin/targets/sstar/ssd20x/WT2022
cp -fpR /media/gwind/windcode/openwrt-ssd20x/18.06/build_dir/target-arm-linux-gnueabihf_glibc/linux-sstar_ssd20x/uImage.xz /media/gwind/windcode/openwrt-ssd20x/18.06/build_dir/target-arm-linux-gnueabihf_glibc/linux-sstar_ssd20x/tmp/uImage.xz
cp -fpR /media/gwind/windcode/openwrt-ssd20x/18.06/build_dir/target-arm-linux-gnueabihf_glibc/linux-sstar_ssd20x/uImage.xz /media/gwind/windcode/openwrt-ssd20x/18.06/build_dir/target-arm-linux-gnueabihf_glibc/linux-sstar_ssd20x/tmp/WT2022-uImage.xz
cp -fpR /media/gwind/windcode/openwrt-ssd20x/18.06/build_dir/target-arm-linux-gnueabihf_glibc/linux-sstar_ssd20x/uImage.xz /media/gwind/windcode/openwrt-ssd20x/18.06/bin/targets/sstar/ssd20x/WT2022/WT2022-uImage.xz
cp -fpR /media/gwind/windcode/openwrt-ssd20x/18.06/build_dir/target-arm-linux-gnueabihf_glibc/linux-sstar_ssd20x/root.squashfs-raw /media/gwind/windcode/openwrt-ssd20x/18.06/build_dir/target-arm-linux-gnueabihf_glibc/linux-sstar_ssd20x/tmp/root.squashfs
cp -fpR ubinize-sstar.cfg /media/gwind/windcode/openwrt-ssd20x/18.06/build_dir/target-arm-linux-gnueabihf_glibc/linux-sstar_ssd20x/tmp
( cd /media/gwind/windcode/openwrt-ssd20x/18.06/build_dir/target-arm-linux-gnueabihf_glibc/linux-sstar_ssd20x/tmp; /media/gwind/windcode/openwrt-ssd20x/18.06/staging_dir/host/bin/ubinize -o /media/gwind/windcode/openwrt-ssd20x/18.06/build_dir/target-arm-linux-gnueabihf_glibc/linux-sstar_ssd20x/tmp/WT2022-root.ubi -p 128KiB -m 2048 -E 5 ubinize-sstar.cfg)
ubinize: volume size was not specified in section "kernel", assume minimum to fit image "uImage.xz"2054208 bytes (1.9 MiB)
ubinize: volume size was not specified in section "rootfs", assume minimum to fit image "root.squashfs"6287252 bytes (5.9 MiB)
cp -fpR /media/gwind/windcode/openwrt-ssd20x/18.06/build_dir/target-arm-linux-gnueabihf_glibc/linux-sstar_ssd20x/tmp/WT2022-root.ubi /media/gwind/windcode/openwrt-ssd20x/18.06/bin/targets/sstar/ssd20x/WT2022/WT2022-root-ubi.img
mkdir -p "/media/gwind/windcode/openwrt-ssd20x/18.06/build_dir/target-arm-linux-gnueabihf_glibc/linux-sstar_ssd20x/tmp/sysupgrade-WT2022/"
echo "BOARD=WT2022" > "/media/gwind/windcode/openwrt-ssd20x/18.06/build_dir/target-arm-linux-gnueabihf_glibc/linux-sstar_ssd20x/tmp/sysupgrade-WT2022/CONTROL"
cp -fpR "/media/gwind/windcode/openwrt-ssd20x/18.06/build_dir/target-arm-linux-gnueabihf_glibc/linux-sstar_ssd20x/tmp/WT2022-root.ubi" "/media/gwind/windcode/openwrt-ssd20x/18.06/build_dir/target-arm-linux-gnueabihf_glibc/linux-sstar_ssd20x/tmp/sysupgrade-WT2022/root"
(cd "/media/gwind/windcode/openwrt-ssd20x/18.06/build_dir/target-arm-linux-gnueabihf_glibc/linux-sstar_ssd20x/tmp"; tar czvf "/media/gwind/windcode/openwrt-ssd20x/18.06/bin/targets/sstar/ssd20x/WT2022/WT2022-sysupgrade.bin" sysupgrade-WT2022 )
sysupgrade-WT2022/
sysupgrade-WT2022/root
sysupgrade-WT2022/CONTROL
IPKG_NO_SCRIPT=1 IPKG_INSTROOT=/media/gwind/windcode/openwrt-ssd20x/18.06/build_dir/target-arm-linux-gnueabihf_glibc/root.orig-sstar TMPDIR=/media/gwind/windcode/openwrt-ssd20x/18.06/build_dir/target-arm-linux-gnueabihf_glibc/root.orig-sstar/tmp /media/gwind/windcode/openwrt-ssd20x/18.06/staging_dir/host/bin/opkg --offline-root /media/gwind/windcode/openwrt-ssd20x/18.06/build_dir/target-arm-linux-gnueabihf_glibc/root.orig-sstar --force-postinstall --add-dest root:/ --add-arch all:100 --add-arch arm_cortex-a7_neon:200 list-installed > /media/gwind/windcode/openwrt-ssd20x/18.06/bin/targets/sstar/ssd20x/openwrt-sstar-ssd20x-wt2022.manifest
make[5]: Leaving directory '/media/gwind/windcode/openwrt-ssd20x/18.06/target/linux/sstar/image'
make[4]: Leaving directory '/media/gwind/windcode/openwrt-ssd20x/18.06/target/linux/sstar'
make[3]: Leaving directory '/media/gwind/windcode/openwrt-ssd20x/18.06/target/linux'
make[2]: Leaving directory '/media/gwind/windcode/openwrt-ssd20x/18.06'
export MAKEFLAGS= ;make -w -r package/index
make[2]: Entering directory '/media/gwind/windcode/openwrt-ssd20x/18.06'
Generating package index...
Generating index for package ./base-files_194.3-1.0.0_arm_cortex-a7_neon.ipk
Generating index for package ./block-mount_2019-03-28-ff1ded63-5_arm_cortex-a7_neon.ipk
Generating index for package ./comgt_0.32-30_arm_cortex-a7_neon.ipk
Generating index for package ./fstools_2019-03-28-ff1ded63-5_arm_cortex-a7_neon.ipk
Generating index for package ./fwtool_1_arm_cortex-a7_neon.ipk
Generating index for package ./iwinfo_2018-07-31-65b8333f-1_arm_cortex-a7_neon.ipk
Generating index for package ./kmod-cfg80211-linux_4.9.84-1_arm_cortex-a7_neon.ipk
Generating index for package ./kmod-emac-sstar_4.9.84-1_arm_cortex-a7_neon.ipk
Generating index for package ./kmod-fs-exfat_4.9.84+2017-06-20-de4c760b-1_arm_cortex-a7_neon.ipk
Generating index for package ./kmod-fs-vfat_4.9.84-1_arm_cortex-a7_neon.ipk
Generating index for package ./kmod-ipt-conntrack_4.9.84-1_arm_cortex-a7_neon.ipk
Generating index for package ./kmod-ipt-core_4.9.84-1_arm_cortex-a7_neon.ipk
Generating index for package ./kmod-ipt-nat_4.9.84-1_arm_cortex-a7_neon.ipk
Generating index for package ./kmod-lib-crc-ccitt_4.9.84-1_arm_cortex-a7_neon.ipk
Generating index for package ./kmod-lib-lz4_4.9.84-1_arm_cortex-a7_neon.ipk
Generating index for package ./kmod-lib-lzo_4.9.84-1_arm_cortex-a7_neon.ipk
Generating index for package ./kmod-libphy_4.9.84-1_arm_cortex-a7_neon.ipk
Generating index for package ./kmod-mmc-sstar_4.9.84-1_arm_cortex-a7_neon.ipk
Generating index for package ./kmod-mmc_4.9.84-1_arm_cortex-a7_neon.ipk
Generating index for package ./kmod-nf-conntrack6_4.9.84-1_arm_cortex-a7_neon.ipk
Generating index for package ./kmod-nf-conntrack_4.9.84-1_arm_cortex-a7_neon.ipk
Generating index for package ./kmod-nf-ipt_4.9.84-1_arm_cortex-a7_neon.ipk
Generating index for package ./kmod-nf-nat_4.9.84-1_arm_cortex-a7_neon.ipk
Generating index for package ./kmod-nf-reject_4.9.84-1_arm_cortex-a7_neon.ipk
Generating index for package ./kmod-nls-base_4.9.84-1_arm_cortex-a7_neon.ipk
Generating index for package ./kmod-nls-cp437_4.9.84-1_arm_cortex-a7_neon.ipk
Generating index for package ./kmod-nls-iso8859-1_4.9.84-1_arm_cortex-a7_neon.ipk
Generating index for package ./kmod-nls-utf8_4.9.84-1_arm_cortex-a7_neon.ipk
Generating index for package ./kmod-of-mdio_4.9.84-1_arm_cortex-a7_neon.ipk
Generating index for package ./kmod-ppp_4.9.84-1_arm_cortex-a7_neon.ipk
Generating index for package ./kmod-slhc_4.9.84-1_arm_cortex-a7_neon.ipk
Generating index for package ./kmod-usb-core_4.9.84-1_arm_cortex-a7_neon.ipk
Generating index for package ./kmod-usb-serial-option_4.9.84-1_arm_cortex-a7_neon.ipk
Generating index for package ./kmod-usb-serial-wwan_4.9.84-1_arm_cortex-a7_neon.ipk
Generating index for package ./kmod-usb-serial_4.9.84-1_arm_cortex-a7_neon.ipk
Generating index for package ./kmod-usb-sstar_4.9.84-1_arm_cortex-a7_neon.ipk
Generating index for package ./kmod-zram_4.9.84-1_arm_cortex-a7_neon.ipk
Generating index for package ./libgcc_-2_arm_cortex-a7_neon.ipk
Generating index for package ./libip4tc_1.6.2-3_arm_cortex-a7_neon.ipk
Generating index for package ./libip6tc_1.6.2-3_arm_cortex-a7_neon.ipk
Generating index for package ./libiwinfo-lua_2018-07-31-65b8333f-1_arm_cortex-a7_neon.ipk
Generating index for package ./libiwinfo_2018-07-31-65b8333f-1_arm_cortex-a7_neon.ipk
Generating index for package ./libpthread_-2_arm_cortex-a7_neon.ipk
Generating index for package ./librt_-2_arm_cortex-a7_neon.ipk
Generating index for package ./libssp_-2_arm_cortex-a7_neon.ipk
Generating index for package ./libstdcpp_-2_arm_cortex-a7_neon.ipk
Generating index for package ./libxtables_1.6.2-3_arm_cortex-a7_neon.ipk
Generating index for package ./mtd_23_arm_cortex-a7_neon.ipk
Generating index for package ./ubi-utils_2.0.2-1_arm_cortex-a7_neon.ipk
Generating index for package ./uboot-envtools_2018.03-1_arm_cortex-a7_neon.ipk
Generating index for package ./busybox_1.28.4-3_arm_cortex-a7_neon.ipk
Generating index for package ./ca-bundle_20200601-1_all.ipk
Generating index for package ./chat_2.4.8.git-2020-08-07-2_arm_cortex-a7_neon.ipk
Generating index for package ./curl_7.60.0-4_arm_cortex-a7_neon.ipk
Generating index for package ./dnsmasq_2.80-1.4_arm_cortex-a7_neon.ipk
Generating index for package ./dropbear_2017.75-7.1_arm_cortex-a7_neon.ipk
Generating index for package ./firewall_2018-08-13-1c4d5bcd-2_arm_cortex-a7_neon.ipk
Generating index for package ./flock_2.32-2_arm_cortex-a7_neon.ipk
Generating index for package ./hostapd-common_2018-05-21-62566bc2-8_arm_cortex-a7_neon.ipk
Generating index for package ./hostapd-openssl_2018-05-21-62566bc2-8_arm_cortex-a7_neon.ipk
Generating index for package ./hostapd-utils_2018-05-21-62566bc2-8_arm_cortex-a7_neon.ipk
Generating index for package ./hostapd_2018-05-21-62566bc2-8_arm_cortex-a7_neon.ipk
Generating index for package ./iperf3_3.5-1_arm_cortex-a7_neon.ipk
Generating index for package ./iw_4.14-1_arm_cortex-a7_neon.ipk
Generating index for package ./jshn_2018-07-25-c83a84af-5_arm_cortex-a7_neon.ipk
Generating index for package ./jsonfilter_2018-02-04-c7e938d6-1_arm_cortex-a7_neon.ipk
Generating index for package ./libbfd_2.27-1_arm_cortex-a7_neon.ipk
Generating index for package ./libblobmsg-json_2018-07-25-c83a84af-5_arm_cortex-a7_neon.ipk
Generating index for package ./libbz2_1.0.6-5_arm_cortex-a7_neon.ipk
Generating index for package ./libcjson_1_arm_cortex-a7_neon.ipk
Generating index for package ./libcurl_7.60.0-4_arm_cortex-a7_neon.ipk
Generating index for package ./libjson-c_0.12.1-2.1_arm_cortex-a7_neon.ipk
Generating index for package ./libjson-script_2018-07-25-c83a84af-5_arm_cortex-a7_neon.ipk
Generating index for package ./liblua_5.1.5-1_arm_cortex-a7_neon.ipk
Generating index for package ./liblvgl_v7.10.1-1_arm_cortex-a7_neon.ipk
Generating index for package ./libmbedtls_2.16.7-1_arm_cortex-a7_neon.ipk
Generating index for package ./libncurses_6.1-1_arm_cortex-a7_neon.ipk
Generating index for package ./libnl-tiny_0.1-5_arm_cortex-a7_neon.ipk
Generating index for package ./libopcodes_2.27-1_arm_cortex-a7_neon.ipk
Generating index for package ./libopenssl_1.0.2u-1_arm_cortex-a7_neon.ipk
Generating index for package ./libubox_2018-07-25-c83a84af-5_arm_cortex-a7_neon.ipk
Generating index for package ./libubus-lua_2018-10-06-221ce7e7-1_arm_cortex-a7_neon.ipk
Generating index for package ./libubus_2018-10-06-221ce7e7-1_arm_cortex-a7_neon.ipk
Generating index for package ./libuci-lua_2019-05-17-f199b961-1_arm_cortex-a7_neon.ipk
Generating index for package ./libuci_2019-05-17-f199b961-1_arm_cortex-a7_neon.ipk
Generating index for package ./libuclient_2018-11-24-3ba74ebc-1_arm_cortex-a7_neon.ipk
Generating index for package ./libunwind_1.2.1-2_arm_cortex-a7_neon.ipk
Generating index for package ./libusb-1.0_1.0.22-1_arm_cortex-a7_neon.ipk
Generating index for package ./libwtinfo-lua_1_arm_cortex-a7_neon.ipk
Generating index for package ./libwtinfo_1_arm_cortex-a7_neon.ipk
Generating index for package ./logd_2018-02-14-128bc35f-2_arm_cortex-a7_neon.ipk
Generating index for package ./lte-air724_V1.0_arm_cortex-a7_neon.ipk
Generating index for package ./lua_5.1.5-1_arm_cortex-a7_neon.ipk
Generating index for package ./netifd_2019-01-31-a2aba5c7-2.1_arm_cortex-a7_neon.ipk
Generating index for package ./objdump_2.27-1_arm_cortex-a7_neon.ipk
Generating index for package ./openssl-util_1.0.2u-1_arm_cortex-a7_neon.ipk
Generating index for package ./openwrt-keyring_2018-05-18-103a32e9-1_arm_cortex-a7_neon.ipk
Generating index for package ./opkg_2020-01-25-c09fe209-1_arm_cortex-a7_neon.ipk
Generating index for package ./ppp_2.4.8.git-2020-08-07-2_arm_cortex-a7_neon.ipk
Generating index for package ./procd_2018-03-28-dfb68f85-1_arm_cortex-a7_neon.ipk
Generating index for package ./rpcd_2020-05-26-7be1f171-1_arm_cortex-a7_neon.ipk
Generating index for package ./sstar-ffmpeg_1_arm_cortex-a7_neon.ipk
Generating index for package ./sstar-init_1_arm_cortex-a7_neon.ipk
Generating index for package ./sstar-mpp-lib_1_arm_cortex-a7_neon.ipk
Generating index for package ./sstar-mpp_1_arm_cortex-a7_neon.ipk
Generating index for package ./sstar-wifi_1_arm_cortex-a7_neon.ipk
Generating index for package ./strace_4.22-1_arm_cortex-a7_neon.ipk
Generating index for package ./terminfo_6.1-1_arm_cortex-a7_neon.ipk
Generating index for package ./uboot-nand-sstar-WT2022_1.1-1-20200901_arm_cortex-a7_neon.ipk
Generating index for package ./ubox_2018-02-14-128bc35f-2_arm_cortex-a7_neon.ipk
Generating index for package ./ubus_2018-10-06-221ce7e7-1_arm_cortex-a7_neon.ipk
Generating index for package ./ubusd_2018-10-06-221ce7e7-1_arm_cortex-a7_neon.ipk
Generating index for package ./uci_2019-05-17-f199b961-1_arm_cortex-a7_neon.ipk
Generating index for package ./uclient-fetch_2018-11-24-3ba74ebc-1_arm_cortex-a7_neon.ipk
Generating index for package ./uhttpd_1_arm_cortex-a7_neon.ipk
Generating index for package ./usign_2020-05-23-f1f65026-1_arm_cortex-a7_neon.ipk
Generating index for package ./wapi_1.0-20210129_all.ipk
Generating index for package ./wireless-tools_29-5_arm_cortex-a7_neon.ipk
Generating index for package ./wpa-cli_2018-05-21-62566bc2-8_arm_cortex-a7_neon.ipk
Generating index for package ./wpa-supplicant-openssl_2018-05-21-62566bc2-8_arm_cortex-a7_neon.ipk
Generating index for package ./wpa-supplicant-p2p_2018-05-21-62566bc2-8_arm_cortex-a7_neon.ipk
Generating index for package ./wpa-supplicant_2018-05-21-62566bc2-8_arm_cortex-a7_neon.ipk
Generating index for package ./wtinfo_1_arm_cortex-a7_neon.ipk
Generating index for package ./zlib_1.2.11-2_arm_cortex-a7_neon.ipk
Generating index for package ./zram-swap_1.1-2_all.ipk
Generating index for package ./liblucihttp-lua_2019-07-05-a34a17d5-1_arm_cortex-a7_neon.ipk
Generating index for package ./liblucihttp_2019-07-05-a34a17d5-1_arm_cortex-a7_neon.ipk
Generating index for package ./luci-app-firewall_git-21.041.07147-20b3600-1_all.ipk
Generating index for package ./luci-base_git-21.041.07147-20b3600-1_arm_cortex-a7_neon.ipk
Generating index for package ./luci-lib-ip_git-21.041.07147-20b3600-1_arm_cortex-a7_neon.ipk
Generating index for package ./luci-lib-jsonc_git-21.041.07147-20b3600-1_arm_cortex-a7_neon.ipk
Generating index for package ./luci-lib-nixio_git-21.041.07147-20b3600-1_arm_cortex-a7_neon.ipk
Generating index for package ./luci-mod-admin-full_git-21.041.07147-20b3600-1_arm_cortex-a7_neon.ipk
Generating index for package ./luci-proto-ipv6_git-21.041.07147-20b3600-1_all.ipk
Generating index for package ./luci-proto-ppp_git-21.041.07147-20b3600-1_all.ipk
Generating index for package ./luci-theme-bootstrap_git-21.041.07147-20b3600-1_all.ipk
Generating index for package ./luci_git-21.041.07147-20b3600-1_all.ipk
Generating index for package ./rpcd-mod-rrdns_20170710_arm_cortex-a7_neon.ipk
Generating index for package ./libfreetype_2.9-1_arm_cortex-a7_neon.ipk
Generating index for package ./libmad_0.15.1b-4_arm_cortex-a7_neon.ipk
Generating index for package ./libpng_1.6.34-1_arm_cortex-a7_neon.ipk
Generating index for package ./lua-cjson_2.1.0-2_arm_cortex-a7_neon.ipk
Generating index for package ./luafilesystem_1.6.2-1_arm_cortex-a7_neon.ipk
Generating index for package ./luasec_0.6-3_arm_cortex-a7_neon.ipk
Generating index for package ./luasocket_3.0-rc1-20130909-4_arm_cortex-a7_neon.ipk
Generating index for package ./minicom_2.7.1-1_arm_cortex-a7_neon.ipk
Generating index for package ./procps-ng-free_3.3.11-4_arm_cortex-a7_neon.ipk
Generating index for package ./procps-ng-kill_3.3.11-4_arm_cortex-a7_neon.ipk
Generating index for package ./procps-ng-pgrep_3.3.11-4_arm_cortex-a7_neon.ipk
Generating index for package ./procps-ng-pkill_3.3.11-4_arm_cortex-a7_neon.ipk
Generating index for package ./procps-ng-pmap_3.3.11-4_arm_cortex-a7_neon.ipk
Generating index for package ./procps-ng-ps_3.3.11-4_arm_cortex-a7_neon.ipk
Generating index for package ./procps-ng-pwdx_3.3.11-4_arm_cortex-a7_neon.ipk
Generating index for package ./procps-ng-skill_3.3.11-4_arm_cortex-a7_neon.ipk
Generating index for package ./procps-ng-slabtop_3.3.11-4_arm_cortex-a7_neon.ipk
Generating index for package ./procps-ng-snice_3.3.11-4_arm_cortex-a7_neon.ipk
Generating index for package ./procps-ng-tload_3.3.11-4_arm_cortex-a7_neon.ipk
Generating index for package ./procps-ng-top_3.3.11-4_arm_cortex-a7_neon.ipk
Generating index for package ./procps-ng-uptime_3.3.11-4_arm_cortex-a7_neon.ipk
Generating index for package ./procps-ng-vmstat_3.3.11-4_arm_cortex-a7_neon.ipk
Generating index for package ./procps-ng-w_3.3.11-4_arm_cortex-a7_neon.ipk
Generating index for package ./procps-ng-watch_3.3.11-4_arm_cortex-a7_neon.ipk
Generating index for package ./procps-ng_3.3.11-4_arm_cortex-a7_neon.ipk
Generating index for package ./stress_1.0.4-1_arm_cortex-a7_neon.ipk
Generating index for package ./sysstat_11.6.0-2_arm_cortex-a7_neon.ipk
Generating index for package ./vsftpd_3.0.3-2_arm_cortex-a7_neon.ipk
Signing package index...
make[2]: Leaving directory '/media/gwind/windcode/openwrt-ssd20x/18.06'
export MAKEFLAGS= ;make -w -r checksum
make[2]: Entering directory '/media/gwind/windcode/openwrt-ssd20x/18.06'
make[2]: Leaving directory '/media/gwind/windcode/openwrt-ssd20x/18.06'
make[1]: Leaving directory '/media/gwind/windcode/openwrt-ssd20x/18.06'
